info: batteries: cloning https://github.com/leanprover-community/batteries
info: batteries: checking out revision '023ce7d62a0531e22a5331e20b587817a80d49ff'
info: Cli: cloning https://github.com/leanprover/lean4-cli
info: Cli: checking out revision '88679d088c9720c27ebdf2ba4dafe17341747f94'
✔ [1/5] Built Cache.Cli (617ms)
✔ [2/5] Built Cache.Lean (676ms)
✔ [6/26] Built Cache.Cli:c.o (688ms)
✔ [7/26] Built Cache.Lean:c.o (687ms)
✔ [8/26] Built Cache.Infra (753ms)
✔ [9/26] Built Cache.Infra:c.o (259ms)
✔ [10/26] Built Batteries.Tactic.OpenPrivate (1.4s)
✔ [11/26] Built Batteries.Tactic.OpenPrivate:c.o (2.8s)
✔ [12/26] Built Cache.IO (3.8s)
✔ [13/26] Built Cache.Hashing (1.1s)
✔ [14/26] Built Cache.IO:c.o (1.7s)
✔ [15/26] Built Cache.Hashing:c.o (550ms)
✔ [16/26] Built Cache.Requests (1.9s)
✔ [17/26] Built Cache.Marker (783ms)
✔ [18/26] Built Cache.Marker:c.o (182ms)
✔ [19/26] Built Cache.Query (981ms)
✔ [20/26] Built Cache.Query:c.o (374ms)
✔ [21/26] Built Cache.Warning (892ms)
✔ [22/26] Built Cache.Requests:c.o (2.7s)
✔ [23/26] Built Cache.Warning:c.o (243ms)
✔ [24/26] Built Cache.Main (1.6s)
✔ [25/26] Built Cache.Main:c.o (953ms)
✔ [26/26] Built cache:exe (1.7s)
Current branch: HEAD
Using cache from origin: (some leanprover-community/mathlib4)
Decompressing 8638 already-cached file(s) (1 already decompressed)
No files to download
Decompressed 8638 already-cached file(s)
Completed successfully in 46906 ms!
EXIT=0
