⚠ [8654/8668] Replayed IntegrableLattice.PropN
warning: IntegrableLattice/PropN.lean:84:4: try 'simp' instead of 'simpa'

Note: This linter can be disabled with `set_option linter.unnecessarySimpa false`
⚠ [8658/8668] Replayed IntegrableLattice.PropL
warning: IntegrableLattice/PropL.lean:57:5: Variable name `hc` is not explicitly referenced.

The binding can be removed (if unused) or named `_` (if used implicitly).

Note: This linter can be disabled with `set_option linter.unusedVariables false`
⚠ [8661/8668] Replayed IntegrableLattice.PropV
warning: IntegrableLattice/PropV.lean:70:2: try 'simp' instead of 'simpa'

Note: This linter can be disabled with `set_option linter.unnecessarySimpa false`
warning: IntegrableLattice/PropV.lean:129:4: try 'simp' instead of 'simpa'

Note: This linter can be disabled with `set_option linter.unnecessarySimpa false`
warning: IntegrableLattice/PropV.lean:131:2: try 'simp' instead of 'simpa'

Note: This linter can be disabled with `set_option linter.unnecessarySimpa false`
⚠ [8663/8668] Replayed IntegrableLattice.PropCPeriod
warning: IntegrableLattice/PropCPeriod.lean:160:35: Variable name `hk` is not explicitly referenced.

The binding can be removed (if unused) or named `_` (if used implicitly).

Note: This linter can be disabled with `set_option linter.unusedVariables false`
⚠ [8666/8668] Replayed IntegrableLattice.PropCTracePeriod
warning: IntegrableLattice/PropCTracePeriod.lean:138:23: 'push_cast' tactic does nothing

Note: This linter can be disabled with `set_option linter.unusedTactic false`
Build completed successfully (8668 jobs).
BUILD_EXIT=0
