info: mathlib: cloning https://github.com/leanprover-community/mathlib4.git
info: mathlib: checking out revision '520045ab14e26149ee970e2e617ca04b09bde5d6'
info: plausible: cloning https://github.com/leanprover-community/plausible
info: plausible: checking out revision 'e12c1910fe855cbfc38803cd4e55543906d5fa62'
info: LeanSearchClient: cloning https://github.com/leanprover-community/LeanSearchClient
info: LeanSearchClient: checking out revision 'c5d5b8fe6e5158def25cd28eb94e4141ad97c843'
info: importGraph: cloning https://github.com/leanprover-community/import-graph
info: importGraph: checking out revision '7e9612bf0b9ee66db3cb5b9988a35afc706f5a12'
info: proofwidgets: cloning https://github.com/leanprover-community/ProofWidgets4
info: proofwidgets: checking out revision '6e311e2a844da9b2cc3971187df2fe0066947b93'
info: aesop: cloning https://github.com/leanprover-community/aesop
info: aesop: checking out revision 'a7dbf0c63b694e47f425f3dcddbc0e178bb432d3'
info: Qq: cloning https://github.com/leanprover-community/quote4
info: Qq: checking out revision '38d591e778f100aec9762bb582f9c7f55f50e9dc'
info: batteries: cloning https://github.com/leanprover-community/batteries
info: batteries: checking out revision '023ce7d62a0531e22a5331e20b587817a80d49ff'
info: Cli: cloning https://github.com/leanprover/lean4-cli
info: Cli: checking out revision '88679d088c9720c27ebdf2ba4dafe17341747f94'
✔ [1/5] Built Cache.Cli (339ms)
✔ [2/5] Built Cache.Lean (383ms)
✔ [6/26] Built Cache.Infra (368ms)
✔ [7/26] Built Cache.Cli:c.o (335ms)
✔ [8/26] Built Cache.Lean:c.o (335ms)
✔ [9/26] Built Cache.Infra:c.o (140ms)
✔ [10/26] Built Batteries.Tactic.OpenPrivate (764ms)
✔ [11/26] Built Batteries.Tactic.OpenPrivate:c.o (742ms)
✔ [12/26] Built Cache.IO (1.1s)
✔ [13/26] Built Cache.Hashing (687ms)
✔ [14/26] Built Cache.IO:c.o (1.0s)
✔ [15/26] Built Cache.Hashing:c.o (315ms)
✔ [16/26] Built Cache.Requests (1.5s)
✔ [17/26] Built Cache.Marker (559ms)
✔ [18/26] Built Cache.Marker:c.o (116ms)
✔ [19/26] Built Cache.Query (642ms)
✔ [20/26] Built Cache.Query:c.o (230ms)
✔ [21/26] Built Cache.Warning (613ms)
✔ [22/26] Built Cache.Requests:c.o (1.0s)
✔ [23/26] Built Cache.Warning:c.o (223ms)
✔ [24/26] Built Cache.Main (1.6s)
✔ [25/26] Built Cache.Main:c.o (686ms)
✔ [26/26] Built cache:exe (1.5s)
Current branch: HEAD
Using cache from origin: (some leanprover-community/mathlib4)
Decompressing 8638 already-cached file(s) (1 already decompressed)
No files to download
Decompressed 8638 already-cached file(s)
Completed successfully in 32926 ms!
CACHE_EXIT=0
