OK: ソース中に sorry / admit は無い
'IntegrableLattice.findGreatest_congr' depends on axioms: [propext]
'IntegrableLattice.truncVal' depends on axioms: [propext]
'IntegrableLattice.truncVal_le' depends on axioms: [propext, Classical.choice, Quot.sound]
'IntegrableLattice.truncVal_congr_of_dvd' depends on axioms: [propext, Quot.sound]
'IntegrableLattice.truncVal_eq_min_padicValInt' depends on axioms: [propext, Classical.choice, Quot.sound]
'IntegrableLattice.exists_eventually_periodic_pow' depends on axioms: [propext, Classical.choice, Quot.sound]
'IntegrableLattice.redMat' depends on axioms: [propext, Classical.choice, Quot.sound]
'IntegrableLattice.exists_eventually_periodic_matrixPow' depends on axioms: [propext, Classical.choice, Quot.sound]
'IntegrableLattice.exists_eventually_periodic_trace' depends on axioms: [propext, Classical.choice, Quot.sound]
'IntegrableLattice.exists_eventually_periodic_truncVal' depends on axioms: [propext, Classical.choice, Quot.sound]
'IntegrableLattice.exists_eventually_periodic_min_padicValInt' depends on axioms: [propext,
 Classical.choice,
 Quot.sound]
'IntegrableLattice.padicValNat_pow_sub_one_of_dvd' depends on axioms: [propext, Classical.choice, Quot.sound]
'IntegrableLattice.multOrder_dvd_sub_one' depends on axioms: [propext, Classical.choice, Quot.sound]
'IntegrableLattice.padicValNat_pow_sub_one_of_not_dvd_order' depends on axioms: [propext, Classical.choice, Quot.sound]
'IntegrableLattice.padicValNat_pow_sub_one_odd' depends on axioms: [propext, Classical.choice, Quot.sound]
'IntegrableLattice.padicValNat_two_pow_sub_one_odd_exp' depends on axioms: [propext, Classical.choice, Quot.sound]
'IntegrableLattice.padicValNat_two_pow_sub_one_even_exp' depends on axioms: [propext, Classical.choice, Quot.sound]
'IntegrableLattice.X_pow_char_pow_sub_one' depends on axioms: [propext, Classical.choice, Quot.sound]
'IntegrableLattice.resultant_X_pow_char_pow_sub_one' depends on axioms: [propext, Classical.choice, Quot.sound]
'IntegrableLattice.aOne' depends on axioms: [propext, Classical.choice, Quot.sound]
'IntegrableLattice.aOne_cast_zmod' depends on axioms: [propext, Classical.choice, Quot.sound]
'IntegrableLattice.dvd_aOne_iff' depends on axioms: [propext, Classical.choice, Quot.sound]
'IntegrableLattice.aTwoInner' depends on axioms: [propext, Classical.choice, Quot.sound]
'IntegrableLattice.aTwo' depends on axioms: [propext, Classical.choice, Quot.sound]
'IntegrableLattice.evalOneOne' depends on axioms: [propext, Classical.choice, Quot.sound]
'IntegrableLattice.aTwo_cast_zmod' depends on axioms: [propext, Classical.choice, Quot.sound]
'IntegrableLattice.dvd_aTwo_iff' depends on axioms: [propext, Classical.choice, Quot.sound]
'IntegrableLattice.dvd_one_add_pow_prime_sub_one' depends on axioms: [propext, Classical.choice, Quot.sound]
'IntegrableLattice.dvd_pow_prime_pow_sub_one' depends on axioms: [propext, Classical.choice, Quot.sound]
'IntegrableLattice.pow_prime_pow_eq_one_of_eq_one_add' depends on axioms: [propext, Classical.choice, Quot.sound]
'IntegrableLattice.matrix_pow_prime_pow_eq_one' depends on axioms: [propext, Classical.choice, Quot.sound]
'IntegrableLattice.eq_natCast_mul_of_castHom_eq_zero' depends on axioms: [propext, Classical.choice, Quot.sound]
'IntegrableLattice.matrix_eq_natCast_mul_of_map_castHom_eq_zero' depends on axioms: [propext,
 Classical.choice,
 Quot.sound]
'IntegrableLattice.map_pow_castHom' depends on axioms: [propext, Classical.choice, Quot.sound]
'IntegrableLattice.map_sub_castHom' depends on axioms: [propext, Classical.choice, Quot.sound]
'IntegrableLattice.map_one_castHom' depends on axioms: [propext, Classical.choice, Quot.sound]
'IntegrableLattice.matrix_pow_mul_prime_pow_eq_one' depends on axioms: [propext, Classical.choice, Quot.sound]
'IntegrableLattice.orderOf_dvd_mul_prime_pow' depends on axioms: [propext, Classical.choice, Quot.sound]
'IntegrableLattice.orderOf_reduction_dvd' depends on axioms: [propext, Classical.choice, Quot.sound]
'IntegrableLattice.isUnit_pow_add_eq_iff' depends on axioms: [propext]
'IntegrableLattice.isUnit_intCast_of_not_dvd' depends on axioms: [propext, Classical.choice, Quot.sound]
'IntegrableLattice.isUnit_map_of_not_dvd_det' depends on axioms: [propext, Classical.choice, Quot.sound]
'IntegrableLattice.mulVec_pow_eq_pow_smul' depends on axioms: [propext, Classical.choice, Quot.sound]
'IntegrableLattice.eigenvalue_pow_eq_one_of_pow_eq_one' depends on axioms: [propext, Classical.choice, Quot.sound]
'IntegrableLattice.orderOf_eigenvalue_dvd_orderOf' depends on axioms: [propext, Classical.choice, Quot.sound]
'IntegrableLattice.lcm_orderOf_eigenvalues_dvd_orderOf' depends on axioms: [propext, Classical.choice, Quot.sound]
'IntegrableLattice.expSum' depends on axioms: [propext, Quot.sound]
'IntegrableLattice.eq_zero_of_expSum_pow_eq_zero' depends on axioms: [propext, Classical.choice, Quot.sound]
'IntegrableLattice.expSum_eventually_periodic_iff' depends on axioms: [propext, Classical.choice, Quot.sound]
'IntegrableLattice.expSum_eventually_periodic_iff_lcm_dvd' depends on axioms: [propext, Classical.choice, Quot.sound]
'IntegrableLattice.isLeast_period_expSum' depends on axioms: [propext, Classical.choice, Quot.sound]
'IntegrableLattice.trace_pow_eventually_periodic_iff_lcm_dvd' depends on axioms: [propext, Classical.choice, Quot.sound]
'IntegrableLattice.trace_pow_restrict_maxGenEigenspace' depends on axioms: [propext, Classical.choice, Quot.sound]
'IntegrableLattice.trace_pow_eq_sum_maxGenEigenspace' depends on axioms: [propext, Classical.choice, Quot.sound]
'IntegrableLattice.finrank_maxGenEigenspace_eq_rootMultiplicity' depends on axioms: [propext,
 Classical.choice,
 Quot.sound]
'IntegrableLattice.trace_pow_eventually_periodic_iff' depends on axioms: [propext, Classical.choice, Quot.sound]
'IntegrableLattice.natCast_ne_zero_iff_not_dvd' depends on axioms: [propext, Quot.sound]
'IntegrableLattice.cexMat' depends on axioms: [propext, Classical.choice, Quot.sound]
'IntegrableLattice.cexMat_pow_three' depends on axioms: [propext, Classical.choice, Quot.sound]
'IntegrableLattice.cexMat_ne_one' depends on axioms: [propext, Classical.choice, Quot.sound]
'IntegrableLattice.orderOf_cexMat' depends on axioms: [propext, Classical.choice, Quot.sound]
'IntegrableLattice.trace_cexMat_pow' depends on axioms: [propext, Classical.choice, Quot.sound]
'IntegrableLattice.cexMat_period_ne' depends on axioms: [propext, Classical.choice, Quot.sound]
'IntegrableLattice.trace_pow_add_eq_neg_sum' depends on axioms: [propext, Classical.choice, Quot.sound]
'IntegrableLattice.trace_pow_dvd_of_charpoly_coeff_dvd' depends on axioms: [propext, Classical.choice, Quot.sound]
'IntegrableLattice.le_padicValInt_trace_pow' depends on axioms: [propext, Classical.choice, Quot.sound]
'IntegrableLattice.cexN' depends on axioms: [propext, Quot.sound]
'IntegrableLattice.cexN_sq' depends on axioms: [propext, Classical.choice, Quot.sound]
'IntegrableLattice.cexN_pow_add_two' depends on axioms: [propext, Classical.choice, Quot.sound]
'IntegrableLattice.trace_cexN_pow_add_two' depends on axioms: [propext, Classical.choice, Quot.sound]
'IntegrableLattice.trace_cexN_pow_even' depends on axioms: [propext, Classical.choice, Quot.sound]
'IntegrableLattice.trace_cexN_pow_odd' depends on axioms: [propext, Classical.choice, Quot.sound]
'IntegrableLattice.cexN_exceptional_unbounded' depends on axioms: [propext, Classical.choice, Quot.sound]
'IntegrableLattice.prod_sub_pow_eq' depends on axioms: [propext, Classical.choice, Quot.sound]
'IntegrableLattice.prod_A_sub_zeta_eq' depends on axioms: [propext, Classical.choice, Quot.sound]
'IntegrableLattice.not_dvd_two_mul_of_odd' depends on axioms: [propext, Classical.choice, Quot.sound]
'IntegrableLattice.padicValNat_two_eq_zero_of_odd' depends on axioms: [propext, Classical.choice, Quot.sound]
'IntegrableLattice.newton_two_root_valuations' depends on axioms: [propext, Classical.choice, Quot.sound]
'IntegrableLattice.v2_tau_eq_of_root_valuations' depends on axioms: [propext, Classical.choice, Quot.sound]
'IntegrableLattice.NoProjZero' depends on axioms: [propext, Quot.sound]
'IntegrableLattice.torus_nondegenerate_three' depends on axioms: [propext, Classical.choice, Quot.sound]
'IntegrableLattice.torus_degenerate_two' depends on axioms: [propext, Classical.choice, Quot.sound]
'IntegrableLattice.exists_proj_zero_of_linear' depends on axioms: [propext, Quot.sound]
'IntegrableLattice.quintic_cubic_nondegenerate' depends on axioms: [propext, Classical.choice, Quot.sound]
'IntegrableLattice.propW_nu_not_integer_of_ell_five_k_three' depends on axioms: [propext, Classical.choice, Quot.sound]
'IntegrableLattice.TraceOrth' depends on axioms: [propext]
'IntegrableLattice.tr_natCast_pow_mul' depends on axioms: [propext]
'IntegrableLattice.traceOrth_pow_succ' depends on axioms: [propext]
'IntegrableLattice.traceOrth_one_add_pow' depends on axioms: [propext, Classical.choice, Quot.sound]
'IntegrableLattice.traceOrth_of_forall_pow' depends on axioms: [propext, Classical.choice, Quot.sound]
'IntegrableLattice.IsTracePeriodAt' depends on axioms: [propext]
'IntegrableLattice.isTracePeriodAt_mul_prime' depends on axioms: [propext, Classical.choice, Quot.sound]
'IntegrableLattice.dvd_of_mulVec_dvd' depends on axioms: [propext, Classical.choice, Quot.sound]
'IntegrableLattice.luc' does not depend on any axioms
'IntegrableLattice.luc_add_two' does not depend on any axioms
'IntegrableLattice.luc_add_three' depends on axioms: [propext]
'IntegrableLattice.luc2' depends on axioms: [propext, Classical.choice, Quot.sound]
'IntegrableLattice.luc2_periodic' depends on axioms: [propext, Classical.choice, Quot.sound]
'IntegrableLattice.luc2_mod_three' depends on axioms: [propext, Classical.choice, Quot.sound]
'IntegrableLattice.two_pow_mod_three' depends on axioms: [propext]
'IntegrableLattice.lucas_period_one_level_one' depends on axioms: [propext, Quot.sound]
'IntegrableLattice.lucas_two_power_not_period' depends on axioms: [propext, Classical.choice, Quot.sound]
'IntegrableLattice.orderOf_three_zmod_two' depends on axioms: [propext, Classical.choice, Quot.sound]
'IntegrableLattice.orderOf_three_zmod_four' depends on axioms: [propext, Classical.choice, Quot.sound]
'IntegrableLattice.orderOf_three_zmod_eight' depends on axioms: [propext, Classical.choice, Quot.sound]
'IntegrableLattice.orderOf_three_zmod_sixteen' depends on axioms: [propext, Classical.choice, Quot.sound]
'IntegrableLattice.trace_period_not_affine' depends on axioms: [propext, Classical.choice, Quot.sound]
'IntegrableLattice.digit_mod_pow' depends on axioms: [propext, Classical.choice, Quot.sound]
'IntegrableLattice.choose_cast_eq_prod' depends on axioms: [propext, Classical.choice, Quot.sound]
'IntegrableLattice.choose_cast_of_lt' depends on axioms: [propext, Classical.choice, Quot.sound]
'IntegrableLattice.choose_cast_pow' depends on axioms: [propext, Classical.choice, Quot.sound]
'IntegrableLattice.choose_cast_pow_succ' depends on axioms: [propext, Classical.choice, Quot.sound]
'IntegrableLattice.Abar' depends on axioms: [propext, Quot.sound]
'IntegrableLattice.Bbar' depends on axioms: [propext, Quot.sound]
'IntegrableLattice.Abar_one' depends on axioms: [propext, Quot.sound]
'IntegrableLattice.Abar_shift_lt' depends on axioms: [propext, Classical.choice, Quot.sound]
'IntegrableLattice.Abar_shift' depends on axioms: [propext, Classical.choice, Quot.sound]
'IntegrableLattice.Abar_mod' depends on axioms: [propext, Classical.choice, Quot.sound]
'IntegrableLattice.Abar_congr' depends on axioms: [propext, Classical.choice, Quot.sound]
'IntegrableLattice.Abar_shift_pow_succ' depends on axioms: [propext, Classical.choice, Quot.sound]
'IntegrableLattice.Bbar_diag' depends on axioms: [propext, Quot.sound]
'IntegrableLattice.cexDigitS' depends on axioms: [propext, Quot.sound]
'IntegrableLattice.cexDigit_A1_ne_zero' depends on axioms: [propext, Quot.sound]
'IntegrableLattice.cexDigit_fails' depends on axioms: [propext, Quot.sound]
'IntegrableLattice.cexDigit_lt_holds' depends on axioms: [propext, Quot.sound]
'IntegrableLattice.bouquet_cases_exclusive' depends on axioms: [propext, Classical.choice, Quot.sound]
'IntegrableLattice.diagCard' depends on axioms: [propext, Classical.choice, Quot.sound]
'IntegrableLattice.oneZeroCard' depends on axioms: [propext, Classical.choice, Quot.sound]
'IntegrableLattice.genericCard' depends on axioms: [propext, Classical.choice, Quot.sound]
'IntegrableLattice.card_diag_three' depends on axioms: [propext, Classical.choice, Quot.sound]
'IntegrableLattice.card_diag_five' depends on axioms: [propext, Classical.choice, Quot.sound]
'IntegrableLattice.card_diag_seven' depends on axioms: [propext, Classical.choice, Quot.sound]
'IntegrableLattice.card_one_zero_three' depends on axioms: [propext, Classical.choice, Quot.sound]
'IntegrableLattice.card_one_zero_five' depends on axioms: [propext, Classical.choice, Quot.sound]
'IntegrableLattice.card_one_zero_seven' depends on axioms: [propext, Classical.choice, Quot.sound]
'IntegrableLattice.card_generic_three' depends on axioms: [propext, Classical.choice, Quot.sound]
'IntegrableLattice.card_generic_five' depends on axioms: [propext, Classical.choice, Quot.sound]
'IntegrableLattice.card_generic_seven' depends on axioms: [propext, Classical.choice, Quot.sound]
'IntegrableLattice.card_diag_two' depends on axioms: [propext, Classical.choice, Quot.sound]
'IntegrableLattice.card_generic_two' depends on axioms: [propext, Classical.choice, Quot.sound]
'IntegrableLattice.levelA' depends on axioms: [propext]
'IntegrableLattice.sum_level_A' depends on axioms: [propext, Classical.choice, Quot.sound]
'IntegrableLattice.sum_pow_rev' depends on axioms: [propext, Classical.choice, Quot.sound]
'IntegrableLattice.pow_split' depends on axioms: [propext, Quot.sound]
'IntegrableLattice.sum_level_B' depends on axioms: [propext, Classical.choice, Quot.sound]
'IntegrableLattice.ordKappa_of_sigma' depends on axioms: [propext, Quot.sound]
'IntegrableLattice.theoremJ8_eq_XPrime' depends on axioms: [propext, Quot.sound]
'IntegrableLattice.cycle19_5_4_example_mismatch' depends on axioms: [propext]
'IntegrableLattice.sum_level_stab' depends on axioms: [propext, Classical.choice, Quot.sound]
'IntegrableLattice.level_ratio_indep' depends on axioms: [propext]
'IntegrableLattice.layer_sum' depends on axioms: [propext, Classical.choice, Quot.sound]
'IntegrableLattice.sum_mul_pow' depends on axioms: [propext, Classical.choice, Quot.sound]
'IntegrableLattice.J8_direction_sum' depends on axioms: [propext, Classical.choice, Quot.sound]
'IntegrableLattice.sum_Theta_J8' depends on axioms: [propext, Classical.choice, Quot.sound]
'IntegrableLattice.ordKappa_J8' depends on axioms: [propext]
'IntegrableLattice.J6_no_n_pow_term' depends on axioms: [propext]
'IntegrableLattice.sigma_eq_of_max' depends on axioms: [propext, Classical.choice, Quot.sound]
'IntegrableLattice.exists_sigma_ne_zero' depends on axioms: [propext, Classical.choice, Quot.sound]
'IntegrableLattice.exists_sigma_ne_zero_lt' depends on axioms: [propext, Classical.choice, Quot.sound]
'IntegrableLattice.one_add_X_pow_split' depends on axioms: [propext, Classical.choice, Quot.sound]
'IntegrableLattice.branch_decomposition' depends on axioms: [propext, Classical.choice, Quot.sound]
'IntegrableLattice.coeff_branch_single' depends on axioms: [propext, Classical.choice, Quot.sound]
'IntegrableLattice.coeff_branch_sum' depends on axioms: [propext, Classical.choice, Quot.sound]
'IntegrableLattice.coeff_branch_lt' depends on axioms: [propext, Classical.choice, Quot.sound]
'IntegrableLattice.exists_coeff_ne_zero_of_branches' depends on axioms: [propext, Classical.choice, Quot.sound]
'IntegrableLattice.L1_bound' depends on axioms: [propext, Classical.choice, Quot.sound]
'IntegrableLattice.geom_sum_one_add_X_pow_char' depends on axioms: [propext, Classical.choice, Quot.sound]
'IntegrableLattice.SInfinity.bucketVanish_iff' depends on axioms: [propext, Classical.choice, Quot.sound]
'IntegrableLattice.SInfinity.psi_chi_perp_sub_one' depends on axioms: [propext, Classical.choice, Quot.sound]
'IntegrableLattice.SInfinity.psi_eq_zero_of_dvd' depends on axioms: [propext, Classical.choice, Quot.sound]
'IntegrableLattice.SInfinity.psi_coeff' depends on axioms: [propext, Classical.choice, Quot.sound]
'IntegrableLattice.SInfinity.torus_diag' depends on axioms: [propext, Classical.choice, Quot.sound]
'IntegrableLattice.SInfinity.torus_anti' depends on axioms: [propext, Classical.choice, Quot.sound]
'IntegrableLattice.SInfinity.torus_not_e1' depends on axioms: [propext, Classical.choice, Quot.sound]
'IntegrableLattice.SInfinity.torus_Sinf_candidates' depends on axioms: [propext, Classical.choice, Quot.sound]
'IntegrableLattice.SInfinity.fam3_e1' depends on axioms: [propext, Classical.choice, Quot.sound]
'IntegrableLattice.SInfinity.fam3_not_diag' depends on axioms: [propext, Classical.choice, Quot.sound]
'IntegrableLattice.SInfinity.fam3_Sinf_singleton' depends on axioms: [propext, Classical.choice, Quot.sound]
'IntegrableLattice.EllTwo.Aalpha_seq' depends on axioms: [propext, Quot.sound]
'IntegrableLattice.EllTwo.Abeta_seq' depends on axioms: [propext, Quot.sound]
'IntegrableLattice.EllTwo.Bsat_seq' depends on axioms: [propext, Quot.sound]
'IntegrableLattice.EllTwo.B_seq' depends on axioms: [propext, Quot.sound]
'IntegrableLattice.EllTwo.four_cases_distinct_at_three' depends on axioms: [propext]
'IntegrableLattice.EllTwo.caseA_or_caseB' depends on axioms: [propext, Classical.choice, Quot.sound]
'IntegrableLattice.EllTwo.not_caseA_and_caseB' depends on axioms: [propext, Classical.choice, Quot.sound]
'IntegrableLattice.EllTwo.lam0_ge_one' depends on axioms: [propext]
'IntegrableLattice.EllTwo.w_ge_one_of_lam1_one' depends on axioms: [propext]
'IntegrableLattice.EllTwo.Bsat_one_eq_B_one_add' depends on axioms: [propext, Classical.choice, Quot.sound]
'IntegrableLattice.EllTwo.Bsat_ne_B_at_one' depends on axioms: [propext, Classical.choice, Quot.sound]
'IntegrableLattice.EllTwo.Aalpha_one_eq_B_one' depends on axioms: [propext, Quot.sound]
'IntegrableLattice.EllTwo.Abeta_one_eq_B_one' depends on axioms: [propext]
'IntegrableLattice.EllTwo.B_eq_Xprime' depends on axioms: [propext]
'IntegrableLattice.EllTwo.Aalpha_eq_Xprime_at_one_two' depends on axioms: [propext]
'IntegrableLattice.EllTwo.Aalpha_ne_Xprime_at_three' depends on axioms: [propext, Quot.sound]
'IntegrableLattice.EllTwo.Abeta_ne_Xprime_at_two' depends on axioms: [propext, Quot.sound]
'IntegrableLattice.EllTwo.Bsat_ne_Xprime_at_two' depends on axioms: [propext, Quot.sound]
'IntegrableLattice.DropBStar.unique_min_of_val_seq' depends on axioms: [propext]
'IntegrableLattice.DropBStar.min_eq_theta' depends on axioms: [propext]
'IntegrableLattice.DropBStar.BG_dominates' does not depend on any axioms
'IntegrableLattice.DropBStar.totient_pow_mul_pow' depends on axioms: [propext, Classical.choice, Quot.sound]
'IntegrableLattice.DropBStar.sum_totient_pow' depends on axioms: [propext, Classical.choice, Quot.sound]
'IntegrableLattice.DropBStar.layer_card_sum' depends on axioms: [propext, Classical.choice, Quot.sound]
'IntegrableLattice.DropBStar.lemma_Q3' depends on axioms: [propext, Classical.choice, Quot.sound]
'IntegrableLattice.DropBStar.lemma_Q3_old_formula_false' depends on axioms: [propext, Classical.choice, Quot.sound]
'IntegrableLattice.DropBStar.lemma_Q3_diff' depends on axioms: [propext, Classical.choice, Quot.sound]
'IntegrableLattice.DropBStar.lemma_Q5_rho_max' depends on axioms: [propext, Classical.choice, Quot.sound]
'IntegrableLattice.DropBStar.lemma_Q5_needs_strict' depends on axioms: [propext]
'IntegrableLattice.DropBStar.lemma_Q5_card' depends on axioms: [propext, Classical.choice, Quot.sound]
'IntegrableLattice.DropBStar.theorem_Q1_error' depends on axioms: [propext, Classical.choice, Quot.sound]
'IntegrableLattice.DropBStar.theorem_Q1_error_explicit' depends on axioms: [propext, Classical.choice, Quot.sound]
'IntegrableLattice.GeneralTower.S0_closed' depends on axioms: [propext, Classical.choice, Quot.sound]
'IntegrableLattice.GeneralTower.S1_closed' depends on axioms: [propext, Classical.choice, Quot.sound]
'IntegrableLattice.GeneralTower.S0_decomp' depends on axioms: [propext, Classical.choice, Quot.sound]
'IntegrableLattice.GeneralTower.S1_decomp' depends on axioms: [propext, Classical.choice, Quot.sound]
'IntegrableLattice.GeneralTower.theorem_G1' depends on axioms: [propext, Classical.choice, Quot.sound]
'IntegrableLattice.GeneralTower.theorem_G1_remark_2_2' depends on axioms: [propext, Classical.choice, Quot.sound]
'IntegrableLattice.GeneralTower.theorem_G1_e_indep' depends on axioms: [propext, Classical.choice, Quot.sound]
'IntegrableLattice.GeneralTower.twisted_unique_min' depends on axioms: [propext, Quot.sound]
'IntegrableLattice.GeneralTower.twisted_unique_min_k_zero' depends on axioms: [propext, Quot.sound]
'IntegrableLattice.GeneralTower.K_wellDefined' depends on axioms: [propext, Classical.choice, Quot.sound]
'IntegrableLattice.GeneralTower.K_zero_iff' depends on axioms: [propext, Classical.choice, Quot.sound]
'IntegrableLattice.GeneralTower.K_ge_one_of_ell_two' depends on axioms: [propext, Classical.choice, Quot.sound]
'IntegrableLattice.GeneralTower.K_ge_one_of_jstar_large' depends on axioms: [propext]
'IntegrableLattice.GeneralTower.K_example_ell_three' depends on axioms: [propext]
'IntegrableLattice.GeneralTower.G3_positivity' depends on axioms: [propext, Classical.choice, Quot.sound]
'IntegrableLattice.GeneralTower.G3_two_levels' depends on axioms: [propext, Classical.choice, Quot.sound]
'IntegrableLattice.GeneralTower.sum_totient_Ico' depends on axioms: [propext, Classical.choice, Quot.sound]
'IntegrableLattice.GeneralTower.layer_b_boundary' depends on axioms: [propext, Classical.choice, Quot.sound]
'IntegrableLattice.GeneralTower.theorem_G4_b' depends on axioms: [propext, Classical.choice, Quot.sound]
'IntegrableLattice.GeneralTower.theorem_G4_c' depends on axioms: [propext, Classical.choice, Quot.sound]
'IntegrableLattice.GeneralTower.G4_K_dependence' depends on axioms: [propext, Classical.choice, Quot.sound]
'IntegrableLattice.CoeffsDE.D1_d_formula' depends on axioms: [propext, Classical.choice, Quot.sound]
'IntegrableLattice.CoeffsDE.D1_c_bracket' depends on axioms: [propext, Classical.choice, Quot.sound]
'IntegrableLattice.CoeffsDE.D1_c_alpha_term' depends on axioms: [propext, Classical.choice, Quot.sound]
'IntegrableLattice.CoeffsDE.D1_d_integer' depends on axioms: [propext, Classical.choice, Quot.sound]
'IntegrableLattice.CoeffsDE.D1_d_empty' depends on axioms: [propext, Classical.choice, Quot.sound]
'IntegrableLattice.CoeffsDE.totient_step' depends on axioms: [propext, Classical.choice, Quot.sound]
'IntegrableLattice.CoeffsDE.D1a_d_invariant' depends on axioms: [propext, Classical.choice, Quot.sound]
'IntegrableLattice.CoeffsDE.D1a_c_invariant' depends on axioms: [propext, Classical.choice, Quot.sound]
'IntegrableLattice.CoeffsDE.D1a_Lambda_step' depends on axioms: [propext, Classical.choice, Quot.sound]
'IntegrableLattice.CoeffsDE.Tdef_Mstar_indep' depends on axioms: [propext, Classical.choice, Quot.sound]
'IntegrableLattice.CoeffsDE.D2_residual' depends on axioms: [propext, Classical.choice, Quot.sound]
'IntegrableLattice.CoeffsDE.D2_equiv_forward_false' depends on axioms: [propext, Classical.choice, Quot.sound]
'IntegrableLattice.CoeffsDE.D2_equiv_corrected' depends on axioms: [propext, Classical.choice, Quot.sound]
'IntegrableLattice.CoeffsDE.expand_at_one_plus_x' depends on axioms: [propext]
'IntegrableLattice.CoeffsDE.D3_stage_poly' depends on axioms: [propext, Quot.sound]
'IntegrableLattice.CoeffsDE.D3_d_formula' depends on axioms: [propext, Classical.choice, Quot.sound]
'IntegrableLattice.CoeffsDE.D3_bracket' depends on axioms: [propext, Classical.choice, Quot.sound]
'IntegrableLattice.CoeffsDE.D3_c_formula' depends on axioms: [propext, Classical.choice, Quot.sound]
'IntegrableLattice.CoeffsDE.D3_theta_case_split' depends on axioms: [propext, Classical.choice, Quot.sound]
'IntegrableLattice.CoeffsDE.D3_values' depends on axioms: [propext, Classical.choice, Quot.sound]
'IntegrableLattice.CoeffsDE.D3_e_values' depends on axioms: [propext, Classical.choice, Quot.sound]
'IntegrableLattice.CoeffsDE.D3_ell2_torus_values' depends on axioms: [propext]
'IntegrableLattice.CoeffsDE.D3_p_eq_one_convention' depends on axioms: [propext, Classical.choice, Quot.sound]
'IntegrableLattice.CoeffsDE.V2_mul_odd' depends on axioms: [propext, Classical.choice, Quot.sound]
'IntegrableLattice.CoeffsDE.D4_congruence' depends on axioms: [propext, Classical.choice, Quot.sound]
'IntegrableLattice.CoeffsDE.D4_valuations' depends on axioms: [propext, Classical.choice, Quot.sound]
'IntegrableLattice.CoeffsDE.D4_Lambda_sum_shift' depends on axioms: [propext, Quot.sound]
'IntegrableLattice.CoeffsDE.D4_c_shift' depends on axioms: [propext, Classical.choice, Quot.sound]
'IntegrableLattice.CoeffsDE.D4_d_invariant' depends on axioms: [propext, Classical.choice, Quot.sound]
'IntegrableLattice.CoeffsDE.D5_stage_poly' depends on axioms: [propext, Quot.sound]
'IntegrableLattice.CoeffsDE.D5_val_facts' depends on axioms: [propext, Classical.choice, Quot.sound]
'IntegrableLattice.CoeffsDE.D5_V2' depends on axioms: [propext, Classical.choice, Quot.sound]
'IntegrableLattice.CoeffsDE.D5_theta_flip' depends on axioms: [propext, Classical.choice, Quot.sound]
'IntegrableLattice.CoeffsDE.D5_d_shift' depends on axioms: [propext, Classical.choice, Quot.sound]
'IntegrableLattice.CoeffsDE.D6_truncation' depends on axioms: [propext, Quot.sound]
'IntegrableLattice.CoeffsDE.D6_boundary_sharp' depends on axioms: [propext, Classical.choice, Quot.sound]
'IntegrableLattice.Cycle24.D2_level_iff' depends on axioms: [propext, Classical.choice, Quot.sound]
'IntegrableLattice.Cycle24.D2_level_zero_iff' depends on axioms: [propext, Classical.choice, Quot.sound]
'IntegrableLattice.Cycle24.D2_all_iff_no_transient' depends on axioms: [propext, Classical.choice, Quot.sound]
'IntegrableLattice.Cycle24.D2_no_transient_imp_Tdef_zero' depends on axioms: [propext, Classical.choice, Quot.sound]
'IntegrableLattice.Cycle24.D3_conv_p_eq_one' depends on axioms: [propext, Classical.choice, Quot.sound]
'IntegrableLattice.Cycle24.D3_conv_p_ne_one' depends on axioms: [propext, Classical.choice, Quot.sound]
'IntegrableLattice.Cycle24.D5_conv_t_eq_q' depends on axioms: [propext, Classical.choice, Quot.sound]
'IntegrableLattice.Cycle24.D3_conv_c_p_eq_one' depends on axioms: [propext, Classical.choice, Quot.sound]
'IntegrableLattice.Cycle24.D3_old_conv_c_broken' depends on axioms: [propext, Classical.choice, Quot.sound]
'IntegrableLattice.Cycle24.G4_cond2_corrected_at_61' depends on axioms: [propext, Classical.choice, Quot.sound]
'IntegrableLattice.Cycle24.G4_cond2_empty_layer_ok' depends on axioms: [propext, Classical.choice, Quot.sound]
'IntegrableLattice.Cycle24.G4_note42_d_side_totient' depends on axioms: [propext, Classical.choice, Quot.sound]
'IntegrableLattice.Cycle24.G4_note42_c_side' depends on axioms: [propext, Classical.choice, Quot.sound]
'IntegrableLattice.Cycle24.Q5_c1_strict_of_logb' depends on axioms: [propext, Classical.choice, Quot.sound]
'IntegrableLattice.Cycle24.Q5_c1_exists_nat' depends on axioms: [propext, Quot.sound]
'IntegrableLattice.Cycle24.Q5_c1_nat_least' depends on axioms: [propext, Quot.sound]
'IntegrableLattice.Cycle24.Q1_C_corrected' depends on axioms: [propext, Classical.choice, Quot.sound]
'IntegrableLattice.Cycle24.G4_cond_all_at_61' depends on axioms: [propext, Quot.sound]
'IntegrableLattice.Cycle24.Q5_logb_junk_at_b_zero' depends on axioms: [propext, Classical.choice, Quot.sound]
'IntegrableLattice.Cycle24.Q5_c1_zero_b' depends on axioms: [propext, Quot.sound]
'IntegrableLattice.Cycle24.G2_cond32_sum_form_top' depends on axioms: [propext, Classical.choice, Quot.sound]
'IntegrableLattice.Cycle24.G2_cond32_sum_form_finite' depends on axioms: [propext, Classical.choice, Quot.sound]
'IntegrableLattice.Cycle24.corollary_G6' depends on axioms: [propext, Classical.choice, Quot.sound]
'IntegrableLattice.Cycle24.corollary_G6_c_as_Theta' depends on axioms: [propext, Classical.choice, Quot.sound]
'IntegrableLattice.Cycle24.Q7_char2_factorization' depends on axioms: [propext, Classical.choice, Quot.sound]
'IntegrableLattice.Cycle24.Q7_char2_binomial_form' depends on axioms: [propext, Quot.sound]
'IntegrableLattice.Cycle24.Q7_b_eq_two' does not depend on any axioms
OK: 列挙した定理はいずれも sorryAx に依存していない
