OK: ソース中に sorry / admit は無い
'IntegrableLattice.findGreatest_congr' depends on axioms: [propext]
'IntegrableLattice.truncVal' depends on axioms: [propext]
'IntegrableLattice.truncVal_le' depends on axioms: [propext, Classical.choice, Quot.sound]
'IntegrableLattice.truncVal_congr_of_dvd' depends on axioms: [propext, Quot.sound]
'IntegrableLattice.truncVal_eq_min_padicValInt' depends on axioms: [propext, Classical.choice, Quot.sound]
'IntegrableLattice.exists_eventually_periodic_pow' depends on axioms: [propext, Classical.choice, Quot.sound]
'IntegrableLattice.redMat' depends on axioms: [propext, Classical.choice, Quot.sound]
'IntegrableLattice.exists_eventually_periodic_matrixPow' depends on axioms: [propext, Classical.choice, Quot.sound]
'IntegrableLattice.exists_eventually_periodic_trace' depends on axioms: [propext, Classical.choice, Quot.sound]
'IntegrableLattice.exists_eventually_periodic_truncVal' depends on axioms: [propext, Classical.choice, Quot.sound]
'IntegrableLattice.exists_eventually_periodic_min_padicValInt' depends on axioms: [propext,
 Classical.choice,
 Quot.sound]
'IntegrableLattice.padicValNat_pow_sub_one_of_dvd' depends on axioms: [propext, Classical.choice, Quot.sound]
'IntegrableLattice.multOrder_dvd_sub_one' depends on axioms: [propext, Classical.choice, Quot.sound]
'IntegrableLattice.padicValNat_pow_sub_one_of_not_dvd_order' depends on axioms: [propext, Classical.choice, Quot.sound]
'IntegrableLattice.padicValNat_pow_sub_one_odd' depends on axioms: [propext, Classical.choice, Quot.sound]
'IntegrableLattice.padicValNat_two_pow_sub_one_odd_exp' depends on axioms: [propext, Classical.choice, Quot.sound]
'IntegrableLattice.padicValNat_two_pow_sub_one_even_exp' depends on axioms: [propext, Classical.choice, Quot.sound]
'IntegrableLattice.X_pow_char_pow_sub_one' depends on axioms: [propext, Classical.choice, Quot.sound]
'IntegrableLattice.resultant_X_pow_char_pow_sub_one' depends on axioms: [propext, Classical.choice, Quot.sound]
'IntegrableLattice.aOne' depends on axioms: [propext, Classical.choice, Quot.sound]
'IntegrableLattice.aOne_cast_zmod' depends on axioms: [propext, Classical.choice, Quot.sound]
'IntegrableLattice.dvd_aOne_iff' depends on axioms: [propext, Classical.choice, Quot.sound]
'IntegrableLattice.aTwoInner' depends on axioms: [propext, Classical.choice, Quot.sound]
'IntegrableLattice.aTwo' depends on axioms: [propext, Classical.choice, Quot.sound]
'IntegrableLattice.evalOneOne' depends on axioms: [propext, Classical.choice, Quot.sound]
'IntegrableLattice.aTwo_cast_zmod' depends on axioms: [propext, Classical.choice, Quot.sound]
'IntegrableLattice.dvd_aTwo_iff' depends on axioms: [propext, Classical.choice, Quot.sound]
'IntegrableLattice.dvd_one_add_pow_prime_sub_one' depends on axioms: [propext, Classical.choice, Quot.sound]
'IntegrableLattice.dvd_pow_prime_pow_sub_one' depends on axioms: [propext, Classical.choice, Quot.sound]
'IntegrableLattice.pow_prime_pow_eq_one_of_eq_one_add' depends on axioms: [propext, Classical.choice, Quot.sound]
'IntegrableLattice.matrix_pow_prime_pow_eq_one' depends on axioms: [propext, Classical.choice, Quot.sound]
'IntegrableLattice.eq_natCast_mul_of_castHom_eq_zero' depends on axioms: [propext, Classical.choice, Quot.sound]
'IntegrableLattice.matrix_eq_natCast_mul_of_map_castHom_eq_zero' depends on axioms: [propext,
 Classical.choice,
 Quot.sound]
'IntegrableLattice.map_pow_castHom' depends on axioms: [propext, Classical.choice, Quot.sound]
'IntegrableLattice.map_sub_castHom' depends on axioms: [propext, Classical.choice, Quot.sound]
'IntegrableLattice.map_one_castHom' depends on axioms: [propext, Classical.choice, Quot.sound]
'IntegrableLattice.matrix_pow_mul_prime_pow_eq_one' depends on axioms: [propext, Classical.choice, Quot.sound]
'IntegrableLattice.orderOf_dvd_mul_prime_pow' depends on axioms: [propext, Classical.choice, Quot.sound]
'IntegrableLattice.orderOf_reduction_dvd' depends on axioms: [propext, Classical.choice, Quot.sound]
'IntegrableLattice.isUnit_pow_add_eq_iff' depends on axioms: [propext]
'IntegrableLattice.isUnit_intCast_of_not_dvd' depends on axioms: [propext, Classical.choice, Quot.sound]
'IntegrableLattice.isUnit_map_of_not_dvd_det' depends on axioms: [propext, Classical.choice, Quot.sound]
'IntegrableLattice.mulVec_pow_eq_pow_smul' depends on axioms: [propext, Classical.choice, Quot.sound]
'IntegrableLattice.eigenvalue_pow_eq_one_of_pow_eq_one' depends on axioms: [propext, Classical.choice, Quot.sound]
'IntegrableLattice.orderOf_eigenvalue_dvd_orderOf' depends on axioms: [propext, Classical.choice, Quot.sound]
'IntegrableLattice.lcm_orderOf_eigenvalues_dvd_orderOf' depends on axioms: [propext, Classical.choice, Quot.sound]
'IntegrableLattice.expSum' depends on axioms: [propext, Quot.sound]
'IntegrableLattice.eq_zero_of_expSum_pow_eq_zero' depends on axioms: [propext, Classical.choice, Quot.sound]
'IntegrableLattice.expSum_eventually_periodic_iff' depends on axioms: [propext, Classical.choice, Quot.sound]
'IntegrableLattice.expSum_eventually_periodic_iff_lcm_dvd' depends on axioms: [propext, Classical.choice, Quot.sound]
'IntegrableLattice.isLeast_period_expSum' depends on axioms: [propext, Classical.choice, Quot.sound]
'IntegrableLattice.trace_pow_eventually_periodic_iff_lcm_dvd' depends on axioms: [propext, Classical.choice, Quot.sound]
'IntegrableLattice.trace_pow_restrict_maxGenEigenspace' depends on axioms: [propext, Classical.choice, Quot.sound]
'IntegrableLattice.trace_pow_eq_sum_maxGenEigenspace' depends on axioms: [propext, Classical.choice, Quot.sound]
'IntegrableLattice.finrank_maxGenEigenspace_eq_rootMultiplicity' depends on axioms: [propext,
 Classical.choice,
 Quot.sound]
'IntegrableLattice.trace_pow_eventually_periodic_iff' depends on axioms: [propext, Classical.choice, Quot.sound]
'IntegrableLattice.natCast_ne_zero_iff_not_dvd' depends on axioms: [propext, Quot.sound]
'IntegrableLattice.cexMat' depends on axioms: [propext, Classical.choice, Quot.sound]
'IntegrableLattice.cexMat_pow_three' depends on axioms: [propext, Classical.choice, Quot.sound]
'IntegrableLattice.cexMat_ne_one' depends on axioms: [propext, Classical.choice, Quot.sound]
'IntegrableLattice.orderOf_cexMat' depends on axioms: [propext, Classical.choice, Quot.sound]
'IntegrableLattice.trace_cexMat_pow' depends on axioms: [propext, Classical.choice, Quot.sound]
'IntegrableLattice.cexMat_period_ne' depends on axioms: [propext, Classical.choice, Quot.sound]
'IntegrableLattice.trace_pow_add_eq_neg_sum' depends on axioms: [propext, Classical.choice, Quot.sound]
'IntegrableLattice.trace_pow_dvd_of_charpoly_coeff_dvd' depends on axioms: [propext, Classical.choice, Quot.sound]
'IntegrableLattice.le_padicValInt_trace_pow' depends on axioms: [propext, Classical.choice, Quot.sound]
'IntegrableLattice.cexN' depends on axioms: [propext, Quot.sound]
'IntegrableLattice.cexN_sq' depends on axioms: [propext, Classical.choice, Quot.sound]
'IntegrableLattice.cexN_pow_add_two' depends on axioms: [propext, Classical.choice, Quot.sound]
'IntegrableLattice.trace_cexN_pow_add_two' depends on axioms: [propext, Classical.choice, Quot.sound]
'IntegrableLattice.trace_cexN_pow_even' depends on axioms: [propext, Classical.choice, Quot.sound]
'IntegrableLattice.trace_cexN_pow_odd' depends on axioms: [propext, Classical.choice, Quot.sound]
'IntegrableLattice.cexN_exceptional_unbounded' depends on axioms: [propext, Classical.choice, Quot.sound]
'IntegrableLattice.prod_sub_pow_eq' depends on axioms: [propext, Classical.choice, Quot.sound]
'IntegrableLattice.prod_A_sub_zeta_eq' depends on axioms: [propext, Classical.choice, Quot.sound]
'IntegrableLattice.not_dvd_two_mul_of_odd' depends on axioms: [propext, Classical.choice, Quot.sound]
'IntegrableLattice.padicValNat_two_eq_zero_of_odd' depends on axioms: [propext, Classical.choice, Quot.sound]
'IntegrableLattice.newton_two_root_valuations' depends on axioms: [propext, Classical.choice, Quot.sound]
'IntegrableLattice.v2_tau_eq_of_root_valuations' depends on axioms: [propext, Classical.choice, Quot.sound]
'IntegrableLattice.NoProjZero' depends on axioms: [propext, Quot.sound]
'IntegrableLattice.torus_nondegenerate_three' depends on axioms: [propext, Classical.choice, Quot.sound]
'IntegrableLattice.torus_degenerate_two' depends on axioms: [propext, Classical.choice, Quot.sound]
'IntegrableLattice.exists_proj_zero_of_linear' depends on axioms: [propext, Quot.sound]
'IntegrableLattice.quintic_cubic_nondegenerate' depends on axioms: [propext, Classical.choice, Quot.sound]
'IntegrableLattice.propW_nu_not_integer_of_ell_five_k_three' depends on axioms: [propext, Classical.choice, Quot.sound]
OK: 列挙した定理はいずれも sorryAx に依存していない
CHECK_EXIT=0
