OK: ソース中に sorry / admit は無い
'IntegrableLattice.findGreatest_congr' depends on axioms: [propext]
'IntegrableLattice.truncVal' depends on axioms: [propext]
'IntegrableLattice.truncVal_le' depends on axioms: [propext, Classical.choice, Quot.sound]
'IntegrableLattice.truncVal_congr_of_dvd' depends on axioms: [propext, Quot.sound]
'IntegrableLattice.truncVal_eq_min_padicValInt' depends on axioms: [propext, Classical.choice, Quot.sound]
'IntegrableLattice.exists_eventually_periodic_pow' depends on axioms: [propext, Classical.choice, Quot.sound]
'IntegrableLattice.redMat' depends on axioms: [propext, Classical.choice, Quot.sound]
'IntegrableLattice.exists_eventually_periodic_matrixPow' depends on axioms: [propext, Classical.choice, Quot.sound]
'IntegrableLattice.exists_eventually_periodic_trace' depends on axioms: [propext, Classical.choice, Quot.sound]
'IntegrableLattice.exists_eventually_periodic_truncVal' depends on axioms: [propext, Classical.choice, Quot.sound]
'IntegrableLattice.exists_eventually_periodic_min_padicValInt' depends on axioms: [propext,
 Classical.choice,
 Quot.sound]
'IntegrableLattice.padicValNat_pow_sub_one_of_dvd' depends on axioms: [propext, Classical.choice, Quot.sound]
'IntegrableLattice.multOrder_dvd_sub_one' depends on axioms: [propext, Classical.choice, Quot.sound]
'IntegrableLattice.padicValNat_pow_sub_one_of_not_dvd_order' depends on axioms: [propext, Classical.choice, Quot.sound]
'IntegrableLattice.padicValNat_pow_sub_one_odd' depends on axioms: [propext, Classical.choice, Quot.sound]
'IntegrableLattice.padicValNat_two_pow_sub_one_odd_exp' depends on axioms: [propext, Classical.choice, Quot.sound]
'IntegrableLattice.padicValNat_two_pow_sub_one_even_exp' depends on axioms: [propext, Classical.choice, Quot.sound]
'IntegrableLattice.X_pow_char_pow_sub_one' depends on axioms: [propext, Classical.choice, Quot.sound]
'IntegrableLattice.resultant_X_pow_char_pow_sub_one' depends on axioms: [propext, Classical.choice, Quot.sound]
'IntegrableLattice.aOne' depends on axioms: [propext, Classical.choice, Quot.sound]
'IntegrableLattice.aOne_cast_zmod' depends on axioms: [propext, Classical.choice, Quot.sound]
'IntegrableLattice.dvd_aOne_iff' depends on axioms: [propext, Classical.choice, Quot.sound]
'IntegrableLattice.aTwoInner' depends on axioms: [propext, Classical.choice, Quot.sound]
'IntegrableLattice.aTwo' depends on axioms: [propext, Classical.choice, Quot.sound]
'IntegrableLattice.evalOneOne' depends on axioms: [propext, Classical.choice, Quot.sound]
'IntegrableLattice.aTwo_cast_zmod' depends on axioms: [propext, Classical.choice, Quot.sound]
'IntegrableLattice.dvd_aTwo_iff' depends on axioms: [propext, Classical.choice, Quot.sound]
'IntegrableLattice.dvd_one_add_pow_prime_sub_one' depends on axioms: [propext, Classical.choice, Quot.sound]
'IntegrableLattice.dvd_pow_prime_pow_sub_one' depends on axioms: [propext, Classical.choice, Quot.sound]
'IntegrableLattice.pow_prime_pow_eq_one_of_eq_one_add' depends on axioms: [propext, Classical.choice, Quot.sound]
'IntegrableLattice.matrix_pow_prime_pow_eq_one' depends on axioms: [propext, Classical.choice, Quot.sound]
'IntegrableLattice.eq_natCast_mul_of_castHom_eq_zero' depends on axioms: [propext, Classical.choice, Quot.sound]
'IntegrableLattice.matrix_eq_natCast_mul_of_map_castHom_eq_zero' depends on axioms: [propext,
 Classical.choice,
 Quot.sound]
'IntegrableLattice.map_pow_castHom' depends on axioms: [propext, Classical.choice, Quot.sound]
'IntegrableLattice.map_sub_castHom' depends on axioms: [propext, Classical.choice, Quot.sound]
'IntegrableLattice.map_one_castHom' depends on axioms: [propext, Classical.choice, Quot.sound]
'IntegrableLattice.matrix_pow_mul_prime_pow_eq_one' depends on axioms: [propext, Classical.choice, Quot.sound]
'IntegrableLattice.orderOf_dvd_mul_prime_pow' depends on axioms: [propext, Classical.choice, Quot.sound]
'IntegrableLattice.orderOf_reduction_dvd' depends on axioms: [propext, Classical.choice, Quot.sound]
'IntegrableLattice.isUnit_pow_add_eq_iff' depends on axioms: [propext]
'IntegrableLattice.isUnit_intCast_of_not_dvd' depends on axioms: [propext, Classical.choice, Quot.sound]
'IntegrableLattice.isUnit_map_of_not_dvd_det' depends on axioms: [propext, Classical.choice, Quot.sound]
'IntegrableLattice.mulVec_pow_eq_pow_smul' depends on axioms: [propext, Classical.choice, Quot.sound]
'IntegrableLattice.eigenvalue_pow_eq_one_of_pow_eq_one' depends on axioms: [propext, Classical.choice, Quot.sound]
'IntegrableLattice.orderOf_eigenvalue_dvd_orderOf' depends on axioms: [propext, Classical.choice, Quot.sound]
'IntegrableLattice.lcm_orderOf_eigenvalues_dvd_orderOf' depends on axioms: [propext, Classical.choice, Quot.sound]
OK: 列挙した定理はいずれも sorryAx に依存していない
CHECK_EXIT=0
