=== (a) 前因子 det T(x) = (x(1−x²))^{L·2^{L−1}} ===
  L=2: det T == (x(1−x²))^{4} : True
  L=3: det T == (x(1−x²))^{12} : True
  L=4: det T == (x(1−x²))^{32} : True

=== (b) ±γ ペアリング: cp(P²/λ)·λ^{2^L} = P^{2^L}·cp(λ) （P=(x(1−x²))^{L/2}）===
  L=2: True
  L=4: True

=== (c) 分散関係: K(x) 上の 2 次因子の根比 = e^{nγ(θ)} ===
  --- L=2 (K=ℚ(ζ_4)): charpoly の K(x) 上の因子次数 = [(1, 1), (1, 1), (2, 1)] ; 因数分解 3.6s ---
      NS モーメンタ cosθ = [0], R モーメンタ cosθ = [1, -1]
      2次因子(重複度1): 根比 = e^{2γ(θ)}, cosθ = 0 (NS セクター) — 厳密一致 True
  --- L=3 (K=ℚ(ζ_6)): charpoly の K(x) 上の因子次数 = [(1, 2), (1, 2), (2, 1), (2, 1)] ; 因数分解 3.9s ---
      NS モーメンタ cosθ = [1/2, -1], R モーメンタ cosθ = [1, -1/2]
      2次因子(重複度1): 根比 = e^{2γ(θ)}, cosθ = 1/2 (NS セクター) — 厳密一致 True
      2次因子(重複度1): 根比 = e^{2γ(θ)}, cosθ = -1/2 (R セクター) — 厳密一致 True
  --- L=4 (K=ℚ(ζ_8)): charpoly の K(x) 上の因子次数 = [(1, 2), (1, 2), (1, 4), (2, 1), (2, 1), (4, 1)] ; 因数分解 47.2s ---
      NS モーメンタ cosθ = [1/2*z^3 - 1/2*z, -1/2*z^3 + 1/2*z], R モーメンタ cosθ = [0, 1, -1]
      2次因子(重複度1): 根比 = e^{2γ(θ)}, cosθ = 0 (R セクター) — 厳密一致 True
      2次因子(重複度1): 根比 = e^{2γ(θ)}, cosθ = 0 (R セクター) — 厳密一致 True
      4次因子(重複度1): 根 = P·ρ(θ_a)^{±1}ρ(θ_b)^{±1} と厳密一致 True (cosθ_a=1/2*z^3 - 1/2*z, cosθ_b=-1/2*z^3 + 1/2*z, NS セクター)
