=== (A) ギャップ閉塞条件 ⇔ (x²+2x−1)² = 0、臨界点 x_c = √2−1 ∈ ℚ̄ ===
  (1+x²)² − 4x(1−x²) == (x²+2x−1)²  : True   [x^4 + 4*x^3 + 2*x^2 - 4*x + 1]
  x_c := √2 − 1 の最小多項式 = x^2 + 2*x - 1, 次数 2, x_c ∈ ℚ̄ = True, 数値 0.414213562373095
  x_c は x²+2x−1 の根 : True

=== (B) KW 双対 x ↦ (1−x)/(1+x) ===
  自己双対点の条件 (1−x)/(1+x) = x ⇔ x²+2x−1 = 0 : (-1) * (x^2 + 2*x - 1) （分子 = −(x²+2x−1)）
  分散関数 C(x) の KW 双対不変性 C((1−x)/(1+x)) == C(x) : True
  KW 双対で写り合う有理点の例: q=1/3 の双対 = 1/2  （03/04 で使った q=1/3 と q=1/2 は KW 双対の対）

=== (C) ギャップ coshγ(0) − 1 = (x²+2x−1)²/(2x(1−x²)) ≥ 0、有理点で厳密に正 ===
  恒等式 C(x) − 2 == (x²+2x−1)²/(2x(1−x²)) : True
  q=1/2: ギャップ = 1/12 > 0 : True
  q=1/3: ギャップ = 1/12 > 0 : True
  q=2/5: ギャップ = 1/420 > 0 : True

=== (D) Λ 帰属: Φ_L = log Z_L(q) の素因数分解指数ベクトル（q=1/2）===
  L=2: Z_L(1/2) = 353/128 = 2^-7 * 353   ⇒ Φ_L ∈ Λ（指数ベクトル、ℝ 不要・厳密）
  L=3: Z_L(1/2) = 9859/2048 = 2^-11 * 9859   ⇒ Φ_L ∈ Λ（指数ベクトル、ℝ 不要・厳密）
  L=4: Z_L(1/2) = 24001207553/2147483648 = 2^-31 * 2897 * 8284849   ⇒ Φ_L ∈ Λ（指数ベクトル、ℝ 不要・厳密）
  L=5: Z_L(1/2) = 19034780355811/549755813888 = 2^-39 * 11 * 313 * 7951 * 695327   ⇒ Φ_L ∈ Λ（指数ベクトル、ℝ 不要・厳密）
  L=6: Z_L(1/2) = 337051784873333544181313/2361183241434822606848 = 2^-71 * 283918549 * 1187142531055037   ⇒ Φ_L ∈ Λ（指数ベクトル、ℝ 不要・厳密）

=== (E) ℝ 脱出の隔離 ===
  q=1/2: 前因子の中身 (1−q²)/q = 3/2 ∈ ℚ ⇒ (1/2)log(...) ∈ Λ_ℚ（素因数分解 2^-1 * 3）
  q=1/3: 前因子の中身 (1−q²)/q = 8/3 ∈ ℚ ⇒ (1/2)log(...) ∈ Λ_ℚ（素因数分解 2^3 * 3^-1）
  q=1/2, L=3, NS θ=π/3: ρ(θ) の最小多項式 = x^2 - 19/6*x + 1 (次数 2, 定数項 1, ρ>1: True)
      ⇒ 共役 = 1/ρ かつ ρ>1 ⇒ 任意の n≥1 で ρ^n ∉ ℚ ⇒ log ρ(θ) ∉ Λ_ℚ : True
  q=1/2, L=3, R θ=2π/3: ρ(θ) の最小多項式 = x^2 - 31/6*x + 1 (次数 2, 定数項 1, ρ>1: True)
      ⇒ 共役 = 1/ρ かつ ρ>1 ⇒ 任意の n≥1 で ρ^n ∉ ℚ ⇒ log ρ(θ) ∉ Λ_ℚ : True
  ⇒ ℝ が要るのは (1) モード和 Σ log ρ(θ_k)（代数的数の対数）と
     (2) 連続極限 (1/L)Σ_k γ(θ_k) → (1/2π)∫γ(θ)dθ（Riemann 和→積分）の一点だけ。
     有限 L の Z_L(q) ∈ ℚ、Φ_L ∈ Λ、固有値 ∈ ℚ̄ はいずれも ℝ を使わない。

=== (F) 既知 Onsager 閉形式との突き合わせ（**数値であり証明ではない**）===
  注意: 以下は数値的な整合の確認にすぎず、極限の存在も一致も証明していない。
        有限 L の決定可能性は極限の可解性を含意しない（四軸 3 と 4 は独立）。
  Onsager 閉形式（x=1/2, K=0.346573590279973）: −βf = 0.827026956718329
  有限 L からの推定 (1/L²)·log Z_L(1/2) − log(1/2):
    L=2: 0.946756628813365   （差 0.119729672095036）
    L=3: 0.867760629050572   （差 0.0407336723322431）
    L=4: 0.844010142021110   （差 0.0169831853027813）
    L=5: 0.834929137555709   （差 0.00790218083737937）
    L=6: 0.830954783781574   （差 0.00392782706324435）
    L=7: 0.829066449692138   （差 0.00203949297380912）
    L=8: 0.828119706957788   （差 0.00109275023945876）
