==============================================================================
定理 J7 を step 2 の族の外で照合する（step 2 §9.1 の反例そのものを使う）
==============================================================================

--- ell=3  bouquet [(1, 0), (1, -1), (1, 2)]   mu=0  (k,H)=(2, T*S + S^2)
    系 J10 の候補 [(0, 1), (1, -2), (1, -1), (1, 0), (1, 1), (1, 2), (2, -1)]
    S_oo = [((1, 0), 1)]
        P=(1, 0) : e_j = ['oo', '1', '0', '0', '0'] → j* = 1
    定理 J7 の予言: b = sum_{P in S_oo} j*(P) = 1
    Theta_1 = 12（定理 B' の最小点が全点で一意: True）[0.0s]
    Theta_2 = 42（定理 B' の最小点が全点で一意: True）[0.0s]
    Theta_3 = 142（定理 B' の最小点が全点で一意: True）[0.0s]
    Theta_4 = 478（定理 B' の最小点が全点で一意: True）[0.0s]
    Theta_5 = 1594（定理 B' の最小点が全点で一意: True）[0.1s]
    Theta_6 = 5266（定理 B' の最小点が全点で一意: True）[0.7s]
    Theta_M = beta M ell^M + c ell^M + e M + d を レベル [3, 4, 5, 6] から解くと
        beta = 2/3, c = 29/9, e = 0, d = 1
        out-of-sample: M=2 予言 42 実測 42 OK
        out-of-sample: M=1 予言 38/3 実測 12 MISMATCH（低レベルは定理 J7 の射程外）
    観測された b = beta * ell/(ell-1) = 1 / 定理 J7 の予言 1 → 一致
    e = 0 を課した 3 係数版（レベル [3, 4, 5] から解く）: beta = 2/3, c = 29/9, d = 1
        out-of-sample: M=6 予言 5266 実測 5266 OK
        out-of-sample: M=2 予言 42 実測 42 OK
        out-of-sample: M=1 予言 38/3 実測 12 MISMATCH（低レベルは定理 J7 の射程外）
    参考: step 2 §9.1 の通り、X' の形 (2 n ell^n + Lambda(ell^n-1)) は
          この塔では成り立たない（本スクリプトは n ell^n の係数だけを見ている）。

--- ell=5  bouquet [(1, 0), (1, 0), (1, 0), (0, 1), (1, 2)]   mu=0  (k,H)=(2, T^2 + T*S)
    系 J10 の候補 [(0, 1), (1, -1), (1, 0), (1, 1), (2, -1), (3, -1)]
    S_oo = [((1, -1), 1)]
        P=(1, -1) : e_j = ['oo', '1', '1', 'oo', '0'] → j* = 1
    定理 J7 の予言: b = sum_{P in S_oo} j*(P) = 1
    Theta_1 = 18（定理 B' の最小点が全点で一意: True）[0.0s]
    Theta_2 = 106（定理 B' の最小点が全点で一意: True）[0.0s]
    Theta_3 = 626（定理 B' の最小点が全点で一意: True）[0.0s]
    Theta_4 = 3626（定理 B' の最小点が全点で一意: True）[0.4s]
    Theta_5 = 20626（定理 B' の最小点が全点で一意: True）[100.7s]
    Theta_M = beta M ell^M + c ell^M + e M + d を レベル [2, 3, 4, 5] から解くと
        beta = 4/5, c = 13/5, e = 0, d = 1
        out-of-sample: M=1 予言 18 実測 18 OK
    観測された b = beta * ell/(ell-1) = 1 / 定理 J7 の予言 1 → 一致
    e = 0 を課した 3 係数版（レベル [2, 3, 4] から解く）: beta = 4/5, c = 13/5, d = 1
        out-of-sample: M=5 予言 20626 実測 20626 OK
        out-of-sample: M=1 予言 18 実測 18 OK
    参考: step 2 §9.1 の通り、X' の形 (2 n ell^n + Lambda(ell^n-1)) は
          この塔では成り立たない（本スクリプトは n ell^n の係数だけを見ている）。

==============================================================================
まとめ
==============================================================================
  FAIL 件数: 0
  打ち切った計算: 0 件

  結論（report §5.6 に対応）:
    step 2 定理 X' の**閉形式全体**は族の外では成り立たない（step 2 §9.1 の反例）。
    しかし本 step 定理 J7 の**n ell^n の係数** b = sum_{P in S_oo} j*(P) は、
    まさにその反例の塔でも当たる。2 つの step の結果は競合ではなく相補である。
  注意（何を数値に頼っているか）:
    定理 J7 そのものは report §5.2 に証明がある。ここで数値に頼っているのは
    「この塔で定理 J7 の仮定（(N) の argmin 一意性・(B*)）が実際に成り立っている」ことと、
    「Theta_M が beta M ell^M + c ell^M + e M + d の形に乗る」ことである。
    後者は当てはめであり、out-of-sample のレベルで検証した点だけが証拠になる。
    レベル 1 は定理 J7 の射程外（M' >= max(r_0, L_U, n_1) を要求する）なので
    外れてよい。外れることも出力してある。

