==============================================================================
cycle 19 / T3: theta >= ell+1 の領域（桁定理・ファイバー Newton 公式・閉形式）
==============================================================================

==============================================================================
Step A: 定理 J2（桁定理）— Lucas を第 2・第 3 桁へ延長 [    0.0s]
==============================================================================

  主張: 0 <= m <= ell^L なら A_m(a,b) mod ell は (a,b) mod ell^L だけの関数。
  照合: (a,b) を ell^L 倍のシフトで動かし、m <= ell^L で不変であることを全列挙で確認し、
        m = ell^L + 1 での破れの件数を数える（破れが正であることを要求する）。

  ell=2 L=1 : m <= ell^L の照合 240 件、うち破れ 0 件 / m = ell^L+1 の破れ 0 件
           bar A_2 の極形式が非零な例: {'bq (1,0),(0,1) = torus': False, 'bq (1,0),(0,1),(1,1)': False, 'bq (1,0)x2,(0,1)': False, 'bq (1,0),(2,3),(1,1)': False, '2v 3-fold (0,0),(1,0),(0,1)': False}
           （この ell では全例で極形式が消えるため破れ 0 件が正しい。命題 J2'）
  ell=2 L=2 : m <= ell^L の照合 1600 件、うち破れ 0 件 / m = ell^L+1 の破れ 0 件
           bar A_2 の極形式が非零な例: {'bq (1,0),(0,1) = torus': False, 'bq (1,0),(0,1),(1,1)': False, 'bq (1,0)x2,(0,1)': False, 'bq (1,0),(2,3),(1,1)': False, '2v 3-fold (0,0),(1,0),(0,1)': False}
           （この ell では全例で極形式が消えるため破れ 0 件が正しい。命題 J2'）
  ell=3 L=1 : m <= ell^L の照合 1620 件、うち破れ 0 件 / m = ell^L+1 の破れ 216 件
           bar A_2 の極形式が非零な例: {'bq (1,0),(0,1) = torus': True, 'bq (1,0),(0,1),(1,1)': True, 'bq (1,0)x2,(0,1)': True, 'bq (1,0),(2,3),(1,1)': True, '2v 3-fold (0,0),(1,0),(0,1)': True}
  ell=3 L=2 : m <= ell^L の照合 36450 件、うち破れ 0 件 / m = ell^L+1 の破れ 1944 件
           bar A_2 の極形式が非零な例: {'bq (1,0),(0,1) = torus': True, 'bq (1,0),(0,1),(1,1)': True, 'bq (1,0)x2,(0,1)': True, 'bq (1,0),(2,3),(1,1)': True, '2v 3-fold (0,0),(1,0),(0,1)': True}
  ell=5 L=1 : m <= ell^L の照合 18750 件、うち破れ 0 件 / m = ell^L+1 の破れ 2400 件
           bar A_2 の極形式が非零な例: {'bq (1,0),(0,1) = torus': True, 'bq (1,0),(0,1),(1,1)': True, 'bq (1,0)x2,(0,1)': True, 'bq (1,0),(2,3),(1,1)': True, '2v 3-fold (0,0),(1,0),(0,1)': True}
  ell=5 L=2（間引き step=4, (a,b) 245 組, シフト (1,0),(0,1)）: m <= ell^L の照合 12740 件、うち破れ 0 件 / m = ell^L+1 の破れ 370 件
  ell=3 L=3（間引き step=4, (a,b) 245 組, シフト (1,0),(0,1)）: m <= ell^L の照合 13720 件、うち破れ 0 件 / m = ell^L+1 の破れ 300 件

==============================================================================
Step B: 定理 B'（2 付値 Newton 多角形）を円分体での実測と照合 [    0.5s]
==============================================================================

  主張: min_m ( phi(ell^M) v_ell(A_m) + m ) が一意なら、それが hat theta_M = phi(ell^M) v_ell(E)。
  照合: Q(zeta_{ell^M}) の ell の上の素点での付値を独立に計算し、突き合わせる。

  --- ell=2 [(0, 0, (1, 0)), (0, 0, (0, 1))]
      M=1: 点 3 個、最小点が一意 3 個（うち実測一致 3 個）、tie 0 個
      M=2: 点 6 個、最小点が一意 6 個（うち実測一致 6 個）、tie 0 個
      M=3: 点 12 個、最小点が一意 10 個（うち実測一致 10 個）、tie 2 個
      M=4: 点 24 個、最小点が一意 22 個（うち実測一致 22 個）、tie 2 個
  --- ell=3 [(0, 0, (1, 0)), (0, 0, (0, 1)), (0, 0, (1, 1))]
      M=1: 点 4 個、最小点が一意 3 個（うち実測一致 3 個）、tie 1 個
      M=2: 点 12 個、最小点が一意 12 個（うち実測一致 12 個）、tie 0 個
      M=3: 点 36 個、最小点が一意 36 個（うち実測一致 36 個）、tie 0 個
  --- ell=3 [(0, 0, (1, 0)), (0, 0, (1, 0)), (0, 0, (0, 1))]
      M=1: 点 4 個、最小点が一意 3 個（うち実測一致 3 個）、tie 1 個
      M=2: 点 12 個、最小点が一意 12 個（うち実測一致 12 個）、tie 0 個
      M=3: 点 36 個、最小点が一意 36 個（うち実測一致 36 個）、tie 0 個
  --- ell=5 [(0, 0, (1, 0)), (0, 0, (1, 0)), (0, 0, (1, 0)), (0, 0, (1, 0)), (0, 0, (0, 1))]
      M=1: 点 6 個、最小点が一意 5 個（うち実測一致 5 個）、tie 1 個
      M=2: 点 30 個、最小点が一意 30 個（うち実測一致 30 個）、tie 0 個

==============================================================================
Step C: 定理 J4（ファイバー Newton 公式） [    0.7s]
==============================================================================

  主張: 方向 P0 のファイバーの点 beta（v = v_ell(beta), r = v+1）で
        theta >= Lambda(r) = min_j ( e_j + j ell^r )、argmin が一意なら等号。
  照合: theta を Phi mod ell から直接計算し、Lambda と突き合わせる。
        argmin が一意でない（＝先頭係数が打ち消しうる）件数も出す。

  --- ell=2 [(0, 0, (1, 0)), (0, 0, (0, 1))]
      P0=(1:0)  e_j=['2', '2', '0']  e_0=2  判定条件=True  j*=None
           argmin 一意で等号成立 3 件 / argmin が一意でない（打ち消しうる）0 件
      P0=(1:1)  e_j=['oo', '2', '0']  e_0=oo  判定条件=False  j*=1
           argmin 一意で等号成立 1 件 / argmin が一意でない（打ち消しうる）2 件
      P0=(0:1)  e_j=['2', '2', '0']  e_0=2  判定条件=True  j*=None
           argmin 一意で等号成立 3 件 / argmin が一意でない（打ち消しうる）0 件
  --- ell=3 [(0, 0, (1, 0)), (0, 0, (0, 1)), (0, 0, (1, 1))]
      P0=(1:0)  e_j=['2', '1', '0']  e_0=2  判定条件=True  j*=None
           argmin 一意で等号成立 8 件 / argmin が一意でない（打ち消しうる）0 件
      P0=(1:1)  e_j=['4', '3', '0']  e_0=4  判定条件=True  j*=None
           argmin 一意で等号成立 8 件 / argmin が一意でない（打ち消しうる）0 件
      P0=(1:2)  e_j=['2', '1', '0']  e_0=2  判定条件=True  j*=None
           argmin 一意で等号成立 8 件 / argmin が一意でない（打ち消しうる）0 件
      P0=(0:1)  e_j=['2', '1', '0']  e_0=2  判定条件=True  j*=None
           argmin 一意で等号成立 8 件 / argmin が一意でない（打ち消しうる）0 件
  --- ell=3 [(0, 0, (1, 0)), (0, 0, (1, 0)), (0, 0, (0, 1))]
      P0=(1:0)  e_j=['2', '2', '0']  e_0=2  判定条件=True  j*=None
           argmin 一意で等号成立 8 件 / argmin が一意でない（打ち消しうる）0 件
      P0=(1:1)  e_j=['oo', '1', '0']  e_0=oo  判定条件=False  j*=1
           argmin 一意で等号成立 8 件 / argmin が一意でない（打ち消しうる）0 件
      P0=(1:2)  e_j=['4', '1', '0']  e_0=4  判定条件=False  j*=None
           argmin 一意で等号成立 2 件 / argmin が一意でない（打ち消しうる）6 件
      P0=(0:1)  e_j=['2', '2', '0']  e_0=2  判定条件=True  j*=None
           argmin 一意で等号成立 8 件 / argmin が一意でない（打ち消しうる）0 件
  --- ell=3 [(0, 0, (1, 0)), (0, 0, (2, 3)), (0, 0, (1, 1))]
      P0=(1:0)  e_j=['4', '1', '0', '0', '0', 'oo', '0']  e_0=4  判定条件=False  j*=None
           argmin 一意で等号成立 2 件 / argmin が一意でない（打ち消しうる）6 件
      P0=(1:1)  e_j=['6', '1', '0', '0', '0', 'oo', '0']  e_0=6  判定条件=False  j*=None
           argmin 一意で等号成立 8 件 / argmin が一意でない（打ち消しうる）0 件
      P0=(1:2)  e_j=['2', '3', '0', '0', '0', 'oo', '0']  e_0=2  判定条件=True  j*=None
           argmin 一意で等号成立 8 件 / argmin が一意でない（打ち消しうる）0 件
      P0=(0:1)  e_j=['2', '1', 'oo', '1', '0']  e_0=2  判定条件=True  j*=None
           argmin 一意で等号成立 8 件 / argmin が一意でない（打ち消しうる）0 件
  --- ell=5 [(0, 0, (1, 0)), (0, 0, (1, 0)), (0, 0, (1, 0)), (0, 0, (1, 0)), (0, 0, (0, 1))]
      P0=(1:0)  e_j=['2', '2', '0']  e_0=2  判定条件=True  j*=None
           argmin 一意で等号成立 4 件 / argmin が一意でない（打ち消しうる）0 件
      P0=(1:1)  e_j=['oo', '1', '0']  e_0=oo  判定条件=False  j*=1
           argmin 一意で等号成立 4 件 / argmin が一意でない（打ち消しうる）0 件
      P0=(1:2)  e_j=['2', '1', '0']  e_0=2  判定条件=True  j*=None
           argmin 一意で等号成立 4 件 / argmin が一意でない（打ち消しうる）0 件
      P0=(1:3)  e_j=['2', '1', '0']  e_0=2  判定条件=True  j*=None
           argmin 一意で等号成立 4 件 / argmin が一意でない（打ち消しうる）0 件
      P0=(1:4)  e_j=['6', '1', '0']  e_0=6  判定条件=False  j*=None
           argmin 一意で等号成立 0 件 / argmin が一意でない（打ち消しうる）4 件
      P0=(0:1)  e_j=['2', '2', '0']  e_0=2  判定条件=True  j*=None
           argmin 一意で等号成立 4 件 / argmin が一意でない（打ち消しうる）0 件
  --- ell=5 [(0, 0, (1, 0)), (0, 0, (0, 1))]
      P0=(1:0)  e_j=['2', '2', '0']  e_0=2  判定条件=True  j*=None
           argmin 一意で等号成立 4 件 / argmin が一意でない（打ち消しうる）0 件
      P0=(1:1)  e_j=['2', '1', '0']  e_0=2  判定条件=True  j*=None
           argmin 一意で等号成立 4 件 / argmin が一意でない（打ち消しうる）0 件
      P0=(1:2)  e_j=['4', '1', '0']  e_0=4  判定条件=True  j*=None
           argmin 一意で等号成立 4 件 / argmin が一意でない（打ち消しうる）0 件
      P0=(1:3)  e_j=['4', '1', '0']  e_0=4  判定条件=True  j*=None
           argmin 一意で等号成立 4 件 / argmin が一意でない（打ち消しうる）0 件
      P0=(1:4)  e_j=['2', '1', '0']  e_0=2  判定条件=True  j*=None
           argmin 一意で等号成立 4 件 / argmin が一意でない（打ち消しうる）0 件
      P0=(0:1)  e_j=['2', '2', '0']  e_0=2  判定条件=True  j*=None
           argmin 一意で等号成立 4 件 / argmin が一意でない（打ち消しうる）0 件

==============================================================================
Step D: 定理 K（一般の予言アルゴリズム）を母集団で塔の値と照合 [    0.8s]
==============================================================================

  母集団 430 個（bouquet 2-3 ループ / 2 頂点 3 重辺、voltage 9 種）。
  各 (グラフ, ell) について、D の係数だけから ord_ell(kappa_n) を予言し、
  Matrix-Tree 定理による塔の値の独立計算と照合する（フィットパラメータ 0 個）。

  ell=2  : 照合 374 段（一致 374 段）/ tie があり予言を出さなかった塔 174 個 / (H) 等で除外 256 個 / 時間切れで未実施 0 個
           tie の例: bq (1, 0) (0, 1), bq (1, 0) (1, 1), bq (1, 0) (1, -1), bq (1, 0) (2, 1), bq (1, 0) (2, 3)
  ell=3  : 照合 537 段（一致 537 段）/ tie があり予言を出さなかった塔 165 個 / (H) 等で除外 172 個 / 時間切れで未実施 0 個
           tie の例: bq (1, 0) (1, 0) (0, 1), bq (1, 0) (1, 0) (1, 1), bq (1, 0) (1, 0) (2, 1), bq (1, 0) (1, 0) (0, 2), bq (1, 0) (0, 1) (1, 1)
  ell=5  : 照合 627 段（一致 627 段）/ tie があり予言を出さなかった塔 0 個 / (H) 等で除外 45 個 / 時間切れで未実施 176 個
  ell=7  : 照合 590 段（一致 590 段）/ tie があり予言を出さなかった塔 0 個 / (H) 等で除外 135 個 / 時間切れで未実施 0 個

==============================================================================
Step E: 定理 J6 / 系 J5 — theta 有限のときの閉形式（型 II） [ 1313.3s]
==============================================================================

  cycle 18 §4.4 は ell=3, bouquet (1,0),(0,1),(1,1) を「theta = 4 = ell+1 なのに
  M 依存しない」例として挙げ、**数値支持どまり**と明記していた。
  系 J5（Newton 判定条件）はこれを証明する。ここではその照合を行う。

  k, H = (2, T^2 + T*S + S^2)  mu = 0
      P0=(1:0)  e_j=['2', '1', '0'] 判定条件=True
      P0=(1:1)  e_j=['4', '3', '0'] 判定条件=True
      P0=(1:2)  e_j=['2', '1', '0'] 判定条件=True
      P0=(0:1)  e_j=['2', '1', '0'] 判定条件=True
  ファイバー上で theta が定数であることの全列挙照合（レベル 4 まで）:
      M=1 : {'(0:1)': [2], '(1:0)': [2], '(1:1)': [4], '(1:2)': [2]}
      M=2 : {'(0:1)': [2], '(1:0)': [2], '(1:1)': [4], '(1:2)': [2]}
      M=3 : {'(0:1)': [2], '(1:0)': [2], '(1:1)': [4], '(1:2)': [2]}
      M=4 : {'(0:1)': [2], '(1:0)': [2], '(1:1)': [4], '(1:2)': [2]}
  Theta_{M'} と閉形式（Theta = 10, Sigma_n = 5(3^n - 1)）:
      Theta_1 = 10（定理 B' の一意性 False） 予言 10*3^{M-1} = 10
      Theta_2 = 30（定理 B' の一意性 True） 予言 10*3^{M-1} = 30
      Theta_3 = 90（定理 B' の一意性 True） 予言 10*3^{M-1} = 90
      Theta_4 = 270（定理 B' の一意性 True） 予言 10*3^{M-1} = 270
  塔の値との照合（ord_3(kappa_n) = 5(3^n - 1) - 2n）:
      n=0 実測 0 予言 0 OK
      n=1 実測 8 予言 8 OK
      n=2 実測 36 予言 36 OK
      n=3 実測 124 予言 124 OK

==============================================================================
Step F: 定理 J7 — theta = oo の方向があると n ell^n 項が出る [ 1316.1s]
==============================================================================

  閉形式（本 report §5.3 で導出、フィットパラメータ 0 個）:
      定理 J8: ell 奇素数、bouquet に (1,0) を ell-1 本、(0,1) を 1 本置くと
               ord_ell(kappa_n) = 2 n ell^n + 2 ell^n - 2   （全ての n >= 0）
  いずれも theta = oo の方向が 2 本、j* = 1 なので b = sum j* = 2。
  ell = 3, 5, 7, 11 で照合する（到達段数は ell^{2n} 頂点の行列式の壁で決まる）。


  【重要な注意（本サイクルで踏んだ落とし穴）】
  theta = oo の点は P^1(F_ell) の方向ではなく **P^1(Z_ell) の点**である。
  方向 (1:ell-1) の mod ell 代表 (1, ell-1) と、Z_ell の点 (1, -1) は別の点であり、
  前者では theta は有限（下の e_0 を見よ）。したがって基点は -1 側に取らねばならない。

  --- ell=3 bouquet (1,0)x2, (0,1)   [定理 J8 の族]
      k,H = (2, T^2 - S^2)  mu = 0
      整数代表 P0=(1:0)  e_j=['2', '2', '0'] e_0=2
      整数代表 P0=(1:1)  e_j=['oo', '1', '0'] e_0=oo
      整数代表 P0=(1:2)  e_j=['4', '1', '0'] e_0=4
      整数代表 P0=(0:1)  e_j=['2', '2', '0'] e_0=2
      Z_ell 点 (1: 1): theta=+Infinity  e_j=['oo', '1', '0']  j*=1
      Z_ell 点 (1:-1): theta=+Infinity  e_j=['oo', '1', '0']  j*=1
      S_oo = [(1, 1), (-1, 1)]（|b0| <= 2 ell の整数点で他に theta=oo は 0 個）  b = sum j* = 2
      Theta_1 = 12（一意 False） 予言 2*ell^M + 2 + 2M phi(ell^M) = 12
      Theta_2 = 44（一意 True） 予言 2*ell^M + 2 + 2M phi(ell^M) = 44
      n=0 実測 0 予言 0 OK
      n=1 実測 10 予言 10 OK
      n=2 実測 52 予言 52 OK
      n=3 実測 214 予言 214 OK
  --- ell=5 bouquet (1,0)x4, (0,1)   [定理 J8 の族]
      k,H = (2, T^2 - S^2)  mu = 0
      整数代表 P0=(1:0)  e_j=['2', '2', '0'] e_0=2
      整数代表 P0=(1:1)  e_j=['oo', '1', '0'] e_0=oo
      整数代表 P0=(1:2)  e_j=['2', '1', '0'] e_0=2
      整数代表 P0=(1:3)  e_j=['2', '1', '0'] e_0=2
      整数代表 P0=(1:4)  e_j=['6', '1', '0'] e_0=6
      整数代表 P0=(0:1)  e_j=['2', '2', '0'] e_0=2
      Z_ell 点 (1: 1): theta=+Infinity  e_j=['oo', '1', '0']  j*=1
      Z_ell 点 (1:-1): theta=+Infinity  e_j=['oo', '1', '0']  j*=1
      S_oo = [(1, 1), (-1, 1)]（|b0| <= 2 ell の整数点で他に theta=oo は 0 個）  b = sum j* = 2
      Theta_1 = 20（一意 False） 予言 2*ell^M + 2 + 2M phi(ell^M) = 20
      Theta_2 = 132（一意 True） 予言 2*ell^M + 2 + 2M phi(ell^M) = 132
      n=0 実測 0 予言 0 OK
      n=1 実測 18 予言 18 OK
      n=2 実測 148 予言 148 OK
  --- ell=7 bouquet (1,0)x6, (0,1)   [定理 J8 の族]
      k,H = (2, T^2 - S^2)  mu = 0
      整数代表 P0=(1:0)  e_j=['2', '2', '0'] e_0=2
      整数代表 P0=(1:1)  e_j=['oo', '1', '0'] e_0=oo
      整数代表 P0=(1:2)  e_j=['2', '1', '0'] e_0=2
      整数代表 P0=(1:3)  e_j=['2', '1', '0'] e_0=2
      整数代表 P0=(1:4)  e_j=['2', '1', '0'] e_0=2
      整数代表 P0=(1:5)  e_j=['2', '1', '0'] e_0=2
      整数代表 P0=(1:6)  e_j=['8', '1', '0'] e_0=8
      整数代表 P0=(0:1)  e_j=['2', '2', '0'] e_0=2
      Z_ell 点 (1: 1): theta=+Infinity  e_j=['oo', '1', '0']  j*=1
      Z_ell 点 (1:-1): theta=+Infinity  e_j=['oo', '1', '0']  j*=1
      S_oo = [(1, 1), (-1, 1)]（|b0| <= 2 ell の整数点で他に theta=oo は 0 個）  b = sum j* = 2
      Theta_1 = 28（一意 False） 予言 2*ell^M + 2 + 2M phi(ell^M) = 28
      n=0 実測 0 予言 0 OK
      n=1 実測 26 予言 26 OK
  --- ell=11 bouquet (1,0)x10, (0,1)   [定理 J8 の族]
      k,H = (2, T^2 - S^2)  mu = 0
      整数代表 P0=(1:0)  e_j=['2', '2', '0'] e_0=2
      整数代表 P0=(1:1)  e_j=['oo', '1', '0'] e_0=oo
      整数代表 P0=(1:2)  e_j=['2', '1', '0'] e_0=2
      整数代表 P0=(1:3)  e_j=['2', '1', '0'] e_0=2
      整数代表 P0=(1:4)  e_j=['2', '1', '0'] e_0=2
      整数代表 P0=(1:5)  e_j=['2', '1', '0'] e_0=2
      整数代表 P0=(1:6)  e_j=['2', '1', '0'] e_0=2
      整数代表 P0=(1:7)  e_j=['2', '1', '0'] e_0=2
      整数代表 P0=(1:8)  e_j=['2', '1', '0'] e_0=2
      整数代表 P0=(1:9)  e_j=['2', '1', '0'] e_0=2
      整数代表 P0=(1:10) e_j=['12', '1', '0'] e_0=12
      整数代表 P0=(0:1)  e_j=['2', '2', '0'] e_0=2
      Z_ell 点 (1: 1): theta=+Infinity  e_j=['oo', '1', '0']  j*=1
      Z_ell 点 (1:-1): theta=+Infinity  e_j=['oo', '1', '0']  j*=1
      S_oo = [(1, 1), (-1, 1)]（|b0| <= 2 ell の整数点で他に theta=oo は 0 個）  b = sum j* = 2
      Theta_1 = 44（一意 False） 予言 2*ell^M + 2 + 2M phi(ell^M) = 44
      n=0 実測 0 予言 0 OK
      n=1 実測 42 予言 42 OK

  --- ell=2 トーラス: 結論 (5.2) は当たるが、定理 J7 の仮定は破れている
      ell=2 では 1 = -1 mod 2 なので、S_oo の 2 点 (1:1), (1:-1) が**同じ**方向 (1:1) に入り、
      2 進距離 1/2 しか離れていない。これが tie（打ち消し）の源である。
      Z_2 点 (1: 1): theta=+Infinity e_j=['oo', '2', '0'] j*=1
      Z_2 点 (1:-1): theta=+Infinity e_j=['oo', '2', '0'] j*=1
      b = sum_{P in S_oo} j* = 2。cycle 16 定理 D2 の真の値は 2。一致 True
      ただし下の tie 件数の通り定理 B' の一意性が破れる層があり、**定理 J7 の証明は
      この塔を覆っていない**（結論が当たるのは照合であって証明ではない）。
      M=1 : 点 3 個中 tie 0 個、定理 B' の和 = 7 (一意 True)、cycle16 の真値 = 7
      M=2 : 点 6 個中 tie 0 個、定理 B' の和 = 16 (一意 True)、cycle16 の真値 = 16
      M=3 : 点 12 個中 tie 2 個、定理 B' の和 = 40 (一意 False)、cycle16 の真値 = 44  ← tie のぶん食い違う（下界）
      M=4 : 点 24 個中 tie 2 個、定理 B' の和 = 96 (一意 False)、cycle16 の真値 = 108  ← tie のぶん食い違う（下界）

==============================================================================
Step G: 敵対的レビュー [ 1320.4s]
==============================================================================
  G1: 「定理 K の予言は塔の値へのフィットではないか」
      -> predicted_ord_K は kappa_derived を v_ell(kappa(X))（n=0 の底グラフ）に
         しか使わない。n >= 1 の予言は D の係数だけから出る。Step D の全段が out-of-sample。
  G2: 「系 J5 の判定条件は theta <= ell を真に拡張しているか（空でないか）」
      判定条件が通る塔: cycle 18 定理 C でも扱えるもの 614 個 / **本サイクルで新たに扱えるもの 117 個**
        新規: ell=3 bq (1, 0) (0, 1) (1, 1)  e_0 = [2, 4, 2, 2]
        新規: ell=3 bq (1, 0) (0, 1) (1, -1)  e_0 = [2, 2, 4, 2]
        新規: ell=3 bq (1, 0) (1, 1) (2, 1)  e_0 = [4, 2, 2, 2]
        新規: ell=3 bq (1, 0) (1, 1) (0, 2)  e_0 = [2, 4, 2, 2]
        新規: ell=3 bq (1, 0) (1, -1) (0, 2)  e_0 = [2, 2, 4, 2]
        新規: ell=3 bq (1, 0) (2, 1) (0, 2)  e_0 = [2, 2, 4, 2]
        新規: ell=3 bq (1, 0) (1, 2) (0, 2)  e_0 = [2, 2, 4, 2]
        新規: ell=3 bq (0, 1) (1, 1) (1, 2)  e_0 = [2, 2, 2, 4]
  G3: 「theta が有限なら本当に n ell^n 項が出ないか」
      -> Step E の例（e_0 = 4 > ell = 3）で閉形式に n 3^n 項が無いことを n <= 3 で照合済み。
         母集団側は Step D が定理 K の予言と実測の一致で保証している。
  G4: 「theta = oo は本当に n ell^n を生むのか、たまたまではないか」
      -> Step F の族は ell = 3,5,7,11 で b = sum j* = 2 と一致（塔の値と照合）。
         ell=2 トーラス（cycle 16 定理 D2, b=2）も同じ式に乗るが、そこでは仮定が破れており
         **証明が覆っていない**（照合であって証明ではない）ことを Step F に明記した。
  G6: 「S_oo を P^1(F_ell) の方向と取り違えていないか」
      -> 取り違えていた（report §11.2）。Step F は Z_ell の点 (1:1),(1:-1) を基点に取り、
         整数代表 (1, ell-1) では theta が有限であることも同時に出力して差を見せている。
  G5: 「Step A の破れ件数が 0 でないことを要求したか」
      -> 要求した（cycle 18 注 2.2 の教訓）。0 件なら FAIL する。

==============================================================================
Step H: 補題 J9 / 系 J10（S_oo の有限性）と step 2 との突き合わせ [ 1324.0s]
==============================================================================

  本 step の §7.2 は「S_oo が有限かは決めていない」と書いていたが、
  cycle 19 step 2（cycle19_T3_theta_infinity.md 命題 3）は Newton 多面体の
  Minkowski 分解から「**Z^2 の**例外直線は有限本」を証明していた。
  両者の差は「Z_ell の点（無理な方向）にも theta = oo がありうるか」だけである。
  補題 J9（指数の一次独立性）でこの差は埋まり、S_oo は有限かつ全て有理点になる:

      補題 J9: gamma_1..gamma_k in Z_ell が相異なれば (1+x)^{gamma_i} は F_ell 上一次独立。
      系 J10: theta(1:c) = oo (c in Z_ell) ならば、supp(barE) の相異なる 2 点 (p,q),(p',q')
              で p + qc = p' + q'c となるものがある。すなわち c = -(p-p')/(q-q') は**有理数**。
              よって S_oo は supp の差ベクトルから決まる有限集合の部分集合であり、
              その候補集合は step 2 命題 3 の候補（Newt(barE) - Newt(barE) の方向）と一致する。

  これで定理 J7 の仮定 (F)（S_oo が有限）は**仮定ではなく定理**になる。

  H1/H2: 母集団 430 個 x ell in {2,3,5,7} x 原始整数ベクトル |a|,|b| <= 5 を全走査し、
         (H1) 指数 p a + q b が全て相異なるなら theta < oo、
         (H2) theta = oo なら系 J10 の候補集合に入る、の 2 つを検査する。
      走査した (塔, ell, 原始ベクトル) の組: 68880
      H1: 指数が全て相異なるもの 60968 件、そのすべてで theta < oo
      H2: theta = oo の原始整数点 1376 件、候補集合の外にあったもの 0 件（候補の総数 7000）

  H3: step 2 定理 X'（族 p(1,0)+q(0,1) の閉形式）と本 step の定理 J7・J8 の突き合わせ
      step 2 命題 8: theta = oo <=> ell | p'q'(p'+q')、Lambda = 2 v_ell(p'+q') / v_ell(p') / v_ell(q')
      step 2 定理 X': ord_ell(kappa_n) = mu(ell^{2n}-1) + 2 n ell^n + Lambda (ell^n - 1)
      本 step 定理 J7: n ell^n の係数 b = sum_{P in S_oo} j*(P)
      → 両者が整合するには **どの場合でも b = 2** でなければならない。これを確かめる。
      （本 step 定理 J8 は p = ell-1, q = 1 の場合で、Lambda = 2、X' と同じ式になる。）
      対象（ell in {3,5,7}, 1 <= p,q <= 2 ell、例外直線をもつもの）: 146 組
      照合した組 146 / 例外直線 196 本、すべてで b = sum_{P in S_oo} j* = 2、
      かつ塔の値が step 2 定理 X' の閉形式と一致（到達段数 n <= {3: 2, 5: 1, 7: 1}）
      → **定理 J8 は定理 X' の (p,q) = (ell-1, 1) の場合であり、食い違いは無い。**
      → 定理 J7 の b = sum j* と定理 X' の b = 2 は、この族で完全に整合する。
         とくに場合 [B]（ell | p'）では例外直線が 1 本しかないが、そこで j* = 2 になる。

  H4: 「n ell^n の出所」の食い違いの検算
      step 2 命題 7 は「例外直線上の点そのものの寄与は lambda(ell^n - 1) + n theta*
      であり n ell^n 項を作らない」と述べる。本 step 定理 J7 の証明 (b) も、
      M' ell^{M'} 項を出すのは P を含む最内球ではなく **その外側の層（beta != 0）**
      だとしている。両者は同じことを言っており、食い違いは無い。
      定理 J7 の b = sum_{P in S_oo} j*(P) は「S_oo の点ごとに 1 つずつ、
      **その近傍から**寄与が出る」という数え方である。以下で数値的に分離する。
      ell=3 (p,q)=(2,1) M=1 : 例外直線上の和 8 / それ以外の和 4
      ell=3 (p,q)=(2,1) M=2 : 例外直線上の和 16 / それ以外の和 28
      ell=5 (p,q)=(4,1) M=1 : 例外直線上の和 12 / それ以外の和 8
      ell=5 (p,q)=(4,1) M=2 : 例外直線上の和 44 / それ以外の和 88
      ell=3 (p,q)=(3,1) M=1 : 例外直線上の和 4 / それ以外の和 6
      ell=3 (p,q)=(3,1) M=2 : 例外直線上の和 8 / それ以外の和 30

==============================================================================
まとめ [ 1327.2s]
==============================================================================
  FAIL 件数: 0
  打ち切った計算: 1 件
    - Step D ell=5: 壁時計 900s 超過のため 176 個を打ち切り
  ※ Step A-F は証明済み命題の照合である。証明は report 本体にある。
