========================================================================================
cycle 14 / T1: 命題 T の一般化 — v_p(tau_d(L)) の構造
========================================================================================

--- (0) 命題 T の短縮証明で使う恒等式(記号的に確認) ---
  (x + 1/x + y + 1/y)*xy = (x+y)(xy+1) ?  -> True
  よって lambda_{j,k} = 4 - (zeta^j+zeta^k)(zeta^{j+k}+1) * zeta^{-(j+k)}  (Z[zeta_L] 上の恒等式)
  d=3: (sum_i x_i + 1/x_i)*xyz = X^2*Y*Z + X*Y^2*Z + X*Y*Z^2 + X*Y + X*Z + Y*Z
  d=3 の分子を mod 2 で因数分解: X^2*Y*Z + X*Y^2*Z + X*Y*Z^2 + X*Y + X*Z + Y*Z
  d=2 の分子を mod 2 で因数分解: (x + y) * (x*y + 1)
  => d=2 では mod 2 で 2 つの部分トーラス x=y, xy=1 に分解する。d=3 では既約(法則が変わる根拠)。

--- (1) p 進経路と matrix-tree 経路(厳密整数行列式)の一致 ---
  d=2:
    L= 3: tau の素因数分解 = 2^4 * 3^6 ; p<60 (p∤L) 全一致: True
    L= 5: tau の素因数分解 = 2^8 * 5^14 ; p<60 (p∤L) 全一致: True
    L= 7: tau の素因数分解 = 2^12 * 7^14 * 13^8 ; p<60 (p∤L) 全一致: True
    L= 9: tau の素因数分解 = 2^16 * 3^28 * 17^8 * 37^8 ; p<60 (p∤L) 全一致: True
    L=11: tau の素因数分解 = 2^20 * 11^22 * 89^8 * 109^8 ; p<60 (p∤L) 全一致: True
    L=12: tau の素因数分解 = 2^83 * 3^30 * 5^12 * 7^4 * 11^12 * 13^8 ; p<60 (p∤L) 全一致: True
  d=3:
    L= 3: 桁数 19 ; p<40 (p∤L) 全一致: True
    L= 4: 桁数 46 ; p<40 (p∤L) 全一致: True
    L= 5: 桁数 90 ; p<40 (p∤L) 全一致: True
    L= 6: 桁数 156 ; p<40 (p∤L) 全一致: True
    L= 7: 桁数 248 ; p<40 (p∤L) 全一致: True
  d=4:
    L= 3: 桁数 69 ; p<30 (p∤L) 全一致: True
    L= 4: 桁数 221 ; p<30 (p∤L) 全一致: True

--- (2) 主公式(漸化式)と、素朴な議論が壊れる箇所 ---
  A := 2d - sum_{i>=2}(zeta^{j_i}+zeta^{-j_i}) とし、s_k(A) を s_0=2, s_1=A,
  s_k = A s_{k-1} - s_{k-2} で定める。D := prod_{j_1 in Z/L} lambda_{(j_1,j')} = s_L(A) - 2。

  (2a) [記号的] L 奇 => D = (A-2) * G_L(A)^2,  G_L(A) = 1 + sum_{k=1}^{(L-1)/2} s_k(A) in Z[A]
       L 偶 => D = (A^2-4) * (Z[A] の平方)
    L= 3 (奇): D == (A-2)*G_L(A)^2 : True   (deg G = 1)
    L= 4 (偶): D == (A^2-4)*(平方) : True
    L= 5 (奇): D == (A-2)*G_L(A)^2 : True   (deg G = 2)
    L= 6 (偶): D == (A^2-4)*(平方) : True
    L= 7 (奇): D == (A-2)*G_L(A)^2 : True   (deg G = 3)
    L= 8 (偶): D == (A^2-4)*(平方) : True
    L= 9 (奇): D == (A-2)*G_L(A)^2 : True   (deg G = 4)
    L=10 (偶): D == (A^2-4)*(平方) : True
    L=11 (奇): D == (A-2)*G_L(A)^2 : True   (deg G = 5)
    L=12 (偶): D == (A^2-4)*(平方) : True
    L=13 (奇): D == (A-2)*G_L(A)^2 : True   (deg G = 6)
    L=14 (偶): D == (A^2-4)*(平方) : True
    L=15 (奇): D == (A-2)*G_L(A)^2 : True   (deg G = 7)
    ※ A-2 = 2(d-1) - sum_{i>=2}(zeta^{j_i}+zeta^{-j_i}) は (d-1) 次元トーラスの固有値そのもの。

  (2b) [数値] L 奇, p∤L の漸化式
       v_p(tau_d(L)) = v_p(tau_{d-1}(L)) + 2 * sum_{j' != 0} v_P(G_L(A_{j'}))
       (tau_1(L) = L なので v_p(tau_1(L)) = 0。ここから帰納的に L 奇では 4 | v_p(tau_d(L))。)
    d=2 L= 5 p= 2 : v_p(tau_d)=    8, v_p(tau_{d-1})=    0, 2*sum v_P(G)=    8, 一致 True, 偶数 True
    d=2 L= 7 p=13 : v_p(tau_d)=    8, v_p(tau_{d-1})=    0, 2*sum v_P(G)=    8, 一致 True, 偶数 True
    d=2 L= 9 p=17 : v_p(tau_d)=    8, v_p(tau_{d-1})=    0, 2*sum v_P(G)=    8, 一致 True, 偶数 True
    d=2 L=13 p= 5 : v_p(tau_d)=    8, v_p(tau_{d-1})=    0, 2*sum v_P(G)=    8, 一致 True, 偶数 True
    d=3 L= 5 p= 2 : v_p(tau_d)=   24, v_p(tau_{d-1})=    8, 2*sum v_P(G)=   16, 一致 True, 偶数 True
    d=3 L= 7 p= 3 : v_p(tau_d)=   24, v_p(tau_{d-1})=    0, 2*sum v_P(G)=   24, 一致 True, 偶数 True
    d=3 L=11 p= 3 : v_p(tau_d)=   40, v_p(tau_{d-1})=    0, 2*sum v_P(G)=   40, 一致 True, 偶数 True
    d=3 L=13 p= 5 : v_p(tau_d)=   72, v_p(tau_{d-1})=    8, 2*sum v_P(G)=   64, 一致 True, 偶数 True
    d=4 L= 5 p= 2 : v_p(tau_d)=  208, v_p(tau_{d-1})=   24, 2*sum v_P(G)=  184, 一致 True, 偶数 True
    d=4 L= 7 p= 3 : v_p(tau_d)=   96, v_p(tau_{d-1})=   24, 2*sum v_P(G)=   72, 一致 True, 偶数 True

  (2c) [反例] 素朴な議論『D = (r^L-1)^2/r^L だから v_P(D) は偶数』は d>=3 では偽。
       r は K_P の 2 次拡大の元でありうるが、その拡大は分岐しうるので v_P(r) は半整数になりうる。
       各 (j_2..j_d) ごとの v_P(D) の偶奇を実測する:
    d=2 L= 5 p= 2 : v_P(D) が奇数の項 0 / 4
    d=2 L=13 p= 5 : v_P(D) が奇数の項 0 / 12
    d=3 L= 5 p= 2 : v_P(D) が奇数の項 8 / 24
    d=3 L= 7 p= 3 : v_P(D) が奇数の項 0 / 48
    d=3 L= 8 p= 7 : v_P(D) が奇数の項 12 / 63
    d=4 L= 5 p= 2 : v_P(D) が奇数の項 24 / 124
    => d=2 では 0 件(A-2 = (1-zeta^j)(1-zeta^-j) が p∤L のとき単数だから)。
       d>=3 では奇数の項が実在する。よって偶数性は (2a) の因数分解経由でしか出ない。

  (2d) 定理 C: L 奇, p∤L なら 4 | v_p(tau_d(L))  (d=2,3,4 で確認)
    d=2,3: L in {5,7,9,11,13,15}(奇), p<60 / d=4: L in {5,7,9,11}, p<30 (いずれも p∤L)
    反例: なし

  (2e) 定理 C(b): L 偶, p 奇 (p∤L) なら
       v_p(tau_d(L)) = sum_{b=1}^{d} C(d,b) v_p(b)  (mod 2)
       (対合 chi -> -chi の不動点 chi in {0,L/2}^d では lambda_chi = 4b, b = #{i: j_i = L/2}。)
      d=3 L= 4 p=3 : v_p=   21 (予測 奇), 実際の偶奇 奇
      d=3 L= 8 p=3 : v_p=   85 (予測 奇), 実際の偶奇 奇
      d=3 L=10 p=3 : v_p=  105 (予測 奇), 実際の偶奇 奇
      d=3 L=14 p=3 : v_p=   49 (予測 奇), 実際の偶奇 奇
      d=3 L=16 p=3 : v_p=  213 (予測 奇), 実際の偶奇 奇
      d=3 L=22 p=3 : v_p=   81 (予測 奇), 実際の偶奇 奇
      d=5 L= 4 p=5 : v_p=  253 (予測 奇), 実際の偶奇 奇
      d=5 L= 6 p=5 : v_p= 1505 (予測 奇), 実際の偶奇 奇
      d=5 L= 8 p=5 : v_p= 2877 (予測 奇), 実際の偶奇 奇
    d=2..5, L 偶, 3<=p<30(d<=4)/20(d=5), p∤L : 反例 なし

--- (3) d=2 走査: L = 3..40, p < 200, p ∤ L。v_p > 0 になる (p,L) の全列挙 ---
  (標本範囲はこの通りであり、範囲外については何も主張しない。)
  形式: (p, v_p, n=消える指標の個数, p mod L)
  L= 3: [(2, 4, 4, 2)]
  L= 4: [(3, 4, 4, 3)]
  L= 5: [(2, 8, 8, 2)]
  L= 6: [(5, 4, 4, 5), (7, 4, 4, 1)]
  L= 7: [(2, 12, 12, 2), (13, 8, 8, 6)]
  L= 8: [(3, 4, 4, 3), (7, 8, 8, 7), (17, 4, 4, 1)]
  L= 9: [(2, 16, 16, 2), (17, 8, 8, 8), (37, 8, 8, 1)]
  L=10: [(3, 8, 8, 3), (11, 8, 8, 1), (29, 4, 4, 9), (41, 4, 4, 1)]
  L=11: [(2, 20, 20, 2), (89, 8, 8, 1), (109, 8, 8, 10)]
  L=12: [(5, 12, 12, 5), (7, 4, 4, 7), (11, 12, 12, 11), (13, 8, 8, 1)]
  L=13: [(2, 24, 24, 2), (5, 8, 8, 5)]
  L=14: [(13, 16, 12, 13), (29, 16, 16, 1), (43, 8, 8, 1)]
  L=15: [(2, 28, 28, 2), (11, 8, 8, 11), (29, 8, 8, 14), (61, 8, 8, 1), (181, 8, 8, 1)]
  L=16: [(3, 4, 4, 3), (7, 8, 8, 7), (17, 12, 12, 1), (47, 8, 8, 15), (79, 8, 8, 15), (97, 8, 8, 1)]
  L=17: [(2, 32, 32, 2), (13, 8, 8, 13)]
  L=18: [(5, 4, 4, 5), (7, 4, 4, 7), (17, 16, 16, 17), (19, 16, 16, 1), (37, 16, 16, 1), (53, 8, 8, 17), (109, 8, 8, 1), (197, 4, 4, 17), (199, 4, 4, 1)]
  L=19: [(2, 36, 36, 2), (37, 16, 16, 18), (113, 8, 8, 18)]
  L=20: [(3, 12, 12, 3), (11, 16, 16, 11), (19, 20, 20, 19), (29, 4, 4, 9), (41, 12, 12, 1), (59, 12, 12, 19), (101, 8, 8, 1), (181, 8, 8, 1)]
  L=21: [(2, 40, 40, 2), (13, 8, 8, 13), (41, 24, 24, 20), (139, 8, 8, 13)]
  L=22: [(23, 20, 20, 1), (89, 8, 8, 1), (109, 8, 8, 21), (199, 8, 8, 1)]
  L=23: [(2, 44, 44, 2), (137, 8, 8, 22)]
  L=24: [(5, 20, 20, 5), (7, 28, 28, 7), (11, 12, 12, 11), (13, 8, 8, 13), (17, 4, 4, 17), (23, 24, 24, 23), (71, 8, 8, 23), (73, 8, 8, 1), (97, 8, 8, 1), (193, 16, 16, 1)]
  L=25: [(2, 48, 48, 2), (7, 16, 16, 7), (101, 8, 8, 1), (149, 16, 16, 24)]
  L=26: [(3, 24, 24, 3), (5, 24, 24, 5), (31, 8, 8, 5), (53, 16, 16, 1), (79, 4, 4, 1)]
  L=27: [(2, 52, 52, 2), (17, 8, 8, 17), (37, 8, 8, 10), (53, 32, 32, 26), (109, 8, 8, 1)]
  L=28: [(3, 28, 28, 3), (13, 16, 12, 13), (29, 32, 24, 1), (41, 8, 8, 13), (43, 8, 8, 15), (71, 8, 8, 15), (83, 8, 8, 27), (113, 12, 12, 1)]
  L=29: [(2, 56, 56, 2), (17, 16, 8, 17), (173, 8, 8, 28)]
  L=30: [(7, 4, 4, 7), (11, 24, 24, 11), (19, 16, 16, 19), (29, 28, 28, 29), (31, 32, 28, 1), (41, 4, 4, 11), (61, 32, 32, 1), (151, 8, 8, 1), (181, 8, 8, 1)]
  L=31: [(2, 60, 60, 2), (61, 24, 24, 30)]
  L=32: [(3, 4, 4, 3), (7, 8, 8, 7), (17, 12, 12, 17), (31, 32, 32, 31), (47, 8, 8, 15), (79, 8, 8, 15), (97, 8, 8, 1), (193, 8, 8, 1)]
  L=33: [(2, 64, 64, 2), (89, 8, 8, 23), (109, 8, 8, 10), (197, 16, 16, 32)]
  L=34: [(13, 8, 8, 13), (101, 8, 8, 33), (103, 12, 12, 1), (137, 12, 12, 1)]
  L=35: [(2, 68, 68, 2), (13, 8, 8, 13)]
  L=36: [(5, 12, 12, 5), (7, 4, 4, 7), (11, 12, 12, 11), (13, 8, 8, 13), (17, 24, 24, 17), (19, 16, 16, 19), (37, 32, 32, 1), (53, 16, 16, 17), (73, 36, 36, 1), (107, 16, 16, 35), (109, 8, 8, 1), (179, 12, 12, 35), (197, 4, 4, 17), (199, 4, 4, 19)]
  L=37: [(2, 72, 72, 2), (73, 32, 32, 36), (149, 24, 24, 1)]
  L=38: [(37, 36, 36, 37), (113, 8, 8, 37), (191, 8, 8, 1)]
  L=39: [(2, 76, 76, 2), (5, 8, 8, 5), (157, 24, 24, 1)]
  L=40: [(3, 28, 28, 3), (7, 8, 8, 7), (11, 16, 16, 11), (17, 4, 4, 17), (19, 20, 20, 19), (29, 12, 12, 29), (31, 8, 8, 31), (41, 36, 36, 1), (59, 12, 12, 19), (71, 8, 8, 31), (101, 8, 8, 21), (181, 8, 8, 21)]

--- (4) 定理: 奇 L, 奇素数 p ∤ L に対し 4 | v_p(tau_2(L)) ---
  奇 L・奇 p の全ヒットで 4 | v_p : True (反例: [])
  参考: 偶 L では j = L/2 が自己共役なので 4 の倍数性は保証されない。
        偶 L の奇 p ヒットで v mod 4 != 0 のもの: []

--- (5) 部分トーラスによる下界 ---

  (5a) d=2, p=2, 奇 L: W = {(j, ±j) : j != 0}, |W| = 2(L-1), 各 v_P(lambda)=1。
       -> v_2 = 2(L-1)(命題 T)。等号まで込みで証明済み。
    L= 3: v_2=   4, 2(L-1)=   4, 一致 True, 消える指標数 n=4 (= |W|: True)
    L= 5: v_2=   8, 2(L-1)=   8, 一致 True, 消える指標数 n=8 (= |W|: True)
    L= 7: v_2=  12, 2(L-1)=  12, 一致 True, 消える指標数 n=12 (= |W|: True)
    L= 9: v_2=  16, 2(L-1)=  16, 一致 True, 消える指標数 n=16 (= |W|: True)
    L=11: v_2=  20, 2(L-1)=  20, 一致 True, 消える指標数 n=20 (= |W|: True)
    L=13: v_2=  24, 2(L-1)=  24, 一致 True, 消える指標数 n=24 (= |W|: True)
    L=15: v_2=  28, 2(L-1)=  28, 一致 True, 消える指標数 n=28 (= |W|: True)
    L=17: v_2=  32, 2(L-1)=  32, 一致 True, 消える指標数 n=32 (= |W|: True)
    L=19: v_2=  36, 2(L-1)=  36, 一致 True, 消える指標数 n=36 (= |W|: True)
    L=21: v_2=  40, 2(L-1)=  40, 一致 True, 消える指標数 n=40 (= |W|: True)
    L=23: v_2=  44, 2(L-1)=  44, 一致 True, 消える指標数 n=44 (= |W|: True)
    L=25: v_2=  48, 2(L-1)=  48, 一致 True, 消える指標数 n=48 (= |W|: True)
    L=27: v_2=  52, 2(L-1)=  52, 一致 True, 消える指標数 n=52 (= |W|: True)
    L=29: v_2=  56, 2(L-1)=  56, 一致 True, 消える指標数 n=56 (= |W|: True)

  (5b) d=3, p=2, 奇 L: W = {(t,t,1),(t,t^-1,1),(t,1,t),(t,1,t^-1),(1,t,t),(1,t,t^-1)},
       |W| = 6(L-1)、各点で lambda = 2(1-t)(1-t^-1) ゆえ v_P = 1。=> v_2 >= 6(L-1)。
    L= 3: v_2=   12, 下界 6(L-1)=  12, 下界成立 True, 等号 True (n=12)
    L= 5: v_2=   24, 下界 6(L-1)=  24, 下界成立 True, 等号 True (n=24)
    L= 7: v_2=   36, 下界 6(L-1)=  36, 下界成立 True, 等号 True (n=36)
    L= 9: v_2=   96, 下界 6(L-1)=  48, 下界成立 True, 等号 False (n=96)
    L=11: v_2=   60, 下界 6(L-1)=  60, 下界成立 True, 等号 True (n=60)
    L=13: v_2=   72, 下界 6(L-1)=  72, 下界成立 True, 等号 True (n=72)
    L=15: v_2=  324, 下界 6(L-1)=  84, 下界成立 True, 等号 False (n=228)
    L=17: v_2=  288, 下界 6(L-1)=  96, 下界成立 True, 等号 False (n=288)
    L=19: v_2=  108, 下界 6(L-1)= 108, 下界成立 True, 等号 True (n=108)
    L=21: v_2=  264, 下界 6(L-1)= 120, 下界成立 True, 等号 False (n=264)
    L=23: v_2=  132, 下界 6(L-1)= 132, 下界成立 True, 等号 True (n=132)
    L=25: v_2=  144, 下界 6(L-1)= 144, 下界成立 True, 等号 True (n=144)
    L=27: v_2=  348, 下界 6(L-1)= 156, 下界成立 True, 等号 False (n=348)

  (5c) d=3, p=3, 3 ∤ L: W = {(t,t,t),(t,t,t^-1),(t,t^-1,t),(t^-1,t,t)},
       各点で lambda = 3(1-t)(1-t^-1) ゆえ v_P = 1。
       |W \ {1}| = 4(L-1) (L 奇), 4(L-1)-3 (L 偶: t=-1 で 4 点が 1 点に潰れる)。
    L= 4: v_3=   21, 下界=   9, 下界成立 True, 等号 False (n=21)
    L= 5: v_3=   16, 下界=  16, 下界成立 True, 等号 True (n=16)
    L= 7: v_3=   24, 下界=  24, 下界成立 True, 等号 True (n=24)
    L= 8: v_3=   85, 下界=  25, 下界成立 True, 等号 False (n=85)
    L=10: v_3=  105, 下界=  33, 下界成立 True, 等号 False (n=81)
    L=11: v_3=   40, 下界=  40, 下界成立 True, 等号 True (n=40)
    L=13: v_3=   96, 下界=  48, 下界成立 True, 等号 False (n=96)
    L=14: v_3=   49, 下界=  49, 下界成立 True, 等号 True (n=49)
    L=16: v_3=  213, 下界=  57, 下界成立 True, 等号 False (n=213)
    L=17: v_3=   64, 下界=  64, 下界成立 True, 等号 True (n=64)
    L=19: v_3=   72, 下界=  72, 下界成立 True, 等号 True (n=72)
    L=20: v_3=  349, 下界=  73, 下界成立 True, 等号 False (n=325)
    L=22: v_3=   81, 下界=  81, 下界成立 True, 等号 True (n=81)
    L=23: v_3=   88, 下界=  88, 下界成立 True, 等号 True (n=88)
    L=25: v_3=   96, 下界=  96, 下界成立 True, 等号 True (n=96)
    L=26: v_3=  721, 下界=  97, 下界成立 True, 等号 False (n=625)

  (5d) 一般: p <= d のとき対角型部分トーラス(次元 floor(d/p))から v_p >= L^{floor(d/p)} - 1。
       p > d では強制される部分トーラスが無く、v_p は散発的(0 が既定)。
   d  L   p   v_p     L^floor(d/p)-1  下界成立
   2  5   2       8             4        True
   2  5   3       0             0        True
   2  5   7       0             0        True
   2  7   2      12             6        True
   2  7   3       0             0        True
   2  7   5       0             0        True
   2 11   2      20            10        True
   2 11   3       0             0        True
   2 11   5       0             0        True
   2 11   7       0             0        True
   2 13   2      24            12        True
   2 13   3       0             0        True
   2 13   5       8             0        True
   2 13   7       0             0        True
   3  5   2      24             4        True
   3  5   3      16             4        True
   3  5   7       0             0        True
   3  7   2      36             6        True
   3  7   3      24             6        True
   3  7   5       0             0        True
   3 11   2      60            10        True
   3 11   3      40            10        True
   3 11   5       0             0        True
   3 11   7       0             0        True
   3 13   2      72            12        True
   3 13   3      96            12        True
   3 13   5      72             0        True
   3 13   7       0             0        True
   4  5   2     208            24        True
   4  5   3      64             4        True
   4  5   7       0             0        True
   4  7   2     456            48        True
   4  7   3      96             6        True
   4  7   5       0             0        True
   4 11   2    1240           120        True
   4 11   3     160            10        True
   4 11   5       0             0        True
   4 11   7       0             0        True
   4 13   2    1776           168        True
   4 13   3     960            12        True
   4 13   5    1232             0        True
   4 13   7       0             0        True
   5  5   2     880            24        True
   5  5   3     160             4        True
   5  5   7       0             0        True
   5  7   2    2040            48        True
   5  7   3     240             6        True
   5  7   5      96             6        True

--- (6) p | L (分岐)の場合。法則は主張しない。matrix-tree による観察のみ ---
   L  d=2: v_p(tau) for p | L
   3  [(3, 6)]
   4  [(2, 19)]
   5  [(5, 14)]
   6  [(2, 29), (3, 6)]
   7  [(7, 14)]
   8  [(2, 61)]
   9  [(3, 28)]
  10  [(2, 53), (5, 14)]
  11  [(11, 22)]
  12  [(2, 83), (3, 30)]
  13  [(13, 30)]
  14  [(2, 77), (7, 14)]
  15  [(3, 6), (5, 14)]

========================================================================================
結論(詳細は outputs/reports/cycle14_T1_proposition_T_generalization.md):
 - 主公式と『mod p で消える部分トーラス』による下界は証明済みで、標本全体で成立した。
 - 等号(clean な法則)は d=2,p=2 でのみ全標本で成立。d>=3 や奇 p では散発的な
   追加解が出るため、標本の範囲内ですら clean な閉じた式にはならなかった。
========================================================================================
