=== hatY への作用の列ベクトル表示（修正後 vs 原文）===
M = 3, K1 = 0.400000000000000, K2 = 0.800000000000000 (K2* = 0.204709):
  T_{(V1)^{1/2}}(hatY) 修正後列ベクトル: max residual = 1.179e-15  ->  PASS
  T_{V2}(hatY) 列ベクトル: max residual = 1.505e-15  ->  PASS
  T_{(V1)^{1/2}}(hatY) 原文列ベクトル（0 でないはず）: max residual = 2.465e+00  ->  PASS（不一致を確認）
M = 3, K1 = 1.20000000000000, K2 = 0.300000000000000 (K2* = 0.616679):
  T_{(V1)^{1/2}}(hatY) 修正後列ベクトル: max residual = 4.135e-15  ->  PASS
  T_{V2}(hatY) 列ベクトル: max residual = 7.879e-15  ->  PASS
  T_{(V1)^{1/2}}(hatY) 原文列ベクトル（0 でないはず）: max residual = 9.057e+00  ->  PASS（不一致を確認）
M = 3, K1 = 0.440700000000000, K2 = 0.440700000000000 (K2* = 0.440674):
  T_{(V1)^{1/2}}(hatY) 修正後列ベクトル: max residual = 1.243e-15  ->  PASS
  T_{V2}(hatY) 列ベクトル: max residual = 3.007e-15  ->  PASS
  T_{(V1)^{1/2}}(hatY) 原文列ベクトル（0 でないはず）: max residual = 2.731e+00  ->  PASS（不一致を確認）
M = 3, K1 = 0.0500000000000000, K2 = 0.100000000000000 (K2* = 1.152955):
  T_{(V1)^{1/2}}(hatY) 修正後列ベクトル: max residual = 6.367e-16  ->  PASS
  T_{V2}(hatY) 列ベクトル: max residual = 1.733e-13  ->  PASS
  T_{(V1)^{1/2}}(hatY) 原文列ベクトル（0 でないはず）: max residual = 3.001e-01  ->  PASS（不一致を確認）
M = 4, K1 = 0.400000000000000, K2 = 0.800000000000000 (K2* = 0.204709):
  T_{(V1)^{1/2}}(hatY) 修正後列ベクトル: max residual = 1.606e-15  ->  PASS
  T_{V2}(hatY) 列ベクトル: max residual = 2.342e-15  ->  PASS
  T_{(V1)^{1/2}}(hatY) 原文列ベクトル（0 でないはず）: max residual = 3.286e+00  ->  PASS（不一致を確認）
    （両者が一致する mu = [-3, -1, 1, 3]: cos(theta_mu) = 0 のため。これは不一致の反例にならない）
M = 4, K1 = 1.20000000000000, K2 = 0.300000000000000 (K2* = 0.616679):
  T_{(V1)^{1/2}}(hatY) 修正後列ベクトル: max residual = 6.596e-15  ->  PASS
  T_{V2}(hatY) 列ベクトル: max residual = 2.400e-14  ->  PASS
  T_{(V1)^{1/2}}(hatY) 原文列ベクトル（0 でないはず）: max residual = 1.208e+01  ->  PASS（不一致を確認）
    （両者が一致する mu = [-3, -1, 1, 3]: cos(theta_mu) = 0 のため。これは不一致の反例にならない）
M = 4, K1 = 0.440700000000000, K2 = 0.440700000000000 (K2* = 0.440674):
  T_{(V1)^{1/2}}(hatY) 修正後列ベクトル: max residual = 1.354e-15  ->  PASS
  T_{V2}(hatY) 列ベクトル: max residual = 6.055e-15  ->  PASS
  T_{(V1)^{1/2}}(hatY) 原文列ベクトル（0 でないはず）: max residual = 3.641e+00  ->  PASS（不一致を確認）
    （両者が一致する mu = [-3, -1, 1, 3]: cos(theta_mu) = 0 のため。これは不一致の反例にならない）
M = 4, K1 = 0.0500000000000000, K2 = 0.100000000000000 (K2* = 1.152955):
  T_{(V1)^{1/2}}(hatY) 修正後列ベクトル: max residual = 9.880e-16  ->  PASS
  T_{V2}(hatY) 列ベクトル: max residual = 1.861e-12  ->  PASS
  T_{(V1)^{1/2}}(hatY) 原文列ベクトル（0 でないはず）: max residual = 4.002e-01  ->  PASS（不一致を確認）
    （両者が一致する mu = [-3, -1, 1, 3]: cos(theta_mu) = 0 のため。これは不一致の反例にならない）
M = 5, K1 = 0.400000000000000, K2 = 0.800000000000000 (K2* = 0.204709):
  T_{(V1)^{1/2}}(hatY) 修正後列ベクトル: max residual = 1.885e-15  ->  PASS
  T_{V2}(hatY) 列ベクトル: max residual = 5.173e-15  ->  PASS
  T_{(V1)^{1/2}}(hatY) 原文列ベクトル（0 でないはず）: max residual = 4.108e+00  ->  PASS（不一致を確認）
M = 5, K1 = 1.20000000000000, K2 = 0.300000000000000 (K2* = 0.616679):
  T_{(V1)^{1/2}}(hatY) 修正後列ベクトル: max residual = 2.397e-14  ->  PASS
  T_{V2}(hatY) 列ベクトル: max residual = 9.754e-14  ->  PASS
  T_{(V1)^{1/2}}(hatY) 原文列ベクトル（0 でないはず）: max residual = 1.509e+01  ->  PASS（不一致を確認）
M = 5, K1 = 0.440700000000000, K2 = 0.440700000000000 (K2* = 0.440674):
  T_{(V1)^{1/2}}(hatY) 修正後列ベクトル: max residual = 3.228e-15  ->  PASS
  T_{V2}(hatY) 列ベクトル: max residual = 2.357e-14  ->  PASS
  T_{(V1)^{1/2}}(hatY) 原文列ベクトル（0 でないはず）: max residual = 4.551e+00  ->  PASS（不一致を確認）
M = 5, K1 = 0.0500000000000000, K2 = 0.100000000000000 (K2* = 1.152955):
  T_{(V1)^{1/2}}(hatY) 修正後列ベクトル: max residual = 9.780e-16  ->  PASS
  T_{V2}(hatY) 列ベクトル: max residual = 1.915e-11  ->  PASS
  T_{(V1)^{1/2}}(hatY) 原文列ベクトル（0 でないはず）: max residual = 5.002e-01  ->  PASS（不一致を確認）
RESULT: PASS
