cycle 21 / T3 Pure: 一般の塔の閉形式（5 係数すべて） [    0.0s]
母集団: 124 塔（bouquet 2-3 ループ / 2 頂点 3 重辺 / 族 p(1,0)+q(0,1) / 名前つき 6 個）
実測 Theta_M は整数終結式（cycle 20 定理 L4）。予言側は当てはめを一切しない（自由度 0）。

==============================================================================
Step A: 既知の閉形式との突き合わせ [    0.0s]
==============================================================================
A1 ell= 3 定理 J8 (a,b,c,d,e)=(0, 2, 2, 0, -2)  期待 (0, 2, 2, 0, -2)  OK
A1 ell= 5 定理 J8 (a,b,c,d,e)=(0, 2, 2, 0, -2)  期待 (0, 2, 2, 0, -2)  OK
A1 ell= 7 定理 J8 (a,b,c,d,e)=(0, 2, 2, 0, -2)  期待 (0, 2, 2, 0, -2)  OK
A2 ell=3 (p,q)=(1,2) |S|=2 (a,b,c,d,e)=(0, 2, 2, 0, -2) 定理X′形=True
A2 ell=3 (p,q)=(2,4) |S|=2 (a,b,c,d,e)=(0, 2, 2, 0, -2) 定理X′形=True
A2 ell=5 (p,q)=(1,4) |S|=2 (a,b,c,d,e)=(0, 2, 2, 0, -2) 定理X′形=True
A2 ell=5 (p,q)=(2,3) |S|=2 (a,b,c,d,e)=(0, 2, 2, 0, -2) 定理X′形=True
A2 ell=7 (p,q)=(3,4) |S|=2 (a,b,c,d,e)=(0, 2, 2, 0, -2) 定理X′形=True
A2 ell=3 (p,q)=(3,3) |S|=0 (a,b,c,d,e)=(1, 0, 4, -2, -5) 定理X′形=True
A2 ell=5 (p,q)=(5,5) |S|=0 (a,b,c,d,e)=(1, 0, 4, -2, -5) 定理X′形=True
A3 ell=2 トーラス (a,b,c,d,e)=(0, 2, 4, -6, -1)
   n=1..6 予言 [5, 19, 61, 167, 417, 987] / 既知 [5, 19, 61, 167, 417, 987]  OK

==============================================================================
Step B: 母集団の全走査（自由度 0 の out-of-sample 照合） [    0.3s]
==============================================================================
ell= 2 有効  87 塔 / 照合  358 (M,塔) 組 / 不一致 0 / 除外 37 / 未実施 0 (M <= 7)
ell= 3 有効  86 塔 / 照合  329 (M,塔) 組 / 不一致 0 / 除外 38 / 未実施 0 (M <= 5)
ell= 5 有効  96 塔 / 照合  192 (M,塔) 組 / 不一致 0 / 除外 28 / 未実施 0 (M <= 3)
ell= 7 有効  96 塔 / 照合  192 (M,塔) 組 / 不一致 0 / 除外 28 / 未実施 0 (M <= 3)

Step B2: 名前つきの塔を深いレベルまで [  284.2s]
  ell=2 ADV torus (1,0),(0,1)                  M*=4 (b,c,d)=(2,4,-6) 4:OK 5:OK 6:OK 7:OK 8:OK 9:OK
  ell=2 ADV bouquet (1,0),(1,-1),(1,2)         M*=4 (b,c,d)=(0,9,-2) 4:OK 5:OK 6:OK 7:OK 8:OK 9:OK
  ell=2 ADV bouquet (1,0),(0,1),(1,1),(1,-1)   M*=3 (b,c,d)=(0,8,-2) 3:OK 4:OK 5:OK 6:OK 7:OK 8:OK 9:OK
  ell=2 ADV bouquet (1,0)x3,(0,1)x3            M*=4 (b,c,d)=(2,4,-6) 4:OK 5:OK 6:OK 7:OK 8:OK 9:OK
  ell=2 ADV bouquet (1,0)x2,(0,1),(1,1)        M*=4 (b,c,d)=(2,3,-2) 4:OK 5:OK 6:OK 7:OK 8:OK 9:OK
  ell=2 ADV bouquet (1,0)x5,(0,1)              M*=4 (b,c,d)=(2,4,-6) 4:OK 5:OK 6:OK 7:OK 8:OK 9:OK
  ell=3 ADV torus (1,0),(0,1)                  M*=2 (b,c,d)=(0,4,-2) 2:OK 3:OK 4:OK 5:OK 6:OK
  ell=3 ADV bouquet (1,0),(1,-1),(1,2)         M*=2 (b,c,d)=(1,13/3,-1) 2:OK 3:OK 4:OK 5:OK 6:OK
  ell=3 ADV bouquet (1,0),(0,1),(1,1),(1,-1)   M*=3 (b,c,d)=(4,6,-10) 3:OK 4:OK 5:OK 6:OK
  ell=3 ADV bouquet (1,0)x3,(0,1)x3            M*=2 (b,c,d)=(0,4,-2) 2:OK 3:OK 4:OK 5:OK 6:OK
  ell=3 ADV bouquet (1,0)x2,(0,1),(1,1)        M*=2 (b,c,d)=(2,2,0) 2:OK 3:OK 4:OK 5:OK 6:OK
  ell=3 ADV bouquet (1,0)x5,(0,1)              M*=2 (b,c,d)=(2,2,0) 2:OK 3:OK 4:OK 5:OK 6:OK
  ell=5 ADV torus (1,0),(0,1)                  M*=2 (b,c,d)=(0,4,-2) 2:OK 3:OK 4:OK
Step B2: 照合 69 件 / 不一致 0 件

==============================================================================
Step C: 飽和深度 K の分布と、K が j^* から決まること [  614.5s]
==============================================================================
|S_infinity| の分布 (ell,|S|):count = {(2, 0): 8, (2, 1): 44, (2, 2): 26, (2, 3): 9, (3, 0): 33, (3, 1): 21, (3, 2): 32, (5, 0): 87, (5, 1): 6, (5, 2): 3, (7, 0): 93, (7, 2): 3}
j^* の分布 (ell,j*):count      = {(2, 1): 82, (2, 2): 41, (3, 1): 69, (3, 2): 16, (5, 1): 6, (5, 2): 6, (7, 1): 6}
K の分布 (ell,K):count         = {(2, 1): 82, (2, 2): 41, (3, 0): 69, (3, 1): 16, (5, 0): 12, (7, 0): 6}
飽和（K>=1 の点をもつ）塔: 94 / S_infinity 非空の塔 144 / 全体 365

==============================================================================
Step D: (NS) を落とした naive 版（K=0 と決めつける）が壊れること [  614.5s]
==============================================================================
K>=1 の塔 94 個のうち、naive 版（飽和を無視）が実際に外れたもの: 74
  注: 外れなかった 20 個は M* > MMAX で照合できなかったもの

==============================================================================
Step E: 捻り段データ (Lambda_k, theta^sharp_k) の層ごとの実測照合 [  615.5s]
==============================================================================
層ごとの照合 388 件 / 不一致 0 件

==============================================================================
Step F: b = sum j^* が飽和の有無に依らず成り立つこと [  615.6s]
==============================================================================
b = sum j^* を 365 塔で確認（うち飽和 94 塔）

==============================================================================
まとめ [  615.6s]
==============================================================================
FAIL 件数: 0
打ち切り件数: 1
  - Step B2: 壁時計 300s 超過。ell=5 の "ADV bouquet (1,0),(1,-1),(1,2)" 以降を未実施
総所要 615.6s
EXIT=0
