=== check_03: c_−(M) ≤ c_+(M) ===
  (1) c_−(M) ≤ c_+(M) の違反件数: 0 / 24  ->  PASS
  (2) c_+(M) ≥ u^T W u ≥ c_−(M)（u = |x_−|）の違反件数: 0 / 24  ->  PASS
  (3) 各ケースの c_−(M), u^T W u, c_+(M) と比 c_−/c_+
      M=2 K1=0.4, K2=0.48385917 (s1*s2=1):
        c_−=5.011881404, u^T W u=6.703065337, c_+=7.368094985, c_−/c_+=0.6802140057
      M=2 K1=0.44068679, K2=0.44068679 (s1*s2=1):
        c_−=4.828427125, u^T W u=6.828427125, c_+=7.464101615, c_−/c_+=0.6468865744
      M=2 K1=0.44, K2=0.4413747 (s1*s2=1.0000012):
        c_−=4.831185669, u^T W u=6.825694437, c_+=7.461872592, c_−/c_+=0.6474494987
      M=2 K1=0.4, K2=0.8 (s1*s2=2.1097561):
        c_−=10.57384742, u^T W u=11.47250534, c_+=11.89030168, c_−/c_+=0.8892833589
      M=2 K1=1.2, K2=0.3 (s1*s2=3.4800944):
        c_−=14.03588946, u^T W u=26.13518439, c_+=26.28859679, c_−/c_+=0.533915506
      M=2 K1=0.05, K2=0.1 (s1*s2=0.020167173):
        c_−=0.4450213895, u^T W u=2.254696226, c_+=4.060755667, c_−/c_+=0.1095907821
      M=3 K1=0.4, K2=0.48385917 (s1*s2=1):
        c_−=13.9358807, u^T W u=16.88081793, c_+=17.79571941, c_−/c_+=0.7831029689
      M=3 K1=0.44068679, K2=0.44068679 (s1*s2=1):
        c_−=13.55180851, u^T W u=16.94802301, c_+=17.8770543, c_−/c_+=0.7580560131
      M=3 K1=0.44, K2=0.4413747 (s1*s2=1.0000012):
        c_−=13.5568713, u^T W u=16.94478698, c_+=17.87357866, c_−/c_+=0.758486678
      M=3 K1=0.4, K2=0.8 (s1*s2=2.1097561):
        c_−=36.95513116, u^T W u=38.32054532, c_+=38.63058686, c_−/c_+=0.9566287795
      M=3 K1=1.2, K2=0.3 (s1*s2=3.4800944):
        c_−=75.30084527, u^T W u=105.7932175, c_+=106.2845551, c_−/c_+=0.708483422
      M=3 K1=0.05, K2=0.1 (s1*s2=0.020167173):
        c_−=0.8978048346, u^T W u=6.153140102, c_+=8.152891112, c_−/c_+=0.1101210383
      M=4 K1=0.4, K2=0.48385917 (s1*s2=1):
        c_−=36.92801824, u^T W u=40.86722185, c_+=44.17229219, c_−/c_+=0.8359995918
      M=4 K1=0.44068679, K2=0.44068679 (s1*s2=1):
        c_−=36.0398707, u^T W u=40.74776282, c_+=44.12985617, c_−/c_+=0.8166777286
      M=4 K1=0.44, K2=0.4413747 (s1*s2=1.0000012):
        c_−=36.04969193, u^T W u=40.74326029, c_+=44.12384667, c_−/c_+=0.8170115403
      M=4 K1=0.4, K2=0.8 (s1*s2=2.1097561):
        c_−=125.7262357, u^T W u=127.0869496, c_+=128.1467793, c_−/c_+=0.9811111634
      M=4 K1=1.2, K2=0.3 (s1*s2=3.4800944):
        c_−=368.9838386, u^T W u=445.4814191, c_+=448.5699468, c_−/c_+=0.8225781536
      M=4 K1=0.05, K2=0.1 (s1*s2=0.020167173):
        c_−=1.80712313, u^T W u=9.606920038, c_+=16.40622463, c_−/c_+=0.1101486277
      M=5 K1=0.4, K2=0.48385917 (s1*s2=1):
        c_−=96.10630361, u^T W u=105.0636137, c_+=110.7464115, c_−/c_+=0.8678051264
      M=5 K1=0.44068679, K2=0.44068679 (s1*s2=1):
        c_−=93.89622707, u^T W u=104.2310491, c_+=110.1923206, c_−/c_+=0.8521122572
      M=5 K1=0.44, K2=0.4413747 (s1*s2=1.0000012):
        c_−=93.91643642, u^T W u=104.2250964, c_+=110.1809453, c_−/c_+=0.8523836507
      M=5 K1=0.4, K2=0.8 (s1*s2=2.1097561):
        c_−=424.2972741, u^T W u=427.065537, c_+=428.0169055, c_−/c_+=0.9913096157
      M=5 K1=1.2, K2=0.3 (s1*s2=3.4800944):
        c_−=1735.986708, u^T W u=1934.572968, c_+=1943.506472, c_−/c_+=0.8932240428
      M=5 K1=0.05, K2=0.1 (s1*s2=0.020167173):
        c_−=3.636989301, u^T W u=23.34437297, c_+=33.01848801, c_−/c_+=0.1101500862
=== check_03: ALL PASS ===
