==============================================================================
cycle 17 / T3 Pure: Delta != 0 の例の構成と v_ell(kappa(X)) 寄与の照合
==============================================================================

##############################################################################
# Step 1  穴 (A): 補正項 Delta が非自明に効く例（Delta != 0）
##############################################################################

cycle 16 では Delta を計算できた 5 件がすべて Delta=0 だったため、
定理 N2 の補正項が効く場面を一度も照合できていなかった。
以下の例はすべて **非退化** かつ **Delta != 0** である。
Delta は D の係数（レベル ell^{J_0-1} 以下の 1 の冪根での付値）だけから決まり、
塔の値 kappa_n を一切使わない。したがって下の照合は完全な out-of-sample である。


  D1  ell=2 ブーケ 5 ループ (k=4)
    ell=2  m=1  edges=[(0, 0, (3, -1)), (0, 0, (0, 2)), (0, 0, (0, -3)), (0, 0, (1, 1)), (0, 0, (-2, 3))]
    mu=0  k=4  z_H=0(非退化=True)  J_0=4  kappa(X)=1  v_ell(kappa(X))=0
    H=T^4 + T^2*S^2 + S^4   eps_d (d<=k)={2: 1, 3: 1, 4: 0}   ずれ指数 delta=-1   Delta=8
    ord_2(kappa_n) n=0..5 = [0, 8, 40, 86, 180, 370]   (0.5s)
      n=0 実測=0      N2予言=8        NG!   N1予言(Delta=0)=0        OK 
      n=1 実測=8      N2予言=18       NG!   N1予言(Delta=0)=10       NG 
      n=2 実測=40     N2予言=40       OK    N1予言(Delta=0)=32       NG 
      n=3 実測=86     N2予言=86       OK    N1予言(Delta=0)=78       NG    [n >= J_0-1 の射程内]
      n=4 実測=180    N2予言=180      OK    N1予言(Delta=0)=172      NG    [n >= J_0-1 の射程内]
      n=5 実測=370    N2予言=370      OK    N1予言(Delta=0)=362      NG    [n >= J_0-1 の射程内]
      → N2 が成立した最小の n = 2（定理 N2 の主張は n_0 <= J_0-1 = 3）
      → n >= J_0-1 の範囲で照合 3 段、N2 の破れ 0 件

  D2  ell=2 ブーケ 6 ループ (k=6)
    ell=2  m=1  edges=[(0, 0, (-1, 2)), (0, 0, (-3, -2)), (0, 0, (0, -1)), (0, 0, (3, -2)), (0, 0, (0, -3)), (0, 0, (-3, -2))]
    mu=0  k=6  z_H=0(非退化=True)  J_0=4  kappa(X)=1  v_ell(kappa(X))=0
    H=T^6 + T^2*S^4 + S^6   eps_d (d<=k)={2: 1, 3: 1, 4: 1, 5: 1, 6: 0}   ずれ指数 delta=-3   Delta=14
    ord_2(kappa_n) n=0..5 = [0, 8, 36, 134, 276, 562]   (0.5s)
      n=0 実測=0      N2予言=14       NG!   N1予言(Delta=0)=0        OK 
      n=1 実測=8      N2予言=30       NG!   N1予言(Delta=0)=16       NG 
      n=2 実測=36     N2予言=64       NG!   N1予言(Delta=0)=50       NG 
      n=3 実測=134    N2予言=134      OK    N1予言(Delta=0)=120      NG    [n >= J_0-1 の射程内]
      n=4 実測=276    N2予言=276      OK    N1予言(Delta=0)=262      NG    [n >= J_0-1 の射程内]
      n=5 実測=562    N2予言=562      OK    N1予言(Delta=0)=548      NG    [n >= J_0-1 の射程内]
      → N2 が成立した最小の n = 3（定理 N2 の主張は n_0 <= J_0-1 = 3）
      → n >= J_0-1 の範囲で照合 3 段、N2 の破れ 0 件

  D3  ell=3 2 頂点 (k=4)
    ell=3  m=2  edges=[(0, 1, (3, 0)), (1, 0, (-3, 2)), (1, 1, (-1, -3)), (0, 1, (-1, 0)), (0, 1, (1, 3))]
    mu=0  k=4  z_H=0(非退化=True)  J_0=2  kappa(X)=4  v_ell(kappa(X))=0
    H=-T^4 - T^3*S - T^2*S^2 - T*S^3 - S^4   eps_d (d<=k)={2: 1, 3: 1, 4: 0}   ずれ指数 delta=0   Delta=6
    ord_3(kappa_n) n=0..3 = [0, 20, 66, 208]   (0.7s)
      n=0 実測=0      N2予言=6        NG!   N1予言(Delta=0)=0        OK 
      n=1 実測=20     N2予言=20       OK    N1予言(Delta=0)=14       NG    [n >= J_0-1 の射程内]
      n=2 実測=66     N2予言=66       OK    N1予言(Delta=0)=60       NG    [n >= J_0-1 の射程内]
      n=3 実測=208    N2予言=208      OK    N1予言(Delta=0)=202      NG    [n >= J_0-1 の射程内]
      → N2 が成立した最小の n = 1（定理 N2 の主張は n_0 <= J_0-1 = 1）
      → n >= J_0-1 の範囲で照合 3 段、N2 の破れ 0 件

  D4  ell=2 2 頂点 (k=4, v_2(kappa(X))=1)
    ell=2  m=2  edges=[(0, 1, (2, 1)), (0, 0, (-3, -3)), (1, 0, (-2, -3)), (1, 1, (3, -3)), (0, 0, (0, 1))]
    mu=0  k=4  z_H=0(非退化=True)  J_0=4  kappa(X)=2  v_ell(kappa(X))=1
    H=T^4 + T^2*S^2 + S^4   eps_d (d<=k)={2: 1, 3: 1, 4: 0}   ずれ指数 delta=-1   Delta=9
    ord_2(kappa_n) n=0..5 = [1, 10, 42, 88, 182, 372]   (2.6s)
      n=0 実測=1      N2予言=10       NG!   N1予言(Delta=0)=1        OK 
      n=1 実測=10     N2予言=20       NG!   N1予言(Delta=0)=11       NG 
      n=2 実測=42     N2予言=42       OK    N1予言(Delta=0)=33       NG 
      n=3 実測=88     N2予言=88       OK    N1予言(Delta=0)=79       NG    [n >= J_0-1 の射程内]
      n=4 実測=182    N2予言=182      OK    N1予言(Delta=0)=173      NG    [n >= J_0-1 の射程内]
      n=5 実測=372    N2予言=372      OK    N1予言(Delta=0)=363      NG    [n >= J_0-1 の射程内]
      → N2 が成立した最小の n = 2（定理 N2 の主張は n_0 <= J_0-1 = 3）
      → n >= J_0-1 の範囲で照合 3 段、N2 の破れ 0 件

  D5  ell=3 2 頂点 (k=4, v_3(kappa(X))=1)
    ell=3  m=2  edges=[(1, 0, (-3, 0)), (0, 1, (-3, 1)), (0, 0, (1, 0)), (0, 0, (0, 3)), (1, 1, (1, -2)), (1, 1, (-1, -1)), (1, 0, (-3, 1))]
    mu=0  k=4  z_H=0(非退化=True)  J_0=2  kappa(X)=3  v_ell(kappa(X))=1
    H=-T^4 + T^3*S - T^2*S^2 - S^4   eps_d (d<=k)={2: 1, 3: 1, 4: 0}   ずれ指数 delta=0   Delta=4
    ord_3(kappa_n) n=0..3 = [1, 19, 65, 207]   (1.5s)
      n=0 実測=1      N2予言=5        NG!   N1予言(Delta=0)=1        OK 
      n=1 実測=19     N2予言=19       OK    N1予言(Delta=0)=15       NG    [n >= J_0-1 の射程内]
      n=2 実測=65     N2予言=65       OK    N1予言(Delta=0)=61       NG    [n >= J_0-1 の射程内]
      n=3 実測=207    N2予言=207      OK    N1予言(Delta=0)=203      NG    [n >= J_0-1 の射程内]
      → N2 が成立した最小の n = 1（定理 N2 の主張は n_0 <= J_0-1 = 1）
      → n >= J_0-1 の範囲で照合 3 段、N2 の破れ 0 件

Step 1 まとめ: 対象 5 件、うち Delta != 0 が 5 件、n >= J_0-1 の範囲での N2 の破れ 0 件

##############################################################################
# Step 2  命題 A: ずれ指数 delta > 0 ならば Delta = 0
##############################################################################

命題 A（report §2 で証明）:
  非退化とし、eps_d := min_{p+q=d} v_ell(c_pq)、
    delta := min_{ d < k } ( eps_d (ell-1) + d ) - k        （d<k の項が無ければ delta := +oo）
  と置く。delta > 0 ならば、**すべてのレベル M >= 1 のすべての点**で
    v_ell(E(zeta,xi)) = k / phi(ell^M)
  が成り立ち、したがって Delta = 0 で、定理 N1 の閉形式が J_0 に関係なく n >= 0 の全段で成立する。
系 A'（同）: 非退化かつ k <= ell ならば Delta = 0。
  （k < ell+1 <=> (ell-1) > k-2 で、eps_d >= 1・d >= k_min >= 2 から delta > 0 が出る。）

以下はこの命題の照合である。delta > 0 の例で Delta != 0 が 1 件でも出れば命題 A は偽。

  ell= 2  有効 1844 / 非退化   20 / Delta 計算済   20 / Delta != 0   20   (2.0s)
         k 分布(全体)   = {10: 1, 11: 1, 2: 1465, 3: 154, 4: 171, 5: 14, 6: 30, 7: 1, 8: 7}
         k 分布(非退化) = {4: 17, 6: 3}
         (delta>0, Delta=0) の同時分布 = {('delta<=0', 'Delta!=0'): 20}
  ell= 3  有効 2061 / 非退化  548 / Delta 計算済  548 / Delta != 0    4   (2.7s)
         k 分布(全体)   = {2: 1987, 4: 70, 6: 2, 8: 2}
         k 分布(非退化) = {2: 537, 4: 11}
         (delta>0, Delta=0) の同時分布 = {('delta>0', 'Delta=0'): 540, ('delta<=0', 'Delta=0'): 4, ('delta<=0', 'Delta!=0'): 4}
  ell= 5  有効 2254 / 非退化  697 / Delta 計算済  697 / Delta != 0    0   (2.5s)
         k 分布(全体)   = {2: 2240, 4: 14}
         k 分布(非退化) = {2: 693, 4: 4}
         (delta>0, Delta=0) の同時分布 = {('delta>0', 'Delta=0'): 697}
  ell= 7  有効 2250 / 非退化 1018 / Delta 計算済 1018 / Delta != 0    0   (2.8s)
         k 分布(全体)   = {2: 2249, 4: 1}
         k 分布(非退化) = {2: 1018}
         (delta>0, Delta=0) の同時分布 = {('delta>0', 'Delta=0'): 1018}
  ell=11  有効 2318 / 非退化 1041 / Delta 計算済 1041 / Delta != 0    0   (2.8s)
         k 分布(全体)   = {2: 2318}
         k 分布(非退化) = {2: 1041}
         (delta>0, Delta=0) の同時分布 = {('delta>0', 'Delta=0'): 1041}

  命題 A の反例（delta > 0 なのに Delta != 0）: 0 件
  系 A' の反例（k <= ell なのに Delta != 0）  : 0 件

##############################################################################
# Step 3  Delta の内訳: 低レベル点ごとの v_ell(E) と Newton 多角形の下限
##############################################################################

Delta != 0 の正体は「レベル M < J_0 の点で v_ell(E) が k/phi(ell^M) からずれる」ことである。
各点について次の 3 つを並べる。
  実測 v = v_ell(E(zeta,xi))
  補題 8.4 の予言 k/phi(ell^M)
  Newton 下限 NB = min_{(p,q)} ( v_ell(c_pq) + p v(t) + q v(s) ) と、下限を達成する (p,q) の個数
    （t = zeta-1, s = xi-1。zeta=1 なら v(t)=+oo すなわち p>=1 の項は消える。
      軸上の点を正しく扱うため、全次数 d ではなく (p,q) 単位で下限を取る。）
下限を達成する (p,q) が 1 個なら非アルキメデス的評価は鋭く v = NB でなければならない。
複数なら打ち消しが起こりうるので v >= NB しか言えない。
最後に sum(v - k/phi) が定義 3.1 の Delta と一致することを確認する（定義の内部整合性の照合）。


  D1  ell=2 ブーケ 5 ループ (k=4)   (J_0=4, m_0=3, k=4)
    (M, 実測v, 予言k/phi, Newton下限NB, 下限を達成する(p,q)の個数) -> 点数
      M=1  v=3         k/phi=4         NB=3         #argmin=1  -> 2 点  <-- ずれ
      M=1  v=4         k/phi=4         NB=4         #argmin=1  -> 1 点  
      M=2  v=2         k/phi=2         NB=2         #argmin=1  -> 4 点  
      M=2  v=3         k/phi=2         NB=2         #argmin=2  -> 4 点  <-- ずれ
      M=2  v=3         k/phi=2         NB=2         #argmin=4  -> 2 点  <-- ずれ
      M=2  v=4         k/phi=2         NB=2         #argmin=4  -> 2 点  <-- ずれ
      M=3  v=1         k/phi=1         NB=1         #argmin=1  -> 32 点  
      M=3  v=1         k/phi=1         NB=1         #argmin=3  -> 16 点  
    下限が一意なのに v != NB だった点: 0 件（0 なら非アルキメデス的評価が鋭い）
    sum(v - k/phi) = 8、定義 3.1 の Delta = 8  -> 一致

  D2  ell=2 ブーケ 6 ループ (k=6)   (J_0=4, m_0=3, k=6)
    (M, 実測v, 予言k/phi, Newton下限NB, 下限を達成する(p,q)の個数) -> 点数
      M=1  v=3         k/phi=6         NB=3         #argmin=1  -> 2 点  <-- ずれ
      M=1  v=4         k/phi=6         NB=4         #argmin=1  -> 1 点  <-- ずれ
      M=2  v=2         k/phi=3         NB=2         #argmin=1  -> 8 点  <-- ずれ
      M=2  v=3         k/phi=3         NB=3         #argmin=3  -> 2 点  
      M=2  v=4         k/phi=3         NB=3         #argmin=4  -> 2 点  <-- ずれ
      M=3  v=3/2       k/phi=3/2       NB=3/2       #argmin=1  -> 16 点  
      M=3  v=2         k/phi=3/2       NB=3/2       #argmin=2  -> 8 点  <-- ずれ
      M=3  v=2         k/phi=3/2       NB=3/2       #argmin=4  -> 16 点  <-- ずれ
      M=3  v=3         k/phi=3/2       NB=3/2       #argmin=2  -> 4 点  <-- ずれ
      M=3  v=4         k/phi=3/2       NB=3/2       #argmin=2  -> 4 点  <-- ずれ
    下限が一意なのに v != NB だった点: 0 件（0 なら非アルキメデス的評価が鋭い）
    sum(v - k/phi) = 14、定義 3.1 の Delta = 14  -> 一致

  D3  ell=3 2 頂点 (k=4)   (J_0=2, m_0=1, k=4)
    (M, 実測v, 予言k/phi, Newton下限NB, 下限を達成する(p,q)の個数) -> 点数
      M=1  v=2         k/phi=2         NB=2         #argmin=2  -> 2 点  
      M=1  v=3         k/phi=2         NB=2         #argmin=2  -> 2 点  <-- ずれ
      M=1  v=3         k/phi=2         NB=2         #argmin=8  -> 4 点  <-- ずれ
    下限が一意なのに v != NB だった点: 0 件（0 なら非アルキメデス的評価が鋭い）
    sum(v - k/phi) = 6、定義 3.1 の Delta = 6  -> 一致

##############################################################################
# Step 4  穴 (B): v_ell(kappa(X)) > 0 かつ非退化の塔
##############################################################################

cycle 16 では「2 頂点 ell 重平行辺で狙ったが構成した候補はすべて退化した」ため
v_ell(kappa(X)) の寄与が 1 件も照合できていなかった。
以下の例はすべて非退化かつ v_ell(kappa(X)) > 0 である。
B1-B3 は J_0 = 1 すなわち **定理 N1 そのもの**（Delta=0、n>=0 の全段で成立するはず）、
B4-B6 は J_0 >= 2（定理 N2）。B6 は mu > 0・v_2(kappa(X)) > 0・Delta != 0 の **3 寄与同時**。


  B1  ell=7  2 頂点 7 重平行辺 (J_0=1)
    ell=7  m=2  edges=[(0, 1, (-2, 2)), (0, 1, (1, -1)), (0, 1, (-1, 2)), (0, 1, (0, -2)), (0, 1, (-2, -2)), (0, 1, (2, 1)), (0, 1, (2, 0))]
    mu=0  k=4  z_H=0(非退化=True)  J_0=1  kappa(X)=7  v_ell(kappa(X))=1
    H=3*T^4 - 3*T^3*S - 2*T^2*S^2 - 3*T*S^3 + 3*S^4   eps_d (d<=k)={2: 1, 3: 1, 4: 0}   ずれ指数 delta=4   Delta=0
    ord_7(kappa_n) n=0..2 = [1, 31, 253]   (6.8s)
      n=0 実測=1      N2予言=1        OK    N1予言(Delta=0)=1        OK    [n >= J_0-1 の射程内]
      n=1 実測=31     N2予言=31       OK    N1予言(Delta=0)=31       OK    [n >= J_0-1 の射程内]
      n=2 実測=253    N2予言=253      OK    N1予言(Delta=0)=253      OK    [n >= J_0-1 の射程内]
      → N2 が成立した最小の n = 0（定理 N2 の主張は n_0 <= J_0-1 = 0）
      → n >= J_0-1 の範囲で照合 3 段、N2 の破れ 0 件

  B2  ell=11 2 頂点 11 重平行辺 + ループ (J_0=1)
    ell=11  m=2  edges=[(0, 1, (0, 2)), (0, 1, (-1, 0)), (0, 1, (0, 0)), (0, 1, (0, 1)), (0, 1, (-1, -1)), (0, 1, (1, -1)), (0, 1, (-2, -1)), (0, 1, (-1, -2)), (0, 1, (1, 1)), (0, 1, (2, 1)), (0, 1, (1, 0)), (0, 0, (1, 0)), (0, 0, (-2, -2))]
    mu=0  k=4  z_H=0(非退化=True)  J_0=1  kappa(X)=11  v_ell(kappa(X))=1
    H=-5*T^4 + T^3*S - 4*T^2*S^2 + T*S^3 - 5*S^4   eps_d (d<=k)={2: 1, 3: 1, 4: 0}   ずれ指数 delta=8   Delta=0
    ord_11(kappa_n) n=0..1 = [1, 47]   (0.0s)
      n=0 実測=1      N2予言=1        OK    N1予言(Delta=0)=1        OK    [n >= J_0-1 の射程内]
      n=1 実測=47     N2予言=47       OK    N1予言(Delta=0)=47       OK    [n >= J_0-1 の射程内]
      → N2 が成立した最小の n = 0（定理 N2 の主張は n_0 <= J_0-1 = 0）
      → n >= J_0-1 の範囲で照合 2 段、N2 の破れ 0 件

  B3  ell=13 2 頂点 13 重平行辺 + ループ (J_0=1)
    ell=13  m=2  edges=[(0, 1, (2, 0)), (0, 1, (-1, 0)), (0, 1, (-1, -1)), (0, 1, (-2, 2)), (0, 1, (1, 1)), (0, 1, (-1, 1)), (0, 1, (1, -1)), (0, 1, (-2, -2)), (0, 1, (2, 2)), (0, 1, (2, -2)), (0, 1, (2, 0)), (0, 1, (-2, 1)), (0, 1, (-1, -1)), (0, 0, (2, 1))]
    mu=0  k=4  z_H=0(非退化=True)  J_0=1  kappa(X)=13  v_ell(kappa(X))=1
    H=-3*T^4 - 5*T^3*S + 2*T^2*S^2 - 4*T*S^3 - 4*S^4   eps_d (d<=k)={2: 1, 3: 1, 4: 0}   ずれ指数 delta=10   Delta=0
    ord_13(kappa_n) n=0..1 = [1, 55]   (0.1s)
      n=0 実測=1      N2予言=1        OK    N1予言(Delta=0)=1        OK    [n >= J_0-1 の射程内]
      n=1 実測=55     N2予言=55       OK    N1予言(Delta=0)=55       OK    [n >= J_0-1 の射程内]
      → N2 が成立した最小の n = 0（定理 N2 の主張は n_0 <= J_0-1 = 0）
      → n >= J_0-1 の範囲で照合 2 段、N2 の破れ 0 件

  B4  ell=5  2 頂点 5 重平行辺 (J_0=2)
    ell=5  m=2  edges=[(0, 1, (0, 0)), (0, 1, (-2, -2)), (0, 1, (-2, -2)), (0, 1, (-2, -1)), (0, 1, (1, 0))]
    mu=0  k=4  z_H=0(非退化=True)  J_0=2  kappa(X)=5  v_ell(kappa(X))=1
    H=-T^4 - T^2*S^2 + S^4   eps_d (d<=k)={2: 1, 3: 1, 4: 0}   ずれ指数 delta=2   Delta=0
    ord_5(kappa_n) n=0..3 = [1, 23, 141, 739]   (55.9s)
      n=0 実測=1      N2予言=1        OK    N1予言(Delta=0)=1        OK 
      n=1 実測=23     N2予言=23       OK    N1予言(Delta=0)=23       OK    [n >= J_0-1 の射程内]
      n=2 実測=141    N2予言=141      OK    N1予言(Delta=0)=141      OK    [n >= J_0-1 の射程内]
      n=3 実測=739    N2予言=739      OK    N1予言(Delta=0)=739      OK    [n >= J_0-1 の射程内]
      → N2 が成立した最小の n = 0（定理 N2 の主張は n_0 <= J_0-1 = 1）
      → n >= J_0-1 の範囲で照合 3 段、N2 の破れ 0 件

  B5  ell=3  2 頂点 3 重平行辺 + ループ (mu=1, J_0=2)
    ell=3  m=2  edges=[(0, 1, (0, 0)), (0, 1, (0, 0)), (0, 1, (0, 0)), (0, 0, (-2, -2)), (0, 0, (-2, -1))]
    mu=1  k=2  z_H=0(非退化=True)  J_0=2  kappa(X)=3  v_ell(kappa(X))=1
    H=T^2 + S^2   eps_d (d<=k)={2: 0}   ずれ指数 delta=None   Delta=0
    ord_3(kappa_n) n=0..3 = [1, 15, 109, 827]   (0.1s)
      n=0 実測=1      N2予言=1        OK    N1予言(Delta=0)=1        OK 
      n=1 実測=15     N2予言=15       OK    N1予言(Delta=0)=15       OK    [n >= J_0-1 の射程内]
      n=2 実測=109    N2予言=109      OK    N1予言(Delta=0)=109      OK    [n >= J_0-1 の射程内]
      n=3 実測=827    N2予言=827      OK    N1予言(Delta=0)=827      OK    [n >= J_0-1 の射程内]
      → N2 が成立した最小の n = 0（定理 N2 の主張は n_0 <= J_0-1 = 1）
      → n >= J_0-1 の範囲で照合 3 段、N2 の破れ 0 件

  B6  ell=2  3 頂点 (mu=1, v_2(kappa(X))=3, Delta!=0 の 3 寄与同時)
    ell=2  m=3  edges=[(2, 1, (2, 0)), (2, 0, (0, -3)), (1, 2, (1, 2)), (2, 0, (-2, -2)), (2, 1, (2, -1)), (1, 2, (3, 1))]
    mu=1  k=4  z_H=0(非退化=True)  J_0=4  kappa(X)=8  v_ell(kappa(X))=3
    H=T^4 + T^2*S^2 + S^4   eps_d (d<=k)={2: 1, 3: 1, 4: 0}   ずれ指数 delta=-1   Delta=14
    ord_2(kappa_n) n=0..5 = [3, 14, 64, 158, 444, 1402]   (0.7s)
      n=0 実測=3      N2予言=17       NG!   N1予言(Delta=0)=3        OK 
      n=1 実測=14     N2予言=30       NG!   N1予言(Delta=0)=16       NG 
      n=2 実測=64     N2予言=64       OK    N1予言(Delta=0)=50       NG 
      n=3 実測=158    N2予言=158      OK    N1予言(Delta=0)=144      NG    [n >= J_0-1 の射程内]
      n=4 実測=444    N2予言=444      OK    N1予言(Delta=0)=430      NG    [n >= J_0-1 の射程内]
      n=5 実測=1402   N2予言=1402     OK    N1予言(Delta=0)=1388     NG    [n >= J_0-1 の射程内]
      → N2 が成立した最小の n = 2（定理 N2 の主張は n_0 <= J_0-1 = 3）
      → n >= J_0-1 の範囲で照合 3 段、N2 の破れ 0 件

Step 4 まとめ: 対象 6 件、うち v_ell(kappa(X))>0 が 6 件、N2 の破れ 0 件

##############################################################################
# Step 5  探索の射程（尽くしていない範囲を明示する）
##############################################################################

乱択掃引（Step 2）: 各 ell につき 3000 標本。
  グラフ族: 頂点数 m in {1,2,3}、辺数 r in {2..7}、voltage in [-3,3]^2、
            端点は一様乱択（m=1 ならブーケ）。seed は ell ごとに固定。
  素数: ell in {2,3,5,7,11}。ell >= 17 は掃引していない。
  網羅ではない。上の box / 辺数 / 頂点数を超える族は未探索である。

  ell= 2: 有効 1844、非退化   20、Delta!=0   20、観測された k = [2, 3, 4, 5, 6, 7, 8, 10, 11]
  ell= 3: 有効 2061、非退化  548、Delta!=0    4、観測された k = [2, 4, 6, 8]
  ell= 5: 有効 2254、非退化  697、Delta!=0    0、観測された k = [2, 4]
  ell= 7: 有効 2250、非退化 1018、Delta!=0    0、観測された k = [2, 4]
  ell=11: 有効 2318、非退化 1041、Delta!=0    0、観測された k = [2]

##############################################################################
# Step 6  敵対的レビュー: 塔の値を Kirchhoff の行列木定理で独立に再計算する
##############################################################################

Step 1・4 の照合は tower_ords（2 段終結式）に完全に依存している。
終結式の実装が間違っていれば、Delta の照合が「合った」ように見えても意味がない。
そこで小さい n について、被覆グラフを実際に組んで Kirchhoff の行列木定理で
kappa_n を直接数え、終結式の結果と一致するかを見る（実装の独立な第 2 経路）。
また k_min = ord_ZZ(g) >= 2（report §2 の補題 A.1）も併せて確認する。

  D1 ell=2                                             k_min=2(>=2:True)  行列木 n=0..5: [0, 8, 40, 86, 180, 370]  終結式: [0, 8, 40, 86, 180, 370]  -> 一致
  D2 ell=2                                             k_min=2(>=2:True)  行列木 n=0..5: [0, 8, 36, 134, 276, 562]  終結式: [0, 8, 36, 134, 276, 562]  -> 一致
  D3 ell=3                                             k_min=2(>=2:True)  行列木 n=0..3: [0, 20, 66, 208]  終結式: [0, 20, 66, 208]  -> 一致
  D4 ell=2                                             k_min=2(>=2:True)  行列木 n=0..4: [1, 10, 42, 88, 182]  終結式: [1, 10, 42, 88, 182]  -> 一致
  D5 ell=3                                             k_min=2(>=2:True)  行列木 n=0..3: [1, 19, 65, 207]  終結式: [1, 19, 65, 207]  -> 一致
  B1 ell=7                                             k_min=2(>=2:True)  行列木 n=0..1: [1, 31]  終結式: [1, 31]  -> 一致
  B2 ell=11                                            k_min=2(>=2:True)  行列木 n=0..1: [1, 47]  終結式: [1, 47]  -> 一致
  B3 ell=13                                            k_min=2(>=2:True)  行列木 n=0..1: [1, 55]  終結式: [1, 55]  -> 一致
  B4 ell=5                                             k_min=2(>=2:True)  行列木 n=0..2: [1, 23, 141]  終結式: [1, 23, 141]  -> 一致
  B5 ell=3                                             k_min=2(>=2:True)  行列木 n=0..3: [1, 15, 109, 827]  終結式: [1, 15, 109, 827]  -> 一致
  B6 ell=2                                             k_min=2(>=2:True)  行列木 n=0..4: [3, 14, 64, 158, 444]  終結式: [3, 14, 64, 158, 444]  -> 一致

Step 6 まとめ: 独立に再計算した段 43 件、終結式との不一致 0 件

時間上限で打ち切った計算の一覧（黙って範囲を狭めないため全件出す）:
  なし

==============================================================================
終了 [  288.3s]
==============================================================================
