
==========================================================================
探索 1: Delta != 0 の例の出所（D1・D2・D3）  （頂点数<=2、辺数<=6、voltage in [-3,3]^2、4000 標本、seed=20260731）
==========================================================================

  ell=2: 有効 2652 / 非退化 24 / Delta != 0 23
    (ずれ指数>0, Delta=0) 同時分布 = {('delta>0', 'Delta=0'): 1, ('delta<=0', 'Delta!=0'): 23}
    うち v_ell(kappa(X))>0 が 10 件、mu>0 が 0 件、両方が 0 件
      m=2 k=4 J0=4 mu=0 kX=4 vkX=2 delta=0 Delta=3 edges=[(0, 0, (3, 2)), (1, 1, (3, 3)), (0, 1, (2, -1)), (1, 0, (1, 3)), (1, 0, (3, 3)), (0, 1, (0, -3))]
      m=1 k=4 J0=4 mu=0 kX=1 vkX=0 delta=-1 Delta=8 edges=[(0, 0, (3, -1)), (0, 0, (0, 2)), (0, 0, (0, -3)), (0, 0, (1, 1)), (0, 0, (-2, 3))]
      m=1 k=6 J0=4 mu=0 kX=1 vkX=0 delta=-3 Delta=14 edges=[(0, 0, (-1, 2)), (0, 0, (-3, -2)), (0, 0, (0, -1)), (0, 0, (3, -2)), (0, 0, (0, -3)), (0, 0, (-3, -2))]
      m=1 k=4 J0=4 mu=0 kX=1 vkX=0 delta=-1 Delta=8 edges=[(0, 0, (1, -3)), (0, 0, (-3, 3)), (0, 0, (2, -2)), (0, 0, (2, 1)), (0, 0, (2, 1))]
      m=2 k=4 J0=4 mu=0 kX=3 vkX=0 delta=-1 Delta=8 edges=[(0, 1, (3, 2)), (0, 0, (-1, 3)), (0, 1, (-1, 3)), (0, 1, (1, -2)), (1, 1, (-1, -1))]
      m=1 k=4 J0=4 mu=0 kX=1 vkX=0 delta=-1 Delta=12 edges=[(0, 0, (1, -2)), (0, 0, (-1, 2)), (0, 0, (-3, -3)), (0, 0, (0, 2)), (0, 0, (2, 0)), (0, 0, (3, -3))]

  ell=3: 有効 2859 / 非退化 825 / Delta != 0 5
    (ずれ指数>0, Delta=0) 同時分布 = {('delta>0', 'Delta=0'): 808, ('delta<=0', 'Delta=0'): 12, ('delta<=0', 'Delta!=0'): 5}
    うち v_ell(kappa(X))>0 が 1 件、mu>0 が 0 件、両方が 0 件
      m=2 k=4 J0=2 mu=0 kX=3 vkX=1 delta=0 Delta=6 edges=[(1, 0, (2, 0)), (0, 1, (-1, 0)), (1, 0, (0, -3)), (0, 0, (-2, -1)), (1, 1, (2, 1)), (1, 1, (-1, -3))]
      m=2 k=4 J0=2 mu=0 kX=4 vkX=0 delta=0 Delta=6 edges=[(0, 1, (1, -1)), (1, 0, (-2, 2)), (1, 0, (0, 2)), (0, 0, (1, -1)), (0, 1, (-3, -3))]
      m=2 k=4 J0=2 mu=0 kX=5 vkX=0 delta=0 Delta=4 edges=[(0, 0, (1, -2)), (1, 0, (0, 3)), (1, 0, (-3, 0)), (0, 1, (-2, -1)), (0, 1, (3, -2)), (0, 1, (3, -3))]
      m=2 k=4 J0=2 mu=0 kX=4 vkX=0 delta=0 Delta=6 edges=[(1, 0, (2, -1)), (1, 0, (-1, 3)), (0, 1, (-3, 1)), (0, 0, (-3, 3)), (0, 0, (3, 2)), (1, 0, (-1, 1))]
      m=2 k=4 J0=2 mu=0 kX=2 vkX=0 delta=0 Delta=4 edges=[(1, 0, (1, -3)), (0, 0, (-2, 1)), (0, 0, (-2, 3)), (0, 0, (1, 0)), (1, 1, (-1, -3)), (1, 0, (-1, 1))]

  ell=5: 有効 3279 / 非退化 1024 / Delta != 0 0
    (ずれ指数>0, Delta=0) 同時分布 = {('delta>0', 'Delta=0'): 1024}
    うち v_ell(kappa(X))>0 が 0 件、mu>0 が 0 件、両方が 0 件

  ell=7: 有効 3354 / 非退化 1561 / Delta != 0 0
    (ずれ指数>0, Delta=0) 同時分布 = {('delta>0', 'Delta=0'): 1561}
    うち v_ell(kappa(X))>0 が 0 件、mu>0 が 0 件、両方が 0 件

==========================================================================
探索 2: 3 寄与同時の例の出所（D4・D5・B6）  （頂点数<=3、辺数<=7、voltage in [-3,3]^2、6000 標本、seed=20260801）
==========================================================================

  ell=2: 有効 3685 / 非退化 43 / Delta != 0 34
    (ずれ指数>0, Delta=0) 同時分布 = {('delta>0', 'Delta=0'): 9, ('delta<=0', 'Delta!=0'): 34}
    うち v_ell(kappa(X))>0 が 14 件、mu>0 が 0 件、両方が 0 件
      m=3 k=4 J0=4 mu=0 kX=2 vkX=1 delta=-1 Delta=12 edges=[(0, 1, (2, 0)), (1, 0, (-2, -2)), (0, 0, (-3, -1)), (2, 2, (3, 0)), (2, 1, (-1, -1)), (1, 1, (-2, -2))]
      m=3 k=4 J0=4 mu=0 kX=8 vkX=3 delta=0 Delta=2 edges=[(1, 1, (-3, 0)), (0, 0, (0, 2)), (0, 2, (1, -1)), (0, 1, (3, 3)), (2, 0, (-2, 2)), (1, 2, (-2, -2)), (1, 2, (-1, 3))]
      m=2 k=4 J0=4 mu=0 kX=4 vkX=2 delta=0 Delta=3 edges=[(0, 0, (1, -2)), (0, 1, (-3, 3)), (1, 0, (-2, -1)), (1, 0, (1, 1)), (1, 1, (1, 0)), (0, 1, (2, -1)), (1, 1, (1, 1))]
      m=2 k=4 J0=4 mu=0 kX=4 vkX=2 delta=0 Delta=3 edges=[(1, 1, (1, 0)), (1, 1, (3, 3)), (0, 1, (2, -1)), (1, 0, (-1, 0)), (1, 0, (2, 0)), (0, 1, (-1, 1)), (1, 1, (-1, 2))]
      m=2 k=4 J0=4 mu=0 kX=4 vkX=2 delta=0 Delta=3 edges=[(1, 1, (0, 2)), (1, 0, (-1, 1)), (0, 0, (-3, -3)), (0, 1, (2, 2)), (1, 1, (-1, 2)), (0, 1, (2, 0)), (1, 0, (3, 1))]
      m=2 k=4 J0=4 mu=0 kX=3 vkX=0 delta=-1 Delta=15 edges=[(0, 0, (-3, 3)), (0, 0, (2, 2)), (1, 0, (-2, -1)), (0, 0, (-1, -1)), (1, 0, (1, 3)), (1, 0, (-2, -1))]

  ell=3: 有効 4045 / 非退化 1013 / Delta != 0 9
    (ずれ指数>0, Delta=0) 同時分布 = {('delta>0', 'Delta=0'): 996, ('delta<=0', 'Delta=0'): 8, ('delta<=0', 'Delta!=0'): 9}
    うち v_ell(kappa(X))>0 が 6 件、mu>0 が 0 件、両方が 0 件
      m=2 k=4 J0=2 mu=0 kX=3 vkX=1 delta=0 Delta=6 edges=[(0, 0, (-2, 3)), (0, 1, (3, -2)), (1, 0, (1, 1)), (1, 0, (2, 0)), (0, 0, (1, 2)), (1, 1, (-1, -3))]
      m=3 k=4 J0=2 mu=0 kX=6 vkX=1 delta=0 Delta=4 edges=[(0, 0, (-2, -3)), (2, 0, (0, 1)), (2, 2, (0, 0)), (0, 2, (3, 3)), (0, 2, (-3, -2)), (1, 2, (2, 2)), (2, 1, (0, -3))]
      m=3 k=4 J0=2 mu=0 kX=6 vkX=1 delta=0 Delta=4 edges=[(0, 2, (-1, 0)), (0, 2, (2, 2)), (1, 1, (-1, 1)), (1, 2, (3, 0)), (1, 2, (1, -3)), (2, 2, (0, 3)), (2, 1, (1, 0))]
      m=3 k=4 J0=2 mu=0 kX=6 vkX=1 delta=0 Delta=4 edges=[(0, 1, (-3, 0)), (0, 2, (3, -1)), (2, 2, (-3, -1)), (2, 0, (1, 2)), (2, 0, (-1, -3)), (0, 0, (-3, 3)), (1, 0, (-1, 0))]
      m=2 k=4 J0=2 mu=0 kX=3 vkX=1 delta=0 Delta=4 edges=[(0, 0, (3, -1)), (1, 0, (-1, 0)), (1, 0, (-2, -3)), (1, 1, (-1, -2)), (0, 0, (3, -1)), (0, 0, (0, -3)), (0, 1, (3, 0))]
      m=3 k=4 J0=2 mu=0 kX=6 vkX=1 delta=0 Delta=4 edges=[(1, 2, (2, -3)), (1, 0, (2, 0)), (1, 0, (-3, -1)), (2, 1, (-3, 3)), (2, 1, (-1, 3)), (2, 2, (-2, 2))]

==========================================================================
探索 3: v_ell(kappa(X))>0 かつ非退化（2 頂点 ell 重平行辺 + ループ、kappa(X)=ell）
==========================================================================

  ell= 3: 試行 4000、非退化かつ v_ell(kappa(X))>0 が 0 件

  ell= 5: 試行 202、非退化かつ v_ell(kappa(X))>0 が 4 件
    kX=5 vkX=1 mu=0 k=4 J0=2 edges=[(0, 1, (2, -2)), (0, 1, (2, -2)), (0, 1, (-2, 2)), (0, 1, (1, -2)), (0, 1, (2, -1))]
    kX=5 vkX=1 mu=0 k=4 J0=2 edges=[(0, 1, (0, 0)), (0, 1, (-2, -1)), (0, 1, (0, 2)), (0, 1, (0, 2)), (0, 1, (2, 2)), (0, 0, (-2, 1))]
    kX=5 vkX=1 mu=0 k=4 J0=2 edges=[(0, 1, (-2, 0)), (0, 1, (1, -1)), (0, 1, (2, 1)), (0, 1, (1, -1)), (0, 1, (-2, 1)), (0, 0, (1, 0))]
    kX=5 vkX=1 mu=0 k=4 J0=2 edges=[(0, 1, (2, 0)), (0, 1, (-1, 2)), (0, 1, (2, 0)), (0, 1, (0, 0)), (0, 1, (2, -2)), (0, 0, (-1, -1))]

  ell= 7: 試行 752、非退化かつ v_ell(kappa(X))>0 が 4 件
    kX=7 vkX=1 mu=0 k=4 J0=1 edges=[(0, 1, (-2, 2)), (0, 1, (1, -1)), (0, 1, (-1, 2)), (0, 1, (0, -2)), (0, 1, (-2, -2)), (0, 1, (2, 1)), (0, 1, (2, 0))]
    kX=7 vkX=1 mu=0 k=4 J0=1 edges=[(0, 1, (1, -1)), (0, 1, (2, 0)), (0, 1, (-2, 1)), (0, 1, (0, 1)), (0, 1, (-1, 1)), (0, 1, (1, -2)), (0, 1, (-1, 0))]
    kX=7 vkX=1 mu=0 k=4 J0=1 edges=[(0, 1, (-1, 0)), (0, 1, (0, -2)), (0, 1, (-2, -2)), (0, 1, (-1, -2)), (0, 1, (1, 2)), (0, 1, (1, 2)), (0, 1, (2, 2)), (0, 0, (2, 2))]
    kX=7 vkX=1 mu=0 k=4 J0=1 edges=[(0, 1, (-1, 2)), (0, 1, (2, 2)), (0, 1, (0, -2)), (0, 1, (-1, 2)), (0, 1, (0, 2)), (0, 1, (-1, 2)), (0, 1, (1, -1))]

  ell=11: 試行 2326、非退化かつ v_ell(kappa(X))>0 が 4 件
    kX=11 vkX=1 mu=0 k=4 J0=1 edges=[(0, 1, (-1, 0)), (0, 1, (-2, 0)), (0, 1, (-2, 2)), (0, 1, (2, -1)), (0, 1, (1, 1)), (0, 1, (0, -1)), (0, 1, (0, 2)), (0, 1, (2, -2)), (0, 1, (-2, -2)), (0, 1, (0, 2)), (0, 1, (2, -1)), (0, 0, (1, 0))]
    kX=11 vkX=1 mu=0 k=4 J0=1 edges=[(0, 1, (0, 2)), (0, 1, (-1, 0)), (0, 1, (0, 0)), (0, 1, (0, 1)), (0, 1, (-1, -1)), (0, 1, (1, -1)), (0, 1, (-2, -1)), (0, 1, (-1, -2)), (0, 1, (1, 1)), (0, 1, (2, 1)), (0, 1, (1, 0)), (0, 0, (1, 0)), (0, 0, (-2, -2))]
    kX=11 vkX=1 mu=0 k=4 J0=1 edges=[(0, 1, (-2, -2)), (0, 1, (-2, 1)), (0, 1, (-1, 0)), (0, 1, (1, 2)), (0, 1, (-2, 2)), (0, 1, (0, 1)), (0, 1, (-1, -1)), (0, 1, (-2, -2)), (0, 1, (-2, -2)), (0, 1, (1, -1)), (0, 1, (-1, 2))]
    kX=11 vkX=1 mu=0 k=4 J0=1 edges=[(0, 1, (-1, 1)), (0, 1, (0, -1)), (0, 1, (-2, -1)), (0, 1, (1, 1)), (0, 1, (-1, -2)), (0, 1, (-1, 0)), (0, 1, (1, 0)), (0, 1, (0, 2)), (0, 1, (-1, 1)), (0, 1, (2, 0)), (0, 1, (2, -1)), (0, 0, (2, 2))]

  ell=13: 試行 2533、非退化かつ v_ell(kappa(X))>0 が 4 件
    kX=13 vkX=1 mu=0 k=4 J0=1 edges=[(0, 1, (0, 0)), (0, 1, (2, 2)), (0, 1, (0, 2)), (0, 1, (-2, -1)), (0, 1, (2, -1)), (0, 1, (-2, 2)), (0, 1, (2, 2)), (0, 1, (-2, -1)), (0, 1, (1, -2)), (0, 1, (0, -2)), (0, 1, (-1, 0)), (0, 1, (1, -2)), (0, 1, (-1, 1)), (0, 0, (-1, -1))]
    kX=13 vkX=1 mu=0 k=4 J0=1 edges=[(0, 1, (1, 1)), (0, 1, (-1, -2)), (0, 1, (-2, -1)), (0, 1, (-2, 0)), (0, 1, (1, -2)), (0, 1, (-1, 0)), (0, 1, (2, 1)), (0, 1, (-1, 2)), (0, 1, (2, -1)), (0, 1, (1, 0)), (0, 1, (1, 1)), (0, 1, (1, 2)), (0, 1, (-2, -1)), (0, 0, (0, -1)), (0, 0, (-2, -2))]
    kX=13 vkX=1 mu=0 k=4 J0=1 edges=[(0, 1, (2, 0)), (0, 1, (-1, 0)), (0, 1, (-1, -1)), (0, 1, (-2, 2)), (0, 1, (1, 1)), (0, 1, (-1, 1)), (0, 1, (1, -1)), (0, 1, (-2, -2)), (0, 1, (2, 2)), (0, 1, (2, -2)), (0, 1, (2, 0)), (0, 1, (-2, 1)), (0, 1, (-1, -1)), (0, 0, (2, 1))]
    kX=13 vkX=1 mu=0 k=4 J0=1 edges=[(0, 1, (-2, -1)), (0, 1, (2, 1)), (0, 1, (-2, -2)), (0, 1, (-1, 0)), (0, 1, (-2, 0)), (0, 1, (2, 2)), (0, 1, (0, 0)), (0, 1, (2, 2)), (0, 1, (2, 2)), (0, 1, (-2, -2)), (0, 1, (2, -1)), (0, 1, (0, 1)), (0, 1, (-1, -2)), (0, 0, (-2, -2))]

==========================================================================
探索 3': 同じ族の系統列挙（平行辺は全て voltage (0,0)、ループ 2 本を全数列挙）
==========================================================================

  ell= 3: 列挙 325、非退化かつ v_ell(kappa(X))>0 が 208 件
    kX=3 vkX=1 mu=1 k=2 J0=2 edges=[(0, 1, (0, 0)), (0, 1, (0, 0)), (0, 1, (0, 0)), (0, 0, (-2, -2)), (0, 0, (-2, -1))]
    kX=3 vkX=1 mu=1 k=2 J0=2 edges=[(0, 1, (0, 0)), (0, 1, (0, 0)), (0, 1, (0, 0)), (0, 0, (-2, -2)), (0, 0, (-2, 0))]
    kX=3 vkX=1 mu=1 k=2 J0=2 edges=[(0, 1, (0, 0)), (0, 1, (0, 0)), (0, 1, (0, 0)), (0, 0, (-2, -2)), (0, 0, (-2, 2))]

  ell= 5: 列挙 325、非退化かつ v_ell(kappa(X))>0 が 0 件

  ell= 7: 列挙 325、非退化かつ v_ell(kappa(X))>0 が 248 件
    kX=7 vkX=1 mu=1 k=2 J0=1 edges=[(0, 1, (0, 0)), (0, 1, (0, 0)), (0, 1, (0, 0)), (0, 1, (0, 0)), (0, 1, (0, 0)), (0, 1, (0, 0)), (0, 1, (0, 0)), (0, 0, (-2, -2)), (0, 0, (-2, -1))]
    kX=7 vkX=1 mu=1 k=2 J0=1 edges=[(0, 1, (0, 0)), (0, 1, (0, 0)), (0, 1, (0, 0)), (0, 1, (0, 0)), (0, 1, (0, 0)), (0, 1, (0, 0)), (0, 1, (0, 0)), (0, 0, (-2, -2)), (0, 0, (-2, 0))]
    kX=7 vkX=1 mu=1 k=2 J0=1 edges=[(0, 1, (0, 0)), (0, 1, (0, 0)), (0, 1, (0, 0)), (0, 1, (0, 0)), (0, 1, (0, 0)), (0, 1, (0, 0)), (0, 1, (0, 0)), (0, 0, (-2, -2)), (0, 0, (-2, 1))]

==========================================================================
注: この族では kappa(X)=ell（2 頂点 p 本平行辺の全域木数は p）なので
    v_ell(kappa(X))=1 が構成から保証される。cycle 16 が『2 頂点 ell 重平行辺で
    狙ったが構成した候補はすべて退化した』と報告したのは、平行辺だけでは
    voltage の自由度が足りないためである。ループを 2 本足すと（探索 3'）
    ell=3 と ell=7 では非退化例が大量に出る（それぞれ 208 / 248 件）。
    ell=5 が探索 3' で 0 件なのは偶然ではない: この族は平行辺が voltage を
    運ばずループ 2 本だけが運ぶので H はトーラス型 -(T^2+S^2) になり、
    非退化 <=> -1 が F_ell の平方でない（cycle14 §8.4）。-1 は mod 3, mod 7 で
    非平方、mod 5 で平方（-1 = 2^2）なので ell=5 だけ必ず退化する。
    ell=5 の例 B4 は探索 3（平行辺の voltage も振る側）から取っており、
    ell=3 の例 B5 は探索 3' から取っている。
==========================================================================
終了 [   38.4s]
