**
(document.tex
LaTeX2e <2021-11-15> patch level 1
L3 programming layer <2022-02-24> (article.cls
Document Class: article 2021/10/04 v1.4n Standard LaTeX document class
(size11.clo
File: size11.clo 2021/10/04 v1.4n Standard LaTeX file (size option)
)
\c@part=\count181
\c@section=\count182
\c@subsection=\count183
\c@subsubsection=\count184
\c@paragraph=\count185
\c@subparagraph=\count186
\c@figure=\count187
\c@table=\count188
\abovecaptionskip=\skip47
\belowcaptionskip=\skip48
\bibindent=\dimen138
) (amsmath.sty
Package: amsmath 2021/10/15 v2.17l AMS math features
\@mathmargin=\skip49

For additional information on amsmath, use the `?' option.
(amstext.sty
Package: amstext 2021/08/26 v2.01 AMS text
 (amsgen.sty
File: amsgen.sty 1999/11/30 v2.0 generic functions
\@emptytoks=\toks16
\ex@=\dimen139
)) (amsbsy.sty
Package: amsbsy 1999/11/29 v1.2d Bold Symbols
\pmbraise@=\dimen140
) (amsopn.sty
Package: amsopn 2021/08/26 v2.02 operator names
)
\inf@bad=\count189
LaTeX Info: Redefining \frac on input line 234.
\uproot@=\count190
\leftroot@=\count191
LaTeX Info: Redefining \overline on input line 399.
\classnum@=\count192
\DOTSCASE@=\count193
LaTeX Info: Redefining \ldots on input line 496.
LaTeX Info: Redefining \dots on input line 499.
LaTeX Info: Redefining \cdots on input line 620.
\Mathstrutbox@=\box50
\strutbox@=\box51
\big@size=\dimen141
LaTeX Font Info:    Redeclaring font encoding OML on input line 743.
LaTeX Font Info:    Redeclaring font encoding OMS on input line 744.
\macc@depth=\count194
\c@MaxMatrixCols=\count195
\dotsspace@=\muskip16
\c@parentequation=\count196
\dspbrk@lvl=\count197
\tag@help=\toks17
\row@=\count198
\column@=\count199
\maxfields@=\count266
\andhelp@=\toks18
\eqnshift@=\dimen142
\alignsep@=\dimen143
\tagshift@=\dimen144
\tagwidth@=\dimen145
\totwidth@=\dimen146
\lineht@=\dimen147
\@envbody=\toks19
\multlinegap=\skip50
\multlinetaggap=\skip51
\mathdisplay@stack=\toks20
LaTeX Info: Redefining \[ on input line 2938.
LaTeX Info: Redefining \] on input line 2939.
) (amssymb.sty
Package: amssymb 2013/01/14 v3.01 AMS font symbols

(amsfonts.sty
Package: amsfonts 2013/01/14 v3.01 Basic AMSFonts support
\symAMSa=\mathgroup4
\symAMSb=\mathgroup5
LaTeX Font Info:    Redeclaring math symbol \hbar on input line 98.
LaTeX Font Info:    Overwriting math alphabet `\mathfrak' in version `bold'
(Font)                  U/euf/m/n --> U/euf/b/n on input line 106.
)) (amsthm.sty
Package: amsthm 2020/05/29 v2.20.6
\thm@style=\toks21
\thm@bodyfont=\toks22
\thm@headfont=\toks23
\thm@notefont=\toks24
\thm@headpunct=\toks25
\thm@preskip=\skip52
\thm@postskip=\skip53
\thm@headsep=\skip54
\dth@everypar=\toks26
) (geometry.sty
Package: geometry 2020/01/02 v5.9 Page Geometry
 (keyval.sty
Package: keyval 2014/10/28 v1.15 key=value parser (DPC)
\KV@toks@=\toks27
) (ifvtex.sty
Package: ifvtex 2019/10/25 v1.7 ifvtex legacy package. Use iftex instead.
 (iftex.sty
Package: iftex 2022/02/03 v1.0f TeX engine tests
))
\Gm@cnth=\count267
\Gm@cntv=\count268
\c@Gm@tempcnt=\count269
\Gm@bindingoffset=\dimen148
\Gm@wd@mp=\dimen149
\Gm@odd@mp=\dimen150
\Gm@even@mp=\dimen151
\Gm@layoutwidth=\dimen152
\Gm@layoutheight=\dimen153
\Gm@layouthoffset=\dimen154
\Gm@layoutvoffset=\dimen155
\Gm@dimlist=\toks28
) (xeCJK.sty (expl3.sty
Package: expl3 2022-02-24 L3 programming layer (loader) 
 (l3backend-xetex.def
File: l3backend-xetex.def 2022-02-07 L3 backend support: XeTeX
\c__kernel_sys_dvipdfmx_version_int=\count270
\l__color_backend_stack_int=\count271
\g__color_backend_stack_int=\count272
\g__graphics_track_int=\count273
\l__pdf_internal_box=\box52
\g__pdf_backend_object_int=\count274
\g__pdf_backend_annotation_int=\count275
\g__pdf_backend_link_int=\count276
))
Package: xeCJK 2021/12/12 v3.8.8 Typesetting CJK scripts with XeLaTeX
 (ctexhook.sty
Package: ctexhook 2021/12/12 v2.5.8 Document and package hooks (CTEX)
) (l3keys2e.sty
Package: l3keys2e 2022-01-12 LaTeX2e option processing using LaTeX3 keys
)
(xtemplate.sty
Package: xtemplate 2022-01-12 L3 Experimental prototype document functions
\l__xtemplate_tmp_dim=\dimen156
\l__xtemplate_tmp_int=\count277
\l__xtemplate_tmp_muskip=\muskip17
\l__xtemplate_tmp_skip=\skip55
) (xparse.sty
Package: xparse 2022-01-12 L3 Experimental document command parser
)
\l__xeCJK_tmp_int=\count278
\l__xeCJK_tmp_box=\box53
\l__xeCJK_tmp_dim=\dimen157
\l__xeCJK_tmp_skip=\skip56
\g__xeCJK_space_factor_int=\count279
\l__xeCJK_begin_int=\count280
\l__xeCJK_end_int=\count281
\c__xeCJK_CJK_class_int=\XeTeXcharclass1
\c__xeCJK_FullLeft_class_int=\XeTeXcharclass2
\c__xeCJK_FullRight_class_int=\XeTeXcharclass3
\c__xeCJK_HalfLeft_class_int=\XeTeXcharclass4
\c__xeCJK_HalfRight_class_int=\XeTeXcharclass5
\c__xeCJK_NormalSpace_class_int=\XeTeXcharclass6
\c__xeCJK_CM_class_int=\XeTeXcharclass7
\c__xeCJK_HangulJamo_class_int=\XeTeXcharclass8
\l__xeCJK_last_skip=\skip57
\g__xeCJK_node_int=\count282
\c__xeCJK_CJK_node_dim=\dimen158
\c__xeCJK_CJK-space_node_dim=\dimen159
\c__xeCJK_default_node_dim=\dimen160
\c__xeCJK_default-space_node_dim=\dimen161
\c__xeCJK_CJK-widow_node_dim=\dimen162
\c__xeCJK_normalspace_node_dim=\dimen163
\l__xeCJK_ccglue_skip=\skip58
\l__xeCJK_ecglue_skip=\skip59
\l__xeCJK_punct_kern_skip=\skip60
\l__xeCJK_last_penalty_int=\count283
\l__xeCJK_last_bound_dim=\dimen164
\l__xeCJK_last_kern_dim=\dimen165
\l__xeCJK_widow_penalty_int=\count284

Package xtemplate Info: Declaring object type 'xeCJK/punctuation' taking 0
(xtemplate)             argument(s) on line 2337.

\l__xeCJK_fixed_punct_width_dim=\dimen166
\l__xeCJK_mixed_punct_width_dim=\dimen167
\l__xeCJK_middle_punct_width_dim=\dimen168
\l__xeCJK_fixed_margin_width_dim=\dimen169
\l__xeCJK_mixed_margin_width_dim=\dimen170
\l__xeCJK_middle_margin_width_dim=\dimen171
\l__xeCJK_bound_punct_width_dim=\dimen172
\l__xeCJK_bound_margin_width_dim=\dimen173
\l__xeCJK_margin_minimum_dim=\dimen174
\l__xeCJK_kerning_total_width_dim=\dimen175
\l__xeCJK_same_align_margin_dim=\dimen176
\l__xeCJK_different_align_margin_dim=\dimen177
\l__xeCJK_kerning_margin_width_dim=\dimen178
\l__xeCJK_kerning_margin_minimum_dim=\dimen179
\l__xeCJK_bound_dim=\dimen180
\l__xeCJK_reverse_bound_dim=\dimen181
\l__xeCJK_margin_dim=\dimen182
\l__xeCJK_minimum_bound_dim=\dimen183
\l__xeCJK_kerning_margin_dim=\dimen184
\g__xeCJK_family_int=\count285
\l__xeCJK_fam_int=\count286
\g__xeCJK_fam_allocation_int=\count287
\l__xeCJK_verb_case_int=\count288
\l__xeCJK_verb_exspace_skip=\skip61
 (fontspec.sty
Package: fontspec 2022/01/15 v2.8a Font selection for XeLaTeX and LuaLaTeX
 (fontspec-xetex.sty
Package: fontspec-xetex 2022/01/15 v2.8a Font selection for XeLaTeX and LuaLaTe
X
\l__fontspec_script_int=\count289
\l__fontspec_language_int=\count290
\l__fontspec_strnum_int=\count291
\l__fontspec_tmp_int=\count292
\l__fontspec_tmpa_int=\count293
\l__fontspec_tmpb_int=\count294
\l__fontspec_tmpc_int=\count295
\l__fontspec_em_int=\count296
\l__fontspec_emdef_int=\count297
\l__fontspec_strong_int=\count298
\l__fontspec_strongdef_int=\count299
\l__fontspec_tmpa_dim=\dimen185
\l__fontspec_tmpb_dim=\dimen186
\l__fontspec_tmpc_dim=\dimen187
 (fontenc.sty
Package: fontenc 2021/04/29 v2.0v Standard LaTeX package
)
(fontspec.cfg))) (xeCJK.cfg
File: xeCJK.cfg 2021/12/12 v3.8.8 Configuration file for xeCJK package
))

Package fontspec Info: Could not resolve font "Hiragino Mincho ProN/I" (it
(fontspec)             probably doesn't exist).


Package fontspec Info: Font family 'HiraginoMinchoProN(0)' created for font
(fontspec)             'Hiragino Mincho ProN' with options [Script={CJK}].
(fontspec)              
(fontspec)              This font family consists of the following NFSS
(fontspec)             series/shapes:
(fontspec)              
(fontspec)             - 'normal' (m/n) with NFSS spec.: <->"Hiragino Mincho
(fontspec)             ProN/OT:script=hani;language=dflt;"
(fontspec)             - 'small caps'  (m/sc) with NFSS spec.: 
(fontspec)             - 'bold' (b/n) with NFSS spec.: <->"Hiragino Mincho
(fontspec)             ProN/B/OT:script=hani;language=dflt;"
(fontspec)             - 'bold small caps'  (b/sc) with NFSS spec.: 
(fontspec)             - 'bold italic' (b/it) with NFSS spec.: <->"Hiragino
(fontspec)             Mincho ProN/BI/OT:script=hani;language=dflt;"
(fontspec)             - 'bold italic small caps'  (b/scit) with NFSS spec.: 

 (hyperref.sty
Package: hyperref 2022-02-21 v7.00n Hypertext links for LaTeX
 (ltxcmds.sty
Package: ltxcmds 2020-05-10 v1.25 LaTeX kernel commands for general use (HO)
) (pdftexcmds.sty
Package: pdftexcmds 2020-06-27 v0.33 Utility functions of pdfTeX for LuaTeX (HO
)

(infwarerr.sty
Package: infwarerr 2019/12/03 v1.5 Providing info/warning/error messages (HO)
)
Package pdftexcmds Info: \pdf@primitive is available.
Package pdftexcmds Info: \pdf@ifprimitive is available.
Package pdftexcmds Info: \pdfdraftmode not found.
) (kvsetkeys.sty
Package: kvsetkeys 2019/12/15 v1.18 Key value parser (HO)
) (kvdefinekeys.sty
Package: kvdefinekeys 2019-12-19 v1.6 Define keys (HO)
) (pdfescape.sty
Package: pdfescape 2019/12/09 v1.15 Implements pdfTeX's escape features (HO)
)
(hycolor.sty
Package: hycolor 2020-01-27 v1.10 Color options for hyperref/bookmark (HO)
) (letltxmacro.sty
Package: letltxmacro 2019/12/03 v1.6 Let assignment for LaTeX macros (HO)
) (auxhook.sty
Package: auxhook 2019-12-17 v1.6 Hooks for auxiliary files (HO)
) (kvoptions.sty
Package: kvoptions 2020-10-07 v3.14 Key value format for package options (HO)
)
\@linkdim=\dimen188
\Hy@linkcounter=\count300
\Hy@pagecounter=\count301
 (pd1enc.def
File: pd1enc.def 2022-02-21 v7.00n Hyperref: PDFDocEncoding definition (HO)
)
(intcalc.sty
Package: intcalc 2019/12/15 v1.3 Expandable calculations with integers (HO)
) (etexcmds.sty
Package: etexcmds 2019/12/15 v1.7 Avoid name clashes with e-TeX commands (HO)
)
\Hy@SavedSpaceFactor=\count302
 (puenc.def
File: puenc.def 2022-02-21 v7.00n Hyperref: PDF Unicode definition (HO)
)
Package hyperref Info: Hyper figures OFF on input line 4137.
Package hyperref Info: Link nesting OFF on input line 4142.
Package hyperref Info: Hyper index ON on input line 4145.
Package hyperref Info: Plain pages OFF on input line 4152.
Package hyperref Info: Backreferencing OFF on input line 4157.
Package hyperref Info: Implicit mode ON; LaTeX internals redefined.
Package hyperref Info: Bookmarks ON on input line 4390.
\c@Hy@tempcnt=\count303
 (url.sty
\Urlmuskip=\muskip18
Package: url 2013/09/16  ver 3.4  Verb mode for urls, etc.
)
LaTeX Info: Redefining \url on input line 4749.
\XeTeXLinkMargin=\dimen189
 (bitset.sty
Package: bitset 2019/12/09 v1.3 Handle bit-vector datatype (HO)
 (bigintcalc.sty
Package: bigintcalc 2019/12/15 v1.5 Expandable calculations on big integers (HO
)
))
\Fld@menulength=\count304
\Field@Width=\dimen190
\Fld@charsize=\dimen191
Package hyperref Info: Hyper figures OFF on input line 6027.
Package hyperref Info: Link nesting OFF on input line 6032.
Package hyperref Info: Hyper index ON on input line 6035.
Package hyperref Info: backreferencing OFF on input line 6042.
Package hyperref Info: Link coloring OFF on input line 6047.
Package hyperref Info: Link coloring with OCG OFF on input line 6052.
Package hyperref Info: PDF/A mode OFF on input line 6057.
LaTeX Info: Redefining \ref on input line 6097.
LaTeX Info: Redefining \pageref on input line 6101.
 (atbegshi-ltx.sty
Package: atbegshi-ltx 2021/01/10 v1.0c Emulation of the original atbegshi
package with kernel methods
)
\Hy@abspage=\count305
\c@Item=\count306
\c@Hfootnote=\count307
)
Package hyperref Info: Driver (autodetected): hxetex.
 (hxetex.def
File: hxetex.def 2022-02-21 v7.00n Hyperref driver for XeTeX
 (stringenc.sty
Package: stringenc 2019/11/29 v1.12 Convert strings between diff. encodings (HO
)
)
\pdfm@box=\box54
\c@Hy@AnnotLevel=\count308
\HyField@AnnotCount=\count309
\Fld@listcount=\count310
\c@bookmark@seq@number=\count311
 (rerunfilecheck.sty
Package: rerunfilecheck 2019/12/05 v1.9 Rerun checks for auxiliary files (HO)

(atveryend-ltx.sty
Package: atveryend-ltx 2020/08/19 v1.0a Emulation of the original atveryend pac
kage
with kernel methods
) (uniquecounter.sty
Package: uniquecounter 2019/12/15 v1.4 Provide unlimited unique counter (HO)
)
Package uniquecounter Info: New unique counter `rerunfilecheck' on input line 2
86.
)
\Hy@SectionHShift=\skip62
) (cleveref.sty
Package: cleveref 2018/03/27 v0.21.4 Intelligent cross-referencing
Package cleveref Info: `hyperref' support loaded on input line 2370.
LaTeX Info: Redefining \cref on input line 2370.
LaTeX Info: Redefining \Cref on input line 2370.
LaTeX Info: Redefining \crefrange on input line 2370.
LaTeX Info: Redefining \Crefrange on input line 2370.
LaTeX Info: Redefining \cpageref on input line 2370.
LaTeX Info: Redefining \Cpageref on input line 2370.
LaTeX Info: Redefining \cpagerefrange on input line 2370.
LaTeX Info: Redefining \Cpagerefrange on input line 2370.
LaTeX Info: Redefining \labelcref on input line 2370.
LaTeX Info: Redefining \labelcpageref on input line 2370.
Package cleveref Info: `amsthm' support loaded on input line 3026.
Package cleveref Info: include cross-reference names in hyperlinks on input lin
e 7836.
Package cleveref Info: include cross-reference names in hyperlinks on input lin
e 7852.
Package cleveref Info: no abbreviation of names on input line 7852.
)
\c@definition=\count312
 (document.aux)
\openout1 = `document.aux'.

LaTeX Font Info:    Checking defaults for OML/cmm/m/it on input line 22.
LaTeX Font Info:    ... okay on input line 22.
LaTeX Font Info:    Checking defaults for OMS/cmsy/m/n on input line 22.
LaTeX Font Info:    ... okay on input line 22.
LaTeX Font Info:    Checking defaults for OT1/cmr/m/n on input line 22.
LaTeX Font Info:    ... okay on input line 22.
LaTeX Font Info:    Checking defaults for T1/cmr/m/n on input line 22.
LaTeX Font Info:    ... okay on input line 22.
LaTeX Font Info:    Checking defaults for TS1/cmr/m/n on input line 22.
LaTeX Font Info:    Trying to load font information for TS1+cmr on input line 2
2.

(ts1cmr.fd
File: ts1cmr.fd 2019/12/16 v2.5j Standard LaTeX font definitions
)
LaTeX Font Info:    ... okay on input line 22.
LaTeX Font Info:    Checking defaults for TU/lmr/m/n on input line 22.
LaTeX Font Info:    ... okay on input line 22.
LaTeX Font Info:    Checking defaults for OMX/cmex/m/n on input line 22.
LaTeX Font Info:    ... okay on input line 22.
LaTeX Font Info:    Checking defaults for U/cmr/m/n on input line 22.
LaTeX Font Info:    ... okay on input line 22.
LaTeX Font Info:    Checking defaults for PD1/pdf/m/n on input line 22.
LaTeX Font Info:    ... okay on input line 22.
LaTeX Font Info:    Checking defaults for PU/pdf/m/n on input line 22.
LaTeX Font Info:    ... okay on input line 22.

*geometry* driver: auto-detecting
*geometry* detected driver: xetex
*geometry* verbose mode - [ preamble ] result:
* driver: xetex
* paper: a4paper
* layout: <same size as paper>
* layoutoffset:(h,v)=(0.0pt,0.0pt)
* modes: 
* h-part:(L,W,R)=(71.13188pt, 455.24411pt, 71.13188pt)
* v-part:(T,H,B)=(71.13188pt, 702.78308pt, 71.13188pt)
* \paperwidth=597.50787pt
* \paperheight=845.04684pt
* \textwidth=455.24411pt
* \textheight=702.78308pt
* \oddsidemargin=-1.1381pt
* \evensidemargin=-1.1381pt
* \topmargin=-38.1381pt
* \headheight=12.0pt
* \headsep=25.0pt
* \topskip=11.0pt
* \footskip=30.0pt
* \marginparwidth=50.0pt
* \marginparsep=10.0pt
* \columnsep=10.0pt
* \skip\footins=10.0pt plus 4.0pt minus 2.0pt
* \hoffset=0.0pt
* \voffset=0.0pt
* \mag=1000
* \@twocolumnfalse
* \@twosidefalse
* \@mparswitchfalse
* \@reversemarginfalse
* (1in=72.27pt=25.4mm, 1cm=28.453pt)


Package fontspec Info: Adjusting the maths setup (use [no-math] to avoid
(fontspec)             this).

\symlegacymaths=\mathgroup6
LaTeX Font Info:    Overwriting symbol font `legacymaths' in version `bold'
(Font)                  OT1/cmr/m/n --> OT1/cmr/bx/n on input line 22.
LaTeX Font Info:    Redeclaring math accent \acute on input line 22.
LaTeX Font Info:    Redeclaring math accent \grave on input line 22.
LaTeX Font Info:    Redeclaring math accent \ddot on input line 22.
LaTeX Font Info:    Redeclaring math accent \tilde on input line 22.
LaTeX Font Info:    Redeclaring math accent \bar on input line 22.
LaTeX Font Info:    Redeclaring math accent \breve on input line 22.
LaTeX Font Info:    Redeclaring math accent \check on input line 22.
LaTeX Font Info:    Redeclaring math accent \hat on input line 22.
LaTeX Font Info:    Redeclaring math accent \dot on input line 22.
LaTeX Font Info:    Redeclaring math accent \mathring on input line 22.
LaTeX Font Info:    Redeclaring math symbol \Gamma on input line 22.
LaTeX Font Info:    Redeclaring math symbol \Delta on input line 22.
LaTeX Font Info:    Redeclaring math symbol \Theta on input line 22.
LaTeX Font Info:    Redeclaring math symbol \Lambda on input line 22.
LaTeX Font Info:    Redeclaring math symbol \Xi on input line 22.
LaTeX Font Info:    Redeclaring math symbol \Pi on input line 22.
LaTeX Font Info:    Redeclaring math symbol \Sigma on input line 22.
LaTeX Font Info:    Redeclaring math symbol \Upsilon on input line 22.
LaTeX Font Info:    Redeclaring math symbol \Phi on input line 22.
LaTeX Font Info:    Redeclaring math symbol \Psi on input line 22.
LaTeX Font Info:    Redeclaring math symbol \Omega on input line 22.
LaTeX Font Info:    Redeclaring math symbol \mathdollar on input line 22.
LaTeX Font Info:    Redeclaring symbol font `operators' on input line 22.
LaTeX Font Info:    Encoding `OT1' has changed to `TU' for symbol font
(Font)              `operators' in the math version `normal' on input line 22.
LaTeX Font Info:    Overwriting symbol font `operators' in version `normal'
(Font)                  OT1/cmr/m/n --> TU/lmr/m/n on input line 22.
LaTeX Font Info:    Encoding `OT1' has changed to `TU' for symbol font
(Font)              `operators' in the math version `bold' on input line 22.
LaTeX Font Info:    Overwriting symbol font `operators' in version `bold'
(Font)                  OT1/cmr/bx/n --> TU/lmr/m/n on input line 22.
LaTeX Font Info:    Overwriting symbol font `operators' in version `normal'
(Font)                  TU/lmr/m/n --> TU/lmr/m/n on input line 22.
LaTeX Font Info:    Overwriting math alphabet `\mathit' in version `normal'
(Font)                  OT1/cmr/m/it --> TU/lmr/m/it on input line 22.
LaTeX Font Info:    Overwriting math alphabet `\mathbf' in version `normal'
(Font)                  OT1/cmr/bx/n --> TU/lmr/b/n on input line 22.
LaTeX Font Info:    Overwriting math alphabet `\mathsf' in version `normal'
(Font)                  OT1/cmss/m/n --> TU/lmss/m/n on input line 22.
LaTeX Font Info:    Overwriting math alphabet `\mathtt' in version `normal'
(Font)                  OT1/cmtt/m/n --> TU/lmtt/m/n on input line 22.
LaTeX Font Info:    Overwriting symbol font `operators' in version `bold'
(Font)                  TU/lmr/m/n --> TU/lmr/b/n on input line 22.
LaTeX Font Info:    Overwriting math alphabet `\mathit' in version `bold'
(Font)                  OT1/cmr/bx/it --> TU/lmr/b/it on input line 22.
LaTeX Font Info:    Overwriting math alphabet `\mathsf' in version `bold'
(Font)                  OT1/cmss/bx/n --> TU/lmss/b/n on input line 22.
LaTeX Font Info:    Overwriting math alphabet `\mathtt' in version `bold'
(Font)                  OT1/cmtt/m/n --> TU/lmtt/b/n on input line 22.
Package hyperref Info: Link coloring OFF on input line 22.
(nameref.sty
Package: nameref 2021-04-02 v2.47 Cross-referencing by name of section
 (refcount.sty
Package: refcount 2019/12/15 v3.6 Data extraction from label references (HO)
) (gettitlestring.sty
Package: gettitlestring 2019/12/15 v1.6 Cleanup title references (HO)
)
\c@section@level=\count313
)
LaTeX Info: Redefining \ref on input line 22.
LaTeX Info: Redefining \pageref on input line 22.
LaTeX Info: Redefining \nameref on input line 22.
 (document.out) (document.out)
\@outlinefile=\write3
\openout3 = `document.out'.

LaTeX Font Info:    Trying to load font information for U+msa on input line 24.

(umsa.fd
File: umsa.fd 2013/01/14 v3.01 AMS symbols A
)
LaTeX Font Info:    Trying to load font information for U+msb on input line 24.

 (umsb.fd
File: umsb.fd 2013/01/14 v3.01 AMS symbols B
)

LaTeX Font Warning: Font shape `TU/HiraginoMinchoProN(0)/m/it' undefined
(Font)              using `TU/HiraginoMinchoProN(0)/m/n' instead on input line 
27.

[1

] [2]
LaTeX Font Info:    Trying to load font information for U+euf on input line 274
.
 (ueuf.fd
File: ueuf.fd 2013/01/14 v3.01 Euler Fraktur
) [3] [4]
Overfull \hbox (64.15321pt too wide) detected at line 531
\OML/cmm/m/it/10.95 Z[]\OT1/cmr/m/n/10.95 (\OMS/cmsy/m/n/10.95 ^^@\OT1/cmr/m/n/
10.95 1) = 0  \OMS/cmsy/m/n/10.95 ([])  9\OML/cmm/m/it/10.95 w \OMS/cmsy/m/n/10
.95 2 \OML/cmm/m/it/10.95 V;  [] \OMS/cmsy/m/n/10.95 2 f\OT1/cmr/m/n/10.95 2\OM
L/cmm/m/it/10.95 n \OT1/cmr/m/n/10.95 + 1 \OMS/cmsy/m/n/10.95 j \OML/cmm/m/it/1
0.95 n \OMS/cmsy/m/n/10.95 2 \U/msb/m/n/10.95 N\OMS/cmsy/m/n/10.95 g\OML/cmm/m/
it/10.95 :
 []


Overfull \hbox (113.84708pt too wide) detected at line 576
\OT1/cmr/m/n/10.95 (\OML/cmm/m/it/10.95 x \OT1/cmr/m/n/10.95 + 1) \OMS/cmsy/m/n
/10.95 j \OML/cmm/m/it/10.95 Z[]\OT1/cmr/m/n/10.95 (\OML/cmm/m/it/10.95 x\OT1/c
mr/m/n/10.95 ) []\U/msb/m/n/10.95 Z\OT1/cmr/m/n/10.95 [\OML/cmm/m/it/10.95 x\OT
1/cmr/m/n/10.95 ]  \OMS/cmsy/m/n/10.95 ([])  9\OML/cmm/m/it/10.95 w \OMS/cmsy/m
/n/10.95 2 \OML/cmm/m/it/10.95 V;  [] \OMS/cmsy/m/n/10.95 2 f\OT1/cmr/m/n/10.95
 2\OML/cmm/m/it/10.95 n \OT1/cmr/m/n/10.95 + 1 \OMS/cmsy/m/n/10.95 j \OML/cmm/m
/it/10.95 n \OMS/cmsy/m/n/10.95 2 \U/msb/m/n/10.95 N\OMS/cmsy/m/n/10.95 g\OML/c
mm/m/it/10.95 :
 []

[5]
Overfull \hbox (63.87946pt too wide) detected at line 614
\OML/cmm/m/it/10.95 Z[]\OT1/cmr/m/n/10.95 (\OMS/cmsy/m/n/10.95 ^^@\OT1/cmr/m/n/
10.95 1) = 0  \OMS/cmsy/m/n/10.95 ([])  9\OML/cmm/m/it/10.95 w \OMS/cmsy/m/n/10
.95 2 \OML/cmm/m/it/10.95 V;  [] \OMS/cmsy/m/n/10.95 2 f\OT1/cmr/m/n/10.95 2\OM
L/cmm/m/it/10.95 n \OT1/cmr/m/n/10.95 + 1 \OMS/cmsy/m/n/10.95 j \OML/cmm/m/it/1
0.95 n \OMS/cmsy/m/n/10.95 2 \U/msb/m/n/10.95 N\OMS/cmsy/m/n/10.95 g\OML/cmm/m/
it/10.95 :
 []


Overfull \hbox (119.32208pt too wide) detected at line 637
\OT1/cmr/m/n/10.95 2(\OML/cmm/m/it/10.95 x \OT1/cmr/m/n/10.95 + 1) \OMS/cmsy/m/
n/10.95 j \OML/cmm/m/it/10.95 Z[]\OT1/cmr/m/n/10.95 (\OML/cmm/m/it/10.95 x\OT1/
cmr/m/n/10.95 ) []\U/msb/m/n/10.95 Z\OT1/cmr/m/n/10.95 [\OML/cmm/m/it/10.95 x\O
T1/cmr/m/n/10.95 ]  \OMS/cmsy/m/n/10.95 ([])  9\OML/cmm/m/it/10.95 w \OMS/cmsy/
m/n/10.95 2 \OML/cmm/m/it/10.95 V;  [] \OMS/cmsy/m/n/10.95 2 f\OT1/cmr/m/n/10.9
5 2\OML/cmm/m/it/10.95 n \OT1/cmr/m/n/10.95 + 1 \OMS/cmsy/m/n/10.95 j \OML/cmm/
m/it/10.95 n \OMS/cmsy/m/n/10.95 2 \U/msb/m/n/10.95 N\OMS/cmsy/m/n/10.95 g\OML/
cmm/m/it/10.95 :
 []

[6]
Overfull \hbox (112.45409pt too wide) detected at line 863
[][]
 []

[7]
Overfull \hbox (128.07771pt too wide) detected at line 887
[][]
 []

[8] [9] [10] [11] [12]
Overfull \hbox (201.38948pt too wide) detected at line 1505
[][]
 []

[13]
Overfull \hbox (58.64598pt too wide) detected at line 1590
[][]
 []

[14]
Overfull \hbox (27.16649pt too wide) detected at line 1739
[][]
 []

[15]
Overfull \hbox (124.93832pt too wide) detected at line 1801
[][]
 []


Overfull \hbox (196.9179pt too wide) detected at line 1834
[] \OML/cmm/m/it/10.95 ^^K[] \OT1/cmr/m/n/10.95 = [] \OMS/cmsy/m/n/10.95 2 \U/m
sb/m/n/10.95 Q \OMS/cmsy/m/n/10.95 ^^Z []\OML/cmm/m/it/10.95 :
 []

[16]
Overfull \hbox (204.66461pt too wide) detected at line 1949
[][]
 []

[17]
Overfull \hbox (59.38475pt too wide) detected at line 2026
[][]
 []

[18]
Overfull \hbox (199.21974pt too wide) detected at line 2238
[][]
 []

[19]
Overfull \hbox (52.3007pt too wide) detected at line 2337
[][]
 []


Overfull \hbox (200.53354pt too wide) detected at line 2400
[][]
 []

[20] [21]
Overfull \hbox (24.78067pt too wide) detected at line 2598
[] \OT1/cmr/m/n/10.95 := [] \OML/cmm/m/it/10.95 ^^K[];  [] \OT1/cmr/m/n/10.95 :
= [] \OML/cmm/m/it/10.95 ^^K[]^^K[];  [] \OT1/cmr/m/n/10.95 := [] \OML/cmm/m/it
/10.95 ^^K[]^^K[]^^K[];  [] \OT1/cmr/m/n/10.95 := [] \OML/cmm/m/it/10.95 ^^K[]^
^K[]
 []


Overfull \hbox (33.7777pt too wide) detected at line 2610
[][]
 []


Overfull \hbox (4.80469pt too wide) detected at line 2627
[][]
 []

[22]
Overfull \hbox (55.21915pt too wide) detected at line 2675
[][]
 []


Overfull \hbox (69.05365pt too wide) detected at line 2708
[] \OML/cmm/m/it/10.95 ^^K[] \OT1/cmr/m/n/10.95 = [] \OMS/cmsy/m/n/10.95 2 \U/m
sb/m/n/10.95 Q \OMS/cmsy/m/n/10.95 ^^Z []\OML/cmm/m/it/10.95 :
 []

[23]
Overfull \hbox (204.66461pt too wide) detected at line 2829
[][]
 []

[24]
Overfull \hbox (5.54675pt too wide) detected at line 2919
[][]
 []

[25] [26] [27] [28] [29] [30]
Overfull \hbox (30.98936pt too wide) detected at line 3508
[][]
 []

[31] [32]
Overfull \hbox (90.3594pt too wide) detected at line 3759
[][]
 []

[33]
Overfull \hbox (19.42285pt too wide) detected at line 3896
[][]
 []

[34] [35] [36]
Overfull \hbox (3.8347pt too wide) detected at line 4261
[][]
 []

[37]
Overfull \hbox (12.93701pt too wide) detected at line 4468
[][]
 []

[38]
Overfull \hbox (48.64456pt too wide) detected at line 4530
[] [] \OT1/cmr/m/n/10.95 = [] \OMS/cmsy/m/n/10.95 2 []\OML/cmm/m/it/10.95 :
 []

[39]
Overfull \hbox (41.83241pt too wide) detected at line 4619
\OML/cmm/m/it/10.95 D[][][]\OT1/cmr/m/n/10.95 (\OML/cmm/m/it/10.95 x\OT1/cmr/m/
n/10.95 ) = [] \OML/cmm/m/it/10.95 ^^S[]  [] ^^S[]  [] ^^S[]  [] x[] []\U/msa/m
/n/10.95 *  [][]\OML/cmm/m/it/10.95 :
 []


Overfull \hbox (17.77573pt too wide) detected at line 4653
\OML/cmm/m/it/10.95 D[][][]\OT1/cmr/m/n/10.95 (\OML/cmm/m/it/10.95 a\OT1/cmr/m/
n/10.95 ) = [] \OML/cmm/m/it/10.95 ^^S[]  [] a[] []\U/msa/m/n/10.95 *  []\OML/c
mm/m/it/10.95 x \OT1/cmr/m/n/10.95 = \OML/cmm/m/it/10.95 a[][]:
 []

[40]
Overfull \hbox (36.53264pt too wide) detected at line 4724
\OML/cmm/m/it/10.95 D[][][]\OT1/cmr/m/n/10.95 (\OML/cmm/m/it/10.95 a\OT1/cmr/m/
n/10.95 ) = \OML/cmm/m/it/10.95 ^^S[]  [] [] [] []\OT1/cmr/m/n/10.95 (\OML/cmm/
m/it/10.95 a \OMS/cmsy/m/n/10.95 ^^@ \OML/cmm/m/it/10.95 ^^K[]\OT1/cmr/m/n/10.9
5 ) []\U/msa/m/n/10.95 *  []\OML/cmm/m/it/10.95 x \OT1/cmr/m/n/10.95 = \OML/cmm
/m/it/10.95 a[][]:
 []


Overfull \hbox (270.63675pt too wide) detected at line 4784
[][]
 []

[41] [42]
Overfull \hbox (41.83241pt too wide) detected at line 5006
\OML/cmm/m/it/10.95 D[][][]\OT1/cmr/m/n/10.95 (\OML/cmm/m/it/10.95 x\OT1/cmr/m/
n/10.95 ) = [] \OML/cmm/m/it/10.95 ^^S[]  [] ^^S[]  [] ^^S[]  [] x[] []\U/msa/m
/n/10.95 *  [][]\OML/cmm/m/it/10.95 :
 []

[43]
Overfull \hbox (54.76494pt too wide) detected at line 5065
\OML/cmm/m/it/10.95 D[][][]\OT1/cmr/m/n/10.95 (\OML/cmm/m/it/10.95 a\OT1/cmr/m/
n/10.95 ) = [] \OML/cmm/m/it/10.95 ^^S[]  [] a[] []\U/msa/m/n/10.95 *  []\OML/c
mm/m/it/10.95 x \OT1/cmr/m/n/10.95 = \OML/cmm/m/it/10.95 a[][]:
 []

[44]
Overfull \hbox (34.70844pt too wide) detected at line 5150
\OML/cmm/m/it/10.95 D[][][]\OT1/cmr/m/n/10.95 (\OML/cmm/m/it/10.95 x\OT1/cmr/m/
n/10.95 ) = \OML/cmm/m/it/10.95 ^^S[]  [] [] [] [] []\OT1/cmr/m/n/10.95 (\OML/c
mm/m/it/10.95 x \OMS/cmsy/m/n/10.95 ^^@ \OML/cmm/m/it/10.95 ^^K[]\OT1/cmr/m/n/1
0.95 ) []\U/msa/m/n/10.95 *  [][]\OML/cmm/m/it/10.95 :
 []


Overfull \hbox (96.91063pt too wide) detected at line 5160
\OML/cmm/m/it/10.95 D[][][]\OT1/cmr/m/n/10.95 (\OML/cmm/m/it/10.95 a\OT1/cmr/m/
n/10.95 ) = \OML/cmm/m/it/10.95 ^^S[]  [] [] [] [] []\OT1/cmr/m/n/10.95 (\OML/c
mm/m/it/10.95 a \OMS/cmsy/m/n/10.95 ^^@ \OML/cmm/m/it/10.95 ^^K[]\OT1/cmr/m/n/1
0.95 ) []\U/msa/m/n/10.95 *  []\OML/cmm/m/it/10.95 x \OT1/cmr/m/n/10.95 = \OML/
cmm/m/it/10.95 a[][]:
 []


Overfull \hbox (76.28465pt too wide) detected at line 5176
[] \OT1/cmr/m/n/10.95 = [] []\U/msa/m/n/10.95 *  [][]\OML/cmm/m/it/10.95 :
 []


Overfull \hbox (65.33466pt too wide) detected at line 5195
[] \OT1/cmr/m/n/10.95 = [] []\U/msa/m/n/10.95 *  [][]\OML/cmm/m/it/10.95 :
 []


Overfull \hbox (11.64163pt too wide) detected at line 5228
[] \OT1/cmr/m/n/10.95 = [] [] [] [] []\U/msa/m/n/10.95 *  [][]\OML/cmm/m/it/10.
95 :
 []


Overfull \hbox (34.51231pt too wide) detected at line 5273
[][]
 []

[45]
Overfull \hbox (76.99855pt too wide) detected at line 5294
[][]
 []


Overfull \hbox (17.41707pt too wide) detected at line 5305
\OMS/cmsy/m/n/10.95 R[]\OT1/cmr/m/n/10.95 (\OML/cmm/m/it/10.95 a\OT1/cmr/m/n/10
.95 )[] = \OML/cmm/m/it/10.95 S[]\OT1/cmr/m/n/10.95 (\OML/cmm/m/it/10.95 a\OT1/
cmr/m/n/10.95 ) + \OML/cmm/m/it/10.95 U[]\OT1/cmr/m/n/10.95 (\OML/cmm/m/it/10.9
5 a\OT1/cmr/m/n/10.95 ) + \OML/cmm/m/it/10.95 U[]\OT1/cmr/m/n/10.95 (\OML/cmm/m
/it/10.95 a\OT1/cmr/m/n/10.95 ) + \OML/cmm/m/it/10.95 U[]\OT1/cmr/m/n/10.95 (\O
ML/cmm/m/it/10.95 a\OT1/cmr/m/n/10.95 ) + \OML/cmm/m/it/10.95 T[]\OT1/cmr/m/n/1
0.95 (\OML/cmm/m/it/10.95 a\OT1/cmr/m/n/10.95 ) []\U/msa/m/n/10.95 *  \OML/cmm/
m/it/10.95 V[]\OT1/cmr/m/n/10.95 (\OML/cmm/m/it/10.95 a\OT1/cmr/m/n/10.95 ) = \
OML/cmm/m/it/10.95 U[]\OT1/cmr/m/n/10.95 (\OML/cmm/m/it/10.95 a\OT1/cmr/m/n/10.
95 )[][]\OML/cmm/m/it/10.95 :
 []

[46]
Overfull \hbox (4.61627pt too wide) detected at line 5419
\OML/cmm/m/it/10.95 q[]S[]\OT1/cmr/m/n/10.95 (\OML/cmm/m/it/10.95 a\OT1/cmr/m/n
/10.95 ) = [] \OMS/cmsy/m/n/10.95 ^^@ [][] \OT1/cmr/m/n/10.95 + \OML/cmm/m/it/1
0.95 q[][][] []\U/msa/m/n/10.95 *  [][]\OML/cmm/m/it/10.95 :
 []


Overfull \hbox (31.18883pt too wide) detected at line 5439
\OML/cmm/m/it/10.95 q[]S[]\OT1/cmr/m/n/10.95 (\OML/cmm/m/it/10.95 a\OT1/cmr/m/n
/10.95 ) = [] []\U/msa/m/n/10.95 *  \OML/cmm/m/it/10.95 q[] \OT1/cmr/m/n/10.95 
= 1[][][]\OML/cmm/m/it/10.95 :
 []


Overfull \hbox (31.46254pt too wide) detected at line 5461
\OML/cmm/m/it/10.95 q[]S[]\OT1/cmr/m/n/10.95 (\OML/cmm/m/it/10.95 a\OT1/cmr/m/n
/10.95 ) = [] []\U/msa/m/n/10.95 *  [][][]\OML/cmm/m/it/10.95 :
 []

[47]
Overfull \hbox (16.41571pt too wide) detected at line 5571
[][]
 []

[48] [49] [50]
Overfull \hbox (23.56679pt too wide) detected at line 5894
[] \OT1/cmr/m/n/10.95 
[](\OML/cmm/m/it/10.95 m\OT1/cmr/m/n/10.95 )\OML/cmm/m/it/10.95 q[] < [] \OT1/c
mr/m/n/10.95 
[](\OML/cmm/m/it/10.95 m\OT1/cmr/m/n/10.95 )\OML/cmm/m/it/10.95 q[] []\U/msa/m/
n/10.95 *  \OML/cmm/m/it/10.95 m \OT1/cmr/m/n/10.95 = \OML/cmm/m/it/10.95 m[][]
[]:
 []

[51] [52] [53] [54] [55] [56] (document.aux)

LaTeX Font Warning: Some font shapes were not available, defaults substituted.

Package rerunfilecheck Info: File `document.out' has not changed.
(rerunfilecheck)             Checksum: 136D271E6B286FF0E67A1A8C4C9E49EB;288.
 )
Output written on document.xdv (56 pages, 708096 bytes).
