==============================================================================
Step A: 補題 A・補題 B（多項式恒等式。数値ではなく QQ[a,b] 上の等式として検査）
==============================================================================
  A_0 = 0  A_1 = 0
  A_2 = a^2 + b^2
  A_3 = a^3 + a^2*b + a*b^2 + b^3 - a^2 - b^2
  A_4 = 7/12*a^4 + a^3*b + a^2*b^2 + a*b^3 + 7/12*b^4 - 3/2*a^3 - 3/2*a^2*b - 3/2*a*b^2 - 3/2*b^3 + 11/12*a^2 + 11/12*b^2
  A_2, A_3, A_4 は report §3.1 の証明中の二項係数表示と一致: OK
  A_2..A_7 は -6 <= a,b <= 6 の全点で整数値: OK
  A_2 | (b = c a, c^2 = -1) = 0
  A_3 | (b = c a, c^2 = -1) = 0
  A_4 | (b = c a, c^2 = -1) = 1/6*aa^4
  A_5 | (b = c a, c^2 = -1) = (1/6*I + 1/6)*aa^5 - 1/3*aa^4
  => 補題 B: A_2 = A_3 = 0, A_4 = a^4/6（QQ[c]/(c^2+1) 上の恒等式）: OK
  [別経路] Xi_0 = a^-2 * (a^2 + b^2)  Xi_1 = a^-2 * b * (a^2 + b^2)  Xi_2 = (1/12) * a^-2 * b * (5*a^2*b + 7*b^3 - 6*a^2 - 6*b^2)
  [別経路] Xi_0, Xi_1 はともに (a^2+b^2) の倍元（= 帯上で 0）: True

==============================================================================
Step B: v_ell(D(zeta,xi)) * phi(ell^M) の全列挙（帯上 4 / 帯外 2 の判定）
==============================================================================

  B-1: レベル M の対角点を **全列挙**（a, b ともに単元）
    [   0.1s] ell= 5 M=1  点数     16  帯上の分布 {4: 8}  帯外の分布 {2: 8}
    [   0.1s] ell= 5 M=2  点数    400  帯上の分布 {4: 200}  帯外の分布 {2: 200}
    [   1.4s] ell= 5 M=3  点数  10000  帯上の分布 {4: 5000}  帯外の分布 {2: 5000}
    [   1.4s] ell=13 M=1  点数    144  帯上の分布 {4: 24}  帯外の分布 {2: 120}
    [   1.4s] ell=17 M=1  点数    256  帯上の分布 {4: 32}  帯外の分布 {2: 224}
    [   1.4s] ell=29 M=1  点数    784  帯上の分布 {4: 56}  帯外の分布 {2: 728}
    [   1.4s] ell=37 M=1  点数   1296  帯上の分布 {4: 72}  帯外の分布 {2: 1224}
    [   1.5s] ell=41 M=1  点数   1600  帯上の分布 {4: 80}  帯外の分布 {2: 1520}
    [   1.5s] ell= 3 M=1  点数      4  帯上の分布 -  帯外の分布 {2: 4}
    [   1.5s] ell= 3 M=2  点数     36  帯上の分布 -  帯外の分布 {2: 36}
    [   1.5s] ell= 7 M=1  点数     36  帯上の分布 -  帯外の分布 {2: 36}
    [   1.5s] ell= 7 M=2  点数   1764  帯上の分布 -  帯外の分布 {2: 1764}
    [   1.5s] ell=11 M=1  点数    100  帯上の分布 -  帯外の分布 {2: 100}
    [   1.5s] ell=19 M=1  点数    324  帯上の分布 -  帯外の分布 {2: 324}
    [   1.5s] ell=23 M=1  点数    484  帯上の分布 -  帯外の分布 {2: 484}

  B-2: 深いレベル。Gal(K/Q) = (Z/ell^M)^* が (a,b) -> (ua,ub) で作用し
       付値は Galois 不変なので、a = 1 の列だけで全点を尽くす（標本抽出ではない）
    [   5.8s] ell= 5 M=4  a=1 の列    500 点  帯上 {4: 250}  帯外 {2: 250}
    [ 306.0s] ell= 5 M=5  a=1 の列   2500 点  帯上 {4: 395}  帯外 {2: 395} [打ち切り]
    [ 606.8s] ell= 5 M=6  a=1 の列  12500 点  帯上 {4: 40}  帯外 {2: 40} [打ち切り]
    [ 606.9s] ell=13 M=2  a=1 の列    156 点  帯上 {4: 26}  帯外 {2: 130}
    [ 907.0s] ell=13 M=3  a=1 の列   2028 点  帯上 {4: 179}  帯外 {2: 896} [打ち切り]
    [ 907.3s] ell=17 M=2  a=1 の列    272 点  帯上 {4: 34}  帯外 {2: 238}
    [ 929.7s] ell=29 M=2  a=1 の列    812 点  帯上 {4: 58}  帯外 {2: 754}
    [1049.4s] ell=37 M=2  a=1 の列   1332 点  帯上 {4: 74}  帯外 {2: 1258}

  B-3: 非対角点（位数が異なる: 方向は (1:0) または (0:1) で必ず帯の外）
    [1049.4s] ell= 5 M=2  非対角    208 点  v*phi(ell^max) の分布 {2: 208}
    [1050.2s] ell= 5 M=3  非対角   5208 点  v*phi(ell^max) の分布 {2: 5208}
    [1052.0s] ell=13 M=2  非対角   4080 点  v*phi(ell^max) の分布 {2: 4080}
    [1069.3s] ell=17 M=2  非対角   9280 点  v*phi(ell^max) の分布 {2: 9280}
    [1069.3s] ell= 7 M=2  非対角    600 点  v*phi(ell^max) の分布 {2: 600}
    [1069.3s] ell= 3 M=2  非対角     40 点  v*phi(ell^max) の分布 {2: 40}

==============================================================================
Step C: 閉形式 ord_ell(kappa_n) と塔の厳密値（2 段終結式）の照合
==============================================================================

  C-1: 点ごとの付値の実測をレベルごとに足し上げ、閉形式と一致するかを見る
    [1071.4s] ell= 5 n=1..3  レベル和 == 閉形式: OK
    [1085.7s] ell=13 n=1..2  レベル和 == 閉形式: OK
    [1255.7s] ell=17 n=1..2  レベル和 == 閉形式: OK
    [1255.7s] ell= 3 n=1..3  レベル和 == 閉形式: OK
    [1255.8s] ell= 7 n=1..2  レベル和 == 閉形式: OK
    [1258.4s] ell=11 n=1..2  レベル和 == 閉形式: OK

  C-2: 2 段終結式による ord_ell(kappa_n) の独立計算との照合（out-of-sample）
    [1261.5s] ell= 3  (n, 実測, 閉形式) = [(1, 6, 6), (2, 28, 28), (3, 98, 98), (4, 312, 312)]
    [1283.1s] ell= 5  (n, 実測, 閉形式) = [(1, 14, 14), (2, 92, 92), (3, 490, 490)]
    [1283.5s] ell= 7  (n, 実測, 閉形式) = [(1, 14, 14), (2, 124, 124)]
    [1304.9s] ell=11  (n, 実測, 閉形式) = [(1, 22, 22), (2, 284, 284)]
    [1447.9s] ell=13  (n, 実測, 閉形式) = [(1, 30, 30), (2, 444, 444)]
    [1447.9s] ell=17  (n, 実測, 閉形式) = [(1, 38, 38)]
    [1447.9s] ell=19  (n, 実測, 閉形式) = [(1, 38, 38)]
    [1448.0s] ell=23  (n, 実測, 閉形式) = [(1, 46, 46)]
    [1448.3s] ell=29  (n, 実測, 閉形式) = [(1, 62, 62)]
    [1448.6s] ell=37  (n, 実測, 閉形式) = [(1, 78, 78)]
    [1449.1s] ell=41  (n, 実測, 閉形式) = [(1, 86, 86)]
    [1450.3s] ell=53  (n, 実測, 閉形式) = [(1, 110, 110)]
    [1452.4s] ell=61  (n, 実測, 閉形式) = [(1, 126, 126)]

==============================================================================
Step D: 敵対的レビュー（自分の結論を反証しにいく）
==============================================================================

  D-1: 閉形式にフィットパラメータが 0 個であることの明示
       closed_form(ell,n) は ell と n だけの式で、塔の値も点ごとの付値も参照しない。
       Step C-2 の照合は全段が out-of-sample である。
       n >= 5 の段まで係数を決めるフィットは一切行っていない: OK

  D-2: 双方向の判定（帯の外に 4 が無い／帯の中に 2 が無い）
    ell= 5 M=1  帯上で 4 でない点 0 個 / 帯外で 2 でない点 0 個
    ell= 5 M=2  帯上で 4 でない点 0 個 / 帯外で 2 でない点 0 個
    ell=13 M=1  帯上で 4 でない点 0 個 / 帯外で 2 でない点 0 個
    ell=17 M=1  帯上で 4 でない点 0 個 / 帯外で 2 でない点 0 個
    ell=29 M=1  帯上で 4 でない点 0 個 / 帯外で 2 でない点 0 個
    ell=37 M=1  帯上で 4 でない点 0 個 / 帯外で 2 でない点 0 個

  D-3: A_4 が帯上で消えないこと（証明の要）を ell ごとに全列挙で確認
       主張: b = c a (c^2 = -1 mod ell), ell not| a なら A_4 = a^4/6 != 0 mod ell
    ell=  5  帯上の (a,b) を    8 組検査、A_2=A_3=0 かつ A_4=a^4/6、A_4=0 は 0 組
    ell= 13  帯上の (a,b) を   24 組検査、A_2=A_3=0 かつ A_4=a^4/6、A_4=0 は 0 組
    ell= 17  帯上の (a,b) を   32 組検査、A_2=A_3=0 かつ A_4=a^4/6、A_4=0 は 0 組
    ell= 29  帯上の (a,b) を   56 組検査、A_2=A_3=0 かつ A_4=a^4/6、A_4=0 は 0 組
    ell= 37  帯上の (a,b) を   72 組検査、A_2=A_3=0 かつ A_4=a^4/6、A_4=0 は 0 組
    ell= 41  帯上の (a,b) を   80 組検査、A_2=A_3=0 かつ A_4=a^4/6、A_4=0 は 0 組
    ell= 53  帯上の (a,b) を  104 組検査、A_2=A_3=0 かつ A_4=a^4/6、A_4=0 は 0 組
    ell= 61  帯上の (a,b) を  120 組検査、A_2=A_3=0 かつ A_4=a^4/6、A_4=0 は 0 組
    ell= 73  帯上の (a,b) を  144 組検査、A_2=A_3=0 かつ A_4=a^4/6、A_4=0 は 0 組
    ell= 89  帯上の (a,b) を  176 組検査、A_2=A_3=0 かつ A_4=a^4/6、A_4=0 は 0 組
    ell= 97  帯上の (a,b) を  192 組検査、A_2=A_3=0 かつ A_4=a^4/6、A_4=0 は 0 組
    ell=101  帯上の (a,b) を  200 組検査、A_2=A_3=0 かつ A_4=a^4/6、A_4=0 は 0 組

  D-4: ell = 2 に本証明を当てると壊れることの確認（証明が ell >= 5 を本当に使っている）
       ell = 2 では 1 > 2/phi(2^M) が M = 1,2 で成り立たず、また 6 が単元でない。
    ell=2 M=1  対角点の v*phi の分布 {3: 1}  （4 一律でない = 本証明は ell=2 に及ばない）
    ell=2 M=2  対角点の v*phi の分布 {4: 4}  （4 一律でない = 本証明は ell=2 に及ばない）
    ell=2 M=3  対角点の v*phi の分布 {6: 8, 8: 8}  （4 一律でない = 本証明は ell=2 に及ばない）
    ell=2 M=4  対角点の v*phi の分布 {10: 16, 6: 32, 16: 16}  （4 一律でない = 本証明は ell=2 に及ばない）
    => ell = 2 の対角は M = 3 で複数の値に分裂する（cycle16 §6.5 の観察を再現）: OK

  D-5: ell = 3 mod 4 では帯が空（z_H = 0）であることの確認
    ell = 3,7,11,19,23,31,43,47 で -1 は非平方（z_H = 0、非退化）: OK

==============================================================================
時間上限で打ち切った計算の一覧（3 件）:
    ('B-2', 5, 5, 'DEEP_BUDGET 300s 超過')
    ('B-2', 5, 6, 'DEEP_BUDGET 300s 超過')
    ('B-2', 13, 3, 'DEEP_BUDGET 300s 超過')
==============================================================================
[1452.5s] 失敗した検査: 0 件
==============================================================================
