##############################################################################
# cycle 19 step 3: pi_tr(p,k) の閉形式・w* の代数的記述・予想 A の決着
##############################################################################

==============================================================================
[named] 主要例の詳細（w* の 2 つの計算法・g_m・e_k）
==============================================================================
  T=[(0, 1, 0, 0), (1, 1, 0, 0), (0, 0, 0, 1), (0, 0, 1, 1)], p=2
    chi=x^4 - 2*x^3 - x^2 + 2*x + 1, rho=x^2 - x - 1, eta=4*x - 2
    det G=20, N(eta)=-20, w*(Smith)=1, w*(eta)=1
    tau=P_1(S)=3,  t_k=[1, 3, 6, 12, 24, 48]
    g_m=[2, 3, 4, 5, 6, 7, 8]   (m=0..6, 打ち切り水準 30)
    e_k=[None, 0, 1, 2, 3, 4]  /  max(0,k-g_0)=[0, 0, 1, 2, 3, 4]  /  k-1=[0, 1, 2, 3, 4, 5]
    [Y2] 改良主定理 p^max(k-w*-1,0) t_(w*+1) で押さえられるか: [True, True, True, True, True, True]
  T=[(0, 1), (1, 1)], p=2
    chi=x^2 - x - 1, rho=x^2 - x - 1, eta=2*x - 1
    det G=5, N(eta)=-5, w*(Smith)=0, w*(eta)=0
    tau=P_1(S)=3,  t_k=[3, 6, 12, 24, 48, 96]
    g_m=[1, 2, 3, 4, 5, 6, 7]   (m=0..6, 打ち切り水準 30)
    e_k=[0, 1, 2, 3, 4, 5]  /  max(0,k-g_0)=[0, 1, 2, 3, 4, 5]  /  k-1=[0, 1, 2, 3, 4, 5]
    [Y2] 改良主定理 p^max(k-w*-1,0) t_(w*+1) で押さえられるか: [True, True, True, True, True, True]
  T=[(0, 1), (1, 1)], p=5
    chi=x^2 - x - 1, rho=x^2 - x - 1, eta=2*x - 1
    det G=5, N(eta)=-5, w*(Smith)=1, w*(eta)=1
    tau=P_1(S)=20,  t_k=[4, 20, 100, 500, 2500, 12500]
    g_m=[2, 3, 4, 5, 6, 7, 8]   (m=0..6, 打ち切り水準 30)
    e_k=[None, 0, 1, 2, 3, 4]  /  max(0,k-g_0)=[0, 0, 1, 2, 3, 4]  /  k-1=[0, 1, 2, 3, 4, 5]
    [Y2] 改良主定理 p^max(k-w*-1,0) t_(w*+1) で押さえられるか: [True, True, True, True, True, True]
  T=[(1, 1), (0, 1)], p=2
    chi=x^2 - 2*x + 1, rho=x - 1, eta=2
    det G=2, N(eta)=2, w*(Smith)=1, w*(eta)=1
    tau=P_1(S)=1,  t_k=[1, 1, 1, 1, 1, 1]
    g_m=[30, 30, 30, 30, 30, 30, 30]   (m=0..6, 打ち切り水準 30)
    e_k=[0, 0, 0, 0, 0, 0]  /  max(0,k-g_0)=[0, 0, 0, 0, 0, 0]  /  k-1=[0, 1, 2, 3, 4, 5]
    [Y2] 改良主定理 p^max(k-w*-1,0) t_(w*+1) で押さえられるか: [True, True, True, True, True, True]
  T=[(3)], p=2
    chi=x - 3, rho=x - 3, eta=1
    det G=1, N(eta)=1, w*(Smith)=0, w*(eta)=0
    tau=P_1(S)=1,  t_k=[1, 2, 2, 4, 8, 16]
    g_m=[1, 3, 4, 5, 6, 7, 8]   (m=0..6, 打ち切り水準 30)
    e_k=[0, 1, 1, 2, 3, 4]  /  max(0,k-g_0)=[0, 1, 2, 3, 4, 5]  /  k-1=[0, 1, 2, 3, 4, 5]
    [Y2] 改良主定理 p^max(k-w*-1,0) t_(w*+1) で押さえられるか: [True, True, True, True, True, True]
  T=[(1, 1, -1), (2, 1, -2), (-2, -1, -1)], p=2
    chi=x^3 - x^2 - 7*x - 3, rho=x^3 - x^2 - 7*x - 3, eta=3*x^2 - 2*x - 7
    det G=788, N(eta)=-788, w*(Smith)=1, w*(eta)=1
    tau=P_1(S)=4,  t_k=[1, 4, 8, 16, 32, 64]
    g_m=[2, 3, 4, 5, 6, 7, 8]   (m=0..6, 打ち切り水準 30)
    e_k=[None, 0, 1, 2, 3, 4]  /  max(0,k-g_0)=[0, 0, 1, 2, 3, 4]  /  k-1=[0, 1, 2, 3, 4, 5]
    [Y2] 改良主定理 p^max(k-w*-1,0) t_(w*+1) で押さえられるか: [True, True, True, True, True, True]
  T=[(2, -1, 2), (-3, -3, -2), (-1, -2, -2)], p=3
    chi=x^3 + 3*x^2 - 9*x - 14, rho=x^3 + 3*x^2 - 9*x - 14, eta=3*x^2 + 6*x - 9
    det G=6669, N(eta)=-6669, w*(Smith)=1, w*(eta)=1
    tau=P_1(S)=6,  t_k=[1, 6, 18, 54, 162, 486]
    g_m=[2, 3, 4, 5, 6, 7, 8]   (m=0..6, 打ち切り水準 30)
    e_k=[None, 0, 1, 2, 3, 4]  /  max(0,k-g_0)=[0, 0, 1, 2, 3, 4]  /  k-1=[0, 1, 2, 3, 4, 5]
    [Y2] 改良主定理 p^max(k-w*-1,0) t_(w*+1) で押さえられるか: [True, True, True, True, True, True]
  T=[(-3, -2, -1), (3, -3, -2), (2, 2, -1)], p=2
    chi=x^3 + 7*x^2 + 27*x + 31, rho=x^3 + 7*x^2 + 27*x + 31, eta=3*x^2 + 14*x + 27
    det G=-6028, N(eta)=6028, w*(Smith)=1, w*(eta)=1
    tau=P_1(S)=4,  t_k=[1, 4, 8, 16, 32, 64]
    g_m=[2, 3, 4, 5, 6, 7, 8]   (m=0..6, 打ち切り水準 30)
    e_k=[None, 0, 1, 2, 3, 4]  /  max(0,k-g_0)=[0, 0, 1, 2, 3, 4]  /  k-1=[0, 1, 2, 3, 4, 5]
    [Y2] 改良主定理 p^max(k-w*-1,0) t_(w*+1) で押さえられるか: [True, True, True, True, True, True]

==============================================================================
[named+scalar]  検査した (T,p) 組: 36   （k = 1..6, m = 0..6）
  w* の分布: {0: 30, 1: 6}
  g_0 の分布: {1: 21, 2: 12, 3: 1, 4: 1, 30: 1}
  g_m の cap（g_m >= 30。トレース列が p^m tau で完全周期の場合。KG=30 > KMAX=6
    なので k<=KMAX の主張はいずれも決定済み＝undecided 0）: 7 件
  仮説         検査数     非自明      反例   判定
  W1         36       6       0   反例なし
  W2         36      36       0   反例なし
  W3         36       6       0   反例なし
  Y1        174     174       0   反例なし
  Y2        216     174       0   反例なし
  Y3        216     174      97   反例 97 件（期待どおり）
  Y4        210     210       0   反例なし
  Y5        210     210       0   反例なし
  Y6        210     210       0   反例なし
  Y7        210     210      28   反例 28 件（期待どおり）
  Y8        210     210      42   反例 42 件（期待どおり）
  -- Y3 の反例（先頭 3 件）
     T=[(0, 1, 0, 0), (1, 1, 0, 0), (0, 0, 0, 1), (0, 0, 1, 1)], p=2, w*=1, k=3,w*=1: t_k=6, bound=3
       t=[1, 3, 6, 12, 24, 48], tau=3, g=[2, 3, 4, 5, 6, 7, 8]
     T=[(0, 1, 0, 0), (1, 1, 0, 0), (0, 0, 0, 1), (0, 0, 1, 1)], p=2, w*=1, k=4,w*=1: t_k=12, bound=6
       t=[1, 3, 6, 12, 24, 48], tau=3, g=[2, 3, 4, 5, 6, 7, 8]
     T=[(0, 1, 0, 0), (1, 1, 0, 0), (0, 0, 0, 1), (0, 0, 1, 1)], p=2, w*=1, k=5,w*=1: t_k=24, bound=12
       t=[1, 3, 6, 12, 24, 48], tau=3, g=[2, 3, 4, 5, 6, 7, 8]
  -- Y7 の反例（先頭 3 件）
     T=[(3)], p=2, w*=0, k=3: e_k=1, max(0,k-g_0)=2
       t=[1, 2, 2, 4, 8, 16], tau=1, g=[1, 3, 4, 5, 6, 7, 8]
     T=[(3)], p=2, w*=0, k=4: e_k=2, max(0,k-g_0)=3
       t=[1, 2, 2, 4, 8, 16], tau=1, g=[1, 3, 4, 5, 6, 7, 8]
     T=[(3)], p=2, w*=0, k=5: e_k=3, max(0,k-g_0)=4
       t=[1, 2, 2, 4, 8, 16], tau=1, g=[1, 3, 4, 5, 6, 7, 8]
  -- Y8 の反例（先頭 3 件）
     T=[(3)], p=2, w*=0, m=0: g=[1, 3]
       t=[1, 2, 2, 4, 8, 16], tau=1, g=[1, 3, 4, 5, 6, 7, 8]
     T=[(3)], p=2, w*=0, m=1: g=[1, 3, 4]
       t=[1, 2, 2, 4, 8, 16], tau=1, g=[1, 3, 4, 5, 6, 7, 8]
     T=[(3)], p=2, w*=0, m=2: g=[1, 3, 4, 5]
       t=[1, 2, 2, 4, 8, 16], tau=1, g=[1, 3, 4, 5, 6, 7, 8]

==============================================================================
[random]  検査した (T,p) 組: 385   （k = 1..6, m = 0..6）
  w* の分布: {0: 266, 1: 74, 2: 31, 3: 7, 4: 6, 7: 1}
  g_0 の分布: {1: 267, 2: 95, 3: 10, 4: 6, 30: 7}
  g_m の cap（g_m >= 30。トレース列が p^m tau で完全周期の場合。KG=30 > KMAX=6
    なので k<=KMAX の主張はいずれも決定済み＝undecided 0）: 49 件
  仮説         検査数     非自明      反例   判定
  W1        385     119       0   反例なし
  W2        385     385       0   反例なし
  W3        285      68       0   反例なし
  Y1       1739    1739       0   反例なし
  Y2       2304    1739       0   反例なし
  Y3       2304    1739    1545   反例 1545 件（期待どおり）
  Y4       2123    2123       0   反例なし
  Y5       2199    2199       0   反例なし
  Y6       2268    2268       0   反例なし
  Y7       2123    2123      93   反例 93 件（期待どおり）
  Y8       2268    2268     174   反例 174 件（期待どおり）
  -- Y3 の反例（先頭 3 件）
     T=[(-3, -1, 2), (1, 0, -1), (-3, -3, -1)], p=3, w*=0, k=2,w*=0: t_k=12, bound=4
       t=[4, 12, 36, 108, 324, 972], tau=4, g=[1, 2, 3, 4, 5, 6, 7]
     T=[(-3, -1, 2), (1, 0, -1), (-3, -3, -1)], p=3, w*=0, k=3,w*=0: t_k=36, bound=12
       t=[4, 12, 36, 108, 324, 972], tau=4, g=[1, 2, 3, 4, 5, 6, 7]
     T=[(-3, -1, 2), (1, 0, -1), (-3, -3, -1)], p=3, w*=0, k=4,w*=0: t_k=108, bound=36
       t=[4, 12, 36, 108, 324, 972], tau=4, g=[1, 2, 3, 4, 5, 6, 7]
  -- Y7 の反例（先頭 3 件）
     T=[(3, -3), (2, 1)], p=2, w*=1, k=4: e_k=1, max(0,k-g_0)=2
       t=[1, 2, 4, 4, 8, 16], tau=2, g=[2, 4, 5, 6, 7, 8, 9]
     T=[(3, -3), (2, 1)], p=2, w*=1, k=5: e_k=2, max(0,k-g_0)=3
       t=[1, 2, 4, 4, 8, 16], tau=2, g=[2, 4, 5, 6, 7, 8, 9]
     T=[(3, -3), (2, 1)], p=2, w*=1, k=6: e_k=3, max(0,k-g_0)=4
       t=[1, 2, 4, 4, 8, 16], tau=2, g=[2, 4, 5, 6, 7, 8, 9]
  -- Y8 の反例（先頭 3 件）
     T=[(3, -3), (2, 1)], p=2, w*=1, m=0: g=[2, 4]
       t=[1, 2, 4, 4, 8, 16], tau=2, g=[2, 4, 5, 6, 7, 8, 9]
     T=[(3, -3), (2, 1)], p=2, w*=1, m=1: g=[2, 4, 5]
       t=[1, 2, 4, 4, 8, 16], tau=2, g=[2, 4, 5, 6, 7, 8, 9]
     T=[(3, -3), (2, 1)], p=2, w*=1, m=2: g=[2, 4, 5, 6]
       t=[1, 2, 4, 4, 8, 16], tau=2, g=[2, 4, 5, 6, 7, 8, 9]

==============================================================================
[degenerate-enriched]  検査した (T,p) 組: 506   （k = 1..6, m = 0..6）
  w* の分布: {0: 315, 1: 114, 2: 39, 3: 23, 4: 8, 5: 5, 6: 2}
  g_0 の分布: {1: 274, 2: 84, 3: 41, 4: 9, 30: 98}
  g_m の cap（g_m >= 30。トレース列が p^m tau で完全周期の場合。KG=30 > KMAX=6
    なので k<=KMAX の主張はいずれも決定済み＝undecided 0）: 800 件
  仮説         検査数     非自明      反例   判定
  W1        506     191       0   反例なし
  W2        506     506       0   反例なし
  W3        334     110       0   反例なし
  Y1       2202    2202       0   反例なし
  Y2       3024    2202       0   反例なし
  Y3       3024    2202    1469   反例 1469 件（期待どおり）
  Y4       2706    2706       0   反例なし
  Y5       2212    2212       0   反例なし
  Y6       2353    2353       0   反例なし
  Y7       2706    2706     204   反例 204 件（期待どおり）
  Y8       2353    2353     337   反例 337 件（期待どおり）
  -- Y3 の反例（先頭 3 件）
     T=[(-1, 0), (0, -1)], p=2, w*=1, k=3,w*=1: t_k=2, bound=1
       t=[1, 1, 2, 2, 2, 2], tau=1, g=[2, 30, 30, 30, 30, 30, 30]
     T=[(-3, 0, 0), (0, -3, 0), (0, 0, 3)], p=2, w*=3, k=5,w*=3: t_k=8, bound=4
       t=[1, 2, 2, 4, 8, 16], tau=1, g=[1, 3, 4, 5, 6, 7, 8]
     T=[(-3, 0, 0), (0, -3, 0), (0, 0, 3)], p=2, w*=3, k=6,w*=3: t_k=16, bound=8
       t=[1, 2, 2, 4, 8, 16], tau=1, g=[1, 3, 4, 5, 6, 7, 8]
  -- Y7 の反例（先頭 3 件）
     T=[(-1, 0), (0, -1)], p=2, w*=1, k=4: e_k=1, max(0,k-g_0)=2
       t=[1, 1, 2, 2, 2, 2], tau=1, g=[2, 30, 30, 30, 30, 30, 30]
     T=[(-1, 0), (0, -1)], p=2, w*=1, k=5: e_k=1, max(0,k-g_0)=3
       t=[1, 1, 2, 2, 2, 2], tau=1, g=[2, 30, 30, 30, 30, 30, 30]
     T=[(-1, 0), (0, -1)], p=2, w*=1, k=6: e_k=1, max(0,k-g_0)=4
       t=[1, 1, 2, 2, 2, 2], tau=1, g=[2, 30, 30, 30, 30, 30, 30]
  -- Y8 の反例（先頭 3 件）
     T=[(-1, 0), (0, -1)], p=2, w*=1, m=0: g=[2, 30]
       t=[1, 1, 2, 2, 2, 2], tau=1, g=[2, 30, 30, 30, 30, 30, 30]
     T=[(-3, 0, 0), (0, -3, 0), (0, 0, 3)], p=2, w*=3, m=0: g=[1, 3]
       t=[1, 2, 2, 4, 8, 16], tau=1, g=[1, 3, 4, 5, 6, 7, 8]
     T=[(-3, 0, 0), (0, -3, 0), (0, 0, 3)], p=2, w*=3, m=1: g=[1, 3, 4]
       t=[1, 2, 2, 4, 8, 16], tau=1, g=[1, 3, 4, 5, 6, 7, 8]

==============================================================================
[summary] 全標本まとめ
==============================================================================
  仮説        検査数     非自明      反例   期待
  W1        927     316       0   反例 0（証明済み）
  W2        927     927       0   反例 0（証明済み）
  W3        655     184       0   反例 0（証明済み）
  Y1       4115    4115       0   反例 0（証明済み）
  Y2       5544    4115       0   反例 0（証明済み）
  Y3       5544    4115    3111   反例が出るべき
  Y4       5039    5039       0   反例 0（証明済み）
  Y5       4621    4621       0   反例 0（証明済み）
  Y6       4831    4831       0   反例 0（証明済み）
  Y7       5039    5039     325   反例が出るべき
  Y8       4831    4831     553   反例が出るべき
  g_m の cap 合計: 856 件（undecided ではない。上記参照）

  証明済み主張の反例: 0 件  → FAIL 0
  偽であるべき主張で反例が出なかったもの: なし

  [Y8 の反例の分布] (p, r=deg rho) -> 件数: {(2, 1): 153, (2, 2): 292, (2, 3): 96, (2, 4): 12}
  [Y8 の検査数の分布] p -> 件数: {2: 1231, 3: 1440, 5: 2160}
   （閉形式 g_m = g_0 + m が破れるのがどの領域かを測る。奇素数で反例 0 は
     『破れない』の根拠にはならない。検出力は上の検査数から見積もること）
==============================================================================
EXIT=0
