==============================================================================
μ_ℓ の最大値探索（2 頂点底グラフ）
探索範囲: 平行辺 voltage ⊂ {0..4} 本数 ≤ 6（min=0 正規化）, 
          各頂点のループ voltage ⊂ [1, 2, 3] 本数 ≤ 3
検査した底グラフ数: 100794
==============================================================================

ℓ=2 / 非自明(辺重複度gcd=1): 最大 μ_2 = 4
  A(平行辺 voltage)=(0, 0, 1, 1), loop@0=(), loop@1=(1, 1, 1)
  det L(z) = -16*z^-1 + 32 - 16*z
  content = 2^4

ℓ=2 / 自明含む(辺重複度gcd>1): 最大 μ_2 = 5
  A(平行辺 voltage)=(0, 0, 2, 2), loop@0=(1, 1), loop@1=(1, 1)
  det L(z) = -32*z^-1 + 64 - 32*z
  content = 2^5

ℓ=3 / 非自明(辺重複度gcd=1): 最大 μ_3 = 2
  A(平行辺 voltage)=(0, 0, 0, 1), loop@0=(1, 1, 1), loop@1=(1, 1, 1)
  det L(z) = 9*z^-2 - 63*z^-1 + 108 - 63*z + 9*z^2
  content = 3^2

ℓ=3 / 自明含む(辺重複度gcd>1): 最大 μ_3 = 3
  A(平行辺 voltage)=(0, 0, 0, 1, 1, 1), loop@0=(), loop@1=(1, 1, 1)
  det L(z) = -27*z^-1 + 54 - 27*z
  content = 3^3

ℓ=5 / 非自明(辺重複度gcd=1): 最大 μ_5 = 1
  A(平行辺 voltage)=(0, 1), loop@0=(), loop@1=(1, 1)
  det L(z) = -5*z^-1 + 10 - 5*z
  content = 5

ℓ=5 / 自明含む(辺重複度gcd>1): 最大 μ_5 = 1
  A(平行辺 voltage)=(0, 0, 0, 0, 1, 1), loop@0=(), loop@1=(1, 1)
  det L(z) = -20*z^-1 + 40 - 20*z
  content = 2^2 * 5

==============================================================================
正直な注記: これは上記の有限探索範囲内での最大値であり、μ_2 が有界であることの
根拠ではない。範囲を広げれば大きな μ が出うる（探索範囲は上に明示）。
==============================================================================
