==============================================================================
グラフの岩澤理論: μ_ℓ > 0 となる voltage 多重グラフの探索
判定基準 (☆): μ_ℓ = v_ℓ(content_z(det L(z)))
==============================================================================

[探索 1] 底グラフ = bouquet（頂点 1 個 + ループ）
  ループ voltage の多重集合 S ⊂ {1..5}（重複度 ≤ 3, 総ループ数 ≤ 4）を全探索
  検査数 125 件、content≠1 は 25 件
    S=(1, 1): content=2  辺重複度 gcd=2  → 自明（ℓ|重複度）か? True
    S=(2, 2): content=2  辺重複度 gcd=2  → 自明（ℓ|重複度）か? True
    S=(3, 3): content=2  辺重複度 gcd=2  → 自明（ℓ|重複度）か? True
    S=(4, 4): content=2  辺重複度 gcd=2  → 自明（ℓ|重複度）か? True
    S=(5, 5): content=2  辺重複度 gcd=2  → 自明（ℓ|重複度）か? True
    S=(1, 1, 1): content=3  辺重複度 gcd=3  → 自明（ℓ|重複度）か? True
    S=(2, 2, 2): content=3  辺重複度 gcd=3  → 自明（ℓ|重複度）か? True
    S=(3, 3, 3): content=3  辺重複度 gcd=3  → 自明（ℓ|重複度）か? True
    S=(4, 4, 4): content=3  辺重複度 gcd=3  → 自明（ℓ|重複度）か? True
    S=(5, 5, 5): content=3  辺重複度 gcd=3  → 自明（ℓ|重複度）か? True
    S=(1, 1, 1, 1): content=2^2  辺重複度 gcd=4  → 自明（ℓ|重複度）か? True
    S=(1, 1, 2, 2): content=2  辺重複度 gcd=2  → 自明（ℓ|重複度）か? True
    S=(1, 1, 3, 3): content=2  辺重複度 gcd=2  → 自明（ℓ|重複度）か? True
    S=(1, 1, 4, 4): content=2  辺重複度 gcd=2  → 自明（ℓ|重複度）か? True
    S=(1, 1, 5, 5): content=2  辺重複度 gcd=2  → 自明（ℓ|重複度）か? True
    S=(2, 2, 2, 2): content=2^2  辺重複度 gcd=4  → 自明（ℓ|重複度）か? True
    S=(2, 2, 3, 3): content=2  辺重複度 gcd=2  → 自明（ℓ|重複度）か? True
    S=(2, 2, 4, 4): content=2  辺重複度 gcd=2  → 自明（ℓ|重複度）か? True
    S=(2, 2, 5, 5): content=2  辺重複度 gcd=2  → 自明（ℓ|重複度）か? True
    S=(3, 3, 3, 3): content=2^2  辺重複度 gcd=4  → 自明（ℓ|重複度）か? True
  観察: bouquet では det L(z) = Σ_a m_a (2 - z^a - z^{-a}) で、content が ℓ で割れるのは
        全ループ重複度 m_a が ℓ で割れる（＝ℓ 重多重グラフ）自明な場合に限る。

[探索 2] 底グラフ = 2 頂点（頂点間の平行辺 + 各頂点のループ）
  平行辺 voltage 多重集合 A（|A|≤4, 値 0..3, 平行移動対称性より min A=0 に正規化）
  ループ: 頂点 0 に B（|B|≤2, 値 1..3）, 頂点 1 に C（同）
  検査数 3496 件、content≠1 は 559 件

  A(平行辺)          B(loop at u)  C(loop at v)  content     cyc gcd  mult gcd 
  (0, 0, 2, 2)    (1, 1)        (1, 1)        2^5         1        2        
  (0, 0, 1, 2)    (1,)          (1, 1)        23          1        1        
  (0, 0, 1, 2)    (1, 1)        (1,)          23          1        1        
  (0, 1, 2, 2)    (1,)          (1, 1)        23          1        1        
  (0, 1, 2, 2)    (1, 1)        (1,)          23          1        1        
  (0, 0, 2)       (1,)          (1, 1)        17          1        1        
  (0, 0, 2)       (1, 1)        (1,)          17          1        1        
  (0, 2, 2)       (1,)          (1, 1)        17          1        1        
  (0, 2, 2)       (1, 1)        (1,)          17          1        1        
  (0, 1, 1, 2)    (1,)          (1,)          2^4         1        1        
  (0, 1, 2)       (1,)          (1,)          2^2 * 3     1        1        
  (0, 0, 1, 1)    ()            (1, 1)        2^2 * 3     1        2        
  (0, 0, 1, 1)    (1, 1)        ()            2^2 * 3     1        2        
  (0, 0, 2, 2)    ()            (2, 2)        2^2 * 3     2        2        
  (0, 0, 2, 2)    (2, 2)        ()            2^2 * 3     2        2        
  (0, 0, 3, 3)    ()            (3, 3)        2^2 * 3     3        2        
  (0, 0, 3, 3)    (3, 3)        ()            2^2 * 3     3        2        
  (0, 0, 0, 1)    ()            (1, 1)        11          1        1        
  (0, 0, 0, 1)    (1, 1)        ()            11          1        1        
  (0, 0, 0, 2)    ()            (2, 2)        11          2        1        
  (0, 0, 0, 2)    (2, 2)        ()            11          2        1        
  (0, 0, 0, 3)    ()            (3, 3)        11          3        1        
  (0, 0, 0, 3)    (3, 3)        ()            11          3        1        
  (0, 1, 1, 1)    ()            (1, 1)        11          1        1        
  (0, 1, 1, 1)    (1, 1)        ()            11          1        1        

  各 hit の det L(z)（先頭 10 件）と予測 μ_ℓ:
    A=(0, 0, 2, 2) B=(1, 1) C=(1, 1): det L = -32*z^-1 + 64 - 32*z
       content=2^5, 辺重複度 gcd=2（1 なら ℓ 重多重グラフではない）, 予測 μ={2: 5}
    A=(0, 0, 1, 2) B=(1,) C=(1, 1): det L = -23*z^-1 + 46 - 23*z
       content=23, 辺重複度 gcd=1（1 なら ℓ 重多重グラフではない）, 予測 μ={}
    A=(0, 0, 1, 2) B=(1, 1) C=(1,): det L = -23*z^-1 + 46 - 23*z
       content=23, 辺重複度 gcd=1（1 なら ℓ 重多重グラフではない）, 予測 μ={}
    A=(0, 1, 2, 2) B=(1,) C=(1, 1): det L = -23*z^-1 + 46 - 23*z
       content=23, 辺重複度 gcd=1（1 なら ℓ 重多重グラフではない）, 予測 μ={}
    A=(0, 1, 2, 2) B=(1, 1) C=(1,): det L = -23*z^-1 + 46 - 23*z
       content=23, 辺重複度 gcd=1（1 なら ℓ 重多重グラフではない）, 予測 μ={}
    A=(0, 0, 2) B=(1,) C=(1, 1): det L = -17*z^-1 + 34 - 17*z
       content=17, 辺重複度 gcd=1（1 なら ℓ 重多重グラフではない）, 予測 μ={}
    A=(0, 0, 2) B=(1, 1) C=(1,): det L = -17*z^-1 + 34 - 17*z
       content=17, 辺重複度 gcd=1（1 なら ℓ 重多重グラフではない）, 予測 μ={}
    A=(0, 2, 2) B=(1,) C=(1, 1): det L = -17*z^-1 + 34 - 17*z
       content=17, 辺重複度 gcd=1（1 なら ℓ 重多重グラフではない）, 予測 μ={}
    A=(0, 2, 2) B=(1, 1) C=(1,): det L = -17*z^-1 + 34 - 17*z
       content=17, 辺重複度 gcd=1（1 なら ℓ 重多重グラフではない）, 予測 μ={}
    A=(0, 1, 1, 2) B=(1,) C=(1,): det L = -16*z^-1 + 32 - 16*z
       content=2^4, 辺重複度 gcd=1（1 なら ℓ 重多重グラフではない）, 予測 μ={2: 4}

[探索 3] 底グラフ = 3 頂点（各頂点対に voltage 0/1 の辺を重複度 0..2, 各頂点にループ voltage 1 を 0..1）
  検査数 3208 件、content≠1 は 1676 件
    edges=[(0, 1, 1), (0, 1, 1), (0, 2, 0), (0, 2, 1), (1, 2, 1), (1, 2, 1), (0, 0, 1), (2, 2, 1)]
       content=2^4 * 3, cyc gcd=1, 辺重複度 gcd=1, det L=-48*z^-1 + 96 - 48*z
    edges=[(0, 1, 1), (0, 1, 1), (0, 2, 0), (0, 2, 0), (1, 2, 0), (1, 2, 1), (1, 1, 1), (2, 2, 1)]
       content=2^4 * 3, cyc gcd=1, 辺重複度 gcd=1, det L=-48*z^-1 + 96 - 48*z
    edges=[(0, 1, 0), (0, 1, 1), (0, 2, 0), (0, 2, 0), (1, 2, 1), (1, 2, 1), (0, 0, 1), (1, 1, 1)]
       content=2^4 * 3, cyc gcd=1, 辺重複度 gcd=1, det L=-48*z^-1 + 96 - 48*z
    edges=[(0, 1, 1), (0, 2, 0), (1, 2, 0), (1, 2, 0), (1, 2, 1), (1, 2, 1), (1, 1, 1), (2, 2, 1)]
       content=2^2 * 3^2, cyc gcd=1, 辺重複度 gcd=1, det L=-36*z^-1 + 72 - 36*z
    edges=[(0, 1, 1), (0, 2, 0), (0, 2, 0), (0, 2, 1), (0, 2, 1), (1, 2, 1), (0, 0, 1), (2, 2, 1)]
       content=2^2 * 3^2, cyc gcd=1, 辺重複度 gcd=1, det L=-36*z^-1 + 72 - 36*z
    edges=[(0, 1, 0), (0, 1, 0), (0, 1, 1), (0, 1, 1), (0, 2, 0), (1, 2, 1), (0, 0, 1), (1, 1, 1)]
       content=2^2 * 3^2, cyc gcd=1, 辺重複度 gcd=1, det L=-36*z^-1 + 72 - 36*z
    edges=[(0, 1, 1), (0, 2, 0), (0, 2, 1), (1, 2, 0), (1, 2, 1), (1, 2, 1), (0, 0, 1)]
       content=2^5, cyc gcd=1, 辺重複度 gcd=1, det L=-32*z^-1 + 64 - 32*z
    edges=[(0, 1, 1), (0, 2, 0), (0, 2, 0), (1, 2, 1), (1, 2, 1), (0, 0, 1), (1, 1, 1)]
       content=2^5, cyc gcd=1, 辺重複度 gcd=1, det L=-32*z^-1 + 64 - 32*z
    edges=[(0, 1, 1), (0, 2, 0), (0, 2, 0), (0, 2, 1), (1, 2, 0), (1, 2, 1), (1, 1, 1)]
       content=2^5, cyc gcd=1, 辺重複度 gcd=1, det L=-32*z^-1 + 64 - 32*z
    edges=[(0, 1, 1), (0, 1, 1), (0, 2, 0), (1, 2, 1), (1, 2, 1), (0, 0, 1), (2, 2, 1)]
       content=2^5, cyc gcd=1, 辺重複度 gcd=1, det L=-32*z^-1 + 64 - 32*z
    edges=[(0, 1, 1), (0, 1, 1), (0, 2, 0), (0, 2, 0), (1, 2, 1), (1, 1, 1), (2, 2, 1)]
       content=2^5, cyc gcd=1, 辺重複度 gcd=1, det L=-32*z^-1 + 64 - 32*z
    edges=[(0, 1, 0), (0, 1, 1), (0, 2, 0), (1, 2, 0), (1, 2, 1), (1, 2, 1), (0, 0, 1)]
       content=2^5, cyc gcd=1, 辺重複度 gcd=1, det L=-32*z^-1 + 64 - 32*z

==============================================================================
探索範囲（一次情報として明示）:
  bouquet: ループ voltage 多重集合 ⊂ {1..5}, 総ループ数 ≤ 4
  2 頂点 : 平行辺 voltage ⊂ {0..3}（|A|≤4, min A=0 正規化）, 各頂点ループ voltage ⊂{1..3}（≤2 本）
  3 頂点 : 頂点対ごとに voltage 0/1 の辺を重複度 0..2（総数 ≤6）, 各頂点にループ voltage 1 を 0/1
  素数   : content の素因数分解で判定（p の上限なし）
==============================================================================
