==============================================================================
μ_ℓ > 0 の具体例: abelian ℓ-tower の全域木数 κ_n を直接 matrix-tree で計算し検証
==============================================================================

------------------------------------------------------------------------------
[例1: A={0,1,2} 平行辺 + 各頂点にループ voltage 1]
  底グラフ: 頂点 2 個, 辺(voltage 付き) = [(0, 1, 0), (0, 1, 1), (0, 1, 2), (0, 0, 1), (1, 1, 1)]
  voltage ラプラシアン det L(z) = -12*z^-1 + 24 - 12*z
  content = 2^2 * 3   → 判定基準(☆)の予測 μ_ℓ = v_ℓ(content)
  κ(X_1) = 3  (底グラフ自身の全域木数)

  ── ℓ = 2 の塔 X_1 ⊂ X_ℓ ⊂ … ⊂ X_(ℓ^6) ──
     n  N=ℓ**n   v_ℓ(κ_n)   κ_n
     0       1          0   3
     1       2          3   72
     2       4          8   20736
     3       8         17   859963392
     4      16         34   739537035580145664
     5      32         67   273457513497334816890950735729000448
     6      64        132   18694752922036263389…325053296050176 (71 桁)
    フィット: v_ℓ(κ_n) = 2·ℓ^n + 1·n + -2
    全 n=0..6 で一致: True   （予測 μ=2, 一致=True）
    閉形式 κ_n = κ(X_1)·N·|c|^(N-1)  (c=12) と全段一致: True

  ── ℓ = 3 の塔 X_1 ⊂ X_ℓ ⊂ … ⊂ X_(ℓ^4) ──
     n  N=ℓ**n   v_ℓ(κ_n)   κ_n
     0       1          1   3
     1       3          4   1296
     2       9         11   11609505792
     3      27         30   927251225780350805972462075904
     4      81         85   52493551626850457961…333756838739968 (89 桁)
    フィット: v_ℓ(κ_n) = 1·ℓ^n + 1·n + 0
    全 n=0..4 で一致: True   （予測 μ=1, 一致=True）
    閉形式 κ_n = κ(X_1)·N·|c|^(N-1)  (c=12) と全段一致: True

  ── ℓ = 5 の塔 X_1 ⊂ X_ℓ ⊂ … ⊂ X_(ℓ^2) ──
     n  N=ℓ**n   v_ℓ(κ_n)   κ_n
     0       1          0   3
     1       5          1   311040
     2      25          2   5962263540254313310008115200
    フィット: v_ℓ(κ_n) = 0·ℓ^n + 1·n + 0
    全 n=0..2 で一致: True   （予測 μ=0, 一致=True）
    閉形式 κ_n = κ(X_1)·N·|c|^(N-1)  (c=12) と全段一致: True

------------------------------------------------------------------------------
[例2: A={0,1,1,2} 平行辺 + 各頂点にループ voltage 1]
  底グラフ: 頂点 2 個, 辺(voltage 付き) = [(0, 1, 0), (0, 1, 1), (0, 1, 1), (0, 1, 2), (0, 0, 1), (1, 1, 1)]
  voltage ラプラシアン det L(z) = -16*z^-1 + 32 - 16*z
  content = 2^4   → 判定基準(☆)の予測 μ_ℓ = v_ℓ(content)
  κ(X_1) = 4  (底グラフ自身の全域木数)

  ── ℓ = 2 の塔 X_1 ⊂ X_ℓ ⊂ … ⊂ X_(ℓ^6) ──
     n  N=ℓ**n   v_ℓ(κ_n)   κ_n
     0       1          2   4
     1       2          7   128
     2       4         16   65536
     3       8         33   8589934592
     4      16         66   73786976294838206464
     5      32        131   2722258935367507707706996859454145691648
     6      64        260   18526734277970591267…126610074238976 (79 桁)
    フィット: v_ℓ(κ_n) = 4·ℓ^n + 1·n + -2
    全 n=0..6 で一致: True   （予測 μ=4, 一致=True）
    閉形式 κ_n = κ(X_1)·N·|c|^(N-1)  (c=16) と全段一致: True

  ── ℓ = 3 の塔 X_1 ⊂ X_ℓ ⊂ … ⊂ X_(ℓ^3) ──
     n  N=ℓ**n   v_ℓ(κ_n)   κ_n
     0       1          0   4
     1       3          1   3072
     2       9          2   154618822656
     3      27          3   2190500237194380405786303138889728
    フィット: v_ℓ(κ_n) = 0·ℓ^n + 1·n + 0
    全 n=0..3 で一致: True   （予測 μ=0, 一致=True）
    閉形式 κ_n = κ(X_1)·N·|c|^(N-1)  (c=16) と全段一致: True

------------------------------------------------------------------------------
[例3: A={0,0,1,2} + loop@0={1} + loop@1={1,1}（content=23）]
  底グラフ: 頂点 2 個, 辺(voltage 付き) = [(0, 1, 0), (0, 1, 0), (0, 1, 1), (0, 1, 2), (0, 0, 1), (1, 1, 1), (1, 1, 1)]
  voltage ラプラシアン det L(z) = -23*z^-1 + 46 - 23*z
  content = 23   → 判定基準(☆)の予測 μ_ℓ = v_ℓ(content)
  κ(X_1) = 4  (底グラフ自身の全域木数)

  ── ℓ = 23 の塔 X_1 ⊂ X_ℓ ⊂ … ⊂ X_(ℓ^1) ──
     n  N=ℓ**n   v_ℓ(κ_n)   κ_n
     0       1          0   4
     1      23         23   83521871999391648137420131642268
    閉形式 κ_n = κ(X_1)·N·|c|^(N-1)  (c=23) と全段一致: True

  ── ℓ = 2 の塔 X_1 ⊂ X_ℓ ⊂ … ⊂ X_(ℓ^4) ──
     n  N=ℓ**n   v_ℓ(κ_n)   κ_n
     0       1          2   4
     1       2          3   184
     2       4          4   194672
     3       8          5   108954414304
     4      16          6   17064655069721039718848
    フィット: v_ℓ(κ_n) = 0·ℓ^n + 1·n + 2
    全 n=0..4 で一致: True   （予測 μ=0, 一致=True）
    閉形式 κ_n = κ(X_1)·N·|c|^(N-1)  (c=23) と全段一致: True

------------------------------------------------------------------------------
[例4: 3 頂点 (content=2^4·3=48)]
  底グラフ: 頂点 3 個, 辺(voltage 付き) = [(0, 1, 1), (0, 1, 1), (0, 2, 0), (0, 2, 1), (1, 2, 1), (1, 2, 1), (0, 0, 1), (2, 2, 1)]
  voltage ラプラシアン det L(z) = -48*z^-1 + 96 - 48*z
  content = 2^4 * 3   → 判定基準(☆)の予測 μ_ℓ = v_ℓ(content)
  κ(X_1) = 12  (底グラフ自身の全域木数)

  ── ℓ = 2 の塔 X_1 ⊂ X_ℓ ⊂ … ⊂ X_(ℓ^5) ──
     n  N=ℓ**n   v_ℓ(κ_n)   κ_n
     0       1          2   12
     1       2          7   1152
     2       4         16   5308416
     3       8         33   56358560858112
     4      16         66   3176287381997514013796204544
     5      32        131   50444007665183107553…245909943123968 (55 桁)
    フィット: v_ℓ(κ_n) = 4·ℓ^n + 1·n + -2
    全 n=0..5 で一致: True   （予測 μ=4, 一致=True）
    閉形式 κ_n = κ(X_1)·N·|c|^(N-1)  (c=48) と全段一致: True

  ── ℓ = 3 の塔 X_1 ⊂ X_ℓ ⊂ … ⊂ X_(ℓ^3) ──
     n  N=ℓ**n   v_ℓ(κ_n)   κ_n
     0       1          1   12
     1       3          4   82944
     2       9         11   3043362286338048
     3      27         30   16703873099612894175…893588328513536 (47 桁)
    フィット: v_ℓ(κ_n) = 1·ℓ^n + 1·n + 0
    全 n=0..3 で一致: True   （予測 μ=1, 一致=True）
    閉形式 κ_n = κ(X_1)·N·|c|^(N-1)  (c=48) と全段一致: True

------------------------------------------------------------------------------
[例5: A={0,0,0,1} + 各頂点にループ voltage 1 を 3 本（content=3^2）]
  底グラフ: 頂点 2 個, 辺(voltage 付き) = [(0, 1, 0), (0, 1, 0), (0, 1, 0), (0, 1, 1), (0, 0, 1), (0, 0, 1), (0, 0, 1), (1, 1, 1), (1, 1, 1), (1, 1, 1)]
  voltage ラプラシアン det L(z) = 9*z^-2 - 63*z^-1 + 108 - 63*z + 9*z^2
  content = 3^2   → 判定基準(☆)の予測 μ_ℓ = v_ℓ(content)
  κ(X_1) = 4  (底グラフ自身の全域木数)

  ── ℓ = 3 の塔 X_1 ⊂ X_ℓ ⊂ … ⊂ X_(ℓ^3) ──
     n  N=ℓ**n   v_ℓ(κ_n)   κ_n
     0       1          0   4
     1       3          7   34992
     2       9         22   687370729675536
     3      27         61   54804831093511642785…250773274467888 (45 桁)
    フィット: v_ℓ(κ_n) = 2·ℓ^n + 3·n + -2
    全 n=0..3 で一致: True   （予測 μ=2, 一致=True）

  ── ℓ = 2 の塔 X_1 ⊂ X_ℓ ⊂ … ⊂ X_(ℓ^4) ──
     n  N=ℓ**n   v_ℓ(κ_n)   κ_n
     0       1          2   4
     1       2          3   504
     2       4          4   2041200
     3       8          5   14169067365600
     4      16          6   338791547598529921862500800
    フィット: v_ℓ(κ_n) = 0·ℓ^n + 1·n + 2
    全 n=0..4 で一致: True   （予測 μ=0, 一致=True）

------------------------------------------------------------------------------
[例6: A={0,1} + loop@v={1,1}（content=5, 最小級）]
  底グラフ: 頂点 2 個, 辺(voltage 付き) = [(0, 1, 0), (0, 1, 1), (1, 1, 1), (1, 1, 1)]
  voltage ラプラシアン det L(z) = -5*z^-1 + 10 - 5*z
  content = 5   → 判定基準(☆)の予測 μ_ℓ = v_ℓ(content)
  κ(X_1) = 2  (底グラフ自身の全域木数)

  ── ℓ = 5 の塔 X_1 ⊂ X_ℓ ⊂ … ⊂ X_(ℓ^2) ──
     n  N=ℓ**n   v_ℓ(κ_n)   κ_n
     0       1          0   2
     1       5          5   6250
     2      25         26   2980232238769531250
    フィット: v_ℓ(κ_n) = 1·ℓ^n + 1·n + -1
    全 n=0..2 で一致: True   （予測 μ=1, 一致=True）
    閉形式 κ_n = κ(X_1)·N·|c|^(N-1)  (c=5) と全段一致: True

  ── ℓ = 2 の塔 X_1 ⊂ X_ℓ ⊂ … ⊂ X_(ℓ^4) ──
     n  N=ℓ**n   v_ℓ(κ_n)   κ_n
     0       1          1   2
     1       2          2   20
     2       4          3   1000
     3       8          4   1250000
     4      16          5   976562500000
    フィット: v_ℓ(κ_n) = 0·ℓ^n + 1·n + 1
    全 n=0..4 で一致: True   （予測 μ=0, 一致=True）
    閉形式 κ_n = κ(X_1)·N·|c|^(N-1)  (c=5) と全段一致: True

==============================================================================
μ_2 はいくらでも大きくできるか: 族 A={0,1,…,k-1}（平行 k 重辺）+ 各頂点にループ {1,…,(k-1)/2}
==============================================================================
    k                           det L(z)          content    辺重複度gcd   μ_2   μ_3
    3               -12*z^-1 + 24 - 12*z          2^2 * 3          1     2     1
    5 -20*z^-2 - 20*z^-1 + 80 - 20*z ...          2^2 * 5          1     2     0
    7 -28*z^-3 - 28*z^-2 - 28*z^-1 + ...          2^2 * 7          1     2     0
    9 -36*z^-4 - 36*z^-3 - 36*z^-2 - ...        2^2 * 3^2          1     2     2
   11 -44*z^-5 - 44*z^-4 - 44*z^-3 - ...         2^2 * 11          1     2     0
   13 -52*z^-6 - 52*z^-5 - 52*z^-4 - ...         2^2 * 13          1     2     0

  上記族の μ_2 が実際の κ_n と合うかを k=5 で直接検証:

------------------------------------------------------------------------------
[族 k=5]
  底グラフ: 頂点 2 個, 辺(voltage 付き) = [(0, 1, 0), (0, 1, 1), (0, 1, 2), (0, 1, 3), (0, 1, 4), (0, 0, 1), (0, 0, 2), (1, 1, 1), (1, 1, 2)]
  voltage ラプラシアン det L(z) = -20*z^-2 - 20*z^-1 + 80 - 20*z - 20*z^2
  content = 2^2 * 5   → 判定基準(☆)の予測 μ_ℓ = v_ℓ(content)
  κ(X_1) = 5  (底グラフ自身の全域木数)

  ── ℓ = 2 の塔 X_1 ⊂ X_ℓ ⊂ … ⊂ X_(ℓ^5) ──
     n  N=ℓ**n   v_ℓ(κ_n)   κ_n
     0       1          0   5
     1       2          3   200
     2       4          8   1440000
     3       8         17   22579200000000
     4      16         34   2553725583360000000000000000
     5      32         67   16303799276645217258…000000000000000 (56 桁)
    フィット: v_ℓ(κ_n) = 2·ℓ^n + 1·n + -2
    全 n=0..5 で一致: True   （予測 μ=2, 一致=True）

==============================================================================
注意（正直に）: 上の一致は数値的証拠であって証明ではない。
  ・κ_n は厳密整数（Kirchhoff 行列式）だが、検証したのは有限個の n のみ。
  ・μ ℓ^n + λ n + ν 型の漸近そのものはグラフ岩澤理論（既知）の定理に依拠している。
==============================================================================
