=== matrix_completeness (1) 完備性（Cauchy 性と極限） ===
r=0.500000000000000:
   N0=  0: sup_{N,M>=N0} ||A_N-A_M|| = 6.199899e+00
   N0=  5: sup_{N,M>=N0} ||A_N-A_M|| = 1.937469e-01
   N0= 10: sup_{N,M>=N0} ||A_N-A_M|| = 6.054589e-03
   N0= 20: sup_{N,M>=N0} ||A_N-A_M|| = 5.912685e-06
   N0= 40: sup_{N,M>=N0} ||A_N-A_M|| = 5.638424e-12
   N0= 80: sup_{N,M>=N0} ||A_N-A_M|| = 0.000000e+00
   N0=200: sup_{N,M>=N0} ||A_N-A_M|| = 0.000000e+00
r=0.900000000000000:
   N0=  0: sup_{N,M>=N0} ||A_N-A_M|| = 5.488269e+01
   N0=  5: sup_{N,M>=N0} ||A_N-A_M|| = 3.240768e+01
   N0= 10: sup_{N,M>=N0} ||A_N-A_M|| = 1.913641e+01
   N0= 20: sup_{N,M>=N0} ||A_N-A_M|| = 6.672454e+00
   N0= 40: sup_{N,M>=N0} ||A_N-A_M|| = 8.112147e-01
   N0= 80: sup_{N,M>=N0} ||A_N-A_M|| = 1.199047e-02
   N0=200: sup_{N,M>=N0} ||A_N-A_M|| = 3.872017e-08
r=-0.300000000000000:
   N0=  0: sup_{N,M>=N0} ||A_N-A_M|| = 1.859970e+00
   N0=  5: sup_{N,M>=N0} ||A_N-A_M|| = 4.519727e-03
   N0= 10: sup_{N,M>=N0} ||A_N-A_M|| = 1.098294e-05
   N0= 20: sup_{N,M>=N0} ||A_N-A_M|| = 6.485342e-11
   N0= 40: sup_{N,M>=N0} ||A_N-A_M|| = 0.000000e+00
   N0= 80: sup_{N,M>=N0} ||A_N-A_M|| = 0.000000e+00
   N0=200: sup_{N,M>=N0} ||A_N-A_M|| = 0.000000e+00
r=0.600000000000000 + 0.300000000000000*I:
   N0=  0: sup_{N,M>=N0} ||A_N-A_M|| = 9.123840e+00
   N0=  5: sup_{N,M>=N0} ||A_N-A_M|| = 1.239393e+00
   N0= 10: sup_{N,M>=N0} ||A_N-A_M|| = 1.683605e-01
   N0= 20: sup_{N,M>=N0} ||A_N-A_M|| = 3.106725e-03
   N0= 40: sup_{N,M>=N0} ||A_N-A_M|| = 1.057859e-06
   N0= 80: sup_{N,M>=N0} ||A_N-A_M|| = 1.222202e-13
   N0=200: sup_{N,M>=N0} ||A_N-A_M|| = 0.000000e+00
checks: 80, max relative error: 1.071e-16, tol: 1.0e-09
RESULT: PASS
