============================================================================================
cycle 15 / T3: d=3, p=2 の追加解の構造 — v_2(tau_3(L)) の分解
============================================================================================

--- (0) 3 つの族が与える lambda の値(記号的) ---
  型 I  (x, x^+1, 1): lambda = -2*xx^-1 + 4 - 2*xx ;  2(1-x)(1-1/x) と一致: True
  型 I  (x, x^-1, 1): lambda = -2*xx^-1 + 4 - 2*xx ;  2(1-x)(1-1/x) と一致: True
  型 II (u, wu, w^2u): lambda = 6  (恒等的に 6 か: True)
  型 III (eta, eta^2, omega): lambda = 8 (= 8 か: True), v_2 = 3
     根拠: 1+eta+eta^2+eta^3+eta^4 = 0 と 1+omega+omega^2 = 0 から Sum = -1 + -1 = -2。

  定理 G の係数条件: GF(4)^* で alpha+beta+gamma=0 かつ 1/alpha+1/beta+1/gamma=0 の解を総当り
    解の個数 6、すべて {alpha,beta,gamma} = alpha*{1,w,w^2} の形: True
    (一般の F_2 バーでも e_1=e_2=0 より alpha,beta,gamma は T^3 = e_3 の 3 根。report §3 で証明。)

--- (1) 厳密整数経路: 終結式で tau_3(L) を計算し v_2 を取る ---
    tau_3(L) = tau_2(L) * P^2 / L,  P = prod_{(j2,j3)} G_L(6 - t_{j2} - t_{j3})  (L 奇)
    まず matrix-tree(厳密整数行列式)との一致を L=3,5,7 で確認する。
    L=3: tau_2 一致 True, tau_3 一致 True
    L=5: tau_2 一致 True, tau_3 一致 True
    L=7: tau_2 一致 True, tau_3 一致 True
     L   tau_3(L) の桁数    v_2(tau_3(L))   (計算時間)
     3               19           12      (0.0s)
     5               90           24      (0.0s)
     7              248           36      (0.0s)
     9              529           96      (0.0s)
    11              966           60      (0.0s)
    13             1595           72      (0.1s)
    15             2451          324      (0.2s)
    17             3569          288      (0.5s)
    19             4983          108      (1.0s)
    21             6729          264      (5.5s)
    23             8841          132      (11.4s)
    25            11354          144      (37.2s)
    27            14303          348      (28.3s)

--- (2)(3) 消える指標の分類と付値 ---
    V_I  : ある座標が 1、残り 2 座標が互いに逆(cycle 14 定理 E)。lambda = 2(1-t)(1-1/t)。
    V_II : 3|L。{x,y,z} = u*{1,w,w^2} (座標反転・置換込み)。lambda = 6。
    V_III: 15|L。{x,y,z} = {eta, eta^2, w} (eta 位数 5, w 位数 3、座標反転・置換込み)。lambda = 8。
    V_IV : 残り(= 散発解)。
    ※ V(L) は 2 の上の素点 P に依存する(定理 K)。分類に使う剰余体と付値に使う p 進環は
       同じ既約多項式から作り、同じ P を見ることを保証している。

      L   f   e | |V_I|  |V_II| |V_III| |V_IV| |   v_2      予測      差 | 各クラスの v_P 分布
      3   2   1 |    12      0      0      0 |     12       12      0 | I:{1: 12} II:{} III:{} IV:{}
      5   4   2 |    24      0      0      0 |     24       24      0 | I:{1: 24} II:{} III:{} IV:{}
      7   3   3 |    36      0      0      0 |     36       36      0 | I:{1: 36} II:{} III:{} IV:{}
      9   6   3 |    48     48      0      0 |     96       96      0 | I:{1: 48} II:{1: 48} III:{} IV:{}
     11  10   5 |    60      0      0      0 |     60       60      0 | I:{1: 60} II:{} III:{} IV:{}
     13  12   6 |    72      0      0      0 |     72       72      0 | I:{1: 72} II:{} III:{} IV:{}
     15   4   4 |    84     96     48      0 |    324      324      0 | I:{1: 84} II:{1: 96} III:{3: 48} IV:{}
     17   8   4 |    96      0      0    192 |    288       96    192 | I:{1: 96} II:{} III:{} IV:{1: 192}
     19  18   9 |   108      0      0      0 |    108      108      0 | I:{1: 108} II:{} III:{} IV:{}
     21   6   6 |   120    144      0      0 |    264      264      0 | I:{1: 120} II:{1: 144} III:{} IV:{}
     23  11  11 |   132      0      0      0 |    132      132      0 | I:{1: 132} II:{} III:{} IV:{}
     25  20  10 |   144      0      0      0 |    144      144      0 | I:{1: 144} II:{} III:{} IV:{}
     27  18   9 |   156    192      0      0 |    348      348      0 | I:{1: 156} II:{1: 192} III:{} IV:{}
     29  28  14 |   168      0      0      0 |    168      168      0 | I:{1: 168} II:{} III:{} IV:{}
     31   5   5 |   180      0      0    720 |    900      180    720 | I:{1: 180} II:{} III:{} IV:{1: 720}
     33  10   5 |   192    240      0    720 |   1152      432    720 | I:{1: 192} II:{1: 240} III:{} IV:{1: 720}
     35  12  12 |   204      0      0      0 |    204      204      0 | I:{1: 204} II:{} III:{} IV:{}
     37  36  18 |   216      0      0      0 |    216      216      0 | I:{1: 216} II:{} III:{} IV:{}
     39  12  12 |   228    288      0      0 |    516      516      0 | I:{1: 228} II:{1: 288} III:{} IV:{}
     41  20  10 |   240      0      0      0 |    240      240      0 | I:{1: 240} II:{} III:{} IV:{}
     43  14   7 |   252      0      0    336 |    588      252    336 | I:{1: 252} II:{} III:{} IV:{1: 336}
     45  12  12 |   264    336     48      0 |    744      744      0 | I:{1: 264} II:{1: 336} III:{3: 48} IV:{}
     47  23  23 |   276      0      0      0 |    276      276      0 | I:{1: 276} II:{} III:{} IV:{}
     49  21  21 |   288      0      0      0 |    288      288      0 | I:{1: 288} II:{} III:{} IV:{}
     51   8   8 |   300    384      0    288 |    972      684    288 | I:{1: 300} II:{1: 384} III:{} IV:{1: 288}
     53  52  26 |   312      0      0      0 |    312      312      0 | I:{1: 312} II:{} III:{} IV:{}
     55  20  20 |   324      0      0      0 |    324      324      0 | I:{1: 324} II:{} III:{} IV:{}
     57  18   9 |   336    432      0      0 |    768      768      0 | I:{1: 336} II:{1: 432} III:{} IV:{}
     59  58  29 |   348      0      0      0 |    348      348      0 | I:{1: 348} II:{} III:{} IV:{}
     61  60  30 |   360      0      0      0 |    360      360      0 | I:{1: 360} II:{} III:{} IV:{}
     63   6   6 |   372    480      0   3120 |   4452      852   3600 | I:{1: 372} II:{1: 480} III:{} IV:{1: 2880, 3: 240}
     65  12   6 |   384      0      0   3840 |   4224      384   3840 | I:{1: 384} II:{} III:{} IV:{1: 3840}
     67  66  33 |   396      0      0      0 |    396      396      0 | I:{1: 396} II:{} III:{} IV:{}
     69  22  22 |   408    528      0      0 |    936      936      0 | I:{1: 408} II:{1: 528} III:{} IV:{}
     71  35  35 |   420      0      0      0 |    420      420      0 | I:{1: 420} II:{} III:{} IV:{}
     73   9   9 |   432      0      0    432 |    864      432    432 | I:{1: 432} II:{} III:{} IV:{1: 432}
     75  20  20 |   444    576     48      0 |   1164     1164      0 | I:{1: 444} II:{1: 576} III:{3: 48} IV:{}
     77  30  30 |   456      0      0      0 |    456      456      0 | I:{1: 456} II:{} III:{} IV:{}
     79  39  39 |   468      0      0      0 |    468      468      0 | I:{1: 468} II:{} III:{} IV:{}
     81  54  27 |   480    624      0      0 |   1104     1104      0 | I:{1: 480} II:{1: 624} III:{} IV:{}
     83  82  41 |   492      0      0      0 |    492      492      0 | I:{1: 492} II:{} III:{} IV:{}
     85   8   8 |   504      0      0   2016 |   2520      504   2016 | I:{1: 504} II:{} III:{} IV:{1: 2016}
     87  28  28 |   516    672      0      0 |   1188     1188      0 | I:{1: 516} II:{1: 672} III:{} IV:{}
     89  11  11 |   528      0      0      0 |    528      528      0 | I:{1: 528} II:{} III:{} IV:{}
     91  12  12 |   540      0      0    144 |    684      540    144 | I:{1: 540} II:{} III:{} IV:{1: 144}
     93  10  10 |   552    720      0    960 |   2232     1272    960 | I:{1: 552} II:{1: 720} III:{} IV:{1: 960}
     95  36  36 |   564      0      0      0 |    564      564      0 | I:{1: 564} II:{} III:{} IV:{}
     97  48  24 |   576      0      0      0 |    576      576      0 | I:{1: 576} II:{} III:{} IV:{}
     99  30  15 |   588    768      0    720 |   2076     1356    720 | I:{1: 588} II:{1: 768} III:{} IV:{1: 720}
    101 100  50 |   600      0      0      0 |    600      600      0 | I:{1: 600} II:{} III:{} IV:{}
    103  51  51 |   612      0      0      0 |    612      612      0 | I:{1: 612} II:{} III:{} IV:{}
    105  12  12 |   624    816     48      0 |   1584     1584      0 | I:{1: 624} II:{1: 816} III:{3: 48} IV:{}

    (1) の厳密整数 v_2 と (3) の p 進和の不一致: なし
    ※ 予測 = 6(L-1) + 8(L-3)[3|L] + 144[15|L]。差はちょうど V_IV の寄与である。

  V_IV != 0 となった L と、その代表元(置換・座標反転を法とする):
    L= 17 (f= 8, e= 4): |V_IV|=  192, 代表  4 個 : [(1, 3, 6), (2, 5, 6), (3, 7, 8), (4, 5, 7)]
    L= 31 (f= 5, e= 5): |V_IV|=  720, 代表 15 個
    L= 33 (f=10, e= 5): |V_IV|=  720, 代表 15 個
    L= 43 (f=14, e= 7): |V_IV|=  336, 代表  7 個 : [(7, 9, 17), (7, 13, 14), (7, 15, 18), (9, 13, 15), (9, 14, 18), (13, 17, 18), (14, 15, 17)]
    L= 51 (f= 8, e= 8): |V_IV|=  288, 代表  6 個 : [(3, 9, 18), (3, 12, 17), (6, 15, 18), (6, 17, 24), (9, 21, 24), (12, 15, 21)]
    L= 63 (f= 6, e= 6): |V_IV|= 3120, 代表 65 個
    L= 65 (f=12, e= 6): |V_IV|= 3840, 代表 80 個
    L= 73 (f= 9, e= 9): |V_IV|=  432, 代表  9 個
    L= 85 (f= 8, e= 8): |V_IV|= 2016, 代表 42 個
    L= 91 (f=12, e=12): |V_IV|=  144, 代表  3 個 : [(7, 13, 35), (14, 21, 26), (28, 39, 42)]
    L= 93 (f=10, e=10): |V_IV|=  960, 代表 20 個
    L= 99 (f=30, e=15): |V_IV|=  720, 代表 15 個

--- (4) 対称性: (Z/L)^* の作用 chi -> a*chi ---
    V(L) 全体は <2,-1> で安定(Frobenius と複素共役)。V_I, V_II, V_III は (Z/L)^* 全体で安定。
    V(L) が (Z/L)^* 全体で安定でないなら、V_IV は 2 の上の素点 P の取り方に依存する。
    L=  9: V の安定化群 = [1, 2, 4, 5, 7, 8] ; <2,-1> = [1, 2, 4, 5, 7, 8] ; 一致 True ; V_I,V_II,V_III は全 (Z/L)^* 安定 True
    L= 15: V の安定化群 = [1, 2, 4, 7, 8, 11, 13, 14] ; <2,-1> = [1, 2, 4, 7, 8, 11, 13, 14] ; 一致 True ; V_I,V_II,V_III は全 (Z/L)^* 安定 True
    L= 17: V の安定化群 = [1, 2, 4, 8, 9, 13, 15, 16] ; <2,-1> = [1, 2, 4, 8, 9, 13, 15, 16] ; 一致 True ; V_I,V_II,V_III は全 (Z/L)^* 安定 True
    L= 21: V の安定化群 = [1, 2, 4, 5, 8, 10, 11, 13, 16, 17, 19, 20] ; <2,-1> = [1, 2, 4, 5, 8, 10, 11, 13, 16, 17, 19, 20] ; 一致 True ; V_I,V_II,V_III は全 (Z/L)^* 安定 True
    L= 27: V の安定化群 = [1, 2, 4, 5, 7, 8, 10, 11, 13, 14, 16, 17, 19, 20, 22, 23, 25, 26] ; <2,-1> = [1, 2, 4, 5, 7, 8, 10, 11, 13, 14, 16, 17, 19, 20, 22, 23, 25, 26] ; 一致 True ; V_I,V_II,V_III は全 (Z/L)^* 安定 True
    L= 31: V の安定化群 = [1, 2, 4, 8, 15, 16, 23, 27, 29, 30] ; <2,-1> = [1, 2, 4, 8, 15, 16, 23, 27, 29, 30] ; 一致 True ; V_I,V_II,V_III は全 (Z/L)^* 安定 True
    L= 33: V の安定化群 = [1, 2, 4, 8, 16, 17, 25, 29, 31, 32] ; <2,-1> = [1, 2, 4, 8, 16, 17, 25, 29, 31, 32] ; 一致 True ; V_I,V_II,V_III は全 (Z/L)^* 安定 True
    L= 43: V の安定化群 = [1, 2, 4, 8, 11, 16, 21, 22, 27, 32, 35, 39, 41, 42] ; <2,-1> = [1, 2, 4, 8, 11, 16, 21, 22, 27, 32, 35, 39, 41, 42] ; 一致 True ; V_I,V_II,V_III は全 (Z/L)^* 安定 True
    L= 51: V の安定化群 = [1, 2, 4, 8, 13, 16, 19, 25, 26, 32, 35, 38, 43, 47, 49, 50] ; <2,-1> = [1, 2, 4, 8, 13, 16, 19, 25, 26, 32, 35, 38, 43, 47, 49, 50] ; 一致 True ; V_I,V_II,V_III は全 (Z/L)^* 安定 True

--- (5) V_IV の点で lambda が有理数になるか(標本内) ---
    型 II (lambda=6) と型 III (lambda=8) は lambda が有理数なので P に依らない。
    L= 17: |V_IV|=  192, lambda が有理数の点: なし
    L= 31: |V_IV|=  720, lambda が有理数の点: なし
    L= 33: |V_IV|=  720, lambda が有理数の点: なし
    L= 43: |V_IV|=  336, lambda が有理数の点: なし
    L= 51: |V_IV|=  288, lambda が有理数の点: なし
    L= 63: |V_IV|= 3120, lambda が有理数の点: なし
    L= 65: |V_IV|= 3840, lambda が有理数の点: なし
    L= 73: |V_IV|=  432, lambda が有理数の点: なし
    L= 85: |V_IV|= 2016, lambda が有理数の点: なし
    L= 91: |V_IV|=  144, lambda が有理数の点: なし
    L= 93: |V_IV|=  960, lambda が有理数の点: なし
    L= 99: |V_IV|=  720, lambda が有理数の点: なし

============================================================================================
結論(詳細は outputs/reports/cycle15_T3_tau_d3_structure.md):
 - 消える指標は V_I, V_II, V_III, V_IV に分かれ、v_2(tau_3(L)) =
     6(L-1) + 8(L-3)[3|L] + 144[15|L] + sum_{V_IV} v_P(lambda)  (L 奇)。
   最初の 3 項は証明済み(定理 G,H,I)。cycle 14 の積み残し L=9,21,27 は V_II で、
   L=15 は V_II + V_III で完全に説明される。L=17 は V_IV(散発解)である。
 - V_IV は <2,-1> で安定だが (Z/L)^* 全体では安定でない(L=17 等で確認)。
   したがって V_IV は P に依存し、L の合同条件では記述できない。
 - **V_IV の個数・付値の閉形は得られていない。標本は L <= 105(奇)。法則は主張しない。**
============================================================================================

real	1m56.385s
user	1m2.035s
sys	0m1.284s
