=== real_exp_series_converges: Step 2 の上界 C の構成 ===
a の値: 33 個（最大 20.0000）
a=  0.000000: m0=  1, 2a^m0/m0!=0.000000e+00, C=1.000000e+00, e^a=1.000000e+00
a=  0.000001: m0=  1, 2a^m0/m0!=2.000000e-06, C=1.000002e+00, e^a=1.000001e+00
a=  0.094429: m0=  1, 2a^m0/m0!=1.888579e-01, C=1.188858e+00, e^a=1.099031e+00
a=  0.100000: m0=  1, 2a^m0/m0!=2.000000e-01, C=1.200000e+00, e^a=1.105171e+00
a=  0.141421: m0=  1, 2a^m0/m0!=2.828427e-01, C=1.282843e+00, e^a=1.151910e+00
a=  0.163556: m0=  1, 2a^m0/m0!=3.271114e-01, C=1.327111e+00, e^a=1.177691e+00
a=  0.244949: m0=  1, 2a^m0/m0!=4.898979e-01, C=1.489898e+00, e^a=1.277556e+00
a=  0.500000: m0=  1, 2a^m0/m0!=1.000000e+00, C=2.000000e+00, e^a=1.648721e+00
a=  0.563742: m0=  2, 2a^m0/m0!=3.178049e-01, C=1.881547e+00, e^a=1.757236e+00
a=  0.565685: m0=  2, 2a^m0/m0!=3.200000e-01, C=1.885685e+00, e^a=1.760654e+00
a=  0.579004: m0=  2, 2a^m0/m0!=3.352458e-01, C=1.914250e+00, e^a=1.784261e+00
a=  0.848528: m0=  2, 2a^m0/m0!=7.200000e-01, C=2.568528e+00, e^a=2.336206e+00
a=  0.976430: m0=  2, 2a^m0/m0!=9.534148e-01, C=2.929844e+00, e^a=2.654960e+00
a=  0.979796: m0=  2, 2a^m0/m0!=9.600000e-01, C=2.939796e+00, e^a=2.663912e+00
a=  1.000000: m0=  2, 2a^m0/m0!=1.000000e+00, C=3.000000e+00, e^a=2.718282e+00
a=  1.002865: m0=  3, 2a^m0/m0!=3.362061e-01, C=2.841939e+00, e^a=2.726080e+00
a=  1.131371: m0=  3, 2a^m0/m0!=4.827182e-01, C=3.254089e+00, e^a=3.099903e+00
a=  1.246413: m0=  3, 2a^m0/m0!=6.454532e-01, C=3.668639e+00, e^a=3.477846e+00
a=  1.246488: m0=  3, 2a^m0/m0!=6.455693e-01, C=3.668923e+00, e^a=3.478106e+00
a=  1.469694: m0=  3, 2a^m0/m0!=1.058180e+00, C=4.607873e+00, e^a=4.347904e+00
a=  1.744232: m0=  4, 2a^m0/m0!=7.713222e-01, C=5.921153e+00, e^a=5.721506e+00
a=  1.959592: m0=  4, 2a^m0/m0!=1.228800e+00, C=7.362531e+00, e^a=7.096430e+00
a=  2.000000: m0=  4, 2a^m0/m0!=1.333333e+00, C=7.666667e+00, e^a=7.389056e+00
a=  2.158851: m0=  5, 2a^m0/m0!=7.815593e-01, C=8.852730e+00, e^a=8.661179e+00
a=  2.158980: m0=  5, 2a^m0/m0!=7.817936e-01, C=8.853891e+00, e^a=8.662300e+00
a=  3.021099: m0=  7, 2a^m0/m0!=9.114938e-01, C=2.071587e+01, e^a=2.051381e+01
a=  3.261050: m0=  7, 2a^m0/m0!=1.556330e+00, C=2.637034e+01, e^a=2.607691e+01
a=  3.394113: m0=  7, 2a^m0/m0!=2.059127e+00, C=3.013652e+01, e^a=2.978821e+01
a=  5.000000: m0= 10, 2a^m0/m0!=5.382289e+00, C=1.490717e+02, e^a=1.484132e+02
a=  5.648305: m0= 12, 2a^m0/m0!=4.402611e+00, C=2.844477e+02, e^a=2.838099e+02
a=  5.878775: m0= 12, 2a^m0/m0!=7.114353e+00, C=3.582330e+02, e^a=3.573713e+02
a= 10.000000: m0= 20, 2a^m0/m0!=8.220635e+01, C=2.203259e+04, e^a=2.202647e+04
a= 20.000000: m0= 40, 2a^m0/m0!=2.695161e+04, C=4.851663e+08, e^a=4.851652e+08
checks: 1089, max relative error: 0.000e+00, tol: 1.0e-09
RESULT: PASS
