SageMath による cycle 14 / T3（Z_ell^2-塔）検証
例: 明示 15 件 + 乱択 30 件 = 45 件

==============================================================================
Step 1  補題 A2: charpoly(L_{X_{N,N'}}) = ∏_{ζ,ξ} charpoly(L(ζ,ξ))
  検査 315 件、不一致 0 件
==============================================================================
Step 2  補題 B2: c(X_{N,N'}) = Σ_{ζ,ξ} dim ker L(ζ,ξ) / 補題 C2: 部分群判定
  検査 405 件（うち非連結 143 件）、補題 B2 不一致 0 件、補題 C2 不一致 0 件
==============================================================================
Step 3  定理 1': N·N'·κ(X_{N,N'}) = κ(X)·∏_{(ζ,ξ)≠(1,1)} det L(ζ,ξ)
        （左辺は導来グラフの Kirchhoff 余因子、右辺は終結式。独立計算）
  検査 450 件（うち両辺 0 の退化 142 件）、不一致 0 件
==============================================================================
Step 4  塔の漸近。以下の 3 つを見る（フィットではなく、証明した量そのもの）:
        E_n := ord_ℓ(κ_n) - v_ℓ(κ(X)) + 2n - (ℓ^{2n}-1)·μ  = Σ_{(ζ,ξ)≠(1,1)} v_ℓ(f₁)
        (i)  E_n ≥ 0                      … 証明した下界（定理 2'）
        (ii) E_n/ℓ^{2n} → 0（末尾 3 点で減少）… 主要項の係数 = μ の数値的支持
        (iii) 過剰決定フィット（点 6 個以上が厳密に乗るか）
Step 5  単項式還元 (f₁ mod ℓ = T^a S^b × 単元) の例では
        G_n := (E_n - (a+b)·n·ℓ^n)/ℓ^n が有界（増分が縮小）かを照合 = 定理 3'

graph                     l ord_l(kappa_n) n=0..nmax      mu E_n/l^{2n} n=1..nmax   mono(a,b) fit(a,b) or -
-----------------------------------------------------------------------------------------------------------
  [mono] mono l=2:(1,0)+2x(0,1) ell=2 (a,b)=(2,0) mu=0  G_n=['1.500', '2.250', '1.625', '1.062', '0.656', '0.391', '0.227']
  [mono] mono l=3:(1,0)+3x(0,1) ell=3 (a,b)=(2,0) mu=0  G_n=['1.333', '1.333', '1.185', '1.086']
  [mono] cyc12ex1-2d' ell=5 (a,b)=(1,1) mu=0  G_n=['2.000', '2.080', '2.032']
  [mono] mu>0 mono l=2 ell=2 (a,b)=(2,2) mu=1  G_n=['1.500', '4.750', '6.375', '7.438', '8.094', '8.484', '8.711']
  [mono] 2v-parallel4 ell=2 (a,b)=(2,2) mu=0  G_n=['2.000', '4.000', '5.500', '6.500', '7.125', '7.500', '7.719']
torus:bouquet(1,0),(0,1)  2 0,5,19,61,167,417,987,2261     0 1.750,1.438,1.047,0... -        (0,2)
torus:bouquet(1,0),(0,1)  3 0,6,28,98,312                  0 0.889,0.395,0.143,0... -        -
torus:bouquet(1,0),(0,1)  5 0,14,92,490                    0 0.640,0.154,0.032      -        -
mono l=2:(1,0)+2x(0,1)    2 0,5,21,55,137,331,781,1807     0 1.750,1.562,0.953,0... (2,0)    (0,2)
mono l=2:(1,0)+2x(0,1)    3 0,10,52,214,808                0 1.333,0.691,0.302,0... -        -
mono l=2:(1,0)+2x(0,1)    5 0,10,68,366                    0 0.480,0.115,0.024      -        -
mono l=3:(1,0)+3x(0,1)    2 0,6,24,70,180,434,1008,2286    0 2.000,1.750,1.188,0... -        (0,2)
mono l=3:(1,0)+3x(0,1)    3 0,8,44,188,728                 0 1.111,0.593,0.266,0... (2,0)    -
mono l=3:(1,0)+3x(0,1)    5 0,10,68,366                    0 0.480,0.115,0.024      -        -
bouquet(1,0),(0,1),(1,1)  2 0,7,35,111,295,719,1671,...    0 2.250,2.438,1.828,1... -        (0,3)
bouquet(1,0),(0,1),(1,1)  3 0,8,36,124,392                 0 1.111,0.494,0.178,0... -        -
bouquet(1,0),(0,1),(1,1)  5 0,10,68,366                    0 0.480,0.115,0.024      -        -
bouquet(1,0),(0,1),(1,-1  2 0,7,35,111,295,719,1671,...    0 2.250,2.438,1.828,1... -        (0,3)
bouquet(1,0),(0,1),(1,-1  3 0,8,36,124,392                 0 1.111,0.494,0.178,0... -        -
bouquet(1,0),(0,1),(1,-1  5 0,10,68,366                    0 0.480,0.115,0.024      -        -
bouquet(2,0),(0,1),(1,1)  2 0,5,19,65,161,373,833,1821     0 1.750,1.438,1.109,0... -        -
bouquet(2,0),(0,1),(1,1)  3 0,8,36,124,392                 0 1.111,0.494,0.178,0... -        -
bouquet(2,0),(0,1),(1,1)  5 0,14,92,490                    0 0.640,0.154,0.032      -        -
cyc12ex1-2d               2 0,8,46,120,314,780,1854,...    0 2.500,3.125,1.969,1... -        (0,4)
cyc12ex1-2d               3 1,17,79,309,1115               0 2.000,1.012,0.431,0... -        -
cyc12ex1-2d               5 0,14,92,490                    0 0.640,0.154,0.032      -        -
cyc12ex1-2d'              2 0,6,22,62,158,382,894,2046     0 2.000,1.625,1.062,0... -        (0,2)
cyc12ex1-2d'              3 1,9,45,189,729                 0 1.111,0.593,0.266,0... -        -
cyc12ex1-2d'              5 0,18,148,998                   0 0.800,0.243,0.064      (1,1)    -
mu>0 mono l=2             2 2,14,64,206,624,1914,616...    1 2.750,3.188,2.297,1... (2,2)    (1,4)
mu>0 mono l=2             3 0,6,28,98,312                  0 0.889,0.395,0.143,0... -        -
mu>0 mono l=2             5 0,14,92,490                    0 0.640,0.154,0.032      -        -
2v-parallel4              2 2,12,46,136,354,860,2006...    0 3.000,3.000,2.188,1... (2,2)    (0,4)
2v-parallel4              3 0,6,28,98,312                  0 0.889,0.395,0.143,0... -        -
2v-parallel4              5 0,14,92,490                    0 0.640,0.154,0.032      -        -
deg: l=2 tower broken     3 0,8,44,188,728                 0 1.111,0.593,0.266,0... -        -
deg: l=2 tower broken     5 0,14,92,490                    0 0.640,0.154,0.032      -        -
3v-cycle                  2 3,10,26,60,130,272,558,1132    0 2.250,1.688,0.984,0... -        (0,0)
3v-cycle                  3 0,14,56,186,580                0 1.778,0.741,0.263,0... -        -
3v-cycle                  5 0,20,136,820                   0 0.880,0.224,0.053      -        -
rand02                    2 0,7,37,105,235,497,1023,...    0 2.250,2.562,1.734,0... -        -
rand02                    3 0,8,36,124,392                 0 1.111,0.494,0.178,0... -        -
rand02                    5 0,12,80,428                    0 0.560,0.134,0.028      -        -
rand03                    2 2,8,24,64,160,384,896,2048     0 2.000,1.625,1.062,0... -        (0,2)
rand03                    3 0,14,56,198,676                0 1.778,0.741,0.280,0... -        -
rand03                    5 0,10,68,366                    0 0.480,0.115,0.024      -        -
rand04                    5 0,10,68,366                    0 0.480,0.115,0.024      -        -
rand06                    2 0,5,21,55,157,323,657,1327     0 1.750,1.562,0.953,0... -        -
rand06                    3 0,10,48,166,524                0 1.333,0.642,0.236,0... -        -
rand06                    5 0,12,80,428                    0 0.560,0.134,0.028      -        -
rand07                    2 0,5,21,67,137,279,565,1139     0 1.750,1.562,1.141,0... -        -
rand07                    3 0,10,54,178,554                0 1.333,0.716,0.252,0... -        -
rand07                    5 0,12,80,428                    0 0.560,0.134,0.028      -        -
rand08                    2 0,5,19,69,161,361,793,1721     0 1.750,1.438,1.172,0... -        -
rand08                    3 0,10,56,202,696                0 1.333,0.741,0.285,0... -        -
rand08                    5 0,14,92,490                    0 0.640,0.154,0.032      -        -
rand09                    2 3,10,26,60,130,272,558,1132    0 2.250,1.688,0.984,0... -        (0,0)
rand09                    3 0,14,56,186,580                0 1.778,0.741,0.263,0... -        -
rand09                    5 0,10,68,366                    0 0.480,0.115,0.024      -        -
rand10                    2 0,5,23,53,115,241,495,1005     0 1.750,1.688,0.922,0... -        (0,0)
rand10                    3 1,9,37,125,393                 0 1.111,0.494,0.178,0... -        -
rand10                    5 0,16,108,576                   0 0.720,0.179,0.037      -        -
rand12                    2 0,9,39,115,295,707,1631,...    0 2.750,2.688,1.891,1... -        (0,3)
rand12                    3 0,6,28,98,312                  0 0.889,0.395,0.143,0... -        -
rand12                    5 0,10,68,366                    0 0.480,0.115,0.024      -        -
rand13                    2 0,5,25,67,137,279,565,1139     0 1.750,1.812,1.141,0... -        -
rand13                    3 0,8,42,148,470                 0 1.111,0.568,0.211,0... -        -
rand13                    5 0,12,80,428                    0 0.560,0.134,0.028      -        -
rand15                    2 0,5,21,55,157,351,777,1699     0 1.750,1.562,0.953,0... -        -
rand15                    3 0,6,28,98,312                  0 0.889,0.395,0.143,0... -        -
rand15                    5 0,14,92,490                    0 0.640,0.154,0.032      -        -
rand19                    5 1,13,81,429                    0 0.560,0.134,0.028      -        -
rand20                    3 0,6,28,98,312                  0 0.889,0.395,0.143,0... -        -
rand20                    5 0,14,92,490                    0 0.640,0.154,0.032      -        -
rand21                    3 0,10,52,214,808                0 1.333,0.691,0.302,0... -        -
rand21                    5 0,10,68,366                    0 0.480,0.115,0.024      -        -
rand22                    3 0,8,36,124,392                 0 1.111,0.494,0.178,0... -        -
rand22                    5 0,10,68,366                    0 0.480,0.115,0.024      -        -
rand23                    3 0,8,36,124,392                 0 1.111,0.494,0.178,0... -        -
rand23                    5 0,14,92,490                    0 0.640,0.154,0.032      -        -
rand24                    2 1,6,22,62,132,274,560,1134     0 1.750,1.562,1.047,0... -        -
rand24                    3 0,6,28,98,312                  0 0.889,0.395,0.143,0... -        -
rand24                    5 0,14,92,490                    0 0.640,0.154,0.032      -        -
rand25                    3 1,9,45,189,729                 0 1.111,0.593,0.266,0... -        -
rand25                    5 0,12,80,428                    0 0.560,0.134,0.028      -        -
rand28                    2 0,5,21,63,133,275,561,1135     0 1.750,1.562,1.078,0... -        -
rand28                    3 0,8,54,172,530                 0 1.111,0.716,0.244,0... -        -
rand28                    5 0,14,92,490                    0 0.640,0.154,0.032      -        -
rand29                    2 0,5,21,67,137,279,565,1139     0 1.750,1.562,1.141,0... -        -
rand29                    3 0,10,54,178,554                0 1.333,0.716,0.252,0... -        -
rand29                    5 0,14,92,490                    0 0.640,0.154,0.032      -        -

  (i)  下界 E_n ≥ 0: 成立 86 塔 / 違反 0 塔
  (ii) E_n/ℓ^{2n} が末尾 3 点で減少: 86 塔 / 減少せず 0 塔
  (iii) 6 点以上が厳密に乗った塔: 14 塔、うち a = μ が 14 塔
  Step 5 単項式還元の塔で G_n の増分が縮小: 5 / しない 0
==============================================================================
Step 5b μ>0 かつ単項式還元をもつ例の探索（2 頂点、平行辺 + ループ）
  検査 945 件、μ>0 かつ単項式還元の例 1 件
    edges=[(0, 1, (0, 0)), (0, 1, (2, 0)), (0, 1, (1, 1)), (0, 1, (1, 1)), (0, 0, (1, 0)), (1, 1, (1, 0))]
      ell=2 mu=1 (a,b)=(2,2) ord=[2, 14, 64, 206, 624, 1914, 6164]
      G_n=['1.500', '4.750', '6.375', '7.438', '8.094', '8.484']  OK
  照合 OK 1 / NG 0
==============================================================================
Step 4c ord_ℓ(κ_n) の独立計算（導来グラフ直接 vs 終結式）
  検査 299 件、不一致 0 件
==============================================================================
Step 6  射程外: μ=0 なのに ℓ∤(N,N') の段で v_ℓ(κ(X_{N,N'}))>0 になる witness
  検査 484 件、witness 203 件（先頭 8 件）:
    graph=torus:bouquet(1,0),(0,1)  ell=2  (N,N')=(3,3)  content の v_ell=0 だが v_ell(kappa)=4
    graph=torus:bouquet(1,0),(0,1)  ell=2  (N,N')=(5,5)  content の v_ell=0 だが v_ell(kappa)=8
    graph=torus:bouquet(1,0),(0,1)  ell=2  (N,N')=(7,7)  content の v_ell=0 だが v_ell(kappa)=12
    graph=torus:bouquet(1,0),(0,1)  ell=3  (N,N')=(4,4)  content の v_ell=0 だが v_ell(kappa)=4
    graph=mono l=2:(1,0)+2x(0,1)  ell=2  (N,N')=(3,3)  content の v_ell=0 だが v_ell(kappa)=2
    graph=mono l=2:(1,0)+2x(0,1)  ell=2  (N,N')=(5,5)  content の v_ell=0 だが v_ell(kappa)=4
    graph=mono l=2:(1,0)+2x(0,1)  ell=2  (N,N')=(3,5)  content の v_ell=0 だが v_ell(kappa)=4
    graph=mono l=2:(1,0)+2x(0,1)  ell=2  (N,N')=(7,7)  content の v_ell=0 だが v_ell(kappa)=6
==============================================================================
Step 7  明示例の Greenberg 係数（6 点以上が厳密に乗った塔のみ）
        ord_ℓ(κ_n) = a·ℓ^{2n} + b·n·ℓ^n + c·ℓ^n + d·n + e
    torus:bouquet(1,0),(0,1)   ell=2 nmax=7  mu=0  (a,b,c,d,e)=(0,2,4,-6,-1)  n>=1 で厳密  a==mu: True
    mono l=2:(1,0)+2x(0,1)     ell=2 nmax=7  mu=0  (a,b,c,d,e)=(0,2,0,2,1)  n>=2 で厳密  a==mu: True
    mono l=3:(1,0)+3x(0,1)     ell=2 nmax=7  mu=0  (a,b,c,d,e)=(0,2,4,-2,-4)  n>=0 で厳密  a==mu: True
    bouquet(1,0),(0,1),(1,1)   ell=2 nmax=7  mu=0  (a,b,c,d,e)=(0,3,9,-8,-9)  n>=0 で厳密  a==mu: True
    bouquet(1,0),(0,1),(1,-1)  ell=2 nmax=7  mu=0  (a,b,c,d,e)=(0,3,9,-8,-9)  n>=0 で厳密  a==mu: True
    cyc12ex1-2d                ell=2 nmax=7  mu=0  (a,b,c,d,e)=(0,4,6,-14,18)  n>=2 で厳密  a==mu: True
    cyc12ex1-2d'               ell=2 nmax=7  mu=0  (a,b,c,d,e)=(0,2,2,0,-2)  n>=0 で厳密  a==mu: True
    mu>0 mono l=2              ell=2 nmax=7  mu=1  (a,b,c,d,e)=(1,4,9,-6,-8)  n>=2 で厳密  a==mu: True
    2v-parallel4               ell=2 nmax=7  mu=0  (a,b,c,d,e)=(0,4,8,-6,-6)  n>=0 で厳密  a==mu: True
    3v-cycle                   ell=2 nmax=7  mu=0  (a,b,c,d,e)=(0,0,9,-2,-6)  n>=0 で厳密  a==mu: True
==============================================================================
総不一致: 0
