=== V2_not_in_clifford_group ===
  M=2 K2=0.400000000000000: 非零な Pauli 成分 2 個
      y0: +0.0000000000 -1.1259917398i
      z0: +1.5059407020 +0.0000000000i
      係数の平方和 = 3.535715（Clifford 群の元なら 1 かつ非零成分 1 個になる）
  M=2 K2=0.800000000000000: 非零な Pauli 成分 2 個
      y0: +0.0000000000 -0.4209519659i
      z0: +1.0849887362 +0.0000000000i
      係数の平方和 = 1.354401（Clifford 群の元なら 1 かつ非零成分 1 個になる）
  M=2 K2=1.20000000000000: 非零な Pauli 成分 2 個
      y0: +0.0000000000 -0.1829414686i
      z0: +1.0165960756 +0.0000000000i
      係数の平方和 = 1.066935（Clifford 群の元なら 1 かつ非零成分 1 個になる）
  [参考] M=2: (V_1^(-))^(1/2) で Z_1 を共役した場合の非零 Pauli 成分は 2 個
  M=3 K2=0.400000000000000: 非零な Pauli 成分 2 個
      y00: +0.0000000000 -1.1259917398i
      z00: +1.5059407020 +0.0000000000i
      係数の平方和 = 3.535715（Clifford 群の元なら 1 かつ非零成分 1 個になる）
  M=3 K2=0.800000000000000: 非零な Pauli 成分 2 個
      y00: +0.0000000000 -0.4209519659i
      z00: +1.0849887362 +0.0000000000i
      係数の平方和 = 1.354401（Clifford 群の元なら 1 かつ非零成分 1 個になる）
  M=3 K2=1.20000000000000: 非零な Pauli 成分 2 個
      y00: +0.0000000000 -0.1829414686i
      z00: +1.0165960756 +0.0000000000i
      係数の平方和 = 1.066935（Clifford 群の元なら 1 かつ非零成分 1 個になる）
  [参考] M=3: (V_1^(-))^(1/2) で Z_1 を共役した場合の非零 Pauli 成分は 2 個
checks: 12, max relative error: 4.423e-16, tol: 1.0e-09
RESULT: PASS
