cycle 22 / T3 Pure: mod ell の切れ目 と 必要精度 [    0.0s]

==============================================================================
Step F: bar tilde E が完全に一致する実在の 2 塔で d, e が違う [    0.0s]
==============================================================================

  ell=2 トーラス (1,0),(0,1)   vs   ell=2 bouquet (1,0)x3,(0,1)   (ell=2)
    bar tilde E 一致: True   mu 一致: True   (j*,e_j*,K,lambda,theta*) 一致: False
    bar tilde E = z^2*w + z*w^2 + z + w
    (a,b,c,d,e) = (0, 2, 4, -6, -1)
    (a,b,c,d,e) = (0, 2, 4, -2, -4)
    Tdef = 3 vs 0
    -> **c,d,e のいずれかが違う。mod ell では決まらない。**

  ell=2 bouquet (1,0)x3,(0,1)   vs   ell=2 bouquet (1,0)x5,(0,1)   (ell=2)
    bar tilde E 一致: True   mu 一致: True   (j*,e_j*,K,lambda,theta*) 一致: False
    bar tilde E = z^2*w + z*w^2 + z + w
    (a,b,c,d,e) = (0, 2, 4, -2, -4)
    (a,b,c,d,e) = (0, 2, 4, -6, -1)
    Tdef = 0 vs 3
    -> **c,d,e のいずれかが違う。mod ell では決まらない。**

  ell=3 bouquet (1,0)x1,(0,1)x2   vs   ell=3 bouquet (1,0)x4,(0,1)x2   (ell=3)
    bar tilde E 一致: True   mu 一致: True   (j*,e_j*,K,lambda,theta*) 一致: True
    bar tilde E = -z^2*w + z*w^2 + z - w
    (a,b,c,d,e) = (0, 2, 2, 0, -2)
    (a,b,c,d,e) = (0, 2, 2, 0, -2)
    Tdef = 0 vs 0
    -> この対では c,d,e がすべて一致（反例になっていない）

Step F: bar tilde E も mu も一致する対を 3 組検査した

==============================================================================
Step G: 固定精度 ell^N では c が決まらない（N を任意に大きく取れる） [    5.4s]
==============================================================================
  N=1 t=3     t2=5      mod 2^N 一致:True  bar/mu 一致:True  c: 8 -> 7 (差 -1)  d: -4 -> -4  e: -9 -> -5
       手計算 Lambda_1((1:1)) = 2+v_2(t+1) = 4 / 機械 4 ; Lambda_0((0:1)) = v_2(t+1) = 2 / 機械 2
  N=2 t=7     t2=11     mod 2^N 一致:True  bar/mu 一致:True  c: 11 -> 8 (差 -3)  d: -4 -> -4  e: -13 -> -9
       手計算 Lambda_1((1:1)) = 2+v_2(t+1) = 5 / 機械 5 ; Lambda_0((0:1)) = v_2(t+1) = 3 / 機械 3
  N=3 t=15    t2=23     mod 2^N 一致:True  bar/mu 一致:True  c: 14 -> 11 (差 -3)  d: -4 -> -4  e: -17 -> -13
       手計算 Lambda_1((1:1)) = 2+v_2(t+1) = 6 / 機械 6 ; Lambda_0((0:1)) = v_2(t+1) = 4 / 機械 4
  N=4 t=31    t2=47     mod 2^N 一致:True  bar/mu 一致:True  c: 17 -> 14 (差 -3)  d: -4 -> -4  e: -21 -> -17
       手計算 Lambda_1((1:1)) = 2+v_2(t+1) = 7 / 機械 7 ; Lambda_0((0:1)) = v_2(t+1) = 5 / 機械 5
  N=5 t=63    t2=95     mod 2^N 一致:True  bar/mu 一致:True  c: 20 -> 17 (差 -3)  d: -4 -> -4  e: -25 -> -21
       手計算 Lambda_1((1:1)) = 2+v_2(t+1) = 8 / 機械 8 ; Lambda_0((0:1)) = v_2(t+1) = 6 / 機械 6
  N=6 t=127   t2=191    mod 2^N 一致:True  bar/mu 一致:True  c: 23 -> 20 (差 -3)  d: -4 -> -4  e: -29 -> -25
       手計算 Lambda_1((1:1)) = 2+v_2(t+1) = 9 / 機械 9 ; Lambda_0((0:1)) = v_2(t+1) = 7 / 機械 7
  N=7 t=255   t2=383    mod 2^N 一致:True  bar/mu 一致:True  c: 26 -> 23 (差 -3)  d: -4 -> -4  e: -33 -> -29
       手計算 Lambda_1((1:1)) = 2+v_2(t+1) = 10 / 機械 10 ; Lambda_0((0:1)) = v_2(t+1) = 8 / 機械 8
  N=8 t=511   t2=767    mod 2^N 一致:True  bar/mu 一致:True  c: 29 -> 26 (差 -3)  d: -4 -> -4  e: -37 -> -33
       手計算 Lambda_1((1:1)) = 2+v_2(t+1) = 11 / 機械 11 ; Lambda_0((0:1)) = v_2(t+1) = 9 / 機械 9
Step G: N=1..8 で「mod 2^N 一致だが c が違う」対を確認

==============================================================================
Step H: 固定精度 ell^N では d も決まらない（位置側 theta^sharp が動く） [   10.0s]
==============================================================================
  N=1 p=3     -> 5     (q=9,t=1)  mod 2^N 一致:True bar/mu 一致:True  d: -2 -> -4   c: 7 -> 7   e: -7 -> -3
       (0:1) の k=1: 機械 (Lambda,theta#) = (3, 2) -> (3, 0) ; 手計算 (3,2) -> (3,0)
  N=2 p=7     -> 11    (q=17,t=1)  mod 2^N 一致:True bar/mu 一致:True  d: -2 -> -4   c: 10 -> 8   e: -11 -> -9
       (0:1) の k=1: 機械 (Lambda,theta#) = (4, 2) -> (4, 0) ; 手計算 (4,2) -> (4,0)
  N=3 p=15    -> 23    (q=33,t=1)  mod 2^N 一致:True bar/mu 一致:True  d: -2 -> -4   c: 13 -> 11   e: -15 -> -13
       (0:1) の k=1: 機械 (Lambda,theta#) = (5, 2) -> (5, 0) ; 手計算 (5,2) -> (5,0)
  N=4 p=31    -> 47    (q=65,t=1)  mod 2^N 一致:True bar/mu 一致:True  d: -2 -> -4   c: 16 -> 14   e: -19 -> -17
       (0:1) の k=1: 機械 (Lambda,theta#) = (6, 2) -> (6, 0) ; 手計算 (6,2) -> (6,0)
  N=5 p=63    -> 95    (q=129,t=1)  mod 2^N 一致:True bar/mu 一致:True  d: -2 -> -4   c: 19 -> 17   e: -23 -> -21
       (0:1) の k=1: 機械 (Lambda,theta#) = (7, 2) -> (7, 0) ; 手計算 (7,2) -> (7,0)
  N=6 p=127   -> 191   (q=257,t=1)  mod 2^N 一致:True bar/mu 一致:True  d: -2 -> -4   c: 22 -> 20   e: -27 -> -25
       (0:1) の k=1: 機械 (Lambda,theta#) = (8, 2) -> (8, 0) ; 手計算 (8,2) -> (8,0)
  N=7 p=255   -> 383   (q=513,t=1)  mod 2^N 一致:True bar/mu 一致:True  d: -2 -> -4   c: 25 -> 23   e: -31 -> -29
       (0:1) の k=1: 機械 (Lambda,theta#) = (9, 2) -> (9, 0) ; 手計算 (9,2) -> (9,0)
  N=8 p=511   -> 767   (q=1025,t=1)  mod 2^N 一致:True bar/mu 一致:True  d: -2 -> -4   c: 28 -> 26   e: -35 -> -33
       (0:1) の k=1: 機械 (Lambda,theta#) = (10, 2) -> (10, 0) ; 手計算 (10,2) -> (10,0)
Step H: N=1..8 で「mod 2^N 一致だが d が違う」対を確認

==============================================================================
Step I: 精度 N > max_k Lambda_k なら c, d は決まる（逆向きの確認） [   18.0s]
==============================================================================
ell=2 まで: 照合 224 / 不一致 0 / 除外 0
ell=3 まで: 照合 444 / 不一致 0 / 除外 0
Step I: 摂動 ell^N g（N > max Lambda）で段データと (c,d) が不変: 444 件中 不一致 0 件（除外 0）

==============================================================================
まとめ [   58.1s]
==============================================================================
FAIL 件数: 0
打ち切り件数: 0
総所要 58.1s
