cycle 22 / T3 Pure: 係数 d, e の構造 [    0.0s]
母集団 123 塔 x ell in [2, 3, 5, 7]。予言側は D の係数だけ（当てはめ 0）。

【重要な前提】d と e は本サイクルで初めて決まったのではない。
cycle21 定理 G4 (5.4) + 定理 G1 (2.2)(2.3) が既に両方を D の係数から決めている。
本スクリプトが見るのは「d と e がどういう情報でできているか」の構造である。

==============================================================================
Step A / B: d の局所式、c の局所形、K 水増し不変性 [    0.0s]
==============================================================================
ell= 2 まで完了: 有効 86 塔（累計）/ 未実施 0
ell= 3 まで完了: 有効 171 塔（累計）/ 未実施 0
ell= 5 まで完了: 有効 266 塔（累計）/ 未実施 0
ell= 7 まで完了: 有効 361 塔（累計）/ 未実施 0
Step A: d の局所式・c の局所形・d の整数性 を 361 塔で照合、不一致 0
Step B: K 水増し（+1, +2）の不変性を 722 件で照合、不一致 0

==============================================================================
Step C / D: e = v_ell(kappa(X)) - a - c + Tdef、Tdef の M* 非依存性と分布 [   43.6s]
==============================================================================
Step C: e = v_ell(kappa X) - a - c + Tdef を 361 塔で照合、不一致 0
Step C: Tdef の M* 非依存性（M*+1, M*+2）を 342 件で照合（ell=5,7 の 190 塔は設計上除外）
Step D: Tdef != 0 の塔 81 / Tdef = 0 の塔 280（e は局所量だけでは決まらない）
Step D: 非整数の c: 87 塔 / 非整数の e: 77 塔 / 非整数の Tdef: 10 塔（d は上で全数整数を確認済み）
Step D: d の値の分布 (ell,d):count = {(2, -8): 9, (2, -6): 21, (2, -4): 3, (2, -2): 12, (2, 0): 3, (2, 2): 38, (3, -10): 1, (3, -2): 32, (3, -1): 7, (3, 0): 45, (5, -2): 86, (5, 0): 9, (7, -2): 92, (7, 0): 3}

==============================================================================
まとめ [   67.6s]
==============================================================================
FAIL 件数: 0
打ち切り件数: 0
総所要 67.6s
