cycle 22 / T3 Pure: e に過渡欠損が要ること [    0.0s]
母集団 133 塔 x ell in [2,3]

==============================================================================
Step K / L: (a,b,c,d) と局所データが一致して e が違う対を探す [    0.0s]
==============================================================================
有効 191 塔

  (ell,a,b,c,d)=(2, 0, 2, 0, 2) で e が 3 通り: [1, 3, 5]
     BQ3 (1, 0),(1, 0),(0, 1)           e=1        Tdef=1        v_ell(kappa X)=0 A_gen=2
     FAM p=1 q=6                        e=3        Tdef=3        v_ell(kappa X)=0 A_gen=2
     FAM p=2 q=7                        e=5        Tdef=5        v_ell(kappa X)=0 A_gen=2

  (ell,a,b,c,d)=(2, 1, 2, 0, 2) で e が 2 通り: [0, 2]
     FAM p=2 q=4                        e=0        Tdef=1        v_ell(kappa X)=0 A_gen=2
     FAM p=4 q=6                        e=2        Tdef=3        v_ell(kappa X)=0 A_gen=2

  (ell,a,b,c,d)=(3, 0, 0, 5, -2) で e が 2 通り: [-5, -4]
     BQ3 (1, 0),(0, 1),(1, 1)           e=-5       Tdef=0        v_ell(kappa X)=0 A_gen=10/3
     TV3 (0, 0),(1, 0),(0, 1)           e=-4       Tdef=0        v_ell(kappa X)=1 A_gen=10/3

Step K: (ell,a,b,c,d) が同じで e が複数値を取る組 3 個

  局所データ + A_gen + v_ell(kappa X) が一致して e が 3 通り: [1, 3, 5]
     ell=2 BQ3 (1, 0),(1, 0),(0, 1)           (a,b,c,d,e)=(0, 2, 0, 2, 1) Tdef=1
     ell=2 FAM p=2 q=3                        (a,b,c,d,e)=(0, 2, 0, 2, 3) Tdef=3
     ell=2 FAM p=2 q=7                        (a,b,c,d,e)=(0, 2, 0, 2, 5) Tdef=5

  局所データ + A_gen + v_ell(kappa X) が一致して e が 3 通り: [1, 3, 5]
     ell=2 BQ3 (1, 0),(0, 1),(0, 1)           (a,b,c,d,e)=(0, 2, 0, 2, 1) Tdef=1
     ell=2 FAM p=1 q=6                        (a,b,c,d,e)=(0, 2, 0, 2, 3) Tdef=3
     ell=2 FAM p=5 q=6                        (a,b,c,d,e)=(0, 2, 0, 2, 5) Tdef=5

Step K2: 第 2 層（局所データ + A_gen）+ v_ell(kappa X) まで一致して e が違う組 2 個

Step L: Tdef = 0 の塔 108 / Tdef != 0 の塔 83
Step L: Tdef の値の分布（上位 12 個）= {0: 108, 1: 36, 3: 25, 6: 6, -2/3: 6, -7: 3, -4/3: 3, -1: 2, 5: 2}
Step L: Tdef の最小 -7 / 最大 6

==============================================================================
まとめ [   21.0s]
==============================================================================
FAIL 件数: 0
打ち切り件数: 0
総所要 21.0s
