# exact-solution-of-2d-ising-model/structured-latex — npm run check の実行ログ

目的: integrable-lattice への基盤導入によって Ising 側の検証が壊れていないことの実測確認。
Ising 側のファイルは一切変更していない（pnpm install で node_modules を用意しただけ。lockfile は --frozen-lockfile）。

実行日: 2026-07-26
node: v22.22.3 / pnpm: 10.33.2

```

> @ising/structured-latex@0.1.0 check
> npm run check:generated && npm run typecheck && npm run validate && npm run verify:proofs && npm run test:types && npm run test:runtime


> @ising/structured-latex@0.1.0 check:generated
> node tools/generate-index.ts --check

generated files are up to date (183 labels, 19 content + 8 notes files)

> @ising/structured-latex@0.1.0 typecheck
> tsc -p tsconfig.json --noEmit


> @ising/structured-latex@0.1.0 validate
> node tools/validate-content.ts

validated 217 blocks from 19 files (15 headings, 183 labels, 1019 refs, all resolved)
notes: 38件（内部参照用・出版物には載らない） from 8 files (48 targets, all resolved)

> @ising/structured-latex@0.1.0 verify:proofs
> node tools/verify-no-lost-proofs.ts

no lost proofs: TODO ブロック 0 件はいずれも原本側も未証明

> @ising/structured-latex@0.1.0 test:types
> node tools/negative-type-test.ts

✓ 本文中の ref が存在しないラベルを指す
    type-tests/.tmp/case0_broken/fixture.ts(10,40): error TS2345: Argument of type '"A_theta_is_identity_when_gamma2_zero__does_not_exist"' is not assignable to parameter of type '"A_theta_is_identity_when_gamma2_zero" | "H1_H2_via_check_Z_Y" | "H1_H2_via_hatZ_hatY" | "T_V_eq_T_Vprime" | "T_V_eq_T_Vprime_on_hatZ_hatY" | "T_V_hatZ_hatY" | "T_Vprime_fixes_hatZ_hatY_when_gamma2_zero" | ... 175 more ... | "ホロノミック量子場_p142下段_1"'.
✓ ノートの targets が存在しないラベルを指す
    type-tests/.tmp/case1_broken/fixture.ts(8,15): error TS2820: Type '"A_theta_is_identity_when_gamma2_zero__does_not_exist"' is not assignable to type '"A_theta_is_identity_when_gamma2_zero" | "H1_H2_via_check_Z_Y" | "H1_H2_via_hatZ_hatY" | "T_V_eq_T_Vprime" | "T_V_eq_T_Vprime_on_hatZ_hatY" | "T_V_hatZ_hatY" | "T_Vprime_fixes_hatZ_hatY_when_gamma2_zero" | ... 175 more ... | "ホロノミック量子場_p142下段_1"'. Did you mean '"A_theta_is_identity_when_gamma2_zero"'?
✓ ブロックが未登録のラベルを宣言する（生成物の再生成漏れ）
    type-tests/.tmp/case2_broken/fixture.ts(9,14): error TS2820: Type '"A_theta_is_identity_when_gamma2_zero__does_not_exist"' is not assignable to type '"A_theta_is_identity_when_gamma2_zero" | "H1_H2_via_check_Z_Y" | "H1_H2_via_hatZ_hatY" | "T_V_eq_T_Vprime" | "T_V_eq_T_Vprime_on_hatZ_hatY" | "T_V_hatZ_hatY" | "T_Vprime_fixes_hatZ_hatY_when_gamma2_zero" | ... 175 more ... | "ホロノミック量子場_p142下段_1"'. Did you mean '"A_theta_is_identity_when_gamma2_zero"'?
✓ 同一ファイル内でブロック id が重複する
    type-tests/.tmp/case3_broken/fixture.ts(3,29): error TS2345: Argument of type '[{ id: "neg_dup_a"; kind: "claim"; sourcePath: "type-tests/.tmp"; sourceOrdinal: 1; labels: []; statement: []; }, { id: "neg_dup_a"; kind: "claim"; sourcePath: "type-tests/.tmp"; sourceOrdinal: 1; labels: []; statement: []; }]' is not assignable to parameter of type 'readonly [{ readonly id: "neg_dup_a"; readonly kind: "claim"; readonly sourcePath: "type-tests/.tmp"; readonly sourceOrdinal: 1; readonly labels: readonly []; readonly statement: readonly []; }, { readonly id: "neg_dup_a"; ... 4 more ...; readonly statement: readonly []; }] & readonly ConvertedBlock[] & { ...; }'.
✓ 同一ファイル内でラベルが重複する
    type-tests/.tmp/case4_broken/fixture.ts(3,29): error TS2345: Argument of type '[{ id: "neg_lbl_a"; kind: "claim"; sourcePath: "type-tests/.tmp"; sourceOrdinal: 1; labels: ["A_theta_is_identity_when_gamma2_zero"]; statement: []; }, { id: "neg_lbl_b"; kind: "claim"; sourcePath: "type-tests/.tmp"; sourceOrdinal: 1; labels: [...]; statement: []; }]' is not assignable to parameter of type 'readonly [{ readonly id: "neg_lbl_a"; readonly kind: "claim"; readonly sourcePath: "type-tests/.tmp"; readonly sourceOrdinal: 1; readonly labels: readonly ["A_theta_is_identity_when_gamma2_zero"]; readonly statement: readonly []; }, { ...; }] & readonly ConvertedBlock[] & { ...; }'.
✓ 同一ファイル内でノート id が重複する
    type-tests/.tmp/case5_broken/fixture.ts(5,28): error TS2345: Argument of type '[{ id: "note_neg_dup_a"; targets: ["A_theta_is_identity_when_gamma2_zero"]; body: []; }, { id: "note_neg_dup_a"; targets: ["A_theta_is_identity_when_gamma2_zero"]; body: []; }]' is not assignable to parameter of type 'readonly [{ readonly id: "note_neg_dup_a"; readonly targets: readonly ["A_theta_is_identity_when_gamma2_zero"]; readonly body: readonly []; }, { readonly id: "note_neg_dup_a"; readonly targets: readonly ["A_theta_is_identity_when_gamma2_zero"]; readonly body: readonly []; }] & readonly Note[] & { ...; }'.
✓ ファイルを跨いでブロック id が重複する
    type-tests/.tmp/case6_broken/fixture.ts(17,49): error TS2344: Type '"neg_cross_a"' does not satisfy the constraint 'never'.
✓ ファイルを跨いでラベルが重複する
    type-tests/.tmp/case7_broken/fixture.ts(18,47): error TS2344: Type '"A_theta_is_identity_when_gamma2_zero"' does not satisfy the constraint 'never'.
✓ ノート id がブロック id と衝突する
    type-tests/.tmp/case8_broken/fixture.ts(20,48): error TS2344: Type '"neg_collide_block"' does not satisfy the constraint 'never'.
✓ 見出しブロックが本文を持つ
    type-tests/.tmp/case9_broken/fixture.ts(6,3): error TS2322: Type '{ id: string; kind: "heading"; level: 2; sourcePath: string; sourceOrdinal: number; title: { text: string; }; labels: never[]; statement: ParagraphNode[]; }' is not assignable to type 'ConvertedBlock'.
✓ 定理型ブロックが見出し専用の level を持つ
    type-tests/.tmp/case10_broken/fixture.ts(11,5): error TS2322: Type 'number' is not assignable to type 'HeadingLevel | undefined'.
✓ 見出しの level が 1〜6 の範囲外
    type-tests/.tmp/case11_broken/fixture.ts(7,5): error TS2322: Type '7' is not assignable to type 'HeadingLevel | undefined'.
✓ タイトルが text も tex も持たない
    type-tests/.tmp/case12_broken/fixture.ts(11,5): error TS2322: Type '{}' is not assignable to type '{ text: string; tex?: string | undefined; } | { text?: string | undefined; tex: string; } | null | undefined'.
✓ conversion.status が想定外の値
    type-tests/.tmp/case13_broken/fixture.ts(11,19): error TS2820: Type '"convertd"' is not assignable to type 'ConversionStatus'. Did you mean '"converted"'?
✓ フィールド名の打ち間違い（proof → proofs）
    type-tests/.tmp/case14_broken/fixture.ts(11,5): error TS2345: Argument of type '[{ id: "neg_typo"; kind: "claim"; sourcePath: "type-tests/.tmp"; sourceOrdinal: 1; labels: []; statement: []; proofs: [ParagraphNode]; }]' is not assignable to parameter of type 'readonly [{ readonly id: "neg_typo"; readonly kind: "claim"; readonly sourcePath: "type-tests/.tmp"; readonly sourceOrdinal: 1; readonly labels: readonly []; readonly statement: readonly []; readonly proofs: readonly [ParagraphNode]; }] & readonly ConvertedBlock[]'.
✓ sourceOrdinal が整数でない
    type-tests/.tmp/case15_broken/fixture.ts(3,29): error TS2345: Argument of type '[{ id: "neg_ordinal"; kind: "claim"; sourcePath: "type-tests/.tmp"; sourceOrdinal: 2.5; labels: []; statement: []; }]' is not assignable to parameter of type 'readonly [{ readonly id: "neg_ordinal"; readonly kind: "claim"; readonly sourcePath: "type-tests/.tmp"; readonly sourceOrdinal: 2.5; readonly labels: readonly []; readonly statement: readonly []; }] & readonly ConvertedBlock[] & { ...; }'.
✓ sourceOrdinal が 0 以下
    type-tests/.tmp/case16_broken/fixture.ts(3,29): error TS2345: Argument of type '[{ id: "neg_ordinal_zero"; kind: "claim"; sourcePath: "type-tests/.tmp"; sourceOrdinal: 0; labels: []; statement: []; }]' is not assignable to parameter of type 'readonly [{ readonly id: "neg_ordinal_zero"; readonly kind: "claim"; readonly sourcePath: "type-tests/.tmp"; readonly sourceOrdinal: 0; readonly labels: readonly []; readonly statement: readonly []; }] & readonly ConvertedBlock[] & { ...; }'.
✓ ノートの targets が空
    type-tests/.tmp/case17_broken/fixture.ts(8,5): error TS2322: Type '[]' is not assignable to type 'readonly ["A_theta_is_identity_when_gamma2_zero" | "H1_H2_via_check_Z_Y" | "H1_H2_via_hatZ_hatY" | "T_V_eq_T_Vprime" | "T_V_eq_T_Vprime_on_hatZ_hatY" | "T_V_hatZ_hatY" | "T_Vprime_fixes_hatZ_hatY_when_gamma2_zero" | ... 175 more ... | "ホロノミック量子場_p142下段_1", ...("A_theta_is_identity_when_gamma2_zero" | ... 181 more .....'.

すべての負テストが期待どおり: 誤った入力は tsc が拒否する（18 件）

> @ising/structured-latex@0.1.0 test:runtime
> node tools/schema-runtime-test.ts

✓ ブロックの未知フィールド（proof の打ち間違い）を拒む
✓ 本文ブロックの notes を拒む（注記は notes/ へ）
✓ 見出しに本文があれば拒む
✓ ノートの未知フィールドを拒む
✓ 定理型ブロックに level があれば拒む（見出しとの取り違え）
✓ ノートの targets が空なら拒む
✓ conversion.status が想定外の値なら拒む
✓ タイトルが text も tex も持たないなら拒む
✓ sourceOrdinal が整数でないなら拒む
✓ ノードの type が不正なら拒む

実行時検証テスト 10 件すべて期待どおり
exit=0
```
