
> @integrable-lattice/structured-latex@0.1.0 check
> npm run check:generated && npm run typecheck && npm run validate && npm run test:types && npm run test:runtime


> @integrable-lattice/structured-latex@0.1.0 check:generated
> node tools/generate-index.ts --check

generated files are up to date (26 labels, 8 content + 1 notes files)

> @integrable-lattice/structured-latex@0.1.0 typecheck
> tsc -p tsconfig.json --noEmit


> @integrable-lattice/structured-latex@0.1.0 validate
> node tools/validate-content.ts

validated 33 blocks from 8 files (9 headings, 26 labels, 18 refs, all resolved)
notes: 1件（内部参照用・出版物には載らない） from 1 files (1 targets, all resolved)
linkage: SageMath 検証 21 件（全て実在）、Lean 定理 5 件
ℝ/ℂ への脱出を宣言しているブロック: 7 件
  - scaffold_002_claim_placeholder [mixed] 足場としての例示のみ。可算な対象（Λ の元）を扱いながら、指数評価のために一度だけ 実数の順序完備性を使う、という形の脱…
  - paper_011_remark_positioning [mixed] 本ブロックは位置づけの宣言であり、ℝ は「Lehmer 問題が ℝ 側に固有である」という寄与 (d) の 記述の中で名…
  - paper_012_definition_ladder [mixed] 本定義は梯子の最上段として ℝ/ℂ を含む。ℝ/ℂ は「決定不能な段」として名指すためだけに現れ、本論文の主張が ℝ を…
  - paper_031_theorem_lsw [R] 本定理の結論そのものが ℝ の元（log m(P)）への収束である。本論文で ℝ を使うのはこの一点だけであり、第 4 …
  - paper_032_remark_ising_known [R] 自由エネルギー密度そのものが ℝ の量である。本注記は既知結果の所在を示すだけで、本論文の主張はこれに依存しない。
  - paper_051_theorem_duality [mixed] 本命題は (∞ 素点) の主張で L → ∞ の極限を取る。ℝ を使うのはこの一点だけであり、(p 素点) の 2 つの…
  - paper_071_remark_asymmetry [mixed] 本注記は ℝ 側の量（Mahler 測度）と Λ 側の量（岩澤 μ）を比較する。ℝ が現れるのは比較の左辺だけで、本論文…

> @integrable-lattice/structured-latex@0.1.0 test:types
> node tools/negative-type-test.ts

✓ 本文中の ref が存在しないラベルを指す
    type-tests/.tmp/case0_broken/fixture.ts(11,40): error TS2345: Argument of type '"paper_claim_resultant__does_not_exist"' is not assignable to parameter of type '"paper_claim_resultant" | "paper_def_aL" | "paper_def_curve" | "paper_def_ladder" | "paper_def_massieu" | "paper_four_axes" | "paper_lemma_V0" | "paper_positioning" | "paper_prop_A" | ... 16 more ... | "scaffold_def_placeholder"'.
✓ ノートの targets が存在しないラベルを指す
    type-tests/.tmp/case1_broken/fixture.ts(8,15): error TS2322: Type '"paper_claim_resultant__does_not_exist"' is not assignable to type '"paper_claim_resultant" | "paper_def_aL" | "paper_def_curve" | "paper_def_ladder" | "paper_def_massieu" | "paper_four_axes" | "paper_lemma_V0" | "paper_positioning" | "paper_prop_A" | ... 16 more ... | "scaffold_def_placeholder"'.
✓ ブロックが未登録のラベルを宣言する（生成物の再生成漏れ）
    type-tests/.tmp/case2_broken/fixture.ts(9,14): error TS2322: Type '"paper_claim_resultant__does_not_exist"' is not assignable to type '"paper_claim_resultant" | "paper_def_aL" | "paper_def_curve" | "paper_def_ladder" | "paper_def_massieu" | "paper_four_axes" | "paper_lemma_V0" | "paper_positioning" | "paper_prop_A" | ... 16 more ... | "scaffold_def_placeholder"'.
✓ 同一ファイル内でブロック id が重複する
    type-tests/.tmp/case3_broken/fixture.ts(3,29): error TS2345: Argument of type '[{ id: "neg_dup_a"; kind: "claim"; sourcePath: "type-tests/.tmp"; sourceOrdinal: 1; labels: []; habitat: "Lambda"; statement: []; }, { id: "neg_dup_a"; kind: "claim"; sourcePath: "type-tests/.tmp"; sourceOrdinal: 1; labels: []; habitat: "Lambda"; statement: []; }]' is not assignable to parameter of type 'readonly [{ readonly id: "neg_dup_a"; readonly kind: "claim"; readonly sourcePath: "type-tests/.tmp"; readonly sourceOrdinal: 1; readonly labels: readonly []; readonly habitat: "Lambda"; readonly statement: readonly []; }, { ...; }] & readonly ConvertedBlock[] & { ...; }'.
✓ 同一ファイル内でラベルが重複する
    type-tests/.tmp/case4_broken/fixture.ts(3,29): error TS2345: Argument of type '[{ id: "neg_lbl_a"; kind: "claim"; sourcePath: "type-tests/.tmp"; sourceOrdinal: 1; labels: ["paper_claim_resultant"]; habitat: "Lambda"; statement: []; }, { id: "neg_lbl_b"; kind: "claim"; sourcePath: "type-tests/.tmp"; sourceOrdinal: 1; labels: [...]; habitat: "Lambda"; statement: []; }]' is not assignable to parameter of type 'readonly [{ readonly id: "neg_lbl_a"; readonly kind: "claim"; readonly sourcePath: "type-tests/.tmp"; readonly sourceOrdinal: 1; readonly labels: readonly ["paper_claim_resultant"]; readonly habitat: "Lambda"; readonly statement: readonly []; }, { ...; }] & readonly ConvertedBlock[] & { ...; }'.
✓ 同一ファイル内でノート id が重複する
    type-tests/.tmp/case5_broken/fixture.ts(5,28): error TS2345: Argument of type '[{ id: "note_neg_dup_a"; targets: ["paper_claim_resultant"]; body: []; }, { id: "note_neg_dup_a"; targets: ["paper_claim_resultant"]; body: []; }]' is not assignable to parameter of type 'readonly [{ readonly id: "note_neg_dup_a"; readonly targets: readonly ["paper_claim_resultant"]; readonly body: readonly []; }, { readonly id: "note_neg_dup_a"; readonly targets: readonly ["paper_claim_resultant"]; readonly body: readonly []; }] & readonly Note[] & { ...; }'.
✓ ファイルを跨いでブロック id が重複する
    type-tests/.tmp/case6_broken/fixture.ts(17,49): error TS2344: Type '"neg_cross_a"' does not satisfy the constraint 'never'.
✓ ファイルを跨いでラベルが重複する
    type-tests/.tmp/case7_broken/fixture.ts(18,47): error TS2344: Type '"paper_claim_resultant"' does not satisfy the constraint 'never'.
✓ ノート id がブロック id と衝突する
    type-tests/.tmp/case8_broken/fixture.ts(20,48): error TS2344: Type '"neg_collide_block"' does not satisfy the constraint 'never'.
✓ 見出しブロックが本文を持つ
    type-tests/.tmp/case9_broken/fixture.ts(6,3): error TS2322: Type '{ id: string; kind: "heading"; level: 2; sourcePath: string; sourceOrdinal: number; title: { text: string; }; labels: never[]; statement: ParagraphNode[]; }' is not assignable to type 'ConvertedBlock'.
✓ 定理型ブロックが見出し専用の level を持つ
    type-tests/.tmp/case10_broken/fixture.ts(12,5): error TS2322: Type 'number' is not assignable to type 'HeadingLevel | undefined'.
✓ 見出しの level が 1〜6 の範囲外
    type-tests/.tmp/case11_broken/fixture.ts(7,5): error TS2322: Type '7' is not assignable to type 'HeadingLevel | undefined'.
✓ タイトルが text も tex も持たない
    type-tests/.tmp/case12_broken/fixture.ts(12,5): error TS2322: Type '{}' is not assignable to type '{ text: string; tex?: string | undefined; } | { text?: string | undefined; tex: string; } | null | undefined'.
✓ conversion.status が想定外の値
    type-tests/.tmp/case13_broken/fixture.ts(12,19): error TS2820: Type '"convertd"' is not assignable to type 'ConversionStatus'. Did you mean '"converted"'?
✓ フィールド名の打ち間違い（proof → proofs）
    type-tests/.tmp/case14_broken/fixture.ts(12,5): error TS2345: Argument of type '[{ id: "neg_typo"; kind: "claim"; sourcePath: "type-tests/.tmp"; sourceOrdinal: 1; labels: []; habitat: "Lambda"; statement: []; proofs: [ParagraphNode]; }]' is not assignable to parameter of type 'readonly [{ readonly id: "neg_typo"; readonly kind: "claim"; readonly sourcePath: "type-tests/.tmp"; readonly sourceOrdinal: 1; readonly labels: readonly []; readonly habitat: "Lambda"; readonly statement: readonly []; readonly proofs: readonly [...]; }] & readonly ConvertedBlock[]'.
✓ sourceOrdinal が整数でない
    type-tests/.tmp/case15_broken/fixture.ts(3,29): error TS2345: Argument of type '[{ id: "neg_ordinal"; kind: "claim"; sourcePath: "type-tests/.tmp"; sourceOrdinal: 2.5; labels: []; habitat: "Lambda"; statement: []; }]' is not assignable to parameter of type 'readonly [{ readonly id: "neg_ordinal"; readonly kind: "claim"; readonly sourcePath: "type-tests/.tmp"; readonly sourceOrdinal: 2.5; readonly labels: readonly []; readonly habitat: "Lambda"; readonly statement: readonly []; }] & readonly ConvertedBlock[] & { ...; }'.
✓ sourceOrdinal が 0 以下
    type-tests/.tmp/case16_broken/fixture.ts(3,29): error TS2345: Argument of type '[{ id: "neg_ordinal_zero"; kind: "claim"; sourcePath: "type-tests/.tmp"; sourceOrdinal: 0; labels: []; habitat: "Lambda"; statement: []; }]' is not assignable to parameter of type 'readonly [{ readonly id: "neg_ordinal_zero"; readonly kind: "claim"; readonly sourcePath: "type-tests/.tmp"; readonly sourceOrdinal: 0; readonly labels: readonly []; readonly habitat: "Lambda"; readonly statement: readonly []; }] & readonly ConvertedBlock[] & { ...; }'.
✓ ノートの targets が空
    type-tests/.tmp/case17_broken/fixture.ts(8,5): error TS2322: Type '[]' is not assignable to type 'readonly ["paper_claim_resultant" | "paper_def_aL" | "paper_def_curve" | "paper_def_ladder" | "paper_def_massieu" | "paper_four_axes" | "paper_lemma_V0" | "paper_positioning" | ... 17 more ... | "scaffold_def_placeholder", ...("paper_claim_resultant" | ... 24 more ... | "scaffold_def_placeholder")[]]'.
✓ 【固有】本文ブロックが habitat を宣言していない
    type-tests/.tmp/case18_broken/fixture.ts(4,3): error TS2322: Type '{ id: string; kind: "claim"; sourcePath: string; sourceOrdinal: number; labels: never[]; statement: never[]; }' is not assignable to type 'ConvertedBlock'.
✓ 【固有】habitat が未知の値（住処の綴り違い）
    type-tests/.tmp/case19_broken/fixture.ts(10,5): error TS2820: Type '"Lamda"' is not assignable to type 'CountableHabitat | EscapingHabitat | undefined'. Did you mean '"Lambda"'?
✓ 【固有】可算な habitat（Z）なのに realEscape を書いている
    type-tests/.tmp/case20_broken/fixture.ts(4,3): error TS2322: Type '{ id: string; kind: "claim"; sourcePath: string; sourceOrdinal: number; labels: never[]; habitat: "Z"; statement: never[]; realEscape: string; }' is not assignable to type 'ConvertedBlock'.
✓ 【固有】非可算な habitat（R）なのに realEscape が無い
    type-tests/.tmp/case21_broken/fixture.ts(4,3): error TS2322: Type '{ id: string; kind: "claim"; sourcePath: string; sourceOrdinal: number; labels: never[]; habitat: "R"; statement: never[]; }' is not assignable to type 'ConvertedBlock'.
✓ 【固有】mixed なのに realEscape が無い
    type-tests/.tmp/case22_broken/fixture.ts(4,3): error TS2322: Type '{ id: string; kind: "claim"; sourcePath: string; sourceOrdinal: number; labels: never[]; habitat: "mixed"; statement: never[]; }' is not assignable to type 'ConvertedBlock'.
✓ 【固有】見出しブロックが habitat を持つ
    type-tests/.tmp/case23_broken/fixture.ts(12,5): error TS2322: Type 'string' is not assignable to type 'CountableHabitat | EscapingHabitat | undefined'.
✓ 【固有】verification が文字列の配列でない
    type-tests/.tmp/case24_broken/fixture.ts(12,5): error TS2322: Type 'string' is not assignable to type 'readonly string[]'.
✓ 【固有】lean が文字列の配列でない
    type-tests/.tmp/case25_broken/fixture.ts(12,5): error TS2322: Type 'string' is not assignable to type 'readonly string[]'.

すべての負テストが期待どおり: 誤った入力は tsc が拒否する（26 件）

> @integrable-lattice/structured-latex@0.1.0 test:runtime
> node tools/schema-runtime-test.ts

✓ ブロックの未知フィールド（proof の打ち間違い）を拒む
✓ 本文ブロックの notes を拒む（注記は notes/ へ）
✓ 見出しに本文があれば拒む
✓ 見出しに habitat があれば拒む（見出しは量を扱わない）
✓ ノートの未知フィールドを拒む
✓ 定理型ブロックに level があれば拒む（見出しとの取り違え）
✓ ノートの targets が空なら拒む
✓ conversion.status が想定外の値なら拒む
✓ タイトルが text も tex も持たないなら拒む
✓ sourceOrdinal が整数でないなら拒む
✓ ノードの type が不正なら拒む
✓ 【固有】本文ブロックに habitat が無ければ拒む
✓ 【固有】habitat が未知の値なら拒む
✓ 【固有】可算な habitat に realEscape があれば拒む
✓ 【固有】非可算な habitat に realEscape が無ければ拒む
✓ 【固有】realEscape が空文字なら拒む（脱出箇所を具体的に書かせる）
✓ 【固有】verification が配列でなければ拒む
✓ 【固有】lean の要素が文字列でなければ拒む

実行時検証テスト 18 件すべて期待どおり
