============================================================================================
cycle 15 / T1: Monsky/Cuoco-Monsky の形と主要係数 m_0 = v_p(content) の確認
============================================================================================

--- (1) 補題 D: content_{z,w}(P) の付値 = content_{T,S}(P(1+T,1+S)) の付値 ---
  不一致 0 件（0 なら補題 D が全例で成立）

--- (2) 主要項: v_p(a_{p^n}) - m_0*p^{2n} が p^{2n} より低位に留まるか ---
  Kataoka Thm 1.1/2.1 + Thm 2.3 より d=2 では
    v_p(a_{p^n}) = m_0 p^{2n} + l_0 n p^n + mu_1 p^n + lam_1 n + nu   (n>>0)
  なので v_p - m_0 p^{2n} は O(n p^n)。以下 m_0 を content から先に決め、差を見る。

P                            p    m_0  v_p(a_{p^n}) / 差 = v_p - m_0*p^(2n)
5-(z+1/z)-(w+1/w) [xzw]      2      0  v=[0, 0, 0, 0]  差=[0, 0, 0, 0]
5-(z+1/z)-(w+1/w) [xzw]      3      0  v=[0, 0, 0]  差=[0, 0, 0]
2*(上)                        2      1  v=[1, 4, 16, 64]  差=[0, 0, 0, 0]
2*(上)                        3      0  v=[0, 0, 0]  差=[0, 0, 0]
4*(上)                        2      2  v=[2, 8, 32, 128]  差=[0, 0, 0, 0]
4*(上)                        3      0  v=[0, 0, 0]  差=[0, 0, 0]
8*(上)                        2      3  v=[3, 12, 48, 192]  差=[0, 0, 0, 0]
8*(上)                        3      0  v=[0, 0, 0]  差=[0, 0, 0]
6 - z - w                    2      0  v=[2, 7, 16, 37]  差=[2, 7, 16, 37]
6 - z - w                    3      0  v=[0, 0, 0]  差=[0, 0, 0]
2 + 3z + 3w                  2      0  v=[3, 7, 16, 37]  差=[3, 7, 16, 37]
2 + 3z + 3w                  3      0  v=[0, 0, 0]  差=[0, 0, 0]
7 - 2z - 2w                  2      0  v=[0, 0, 0, 0]  差=[0, 0, 0, 0]
7 - 2z - 2w                  3      0  v=[1, 8, 23]  差=[1, 8, 23]
3*(6 - z - w)                2      0  v=[2, 7, 16, 37]  差=[2, 7, 16, 37]
3*(6 - z - w)                3      1  v=[1, 9, 81]  差=[0, 0, 0]
9*(6 - z - w)                2      0  v=[2, 7, 16, 37]  差=[2, 7, 16, 37]
9*(6 - z - w)                3      2  v=[2, 18, 162]  差=[0, 0, 0]
2*(7 - 2z - 2w)              2      1  v=[1, 4, 16, 64]  差=[0, 0, 0, 0]
2*(7 - 2z - 2w)              3      0  v=[1, 8, 23]  差=[1, 8, 23]

  content>1 の例（2*,4*,8*,3*,9*）では差がすべて 0、すなわち
  v_p(a_{p^n}) = m_0 p^{2n} がちょうど成立している（他の係数が 0）。
  content=1 の例では m_0=0 で、差は元の値そのもの（O(n p^n) の増大）。

--- (3) 形への当てはめ: n>=1 の 5 段で 5 係数を同定し、n<=5 全体と照合 ---
  係数は (m_0, l_0, mu_1, lam_1, nu)。m_0 は content から独立に決まる値と一致するかを見る。
    P=6 - z - w        p=2: v=[2, 7, 16, 37, 86, 199]
      同定: (m_0,l_0,mu_1,lam_1,nu)=(0, 1, 1, 1, 2)
      content から: m_0=0  一致=True   n=0..5 全一致=False
    P=2 + 3z + 3w      p=2: v=[3, 7, 16, 37, 86, 199]
      同定: (m_0,l_0,mu_1,lam_1,nu)=(0, 1, 1, 1, 2)
      content から: m_0=0  一致=True   n=0..5 全一致=True
    P=3*(6 - z - w)    p=2: v=[2, 7, 16, 37, 86, 199]
      同定: (m_0,l_0,mu_1,lam_1,nu)=(0, 1, 1, 1, 2)
      content から: m_0=0  一致=True   n=0..5 全一致=False

============================================================================================
結論: (1) 補題 D は全例で成立。(2) content>1 の例では v_p = m_0 p^{2n} が厳密に成立し、
      主要係数が m_0 = v_p(content) であることと整合。(3) 同定した m_0 が content 由来の値と一致。
      **これらは Kataoka Thm 2.1/2.3(= Monsky Thm 5.6 + Cuoco-Monsky Thm 1.7)の帰結の確認であり、
      本スクリプトが定理を証明したのではない。**
============================================================================================
