==============================================================================
cycle 20 / T3: 打ち消し（定理 J4 の |J(r)| >= 2）— 桁枝再帰で閉じる
==============================================================================

==============================================================================
Step A: 定理 L1（桁枝再帰）の基礎照合 [    0.0s]
==============================================================================

  主張: bar Phi = sum_c (1+x)^c g_c(x^ell) と枝分けすると
        theta = ell * min_c ord(g_c) + s*,  s* = min{s : sum_{c in C} lc_c binom(c,s) != 0}
        で、s* は必ず存在する（binom(c,s) の ell x ell 行列が可逆）。打ち消しは起きない。
  照合: (i) cycle 19 §7.1 の反例で L1 が真値を出すこと、
        (ii) 母集団 x レベルの全列挙で L1 = 直接計算（bar Phi の位数）。

  ell=2 トーラス: bar tilde E の台 = [(0, 1), (1, 0), (1, 1), (1, 2), (2, 1)]
  (a,b)=(1,3) の指数と係数: [(1, 1), (3, 1), (5, 1), (7, 1)]
  cycle 19 定理 J4: Lambda(1) = 4, J(1) = [1, 2]（|J| = 2 なので theta を決めない）
  定理 L1: theta = 6（先頭係数 1） / 直接計算 theta = 6
  → cycle 19 §7.1 が「閉形式化を妨げている 1 つ目」とした反例で、L1 は真値 6 を出す。

  母集団 430 個で L1 = 直接計算を全列挙照合する。
    ell=2  : 照合 39060 点（一致 39060 点 / うち theta=oo 1938 点）/ 未実施の塔 0 個
    ell=3  : 照合 21840 点（一致 21840 点 / うち theta=oo 423 点）/ 未実施の塔 0 個
    ell=5  : 照合 15120 点（一致 15120 点 / うち theta=oo 158 点）/ 未実施の塔 0 個
    ell=7  : 照合 26880 点（一致 26880 点 / うち theta=oo 158 点）/ 未実施の塔 0 個
  ※ theta=oo の点でも L1 は（collapsed measure が空という形で）正しく oo を返す。

==============================================================================
Step B: cycle 19 §7.1 の奇素数の表を、L1 で潰す [   63.7s]
==============================================================================

  cycle 19 §7.1 は「Lambda が一意でない層」の件数を挙げて、そこで theta が決まらないと書いた。
  同じ層を L1 で計算し、直接計算と一致することを層ごとに示す（内訳を出す）。

  ell=3 bq (1,0)x2,(0,1) 基点 (1:2): e_j = ['4', '1', '0']
      走査した beta: 40 個 / J4 が tie（|J(r)|>=2）: 26 個 / L1 が有限の theta を決めた: 26 個
  ell=3 bq (1,0),(2,3),(1,1) 基点 (1:0): e_j = ['4', '1', '0', '0', '0', 'oo', '0']
      走査した beta: 40 個 / J4 が tie（|J(r)|>=2）: 26 個 / L1 が有限の theta を決めた: 26 個
  ell=5 bq (1,0)x4,(0,1) 基点 (1:4): e_j = ['6', '1', '0']
      走査した beta: 31 個 / J4 が tie（|J(r)|>=2）: 24 個 / L1 が有限の theta を決めた: 24 個

==============================================================================
Step C: 系 L2（theta <= ell^sep - 1）と系 L3（距離による上界） [   63.7s]
==============================================================================

  系 L2: theta(nu) <= ell^{sep(nu)} - 1（sep = 指数が mod ell^sep で分離する深さ）。
  系 L3: theta(P) <= ell^{1 + max_delta v_ell(delta.(a,b))} - 1
         （delta は supp(bar tilde E) の差ベクトル）。
         右辺は P が S_oo の候補点へ近づくときだけ大きくなる。

  ell=2  : theta 有限な点 17361 個 / 系 L2 成立 17361 / 系 L3 成立 17361 / 未実施の塔 0 個
           最大の theta: 66（('bq (2, 1) (2, 3)', 1, 15, 7)）
  ell=3  : theta 有限な点 21417 個 / 系 L2 成立 21417 / 系 L3 成立 21417 / 未実施の塔 0 個
           最大の theta: 162（('2v (1, -1) (1, -1) (2, 3)', 1, 20, 5)）
  ell=5  : theta 有限な点 77883 個 / 系 L2 成立 77883 / 系 L3 成立 77883 / 未実施の塔 0 個
           最大の theta: 250（('bq (1, 1) (1, 1)', 1, 124, 4)）

==============================================================================
Step D: 定理 L4（終結式公式）と、定理 B' の tie の内訳 [  139.6s]
==============================================================================

  主張: hat theta_M(a,b) = v_ell( Res_x( Psi_M, Phi_{(a,b)} ) )、Psi_M(x) = Phi_{ell^M}(1+x)。
  照合: 円分体 Q(zeta_{ell^M}) での直接付値計算（cycle 16 point_val）と一致するか。
  同時に、cycle 19 定理 B' の min_m(phi v_ell(A_m) + m) が
    (a) 最小点が一意（B' が使える）
    (b) tie だが値は当たる
    (c) tie で値が外れる  ← ここが cycle 19 で予言を出せなかった原因
  の**内訳**を出す。

  ell=2  : 照合 1187 点（L4 = 円分体 1187 点）/ 未実施の塔 0 個
           定理 B' の内訳: 一意 1103 / tie だが当たる 0 / **tie で外す 84**
           tie で外した例: bq (1, 0) (0, 1) M=3 (1,3): B'=6 真値=8 | bq (1, 0) (0, 1) M=3 (1,5): B'=6 真値=8 | bq (1, 0) (1, 1) M=3 (1,2): B'=6 真値=8
  ell=3  : 照合 928 点（L4 = 円分体 928 点）/ 未実施の塔 0 個
           定理 B' の内訳: 一意 914 / tie だが当たる 14 / **tie で外す 0**
  ell=5  : 照合 2133 点（L4 = 円分体 2133 点）/ 未実施の塔 0 個
           定理 B' の内訳: 一意 2133 / tie だが当たる 0 / **tie で外す 0**

==============================================================================
Step F: ell=2 トーラスの Theta_M（cycle 19 §5.4 の 40 vs 真値 44） [  140.9s]
==============================================================================
  M=1 : 定理 B' の和 = 7   （一意 True） / 定理 L4 の和 = 7    / 円分体の直接和 = 7   
  M=2 : 定理 B' の和 = 16  （一意 True） / 定理 L4 の和 = 16   / 円分体の直接和 = 16  
  M=3 : 定理 B' の和 = 40  （一意 False） / 定理 L4 の和 = 44   / 円分体の直接和 = 44  
  M=4 : 定理 B' の和 = 96  （一意 False） / 定理 L4 の和 = 108  / 円分体の直接和 = 108 
  → cycle 19 §5.4 が報告した「真値 Theta_3 = 44 に対し定理 B' の和は 40」を再現し、
     定理 L4 は 44 を出す（B' の tie が原因であって、定理 J4 の打ち消しが原因ではない）。

==============================================================================
Step G: 敵対的レビュー [  140.9s]
==============================================================================
  G1: binom(c,s) の ell x ell 行列（0<=c,s<ell）は F_ell 上可逆か（定理 L1 の要）
      ell=2  det = 1
      ell=3  det = 1
      ell=5  det = 1
      ell=7  det = 1
      ell=11 det = 1
  G2: 「L1 は打ち消しが起きないだけで、単に J4 と同じ下界を返しているのでは？」
      → theta > Lambda(r) となる点が実在することを数える（L1 は真値、J4 は下界）。
      ell=3 bq (1,0)x2,(0,1) 基点(1:2): 走査 13 点中 theta > Lambda(r) が 4 点
      ell=3 bq (1,0),(2,3),(1,1) 基点(1:0): 走査 13 点中 theta > Lambda(r) が 5 点
      ell=5 bq (1,0)x4,(0,1) 基点(1:4): 走査 31 点中 theta > Lambda(r) が 6 点
      ell=2 torus 基点(1:1): 走査 7 点中 theta > Lambda(r) が 4 点
  G3: 「L1 の再帰は本当に止まるか（深さは sep で抑えられるか）」
      走査範囲での sep の最大値 = 6 （再帰深さの上界）
  G4: 「定理 L4 は E が消える点を黙って飛ばしていないか」
      E(zeta^a,zeta^b) = 0 の点は 58 個（両者で一致）

==============================================================================
Step H: 系 L3′（S_oo = 空のときの一様な上界。系 J3 の有効版） [  141.2s]
==============================================================================

  系 J3 は「theta が至る所有限なら有界」を P^1(Z_ell) のコンパクト性で示していた（非構成的）。
  系 L3′ はそれを D の係数から計算できる明示的な上界に置き換える:
    候補点 u in U（系 J10）すべてで theta(u) < oo なら
      theta^max <= max( max_u theta(u),  ell^{g^max + L0} - 1 ),  ell^{L0} >= max_u theta(u)。
  照合: 母集団のうち S_oo = 空の塔について、レベルを尽くした theta の最大値が
        この上界以下であることを確認する（内訳つき）。

  ell=2  : S_oo = 空の塔 45 個（うち上界成立 45）/ S_oo が空でない塔 375 個 / 未実施 0 個
           上界の緩さ（上界 / 観測最大）の中央値: 15 / 4
  ell=3  : S_oo = 空の塔 206 個（うち上界成立 206）/ S_oo が空でない塔 214 個 / 未実施 0 個
           上界の緩さ（上界 / 観測最大）の中央値: 8 / 4
  ell=5  : S_oo = 空の塔 296 個（うち上界成立 296）/ S_oo が空でない塔 124 個 / 未実施 0 個
           上界の緩さ（上界 / 観測最大）の中央値: 4 / 2

==============================================================================
まとめ [  177.7s]
==============================================================================
  FAIL 件数 = 0
  打ち切った計算 = 0 件
  総所要 = 177.7 秒
