==============================================================================
cycle 20 / T3: 定理 K'（無仮定版）— tie で落ちていた塔が何個埋まるか
==============================================================================

==============================================================================
Step E: 定理 K'（無仮定版）— cycle 19 が tie で落とした塔が何個埋まるか [    0.0s]
==============================================================================

  cycle 19 Step D は、定理 B' の最小点が 1 点でも tie なら「予言を出さない」として
  ell=2 で 174 個、ell=3 で 165 個の塔を落としていた。
  定理 L4 は仮定なしに hat theta を出すので、それらの塔でも予言できる。
  ここでは母集団を走査し、
    - cycle 19 の判定（tie の有無）
    - 定理 K' の予言と、Matrix-Tree 定理による塔の値の照合
  を両方出す。ell=5,7 は cycle 19 でも tie 0 件なので対象外（新規に埋まる塔が無い）。

  ell=2  : 走査した塔 174 個（(H) 等で除外 256 / 時間切れ未実施 0）
           cycle 19 が tie で落としていた塔 174 個 → 定理 K' が予言でき、塔の値と一致 174 個
           cycle 19 でも予言できていた塔 0 個 → 一致 0 個
           新たに埋まった塔の例: bq (1, 0) (0, 1), bq (1, 0) (1, 1), bq (1, 0) (1, -1)
  ell=3  : 走査した塔 192 個（(H) 等で除外 60 / 時間切れ未実施 178）
           cycle 19 が tie で落としていた塔 99 個 → 定理 K' が予言でき、塔の値と一致 99 個
           cycle 19 でも予言できていた塔 93 個 → 一致 93 個
           新たに埋まった塔の例: bq (1, 0) (1, 0) (0, 1), bq (1, 0) (1, 0) (1, 1), bq (1, 0) (1, 0) (2, 1)

==============================================================================
まとめ [ 1585.2s]
==============================================================================
  FAIL 件数 = 0
  打ち切った計算 = 1 件
    - Step E ell=3: 壁時計 1500s 超過のため 178 個を未実施
  総所要 = 1585.2 秒
