
==============================================================================
Step A  定理 S（段階的処理の点ごとの付値）の照合
==============================================================================

定理 S: (a,b) in Z^2 \ {0}、zeta = g^a、xi = g^b（g は原始 ell^M 乗根）とし、
  Phi = Phi_{(a,b)}、lam = v_ell(cont Phi)、B = ell^{-lam} Phi の係数、
  thstar = min{m : ell not| B_m}（**常に有限**）、m1 = min{m < thstar : B_m != 0}
と置く。thstar - m1 < phi(ell^M) ならば

    v_ell(E(zeta,xi)) = lam + thstar / phi(ell^M).

**lam, thstar は点ではなく整数ベクトル (a,b) の関数**なので、同じ点の別の代表では
値が違いうる。定理 S は「ある代表で仮定が成り立てば」使える。
以下、仮定が成り立つ (a,b) すべてについて、円分体での独立な付値計算（cycle 16 実装）と照合する。

  [    4.2s]  ell=5  bouquet 4x(1,0) + (0,1): 照合 2592 点、仮定不成立で対象外 112 点
  [    8.0s]  ell=5  bouquet 2x(1,0) + 3x(0,1): 照合 2592 点、仮定不成立で対象外 112 点
  [    8.3s]  ell=3  bouquet 2x(1,0) + (0,1): 照合 352 点、仮定不成立で対象外 40 点
  [   11.3s]  ell=5  torus bouquet (1,0),(0,1): 照合 2704 点、仮定不成立で対象外 0 点
  [   11.3s]  ell=2  torus bouquet (1,0),(0,1): 照合 64 点、仮定不成立で対象外 24 点
  [   11.7s]  ell=3  bouquet (1,0),(0,1),(1,1): 照合 376 点、仮定不成立で対象外 16 点
  [   13.9s]  ell=5  bouquet (1,0),(0,1),(1,-1): 照合 2704 点、仮定不成立で対象外 0 点
  [   16.0s]  ell=5  2 vertex 3-fold (0,0),(1,0),(0,1): 照合 2704 点、仮定不成立で対象外 0 点
  [   16.3s]  ell=3  2 vertex 4-fold (0,0),(1,0),(0,1),(1,1): 照合 392 点、仮定不成立で対象外 0 点

  cycle 18 §4.5 の例（ell=5, 4x(1,0)+(0,1)）の方向 (1:1) の内訳:
    (a,b)=( 1, 1)  lam=1 thstar=2 m1=+Infinity   theta(cycle18)=+Infinity
    (a,b)=( 1, 6)  lam=0 thstar=6 m1=2   theta(cycle18)=6
    (a,b)=( 1,11)  lam=0 thstar=6 m1=2   theta(cycle18)=6
    (a,b)=( 1,16)  lam=0 thstar=6 m1=2   theta(cycle18)=6
    (a,b)=( 1,21)  lam=0 thstar=6 m1=2   theta(cycle18)=6
    (a,b)=( 2, 2)  lam=1 thstar=2 m1=+Infinity   theta(cycle18)=+Infinity
    (a,b)=( 1,26)  lam=0 thstar=26 m1=2   theta(cycle18)=26
    -> (1,1) と (2,2) は lam=1（theta=infinity）、他は lam=0。
       cycle 18 §4.5 が「同居」と呼んだ現象は、整数ベクトルが例外直線 Z(1,1) に
       乗るか否かで決まっている。

==============================================================================
Step B  命題 2（判定条件）と命題 3（有限性）の照合
==============================================================================

命題 2: u = (a,b) を原始ベクトルとすると
    lam(u) >= 1  <=>  (chi^{u^perp} - 1) | bar tilde E   in F_ell[z^{+-1}, w^{+-1}]
（u^perp = (b,-a)。ker psi_u = (chi^{u^perp} - 1) から）。
命題 3: そのような u^perp は Newt(tilde E) - Newt(tilde E) に入る（Ostrowski）。
        よって例外直線は有限個で、有限探索で網羅できる。

  [   16.4s]  ell= 5  bouquet 4x(1,0) + (0,1)                  例外直線 2 本 [(1, -1), (1, 1)]（原始ベクトル 96 個を判定）
  [   16.5s]  ell= 5  bouquet 2x(1,0) + 3x(0,1)                例外直線 2 本 [(1, -1), (1, 1)]（原始ベクトル 96 個を判定）
  [   16.5s]  ell= 3  bouquet 2x(1,0) + (0,1)                  例外直線 2 本 [(1, -1), (1, 1)]（原始ベクトル 96 個を判定）
  [   16.6s]  ell= 5  torus bouquet (1,0),(0,1)                例外直線 0 本 []（原始ベクトル 96 個を判定）
  [   16.6s]  ell= 2  torus bouquet (1,0),(0,1)                例外直線 2 本 [(1, -1), (1, 1)]（原始ベクトル 96 個を判定）
  [   16.7s]  ell= 3  bouquet (1,0),(0,1),(1,1)                例外直線 0 本 []（原始ベクトル 96 個を判定）
  [   16.7s]  ell= 5  bouquet (1,0),(0,1),(1,-1)               例外直線 0 本 []（原始ベクトル 96 個を判定）
  [   16.7s]  ell= 5  2 vertex 3-fold (0,0),(1,0),(0,1)        例外直線 0 本 []（原始ベクトル 96 個を判定）
  [   16.8s]  ell= 3  2 vertex 4-fold (0,0),(1,0),(0,1),(1,1)  例外直線 0 本 []（原始ベクトル 96 個を判定）

==============================================================================
Step C  補題 4（スケール不変性）
==============================================================================

補題 4: ell not| c ならば lam(ca,cb) = lam(a,b)、thstar(ca,cb) = thstar(a,b)。

  [   16.9s]  ell= 5  bouquet 4x(1,0) + (0,1)                  640 組を照合
  [   17.1s]  ell= 5  bouquet 2x(1,0) + 3x(0,1)                640 組を照合
  [   17.3s]  ell= 3  bouquet 2x(1,0) + (0,1)                  480 組を照合
  [   17.5s]  ell= 5  torus bouquet (1,0),(0,1)                640 組を照合
  [   17.7s]  ell= 2  torus bouquet (1,0),(0,1)                320 組を照合
  [   17.8s]  ell= 3  bouquet (1,0),(0,1),(1,1)                480 組を照合
  [   18.1s]  ell= 5  bouquet (1,0),(0,1),(1,-1)               640 組を照合
  [   18.4s]  ell= 5  2 vertex 3-fold (0,0),(1,0),(0,1)        640 組を照合
  [   18.7s]  ell= 3  2 vertex 4-fold (0,0),(1,0),(0,1),(1,1)  480 組を照合

==============================================================================
Step D  系 5（同居構造の計数）
==============================================================================

系 5: 例外直線 Z u（u 原始）の上でレベルちょうど M の点は {c u mod ell^M : ell not| c} の
phi(ell^M) 個ちょうど。方向 P = u mod ell の点は全部で (ell-1) ell^{2M-2} 個なので、
例外点の割合は ell^{1-M} で M とともに 0 へ落ちる（が、各点は lam >= 1 を余分に持つ）。

  [   18.7s]  ell= 5  bouquet 4x(1,0) + (0,1)                  M=1: 例外点 8 個 / レベル M の点 24 個（割合 1/3）
  [   18.7s]  ell= 5  bouquet 4x(1,0) + (0,1)                  M=2: 例外点 40 個 / レベル M の点 600 個（割合 1/15）
  [   18.7s]  ell= 5  bouquet 2x(1,0) + 3x(0,1)                M=1: 例外点 8 個 / レベル M の点 24 個（割合 1/3）
  [   18.7s]  ell= 5  bouquet 2x(1,0) + 3x(0,1)                M=2: 例外点 40 個 / レベル M の点 600 個（割合 1/15）
  [   18.7s]  ell= 3  bouquet 2x(1,0) + (0,1)                  M=1: 例外点 4 個 / レベル M の点 8 個（割合 1/2）
  [   18.7s]  ell= 3  bouquet 2x(1,0) + (0,1)                  M=2: 例外点 12 個 / レベル M の点 72 個（割合 1/6）
  [   18.7s]  ell= 5  torus bouquet (1,0),(0,1)                例外直線なし
  [   18.7s]  ell= 2  torus bouquet (1,0),(0,1)                M=1: 例外点 1 個 / レベル M の点 3 個（割合 1/3）
  [   18.7s]  ell= 2  torus bouquet (1,0),(0,1)                M=2: 例外点 4 個 / レベル M の点 12 個（割合 1/3）
  [   18.7s]  ell= 3  bouquet (1,0),(0,1),(1,1)                例外直線なし
  [   18.7s]  ell= 5  bouquet (1,0),(0,1),(1,-1)               例外直線なし
  [   18.7s]  ell= 5  2 vertex 3-fold (0,0),(1,0),(0,1)        例外直線なし
  [   18.7s]  ell= 3  2 vertex 4-fold (0,0),(1,0),(0,1),(1,1)  例外直線なし

==============================================================================
Step E  系 6（theta = infinity は cycle 18 定理 C の射程外でしか起きない）
==============================================================================

系 6: 例外直線 Z u を持つ方向 P = u mod ell では、一般点の theta が ell 以下になることはない。
（cycle 18 補題 A3 の digit 安定性: theta <= ell なら theta は (a,b) mod ell だけの関数。
  例外点も同じ mod ell 類にいるので、その類の theta は一斉に <= ell か、そうでないか。
  例外点の theta は infinity なので、その方向では theta > ell。）
したがって theta = infinity の塔は cycle 18 定理 C の仮定を必ず破る。逆は成り立たない。

  [   18.7s]  ell= 5  bouquet 4x(1,0) + (0,1)                  例外方向 [(1, 4), (1, 1)] はすべて theta >= ell+1
  [   18.7s]  ell= 5  bouquet 2x(1,0) + 3x(0,1)                例外方向 [(1, 4), (1, 1)] はすべて theta >= ell+1
  [   18.7s]  ell= 3  bouquet 2x(1,0) + (0,1)                  例外方向 [(1, 2), (1, 1)] はすべて theta >= ell+1
  [   18.7s]  ell= 2  torus bouquet (1,0),(0,1)                例外方向 [(1, 1), (1, 1)] はすべて theta >= ell+1

==============================================================================
Step F  定理 X（族 p(1,0) + q(0,1)、ell 奇）の完全閉形式
==============================================================================

定理 X（本サイクルの主結果）:
  ell を奇素数、p, q >= 1 とし、X = 1 頂点の bouquet（voltage (1,0) の loop が p 本、
  (0,1) の loop が q 本）とする。mu := v_ell(gcd(p,q))、p' := p/ell^mu、q' := q/ell^mu と置く
  （p', q' は同時には ell で割れない）。**例外直線（theta = infinity の軌跡）は次で決まる**:

    ell | p'+q'  -> 2 本 Z(1,1), Z(1,-1)、いずれも lam = v_ell(p'+q')
    ell | p'     -> 1 本 Z(1,0)、lam = v_ell(p')
    ell | q'     -> 1 本 Z(0,1)、lam = v_ell(q')
    それ以外      -> 0 本（例外直線なし。cycle 16 定理 N1 / cycle 18 定理 C の射程）

  Lam := sum over exceptional lines of lam（上の 3 場合で 2 v_ell(p'+q') / v_ell(p') / v_ell(q')）
  と置くと、例外直線がある場合、**すべての n >= 0** で

    ord_ell(kappa_n) = mu (ell^{2n} - 1) + 2 n ell^n + Lam (ell^n - 1).

  **n ell^n 項の係数 b = 2 != 0 なので、この塔は型 III である**（cycle 16 §7 の分類）。
  cycle 14 (7.2) の 5 係数は a = mu, b = 2, c = Lam, d = 0, e = -mu - Lam, n_0 = 0。

  点ごとの付値（level n、(a,b) in (Z/ell^n)^2 \ {0}、nu(x) := v_ell(x)（x = 0 のとき n））:
   [A] ell | p'+q' の場合: eps := min(nu(a), nu(b))、m := n - eps、a' := a/ell^eps、b' := b/ell^eps
       phi(ell^m) v_ell(E) = 2                    … a', b' の片方だけが単元
                           = lam0 phi(ell^m) + 2  … 両方単元かつ a' = +-b' mod ell^m（theta = infinity）
                           = 1 + ell^r            … 両方単元、r := max(nu(a'-b'), nu(a'+b')) < m
   [B] ell | p' の場合:
       phi(ell^n) v_ell(E) = 2 ell^{nu(b)}                  … nu(b) < n
                           = lam1 phi(ell^n) + 2 ell^{nu(a)} … b = 0（このとき a != 0）
   [B'] ell | q' の場合は [B] で a と b を入れ替えたもの。

--- F1  点ごとの付値の公式（全点網羅） ---
  [   19.2s]  ell= 3 (p,q)=( 2, 1) mu=0 case=A    lam=1 Lam=2: level<=3 の全 816 点を照合
  [   19.7s]  ell= 3 (p,q)=( 1, 2) mu=0 case=A    lam=1 Lam=2: level<=3 の全 816 点を照合
  [   20.4s]  ell= 3 (p,q)=( 1, 8) mu=0 case=A    lam=2 Lam=4: level<=3 の全 816 点を照合
  [   20.9s]  ell= 3 (p,q)=( 4, 5) mu=0 case=A    lam=2 Lam=4: level<=3 の全 816 点を照合
  [   21.3s]  ell= 3 (p,q)=( 3, 1) mu=0 case=B    lam=1 Lam=1: level<=3 の全 816 点を照合
  [   21.7s]  ell= 3 (p,q)=( 1, 3) mu=0 case=Bp   lam=1 Lam=1: level<=3 の全 816 点を照合
  [   22.0s]  ell= 3 (p,q)=( 9, 1) mu=0 case=B    lam=2 Lam=2: level<=3 の全 816 点を照合
  [   22.3s]  ell= 3 (p,q)=( 3, 6) mu=1 case=A    lam=1 Lam=2: level<=3 の全 816 点を照合
  [   22.7s]  ell= 3 (p,q)=( 6, 3) mu=1 case=A    lam=1 Lam=2: level<=3 の全 816 点を照合
  [   23.0s]  ell= 5 (p,q)=( 4, 1) mu=0 case=A    lam=1 Lam=2: level<=2 の全 648 点を照合
  [   23.4s]  ell= 5 (p,q)=( 2, 3) mu=0 case=A    lam=1 Lam=2: level<=2 の全 648 点を照合
  [   23.6s]  ell= 5 (p,q)=( 1, 9) mu=0 case=A    lam=1 Lam=2: level<=2 の全 648 点を照合
  [   23.9s]  ell= 5 (p,q)=( 3, 7) mu=0 case=A    lam=1 Lam=2: level<=2 の全 648 点を照合
  [   24.3s]  ell= 5 (p,q)=( 5, 1) mu=0 case=B    lam=1 Lam=1: level<=2 の全 648 点を照合
  [   25.0s]  ell= 5 (p,q)=(25, 1) mu=0 case=B    lam=2 Lam=2: level<=2 の全 648 点を照合
  [   25.7s]  ell= 5 (p,q)=(10,15) mu=1 case=A    lam=1 Lam=2: level<=2 の全 648 点を照合
  [   29.0s]  ell= 7 (p,q)=( 3, 4) mu=0 case=A    lam=1 Lam=2: level<=2 の全 2448 点を照合
  [   31.2s]  ell= 7 (p,q)=( 1, 6) mu=0 case=A    lam=1 Lam=2: level<=2 の全 2448 点を照合
  [   34.6s]  ell= 7 (p,q)=( 7, 2) mu=0 case=B    lam=1 Lam=1: level<=2 の全 2448 点を照合
  [   34.7s]  ell=11 (p,q)=( 5, 6) mu=0 case=A    lam=1 Lam=2: level<=1 の全 120 点を照合
  [   34.8s]  ell=11 (p,q)=(11, 3) mu=0 case=B    lam=1 Lam=1: level<=1 の全 120 点を照合

--- F2  Sigma_n の閉形式 ---
  Sigma_n = sum_{(a,b) != 0} v_ell(E) を定理 X の点ごとの式から足し上げ、
  閉形式 ord_ell(kappa_n) = mu(ell^{2n}-1) + 2n ell^n + Lam(ell^n-1) と整合するかを見る。
  （kappa(X) = 1（1 頂点）なので v_ell(kappa(X)) = 0。cycle 14 (1.1): 
    ord_ell(kappa_n) = v_ell(kappa(X)) - 2n + mu(ell^{2n}-1) + Sigma_n。）
  [   34.8s]  ell= 3 (p,q)=( 2, 1): Sigma_n = 2n ell^n + Lam(ell^n-1) + 2n を n=1..3 で確認
  [   34.9s]  ell= 3 (p,q)=( 1, 2): Sigma_n = 2n ell^n + Lam(ell^n-1) + 2n を n=1..3 で確認
  [   34.9s]  ell= 3 (p,q)=( 1, 8): Sigma_n = 2n ell^n + Lam(ell^n-1) + 2n を n=1..3 で確認
  [   34.9s]  ell= 3 (p,q)=( 4, 5): Sigma_n = 2n ell^n + Lam(ell^n-1) + 2n を n=1..3 で確認
  [   34.9s]  ell= 3 (p,q)=( 3, 1): Sigma_n = 2n ell^n + Lam(ell^n-1) + 2n を n=1..3 で確認
  [   34.9s]  ell= 3 (p,q)=( 1, 3): Sigma_n = 2n ell^n + Lam(ell^n-1) + 2n を n=1..3 で確認
  [   34.9s]  ell= 3 (p,q)=( 9, 1): Sigma_n = 2n ell^n + Lam(ell^n-1) + 2n を n=1..3 で確認
  [   34.9s]  ell= 3 (p,q)=( 3, 6): Sigma_n = 2n ell^n + Lam(ell^n-1) + 2n を n=1..3 で確認
  [   35.0s]  ell= 3 (p,q)=( 6, 3): Sigma_n = 2n ell^n + Lam(ell^n-1) + 2n を n=1..3 で確認
  [   35.0s]  ell= 5 (p,q)=( 4, 1): Sigma_n = 2n ell^n + Lam(ell^n-1) + 2n を n=1..2 で確認
  [   35.0s]  ell= 5 (p,q)=( 2, 3): Sigma_n = 2n ell^n + Lam(ell^n-1) + 2n を n=1..2 で確認
  [   35.0s]  ell= 5 (p,q)=( 1, 9): Sigma_n = 2n ell^n + Lam(ell^n-1) + 2n を n=1..2 で確認
  [   35.0s]  ell= 5 (p,q)=( 3, 7): Sigma_n = 2n ell^n + Lam(ell^n-1) + 2n を n=1..2 で確認
  [   35.0s]  ell= 5 (p,q)=( 5, 1): Sigma_n = 2n ell^n + Lam(ell^n-1) + 2n を n=1..2 で確認
  [   35.0s]  ell= 5 (p,q)=(25, 1): Sigma_n = 2n ell^n + Lam(ell^n-1) + 2n を n=1..2 で確認
  [   35.0s]  ell= 5 (p,q)=(10,15): Sigma_n = 2n ell^n + Lam(ell^n-1) + 2n を n=1..2 で確認
  [   35.1s]  ell= 7 (p,q)=( 3, 4): Sigma_n = 2n ell^n + Lam(ell^n-1) + 2n を n=1..2 で確認
  [   35.1s]  ell= 7 (p,q)=( 1, 6): Sigma_n = 2n ell^n + Lam(ell^n-1) + 2n を n=1..2 で確認
  [   35.1s]  ell= 7 (p,q)=( 7, 2): Sigma_n = 2n ell^n + Lam(ell^n-1) + 2n を n=1..2 で確認
  [   35.1s]  ell=11 (p,q)=( 5, 6): Sigma_n = 2n ell^n + Lam(ell^n-1) + 2n を n=1..1 で確認
  [   35.1s]  ell=11 (p,q)=(11, 3): Sigma_n = 2n ell^n + Lam(ell^n-1) + 2n を n=1..1 で確認

--- F3  ord_ell(kappa_n) = mu(ell^{2n}-1) + 2n ell^n + Lam(ell^n-1)（独立な塔計算と照合） ---
  [   35.7s]  ell= 3 (p,q)=( 2, 1) mu=0 Lam=2: n=0..3  actual=[0, 10, 52, 214] pred=[0, 10, 52, 214]
  [   36.0s]  ell= 3 (p,q)=( 1, 2) mu=0 Lam=2: n=0..3  actual=[0, 10, 52, 214] pred=[0, 10, 52, 214]
  [   36.1s]  ell= 3 (p,q)=( 1, 8) mu=0 Lam=4: n=0..3  actual=[0, 14, 68, 266] pred=[0, 14, 68, 266]
  [   36.2s]  ell= 3 (p,q)=( 4, 5) mu=0 Lam=4: n=0..3  actual=[0, 14, 68, 266] pred=[0, 14, 68, 266]
  [   36.4s]  ell= 3 (p,q)=( 3, 1) mu=0 Lam=1: n=0..3  actual=[0, 8, 44, 188] pred=[0, 8, 44, 188]
  [   36.7s]  ell= 3 (p,q)=( 1, 3) mu=0 Lam=1: n=0..3  actual=[0, 8, 44, 188] pred=[0, 8, 44, 188]
  [   36.8s]  ell= 3 (p,q)=( 9, 1) mu=0 Lam=2: n=0..3  actual=[0, 10, 52, 214] pred=[0, 10, 52, 214]
  [   36.9s]  ell= 3 (p,q)=( 3, 6) mu=1 Lam=2: n=0..3  actual=[0, 18, 132, 942] pred=[0, 18, 132, 942]
  [   37.1s]  ell= 3 (p,q)=( 6, 3) mu=1 Lam=2: n=0..3  actual=[0, 18, 132, 942] pred=[0, 18, 132, 942]
  [   37.3s]  ell= 5 (p,q)=( 4, 1) mu=0 Lam=2: n=0..2  actual=[0, 18, 148] pred=[0, 18, 148]
  [   37.4s]  ell= 5 (p,q)=( 2, 3) mu=0 Lam=2: n=0..2  actual=[0, 18, 148] pred=[0, 18, 148]
  [   37.5s]  ell= 5 (p,q)=( 1, 9) mu=0 Lam=2: n=0..2  actual=[0, 18, 148] pred=[0, 18, 148]
  [   37.7s]  ell= 5 (p,q)=( 3, 7) mu=0 Lam=2: n=0..2  actual=[0, 18, 148] pred=[0, 18, 148]
  [   37.7s]  ell= 5 (p,q)=( 5, 1) mu=0 Lam=1: n=0..2  actual=[0, 14, 124] pred=[0, 14, 124]
  [   37.8s]  ell= 5 (p,q)=(25, 1) mu=0 Lam=2: n=0..2  actual=[0, 18, 148] pred=[0, 18, 148]
  [   37.9s]  ell= 5 (p,q)=(10,15) mu=1 Lam=2: n=0..2  actual=[0, 42, 772] pred=[0, 42, 772]
  [   39.3s]  ell= 7 (p,q)=( 3, 4) mu=0 Lam=2: n=0..2  actual=[0, 26, 292] pred=[0, 26, 292]
  [   40.2s]  ell= 7 (p,q)=( 1, 6) mu=0 Lam=2: n=0..2  actual=[0, 26, 292] pred=[0, 26, 292]
  [   41.5s]  ell= 7 (p,q)=( 7, 2) mu=0 Lam=1: n=0..2  actual=[0, 20, 244] pred=[0, 20, 244]
  [   41.5s]  ell=11 (p,q)=( 5, 6) mu=0 Lam=2: n=0..1  actual=[0, 42] pred=[0, 42]
  [   41.5s]  ell=11 (p,q)=(11, 3) mu=0 Lam=1: n=0..1  actual=[0, 32] pred=[0, 32]

--- F4  例外直線の寄与は lam(ell^n - 1) + n thstar（n ell^n 項を作らない） ---

命題 7: 例外直線 Z u（lam = lam(u), thstar = thstar(u)）が全レベルで定理 S の仮定を満たすなら、
その直線の Sigma_n への寄与は sum_{M=1}^n phi(ell^M)(lam + thstar/phi(ell^M))
= lam (ell^n - 1) + n thstar。**n ell^n 項は出ない。**
したがって型 III の n ell^n 項は theta = infinity の点そのものからではなく、
その ell 進近傍にある「有限だが深い」点から出ている（内訳は Step H4）。

  [   41.5s]  ell= 3 (p,q)=( 2, 1): 例外直線 [((1, -1), 1, 2), ((1, 1), 1, 2)]、寄与 sum lam(ell^n-1) + n thstar
  [   41.5s]  ell= 3 (p,q)=( 1, 2): 例外直線 [((1, -1), 1, 2), ((1, 1), 1, 2)]、寄与 sum lam(ell^n-1) + n thstar
  [   41.5s]  ell= 3 (p,q)=( 1, 8): 例外直線 [((1, -1), 2, 2), ((1, 1), 2, 2)]、寄与 sum lam(ell^n-1) + n thstar
  [   41.5s]  ell= 3 (p,q)=( 4, 5): 例外直線 [((1, -1), 2, 2), ((1, 1), 2, 2)]、寄与 sum lam(ell^n-1) + n thstar
  [   41.5s]  ell= 3 (p,q)=( 3, 1): 例外直線 [((1, 0), 1, 2)]、寄与 sum lam(ell^n-1) + n thstar
  [   41.5s]  ell= 3 (p,q)=( 1, 3): 例外直線 [((0, 1), 1, 2)]、寄与 sum lam(ell^n-1) + n thstar
  [   41.5s]  ell= 3 (p,q)=( 9, 1): 例外直線 [((1, 0), 2, 2)]、寄与 sum lam(ell^n-1) + n thstar
  [   41.5s]  ell= 3 (p,q)=( 3, 6): 例外直線 [((1, -1), 1, 2), ((1, 1), 1, 2)]、寄与 sum lam(ell^n-1) + n thstar
  [   41.5s]  ell= 3 (p,q)=( 6, 3): 例外直線 [((1, -1), 1, 2), ((1, 1), 1, 2)]、寄与 sum lam(ell^n-1) + n thstar
  [   41.5s]  ell= 5 (p,q)=( 4, 1): 例外直線 [((1, -1), 1, 2), ((1, 1), 1, 2)]、寄与 sum lam(ell^n-1) + n thstar
  [   41.5s]  ell= 5 (p,q)=( 2, 3): 例外直線 [((1, -1), 1, 2), ((1, 1), 1, 2)]、寄与 sum lam(ell^n-1) + n thstar
  [   41.5s]  ell= 5 (p,q)=( 1, 9): 例外直線 [((1, -1), 1, 2), ((1, 1), 1, 2)]、寄与 sum lam(ell^n-1) + n thstar
  [   41.5s]  ell= 5 (p,q)=( 3, 7): 例外直線 [((1, -1), 1, 2), ((1, 1), 1, 2)]、寄与 sum lam(ell^n-1) + n thstar
  [   41.5s]  ell= 5 (p,q)=( 5, 1): 例外直線 [((1, 0), 1, 2)]、寄与 sum lam(ell^n-1) + n thstar
  [   41.5s]  ell= 5 (p,q)=(25, 1): 例外直線 [((1, 0), 2, 2)]、寄与 sum lam(ell^n-1) + n thstar
  [   41.5s]  ell= 5 (p,q)=(10,15): 例外直線 [((1, -1), 1, 2), ((1, 1), 1, 2)]、寄与 sum lam(ell^n-1) + n thstar
  [   41.5s]  ell= 7 (p,q)=( 3, 4): 例外直線 [((1, -1), 1, 2), ((1, 1), 1, 2)]、寄与 sum lam(ell^n-1) + n thstar
  [   41.5s]  ell= 7 (p,q)=( 1, 6): 例外直線 [((1, -1), 1, 2), ((1, 1), 1, 2)]、寄与 sum lam(ell^n-1) + n thstar
  [   41.5s]  ell= 7 (p,q)=( 7, 2): 例外直線 [((1, 0), 1, 2)]、寄与 sum lam(ell^n-1) + n thstar
  [   41.5s]  ell=11 (p,q)=( 5, 6): 例外直線 [((1, -1), 1, 2), ((1, 1), 1, 2)]、寄与 sum lam(ell^n-1) + n thstar
  [   41.5s]  ell=11 (p,q)=(11, 3): 例外直線 [((1, 0), 1, 2)]、寄与 sum lam(ell^n-1) + n thstar

--- F5  この族は ell 奇なら全塔が既知の定理で覆われる ---

命題 9: ell を奇素数とすると、族 p(1,0) + q(0,1) の塔は必ず次のいずれかに入る。
  (i) 非退化（z_H = 0）      -> cycle 16 定理 N1 / cycle 18 系 D
  (ii) 退化かつ例外直線なし  -> theta(P) = 4 <= ell（ell >= 5。ell = 3 ではこの場合は起きない）
                              -> cycle 18 定理 C（型 II）
  (iii) 例外直線あり         -> 本サイクルの定理 X（型 III）
以下、1 <= p,q <= 10、ell in {3,5,7,11,13} の**全組合せ**で (i)(ii)(iii) の分割が成り立つことを見る。

  ell= 3: {'(i) 非退化': 28, '(ii) 退化・cycle18 定理 C': 0, '(iii) 例外直線・定理 X': 72}（100 組を全走査）
  ell= 5: {'(i) 非退化': 34, '(ii) 退化・cycle18 定理 C': 18, '(iii) 例外直線・定理 X': 48}（100 組を全走査）
  ell= 7: {'(i) 非退化': 42, '(ii) 退化・cycle18 定理 C': 28, '(iii) 例外直線・定理 X': 30}（100 組を全走査）
  ell=11: {'(i) 非退化': 50, '(ii) 退化・cycle18 定理 C': 40, '(iii) 例外直線・定理 X': 10}（100 組を全走査）
  ell=13: {'(i) 非退化': 50, '(ii) 退化・cycle18 定理 C': 42, '(iii) 例外直線・定理 X': 8}（100 組を全走査）

==============================================================================
Step G  母集団を網羅した分類（どの ell・どの塔で theta = infinity が起きるか）
==============================================================================

宣言する母集団（この母集団の**全走査**であって標本抽出ではない。したがってこの母集団に
ついては完全な判定であり、母集団の外については何も言わない）:
  (a) 1 頂点 bouquet、loop 本数 L = 2..5、voltage は
      {(1,0),(0,1),(1,1),(1,-1),(2,1),(1,2)} からの重複ありの組合せ
  (b) 2 頂点 平行多重辺、本数 3..5、voltage は {(0,0),(1,0),(0,1),(1,1)} からの重複ありの組合せ
素数 ell in {2,3,5,7,11}。仮定 (H)（全ての n で塔が連結）を満たすものだけを対象にする。

  母集団サイズ: 566 個の voltage グラフ
  ell= 2: (H) を満たす塔  446、退化  446、cycle18 定理 C 適用可    0、theta=infinity を持つ塔  392（うち退化  392）、例外直線の本数分布 [(1, 213), (2, 124), (3, 55)]
  ell= 3: (H) を満たす塔  436、退化  291、cycle18 定理 C 適用可  145、theta=infinity を持つ塔  205（うち退化  205）、例外直線の本数分布 [(1, 126), (2, 79)]
  ell= 5: (H) を満たす塔  476、退化  317、cycle18 定理 C 適用可  314、theta=infinity を持つ塔  144（うち退化  144）、例外直線の本数分布 [(1, 84), (2, 60)]
  ell= 7: (H) を満たす塔  476、退化  274、cycle18 定理 C 適用可  476、theta=infinity を持つ塔    0（うち退化    0）、例外直線の本数分布 []
  ell=11: (H) を満たす塔  476、退化  226、cycle18 定理 C 適用可  476、theta=infinity を持つ塔    0（うち退化    0）、例外直線の本数分布 []

--- G2  族 p(1,0) + q(0,1) の完全な分類（命題 8） ---

命題 8: X = p 本の (1,0) loop と q 本の (0,1) loop の bouquet、ell を任意の素数、
mu = v_ell(gcd(p,q))、p' = p/ell^mu、q' = q/ell^mu と置くと

    theta = infinity が起きる  <=>  ell | p' q' (p' + q'),

であり、そのとき例外直線は
    ell | p'+q'  -> 2 本 Z(1,1), Z(1,-1)（lam = v_ell(p'+q')）
    ell | p'     -> 1 本 Z(1,0)（lam = v_ell(p')）
    ell | q'     -> 1 本 Z(0,1)（lam = v_ell(q')）
（3 場合は排反）。証明は report §5.1（Newton 多角形の Minkowski 分解で候補を絞り、
w = z^{+-1} 等の代入で判定する）。
以下、1 <= p,q <= 12、ell in {2,3,5,7,11,13} の**全組合せ**で照合する。

**自己訂正の記録**: 本 step を最初に書いたときの命題 8 は「theta = infinity <=> ell | p+q」
だった。これは **ell | p' や ell | q' の場合を落としていて偽**であり、この Step の
全組合せ照合が 436 件の FAIL を出して検出した（例: ell=2, (p,q)=(1,2) は 2 not| p+q=3 だが
例外直線 Z(0,1) を持つ）。詳細は report §8。

  ell= 2: theta=infinity になる (p,q) は 144 / 144 組、すべて命題 8 の判定と一致
  ell= 3: theta=infinity になる (p,q) は 106 / 144 組、すべて命題 8 の判定と一致
  ell= 5: theta=infinity になる (p,q) は 64 / 144 組、すべて命題 8 の判定と一致
  ell= 7: theta=infinity になる (p,q) は 42 / 144 組、すべて命題 8 の判定と一致
  ell=11: theta=infinity になる (p,q) は 34 / 144 組、すべて命題 8 の判定と一致
  ell=13: theta=infinity になる (p,q) は 12 / 144 組、すべて命題 8 の判定と一致
  -> **theta = infinity は「小さい ell の現象」ではない。** Step G の母集団で
     ell=7,11 が 0 件だったのは、その母集団の loop 本数が 5 以下で係数和が 7 に届かない
     ためであって、現象が起きないからではない（母集団の人工物）。

==============================================================================
Step H  敵対的レビュー
==============================================================================
--- H1  「定理 X はフィットではないか」 ---
  予言 mu(ell^{2n}-1) + 2n ell^n + Lam(ell^n-1) は ell, p, q だけから決まり、
  塔の値も点ごとの付値の実測も使っていない。F3 の照合は全段が out-of-sample である。
  以下、予言に使った量（mu と Lam のみ）を列挙する:
    ell= 3 (p,q)=( 2, 1) -> mu=0, case=A   , Lam=2（この 2 数だけで 5 係数が決まる）
    ell= 3 (p,q)=( 1, 2) -> mu=0, case=A   , Lam=2（この 2 数だけで 5 係数が決まる）
    ell= 3 (p,q)=( 1, 8) -> mu=0, case=A   , Lam=4（この 2 数だけで 5 係数が決まる）
    ell= 3 (p,q)=( 4, 5) -> mu=0, case=A   , Lam=4（この 2 数だけで 5 係数が決まる）
    ell= 3 (p,q)=( 3, 1) -> mu=0, case=B   , Lam=1（この 2 数だけで 5 係数が決まる）
    ell= 3 (p,q)=( 1, 3) -> mu=0, case=Bp  , Lam=1（この 2 数だけで 5 係数が決まる）
    ell= 3 (p,q)=( 9, 1) -> mu=0, case=B   , Lam=2（この 2 数だけで 5 係数が決まる）
    ell= 3 (p,q)=( 3, 6) -> mu=1, case=A   , Lam=2（この 2 数だけで 5 係数が決まる）
    ell= 3 (p,q)=( 6, 3) -> mu=1, case=A   , Lam=2（この 2 数だけで 5 係数が決まる）
    ell= 5 (p,q)=( 4, 1) -> mu=0, case=A   , Lam=2（この 2 数だけで 5 係数が決まる）
    ell= 5 (p,q)=( 2, 3) -> mu=0, case=A   , Lam=2（この 2 数だけで 5 係数が決まる）
    ell= 5 (p,q)=( 1, 9) -> mu=0, case=A   , Lam=2（この 2 数だけで 5 係数が決まる）
    ell= 5 (p,q)=( 3, 7) -> mu=0, case=A   , Lam=2（この 2 数だけで 5 係数が決まる）
    ell= 5 (p,q)=( 5, 1) -> mu=0, case=B   , Lam=1（この 2 数だけで 5 係数が決まる）
    ell= 5 (p,q)=(25, 1) -> mu=0, case=B   , Lam=2（この 2 数だけで 5 係数が決まる）
    ell= 5 (p,q)=(10,15) -> mu=1, case=A   , Lam=2（この 2 数だけで 5 係数が決まる）
    ell= 7 (p,q)=( 3, 4) -> mu=0, case=A   , Lam=2（この 2 数だけで 5 係数が決まる）
    ell= 7 (p,q)=( 1, 6) -> mu=0, case=A   , Lam=2（この 2 数だけで 5 係数が決まる）
    ell= 7 (p,q)=( 7, 2) -> mu=0, case=B   , Lam=1（この 2 数だけで 5 係数が決まる）
    ell=11 (p,q)=( 5, 6) -> mu=0, case=A   , Lam=2（この 2 数だけで 5 係数が決まる）
    ell=11 (p,q)=(11, 3) -> mu=0, case=B   , Lam=1（この 2 数だけで 5 係数が決まる）

--- H2  「ell = 2 でも成り立つのではないか」 ---
  成り立たない。導出は (i) 2 が単位元であること、(ii) a=b と a=-b が排反であること、
  (iii) lam (ell-1) >= 2 を使う。ell = 2 では全部壊れる。実測で確かめる:
    ell=2 torus: actual=[0, 5, 19, 61, 167]
    定理 X をそのまま当てた値 = [0, 6, 22, 62, 158]  -> 一致しない（n>=1）
    cycle 16 定理 D2 の既知の閉形式 = [None, 5, 19, 61, 167]  -> 一致する

--- H3  「ell >= 5 の退化塔は全件型 II」（cycle 18 §5.1）は一般に正しいか ---
  正しくない（cycle 18 の母集団についてのみ正しい）。定理 X の族は任意の奇素数 ell に
  ついて型 III（b = 2）を与える。cycle 18 の母集団（bouquet 2-3 loop と 2 頂点 3-4 重辺）に
  本族の例が入っていないことを確認する:
    ell= 3 (p,q)=(2,1): loop 本数  3  -> cycle 18 母集団（<=3 loop）に入る
    ell= 5 (p,q)=(4,1): loop 本数  5  -> cycle 18 母集団（<=3 loop）に入らない
    ell= 5 (p,q)=(5,1): loop 本数  6  -> cycle 18 母集団（<=3 loop）に入らない
    ell= 7 (p,q)=(3,4): loop 本数  7  -> cycle 18 母集団（<=3 loop）に入らない
    ell= 7 (p,q)=(7,2): loop 本数  9  -> cycle 18 母集団（<=3 loop）に入らない
    ell=11 (p,q)=(5,6): loop 本数 11  -> cycle 18 母集団（<=3 loop）に入らない

--- H4  「theta = infinity の点が n ell^n 項を作っているのではないか」 ---
  違う。F4 のとおり例外直線の寄与は lam(ell^n-1) + n thstar で、n ell^n 項を含まない。
  n ell^n 項は「有限だが深い」点 theta = 1 + ell^r（r = 1..m-1）の総和から出る。内訳:
    ell=3 (p,q)=(2,1) n=3: {'mixed': '52', 'r=0': '0', 'r>=1 finite': '104', 'theta=inf': '64'}  合計 220（= Sigma_n）
    ell=5 (p,q)=(4,1) n=2: {'mixed': '24', 'r=0': '24', 'r>=1 finite': '48', 'theta=inf': '56'}  合計 152（= Sigma_n）
    ell=5 (p,q)=(2,3) n=2: {'mixed': '24', 'r=0': '24', 'r>=1 finite': '48', 'theta=inf': '56'}  合計 152（= Sigma_n）

--- H5  「例外直線の探索範囲が狭いから見落としているのではないか」 ---
  違う。命題 3（Ostrowski: Newt(fg) = Newt(f) + Newt(g)）より例外 u^perp は
  Newton 差体に入る。Step B2 で全例外がその中に入ることを確認済み。
  さらに広い箱（|a|,|b| <= 12）で追加の例外が出ないことを確認する:
    -> 箱の外に例外は出なかった（命題 3 の照合）。

--- H6  「定理 X の形は一般の塔でも成り立つのではないか」 ---

  **成り立たない。反例を確定させる。**
  定理 X の閉形式は ord_ell(kappa_n) = mu(ell^{2n}-1) + 2n ell^n + Lam(ell^n-1) で、
  この族では k = 2 なので「k n ell^n + Lam(ell^n-1)」と読める。この読みを一般の
  「例外直線を持つ塔」へ素朴に延長した式

      ord_ell(kappa_n) =? mu(ell^{2n}-1) + k n ell^n + Lam(ell^n-1) + v_ell(kappa(X))

  を、Step G の母集団のうち例外直線を持つ塔すべてで検算する。**一致しない塔がある。**
  したがって Lam だけでは一般の塔の閉形式は決まらず、例外直線の近傍（有限だが深い theta）の
  寄与を別に決める必要がある（report §9）。

  ell= 2: 例外直線を持つ塔 392 のうち素朴な延長と一致  87、一致しない 305
    反例: voltage=[(1, 0), (0, 1)]  mu=0 k=2 Lam=2 v(kappa_X)=0
          actual=[0, 5, 19, 61]   素朴な延長=[0, 6, 22, 62]
    反例: voltage=[(1, 0), (1, 1)]  mu=0 k=2 Lam=2 v(kappa_X)=0
          actual=[0, 5, 19, 61]   素朴な延長=[0, 6, 22, 62]
    反例: voltage=[(1, 0), (1, -1)]  mu=0 k=2 Lam=2 v(kappa_X)=0
          actual=[0, 5, 19, 61]   素朴な延長=[0, 6, 22, 62]
  ell= 3: 例外直線を持つ塔 205 のうち素朴な延長と一致 160、一致しない  45
    反例: voltage=[(1, 0), (1, -1), (1, 2)]  mu=0 k=2 Lam=1 v(kappa_X)=0
          actual=[0, 10, 50]   素朴な延長=[0, 8, 44]
    反例: voltage=[(1, 0), (2, 1), (1, 2)]  mu=0 k=2 Lam=1 v(kappa_X)=0
          actual=[0, 10, 50]   素朴な延長=[0, 8, 44]
    反例: voltage=[(0, 1), (1, -1), (2, 1)]  mu=0 k=2 Lam=1 v(kappa_X)=0
          actual=[0, 10, 50]   素朴な延長=[0, 8, 44]
  ell= 5: 例外直線を持つ塔 144 のうち素朴な延長と一致  84、一致しない  60
    反例: voltage=[(1, 0), (1, 0), (1, 0), (0, 1), (1, 2)]  mu=0 k=2 Lam=1 v(kappa_X)=0
          actual=[0, 16, 120]   素朴な延長=[0, 14, 124]
    反例: voltage=[(1, 0), (1, 0), (1, 0), (1, 1), (1, 2)]  mu=0 k=2 Lam=1 v(kappa_X)=0
          actual=[0, 16, 120]   素朴な延長=[0, 14, 124]
    反例: voltage=[(1, 0), (1, 0), (1, 0), (1, -1), (1, 2)]  mu=0 k=2 Lam=1 v(kappa_X)=0
          actual=[0, 16, 120]   素朴な延長=[0, 14, 124]

==============================================================================
総計
==============================================================================
PASS 44950 / FAIL 0
打ち切り（時間上限）: 0 件
[  137.8s] 終了
