==============================================================================
cycle 13 / T3: (★) と (☆) の証明ステップの機械検証
対象グラフ: 明示例 12 件 + 乱択 40 件 = 52 件
==============================================================================

[Step 1] 補題 A: charpoly(L_{X_N}) = ∏_{ζ^N=1} charpoly(L(ζ))
  検査 312 件, 不一致 0 件 → 全て一致

[Step 2] 補題 B: c(X_N) = Σ_{ζ^N=1} dim ker L(ζ)
  検査 416 件, 不一致 0 件 → 全て一致

[Step 3] 補題 C: X 連結のとき、X_N 連結 ⟺ gcd(N, 基本閉路 voltage の gcd) = 1
  検査 552 件, 不一致 0 件 → 全て一致

[Step 4] 定理 (★): N·κ(X_N) = κ(X)·∏_{ζ≠1} det L(ζ)
  検査 624 件（うち X_N 非連結 129 件）, 不一致 0 件 → 全て一致

[Step 5] 補題 D: content_z(det L) = content_T(P(1+T)) / (☆) v_ℓ(content) = μ_Weierstrass
  検査 45 件（det L = 0 で除外 7 件）× 素数 5 個, 不一致 0 件 → 全て一致

[Step 6] 定理: ord_ℓ(κ_n) = μ·ℓ^n + (λ_W-1)·n + ν  （μ,λ_W は D(1+T) の Weierstrass 不変量）
                     グラフ   ℓ   μ  λ_W    λ_W-1    ν    全 n 一致  ord_ℓ(κ_n)
                      例1   2   2    2        1   -2       全一致  [0, 3, 8, 17, 34, 67, 132]
                      例1   3   1    2        1    0       全一致  [1, 4, 11, 30, 85]
                      例1   5   0    2        1    0       全一致  [0, 1, 2]
                      例1   7   0    2        1    0       全一致  [0, 1, 2]
                      例2   2   4    2        1   -2       全一致  [2, 7, 16, 33, 66, 131, 260]
                      例2   3   0    2        1    0       全一致  [0, 1, 2, 3]
                      例2   5   0    2        1    0       全一致  [0, 1, 2]
                      例3   2   0    2        1    2       全一致  [2, 3, 4, 5, 6, 7]
                      例3   3   0    2        1    0       全一致  [0, 1, 2, 3]
                      例3  23   1    2        1   -1       全一致  [0, 23]
                      例4   2   4    2        1   -2       全一致  [2, 7, 16, 33, 66, 131]
                      例4   3   1    2        1    0       全一致  [1, 4, 11, 30]
                      例5   2   0    2        1    2       全一致  [2, 3, 4, 5, 6]
                      例5   3   2    4        3   -2       全一致  [0, 7, 22, 61]
                      例5   5   0    2        1    0       全一致  [0, 1, 2]
                      例6   2   0    2        1    1       全一致  [1, 2, 3, 4, 5]
                      例6   3   0    2        1    0       全一致  [0, 1, 2, 3]
                      例6   5   1    2        1   -1       全一致  [0, 5, 26]
       bouquet 1ループ(χ=0)   2   0    2        1    0       全一致  [0, 1, 2, 3, 4, 5, 6]
       bouquet 1ループ(χ=0)   3   0    2        1    0       全一致  [0, 1, 2, 3, 4]
            bouquet 2ループ   2   0    2        1    0       全一致  [0, 1, 2, 3, 4, 5]
            bouquet 2ループ   3   0    2        1    0       全一致  [0, 1, 2, 3]
        退化 loop voltage2   2  塔が非連結（(★) の前提を満たさない）
        退化 loop voltage2   3   0    2        1    0       全一致  [0, 1, 2, 3]
      退化 木+loop voltage2   2  塔が非連結（(★) の前提を満たさない）
      退化 木+loop voltage2   3   0    2        1    0       全一致  [0, 1, 2, 3]

  乱択グラフでの Step 6（塔が連結なものだけ）: n_0 = 漸近式が成立し始める段
    検査 63 件（塔が非連結 / det L=0 で除外 11 件）
    n_0 の分布: {0: 51, 1: 3, 2: 4, 3: 5}   （n_0 = 漸近式が成立し始める段）
    n_max まで一致の証拠が得られなかったもの: 0 件

[Step 7] ℓ ∤ N の段: μ = v_ℓ(content) = 0 でも v_ℓ(κ(X_N)) > 0 になりうる（適用範囲の限界）
  witness: 例3 A={0,0,1,2}+loop0{1}+loop1{1,1}  ℓ=2, content=23 (v_ℓ=0), N=3 (ℓ∤N): κ(X_N)=6348, v_2(κ)=2
  witness: 例5 A={0,0,0,1}+各頂点ループ{1,1,1}  ℓ=2, content=9 (v_ℓ=0), N=3 (ℓ∤N): κ(X_N)=34992, v_2(κ)=4
  witness: 例6 A={0,1}+loop1{1,1}  ℓ=2, content=5 (v_ℓ=0), N=3 (ℓ∤N): κ(X_N)=150, v_2(κ)=1
  witness: bouquet 2ループ voltage1,2  ℓ=2, content=1 (v_ℓ=0), N=3 (ℓ∤N): κ(X_N)=12, v_2(κ)=2
  witness: bouquet 2ループ voltage1,2  ℓ=3, content=1 (v_ℓ=0), N=4 (ℓ∤N): κ(X_N)=36, v_3(κ)=2
  witness: 多重辺 voltage {0,2} のみ  ℓ=2, content=1 (v_ℓ=0), N=3 (ℓ∤N): κ(X_N)=6, v_2(κ)=1
  → 6 件の witness を提示（1 件でも存在すれば「content が ℓ∤N の段を支配する」は偽）

==============================================================================
限界（正直に）: 上記はすべて有限個の例での照合であり、証明ではない。
  証明本体は outputs/reports/cycle13_T3_mu_content_criterion_proof.md にある。
  Step 6 の ν は各塔で n = n_max から決めており、小さい n での不一致は
  漸近式が n ≥ n_0 でのみ成立することの現れ（証明の主張と矛盾しない）。
==============================================================================
