==============================================================================
cycle 16 / T1: kappa オフセットの厳密確認（d=2, unramified）
==============================================================================

--- 2頂点3重辺 電圧(0,0),(1,0),(0,1), p=2
    #V_X = 2, kappa_X = 3, ord_p(kappa_X) = 0, ord_p(#V_X) = 1
      n    ord_p(k_Xn)      S_n      (K)予測               (P)予測
      0              0        0          0 OK       -1 NG
      1              7        9          7 OK        6 NG
      2             35       39         35 OK       34 NG
      3            111      117        111 OK      110 NG

--- 4頂点閉路+弦 電圧付き, p=2
    #V_X = 4, kappa_X = 8, ord_p(kappa_X) = 3, ord_p(#V_X) = 2
      n    ord_p(k_Xn)      S_n      (K)予測               (P)予測
      0              3        0          3 OK        1 NG
      1              9        8          9 OK        7 NG
      2             25       26         25 OK       23 NG

--- bouquet(1頂点2ループ, 電圧(1,0),(0,1))… L x L トーラス, p=2
    #V_X = 1, kappa_X = 1, ord_p(kappa_X) = 0, ord_p(#V_X) = 0
      n    ord_p(k_Xn)      S_n      (K)予測               (P)予測
      0              0        0          0 OK        0 OK
      1              5        7          5 OK        5 OK
      2             19       23         19 OK       19 OK
      3             61       67         61 OK       61 OK

==============================================================================
不一致件数:  (K) Kataoka Prop 4.4 形 = 0 件   (P) 論文 001 現行形 = 7 件
==============================================================================
