==============================================================================
cycle 16 / T1: kappa オフセットの厳密確認（d=1, unramified）
==============================================================================

--- banana(2頂点2重辺, 電圧0,1), p=2
    #V_X = 2, kappa_X = 2, ord_p(kappa_X) = 1, ord_p(#V_X) = 1
      n   kappa_Xn    ord_p        S_n      (K)予測  (P)予測
      0          2        1          0          1 OK      0 NG
      1          4        2          2          2 OK      1 NG
      2          8        3          4          3 OK      2 NG
      3         16        4          6          4 OK      3 NG
      4         32        5          8          5 OK      4 NG

--- C_3(3頂点閉路, 電圧0,0,1), p=3
    #V_X = 3, kappa_X = 3, ord_p(kappa_X) = 1, ord_p(#V_X) = 1
      n   kappa_Xn    ord_p        S_n      (K)予測  (P)予測
      0          3        1          0          1 OK      0 NG
      1          9        2          2          2 OK      1 NG
      2         27        3          4          3 OK      2 NG
      3         81        4          6          4 OK      3 NG
      4        243        5          8          5 OK      4 NG

--- 2頂点3重辺(電圧0,1,2), p=3
    #V_X = 2, kappa_X = 3, ord_p(kappa_X) = 1, ord_p(#V_X) = 0
      n   kappa_Xn    ord_p        S_n      (K)予測  (P)予測
      0          3        1          0          1 OK      1 OK
      1         81        4          4          4 OK      4 OK
      2     632043        7          8          7 OK      7 OK
      3 37403957244654729       10         12         10 OK     10 OK
      4 861402987056617421633941618402777587646191546387       13         16         13 OK     13 OK

--- bouquet(1頂点1ループ, 電圧1)… 対照, p=3
    #V_X = 1, kappa_X = 1, ord_p(kappa_X) = 0, ord_p(#V_X) = 0
      n   kappa_Xn    ord_p        S_n      (K)予測  (P)予測
      0          1        0          0          0 OK      0 OK
      1          3        1          2          1 OK      1 OK
      2          9        2          4          2 OK      2 OK
      3         27        3          6          3 OK      3 OK
      4         81        4          8          4 OK      4 OK

--- C_2 x 2重辺付き(4頂点), p=2
    #V_X = 4, kappa_X = 8, ord_p(kappa_X) = 3, ord_p(#V_X) = 2
      n   kappa_Xn    ord_p        S_n      (K)予測  (P)予測
      0          8        3          0          3 OK      1 NG
      1         48        4          2          4 OK      2 NG
      2        864        5          4          5 OK      3 NG
      3     139968        6          6          6 OK      4 NG
      4 1836660096        7          8          7 OK      5 NG

==============================================================================
不一致件数:  (K) Kataoka Prop 4.4 形 = 0 件   (P) 論文 001 現行形 = 15 件
==============================================================================
