==============================================================================
cycle 16 / T3（第 2 スクリプト）: 退化帯の上での付値の M 依存性
SageMath SageMath version 10.6, Release Date: 2025-03-31
==============================================================================
トーラスの D = -z - w + 4 - w^-1 - z^-1

### Step A  恒等式 g^a + g^{-a} + g^b + g^{-b} = g^{-b}(1+g^{b-a})(1+g^{a+b}) の確認
    D = 4 - (z + z^{-1} + w + w^{-1}) なので、これが付値計算の出発点。
    これは g が可逆でありさえすれば成り立つ Laurent 単項式の恒等式なので、
    円分体ではなく Z[g^{±1}] の中で厳密に照合する（1 の冪根であることを使わない）。
  Z[g^{±1}] の中で -6 <= a,b <= 6 の全 (a,b) を照合: 169 組、破れ 0 組
  -> D(zeta,xi) = 4 - g^{-b}(1+g^{b-a})(1+g^{a+b}) が厳密に成り立つ。[    0.1s]

### Step B  ell=2 トーラス: 位数が異なる点 (i != j, M = max) では v_2(D) = 2^{2-M} = k/phi(2^M)
    （k = 2、phi(2^M) = 2^{M-1}）。すなわち退化は対角 i=j でのみ起きる。
     M=1: 非対角点 2 個、非退化予言 k/phi(2^M)=2 から外れた点 0 個
     M=2: 非対角点 8 個、非退化予言 k/phi(2^M)=1 から外れた点 0 個
     M=3: 非対角点 32 個、非退化予言 k/phi(2^M)=1/2 から外れた点 0 個
     M=4: 非対角点 128 個、非退化予言 k/phi(2^M)=1/4 から外れた点 0 個
     M=5: 非対角点 512 個、非退化予言 k/phi(2^M)=1/8 から外れた点 0 個
     M=6: 非対角点 2048 個、非退化予言 k/phi(2^M)=1/16 から外れた点 0 個
  合計 2730 点、破れ 0 点 [    1.0s]

### Step C  ell=2 トーラス: Sigma_n = sum_{(zeta,xi)!=(1,1)} v_2(D) の内訳
    report で証明した内訳: レベル M の非対角の和 = 2^{M+1}、
    レベル M の対角の和 = (M+1)2^M - 4 (M>=2)、M=1 の対角は 3。
    合計 Sigma_n = 2n 2^n + 4*2^n - 4n - 1、ord_2(kappa_n) = Sigma_n - 2n。
     M=1: 対角の和 = 3 (公式 3 -> True) / 非対角の和 = 4 (公式 4 -> True)
     M=2: 対角の和 = 8 (公式 8 -> True) / 非対角の和 = 8 (公式 8 -> True)
     M=3: 対角の和 = 28 (公式 28 -> True) / 非対角の和 = 16 (公式 16 -> True)
     M=4: 対角の和 = 76 (公式 76 -> True) / 非対角の和 = 32 (公式 32 -> True)
     M=5: 対角の和 = 188 (公式 188 -> True) / 非対角の和 = 64 (公式 64 -> True)
     M=6: 対角の和 = 444 (公式 444 -> True) / 非対角の和 = 128 (公式 128 -> True)

     n=1: Sigma_n = 7 (公式 7 -> True) / ord_2(kappa_n) = Sigma_n - 2n = 5 (公式 5 -> True)
     n=2: Sigma_n = 23 (公式 23 -> True) / ord_2(kappa_n) = Sigma_n - 2n = 19 (公式 19 -> True)
     n=3: Sigma_n = 67 (公式 67 -> True) / ord_2(kappa_n) = Sigma_n - 2n = 61 (公式 61 -> True)
     n=4: Sigma_n = 175 (公式 175 -> True) / ord_2(kappa_n) = Sigma_n - 2n = 167 (公式 167 -> True)
     n=5: Sigma_n = 427 (公式 427 -> True) / ord_2(kappa_n) = Sigma_n - 2n = 417 (公式 417 -> True)
     n=6: Sigma_n = 999 (公式 999 -> True) / ord_2(kappa_n) = Sigma_n - 2n = 987 (公式 987 -> True)
  [    2.3s]

### Step D  退化帯の上での v_ell(E) * phi(ell^M) の M 依存性
    非退化点では常に k。帯の点でこれが M によらない定数なら余分は ell^n オーダーにとどまり、
    M とともに増大するなら n ell^n が出る。

  (D-1) ell = 2 のトーラス（退化。帯 = 対角 (1:1)、z_H = 1）
  ell= 2: k=2 mu=0 H=T^2 + S^2 / 有理零点 ['(1:1)'] (z_H=1)
     M=1: 非帯の v*phi の分布 {} / 帯の v*phi の分布 {3: 1}
     M=2: 非帯の v*phi の分布 {} / 帯の v*phi の分布 {4: 4}
     M=3: 非帯の v*phi の分布 {} / 帯の v*phi の分布 {6: 8, 8: 8}
     M=4: 非帯の v*phi の分布 {} / 帯の v*phi の分布 {10: 16, 16: 16, 6: 32}
     M=5: 非帯の v*phi の分布 {} / 帯の v*phi の分布 {10: 64, 18: 32, 32: 32, 6: 128}
     M=6: 非帯の v*phi の分布 {} / 帯の v*phi の分布 {10: 256, 18: 128, 34: 64, 6: 512, 64: 64}
     -> 帯では v*phi = 2^{M-1}*2 = 2^M と M とともに増大する（v が定数 2 に飽和するため）。
        これが n 2^n 項の出所である。

  (D-2) ell = 1 mod 4 のトーラス（退化。H = -(T^2+S^2) が c^2=-1 で零、z_H = 2）
        ell=5 は M=1,2,3 まで見るので、M 依存性の有無をここで判定できる。
  ell= 5: k=2 mu=0 H=-T^2 - S^2 / 有理零点 ['(1:2)', '(1:3)'] (z_H=2)
     M=1: 非帯の v*phi の分布 {2: 8} / 帯の v*phi の分布 {4: 8}
     M=2: 非帯の v*phi の分布 {2: 200} / 帯の v*phi の分布 {4: 200}
     M=3: 非帯の v*phi の分布 {2: 5000} / 帯の v*phi の分布 {4: 5000}
  ell=13: k=2 mu=0 H=-T^2 - S^2 / 有理零点 ['(1:5)', '(1:8)'] (z_H=2)
     M=1: 非帯の v*phi の分布 {2: 120} / 帯の v*phi の分布 {4: 24}
     M=2: 非帯の v*phi の分布 {2: 20280} / 帯の v*phi の分布 {4: 4056}
  ell=17: k=2 mu=0 H=-T^2 - S^2 / 有理零点 ['(1:13)', '(1:4)'] (z_H=2)
     M=1: 非帯の v*phi の分布 {2: 224} / 帯の v*phi の分布 {4: 32}
  ell=29: k=2 mu=0 H=-T^2 - S^2 / 有理零点 ['(1:12)', '(1:17)'] (z_H=2)
     M=1: 非帯の v*phi の分布 {2: 728} / 帯の v*phi の分布 {4: 56}

  (D-3) ell = 3 mod 4 のトーラス（非退化。比較対照。帯は空なので全点が k=2 のはず）
  ell= 3: k=2 mu=0 H=-T^2 - S^2 / 有理零点 無し (z_H=0)
     M=1: 非帯の v*phi の分布 {2: 4} / 帯の v*phi の分布 {}
     M=2: 非帯の v*phi の分布 {2: 36} / 帯の v*phi の分布 {}
  ell= 7: k=2 mu=0 H=-T^2 - S^2 / 有理零点 無し (z_H=0)
     M=1: 非帯の v*phi の分布 {2: 36} / 帯の v*phi の分布 {}
     M=2: 非帯の v*phi の分布 {2: 1764} / 帯の v*phi の分布 {}
  ell=11: k=2 mu=0 H=-T^2 - S^2 / 有理零点 無し (z_H=0)
     M=1: 非帯の v*phi の分布 {2: 100} / 帯の v*phi の分布 {}
     M=2: 非帯の v*phi の分布 {2: 12100} / 帯の v*phi の分布 {}

==============================================================================
[ 1380.8s] 終了
==============================================================================
EXIT=0
