==============================================================================
cycle 16 / T3: ell = 1 mod 4 のトーラス（退化塔）の検証
SageMath SageMath version 10.6, Release Date: 2025-03-31
==============================================================================
トーラスの D = -z - w + 4 - w^-1 - z^-1

### Step A  仮説 6.1 由来の閉形式 (6.3) と実測の ord_ell(kappa_n) の照合
    (6.3) ord_ell(kappa_n) = (2 ell + 6)/(ell - 1) (ell^n - 1) - 2n
    比較対照として、非退化なら成り立ったはずの定理 N1 の値も出す。

  ell= 5: k=2 mu=0 z_H=2 ['(1:2)', '(1:3)'] / 帯の割合 2/6 / 計算できた段 n=0..3
     n=0: 実測 0        | 非退化型 0          差 0        | (6.3) 0          一致=True
     n=1: 実測 14       | 非退化型 10         差 4        | (6.3) 14         一致=True
     n=2: 実測 92       | 非退化型 68         差 24       | (6.3) 92         一致=True
     n=3: 実測 490      | 非退化型 366        差 124      | (6.3) 490        一致=True
  ell=13: k=2 mu=0 z_H=2 ['(1:5)', '(1:8)'] / 帯の割合 2/14 / 計算できた段 n=0..2
     n=0: 実測 0        | 非退化型 0          差 0        | (6.3) 0          一致=True
     n=1: 実測 30       | 非退化型 26         差 4        | (6.3) 30         一致=True
     n=2: 実測 444      | 非退化型 388        差 56       | (6.3) 444        一致=True
  ell=17: k=2 mu=0 z_H=2 ['(1:4)', '(1:13)'] / 帯の割合 2/18 / 計算できた段 n=0..1
     n=0: 実測 0        | 非退化型 0          差 0        | (6.3) 0          一致=True
     n=1: 実測 38       | 非退化型 34         差 4        | (6.3) 38         一致=True
  ell=29: k=2 mu=0 z_H=2 ['(1:12)', '(1:17)'] / 帯の割合 2/30 / 計算できた段 n=0..1
     n=0: 実測 0        | 非退化型 0          差 0        | (6.3) 0          一致=True
     n=1: 実測 62       | 非退化型 58         差 4        | (6.3) 62         一致=True
  [   62.0s] Step A: n>=1 の照合 7 件、破れ 0 件
  注意（射程）: トーラスの ord_ell(kappa_n) はレベル M <= n の点にしか依存しない。
    よって n <= 3 での一致は M <= 3 の帯の付値しか使っておらず、
    band_structure.sage で既に測った範囲と同じである。
    すなわち Step A が確かめているのは「帯の付値を足し上げると塔の値を再現する」
    という **帳尻** であって、大きい M への外挿ではない。外挿は Step B で突く。

### Step B  より大きい M での帯の上の v_ell(E)*phi(ell^M)（標本抽出）
    仮説 6.1 が正しければ、どの M でも一律に 4 になるはず。
    全列挙は点が phi(ell^M)^2 個あって不可能なので、対角かつ帯に入る点を標本抽出する。
    比較のため、帯に入らない対角点（非退化予言 k=2）も同数程度測る。

  ell= 5 M=1 phi=4     | 帯  30 点 v*phi={4: 30}            一律 4 =True | 非帯  30 点 v*phi={2: 30}  [0s]
  ell= 5 M=2 phi=20    | 帯  30 点 v*phi={4: 30}            一律 4 =True | 非帯  30 点 v*phi={2: 30}  [0s]
  ell= 5 M=3 phi=100   | 帯  30 点 v*phi={4: 30}            一律 4 =True | 非帯  30 点 v*phi={2: 30}  [1s]
  ell= 5 M=4 phi=500   | 帯  30 点 v*phi={4: 30}            一律 4 =True | 非帯  30 点 v*phi={2: 30}  [503s]
  ell= 5 M=5 | 1200 秒で打ち切り -> **未検証**
  ell=13 M=1 phi=12    | 帯  30 点 v*phi={4: 30}            一律 4 =True | 非帯  45 点 v*phi={2: 45}  [0s]
  ell=13 M=2 phi=156   | 帯  30 点 v*phi={4: 30}            一律 4 =True | 非帯  45 点 v*phi={2: 45}  [2s]
  ell=13 M=3 | 1200 秒で打ち切り -> **未検証**
  ell=17 M=1 phi=16    | 帯  30 点 v*phi={4: 30}            一律 4 =True | 非帯  45 点 v*phi={2: 45}  [0s]
  ell=17 M=2 phi=272   | 帯  30 点 v*phi={4: 30}            一律 4 =True | 非帯  45 点 v*phi={2: 45}  [17s]
  ell=29 M=1 phi=28    | 帯  30 点 v*phi={4: 30}            一律 4 =True | 非帯  45 点 v*phi={2: 45}  [0s]
  ell=29 M=2 | 1200 秒で打ち切り -> **未検証**
  [ 4185.3s] Step B: 照合 9 件、「一律 4」から外れた件数 0
  注意: これは標本抽出であって全列挙ではない。外れた点が標本に入らなかった可能性は排除できない。
    また、ここで測れた M の上限より大きい M については何も言えていない。

### 時間上限で打ち切った計算の一覧
  StepB band sample ell=5 n/M=5 で打ち切り（上限 1200 秒）
  StepB band sample ell=13 n/M=3 で打ち切り（上限 1200 秒）
  StepB band sample ell=29 n/M=2 で打ち切り（上限 1200 秒）
  合計 3 件。これらは **未検証** であり、上の結論の射程外である。

==============================================================================
[ 4185.3s] 終了
==============================================================================
 3070.9s] 終了
==============================================================================
EXIT=0
