==============================================================================
cycle 16 / T3: 低位項（定数項 nu）の明示公式と退化点の整理
SageMath SageMath version 10.6, Release Date: 2025-03-31
==============================================================================

### Step 1  非退化 かつ J_0 = 1（<=> k < ell-1）での完全閉形式
    ord_ell(kappa_n) = mu(ell^{2n}-1) + c(ell^n-1) - 2n + v_ell(kappa(X)),  c = k(ell+1)/(ell-1)
    フィットするパラメータは 0 個。n = 0..n_max の全段で照合する。

  DV1 bouquet (1,0),(0,1)  = トーラス            ell= 7 mu=0 k=2 v(kX)=0 | n=0..2 全段一致=True
  DV1 bouquet (1,0),(0,1)  = トーラス            ell=11 mu=0 k=2 v(kX)=0 | n=0..2 全段一致=True
  DV2 bouquet (1,0)x2,(0,1)x2 (content 2)    ell= 7 mu=0 k=2 v(kX)=0 | n=0..2 全段一致=True
  DV2 bouquet (1,0)x2,(0,1)x2 (content 2)    ell=11 mu=0 k=2 v(kX)=0 | n=0..2 全段一致=True
  DV3 bouquet (1,5),(0,3),(1,2),(0,1)        ell= 7 mu=0 k=2 v(kX)=0 | n=0..2 全段一致=True
  DV5 bouquet (1,0),(2,3),(1,1)              ell= 7 mu=0 k=2 v(kX)=0 | n=0..2 全段一致=True
  DV5 bouquet (1,0),(2,3),(1,1)              ell=13 mu=0 k=2 v(kX)=0 | n=0..1 全段一致=True
  bouquet (1,0),(0,1),(1,1)                  ell= 5 mu=0 k=2 v(kX)=0 | n=0..3 全段一致=True
  bouquet (1,0),(0,1),(1,1)                  ell=11 mu=0 k=2 v(kX)=0 | n=0..2 全段一致=True
  bouquet (1,0),(0,1) を 3 重化 (content 3)     ell= 7 mu=0 k=2 v(kX)=0 | n=0..2 全段一致=True
  bouquet (1,0),(0,1) を 3 重化 (content 3)     ell=11 mu=0 k=2 v(kX)=0 | n=0..2 全段一致=True
  bouquet (1,0),(0,1) を 5 重化 (content 5)     ell= 7 mu=0 k=2 v(kX)=0 | n=0..2 全段一致=True
  bouquet (1,0),(0,1) を 5 重化 (content 5)     ell=11 mu=0 k=2 v(kX)=0 | n=0..2 全段一致=True
  2 頂点 平行 3 重辺 (0,0),(1,0),(0,1)             ell= 5 mu=0 k=2 v(kX)=0 | n=0..3 全段一致=True
  2 頂点 平行 3 重辺 (0,0),(1,0),(0,1)             ell=11 mu=0 k=2 v(kX)=0 | n=0..2 全段一致=True
  2 頂点 + ループ (0,0),(1,0), ループ (0,1)          ell= 5 mu=0 k=2 v(kX)=0 | n=0..3 全段一致=True
  2 頂点 + ループ (0,0),(1,0), ループ (0,1)          ell= 7 mu=0 k=2 v(kX)=0 | n=0..2 全段一致=True
  2 頂点 + ループ (0,0),(1,0), ループ (0,1)          ell=13 mu=0 k=2 v(kX)=0 | n=0..1 全段一致=True
  bouquet (1,0),(0,1),(1,-1)                 ell= 5 mu=0 k=2 v(kX)=0 | n=0..3 全段一致=True
  bouquet (1,0),(0,1),(1,-1)                 ell=11 mu=0 k=2 v(kX)=0 | n=0..2 全段一致=True
  bouquet (1,0),(0,1),(2,1)                  ell=13 mu=0 k=2 v(kX)=0 | n=0..1 全段一致=True
  bouquet (1,0),(0,1),(1,2),(2,1)            ell=11 mu=0 k=2 v(kX)=0 | n=0..2 全段一致=True
  bouquet (1,0),(0,1),(1,2),(2,1)            ell=13 mu=0 k=2 v(kX)=0 | n=0..1 全段一致=True
  2 頂点 平行 4 重辺 (0,0),(1,0),(0,1),(1,1)       ell= 7 mu=0 k=2 v(kX)=0 | n=0..2 全段一致=True
  2 頂点 平行 4 重辺 (0,0),(1,0),(0,1),(1,1)       ell=11 mu=0 k=2 v(kX)=0 | n=0..2 全段一致=True
  [  211.8s] 対象 25 件、破れ 0 件

### Step 2  非退化 かつ J_0 >= 2 での nu（補正 Delta は低レベルの有限計算だけで決まる）
    Delta はレベル ell^{J_0-1} 以下の 1 の冪根での付値の有限和から計算し、
    塔の値 kappa_n は一切使わない。照合は n = J_0-1 .. n_max。

  DV1 bouquet (1,0),(0,1)  = トーラス        ell= 3 mu=0 k=2 J0=2 Delta=0 | n>=1 一致=True (実測の成立開始段 n=0)
  DV2 bouquet (1,0)x2,(0,1)x2 (content 2 ell= 3 mu=0 k=2 J0=2 Delta=0 | n>=1 一致=True (実測の成立開始段 n=0)
  bouquet (1,0),(0,1) を 3 重化 (content 3) ell= 3 mu=1 k=2 J0=2 Delta=0 | n>=1 一致=True (実測の成立開始段 n=0)
  bouquet (1,0),(0,1) を 5 重化 (content 5) ell= 3 mu=0 k=2 J0=2 Delta=0 | n>=1 一致=True (実測の成立開始段 n=0)
  2 頂点 平行 4 重辺 (0,0),(1,0),(0,1),(1,1)   ell= 3 mu=0 k=2 J0=2 Delta=0 | n>=1 一致=True (実測の成立開始段 n=0)
  [  226.0s] 対象 5 件、破れ 0 件

  (2b) Delta != 0 の例の探索（Delta = 0 ばかりだと補正項が一度も効いていない）
     DV1 bouquet (1,0),(0,1)  = トーラス        ell= 3 J0=2 k=2 Delta=0
     DV2 bouquet (1,0)x2,(0,1)x2 (content 2 ell= 3 J0=2 k=2 Delta=0
     bouquet (1,0),(0,1) を 3 重化 (content 3) ell= 3 J0=2 k=2 Delta=0
     bouquet (1,0),(0,1) を 5 重化 (content 5) ell= 3 J0=2 k=2 Delta=0
     2 頂点 平行 4 重辺 (0,0),(1,0),(0,1),(1,1)   ell= 3 J0=2 k=2 Delta=0
     Delta を計算できた 5 件のうち、Delta != 0 は 0 件
     ** 全て Delta = 0。定理 N2 の補正項が非自明に効く例は見つかっていない。**
     ** したがって Step 2 は N2 のうち『Delta = 0 の場合』しか照合できていない。**

### Step 3  mu > 0 または v_ell(kappa(X)) > 0 の非退化例（3 つの寄与の独立性）
    ランダム探索で条件を満たす例を集め、Step 1/2 と同じ 0 パラメータ照合を行う。

  構成した候補 28 件のうち、非退化かつ mu>0 または v_ell(kappa(X))>0 を満たしたもの 11 件
  除外の内訳: inv=None((H)不成立等)=0, 退化(z_H>0)=17, mu=0 かつ v(kX)=0=0, 段数不足=0
  内訳: mu>0 が 11 件、v_ell(kappa(X))>0 が 0 件

  bouquet (1,0),(0,1),(1,1 を 5 重化 (mu>0 狙い ell= 5 mu=1 k=2 v(kX)=0(kX=1) J0=1 Delta=0 | n=0..3 一致=True
  DV1 bouquet (1,0),(0,1)  を 7 重化 (mu>0 狙い ell= 7 mu=1 k=2 v(kX)=0(kX=1) J0=1 Delta=0 | n=0..2 一致=True
  DV2 bouquet (1,0)x2,(0,1 を 7 重化 (mu>0 狙い ell= 7 mu=1 k=2 v(kX)=0(kX=1) J0=1 Delta=0 | n=0..2 一致=True
  DV3 bouquet (1,5),(0,3), を 7 重化 (mu>0 狙い ell= 7 mu=1 k=2 v(kX)=0(kX=1) J0=1 Delta=0 | n=0..2 一致=True
  DV5 bouquet (1,0),(2,3), を 7 重化 (mu>0 狙い ell= 7 mu=1 k=2 v(kX)=0(kX=1) J0=1 Delta=0 | n=0..2 一致=True
  bouquet (1,0),(0,1) を 3  を 7 重化 (mu>0 狙い ell= 7 mu=1 k=2 v(kX)=0(kX=1) J0=1 Delta=0 | n=0..2 一致=True
  DV1 bouquet (1,0),(0,1)  を 11 重化 (mu>0 狙 ell=11 mu=1 k=2 v(kX)=0(kX=1) J0=1 Delta=0 | n=0..2 一致=True
  DV2 bouquet (1,0)x2,(0,1 を 11 重化 (mu>0 狙 ell=11 mu=1 k=2 v(kX)=0(kX=1) J0=1 Delta=0 | n=0..2 一致=True
  bouquet (1,0),(0,1),(1,1 を 11 重化 (mu>0 狙 ell=11 mu=1 k=2 v(kX)=0(kX=1) J0=1 Delta=0 | n=0..2 一致=True
  bouquet (1,0),(0,1) を 3  を 11 重化 (mu>0 狙 ell=11 mu=1 k=2 v(kX)=0(kX=1) J0=1 Delta=0 | n=0..2 一致=True
  DV5 bouquet (1,0),(2,3), を 13 重化 (mu>0 狙 ell=13 mu=1 k=2 v(kX)=0(kX=1) J0=1 Delta=0 | n=0..1 一致=True
  [  311.8s] 対象 11 件、破れ 0 件

### Step 4  退化帯 Band_n（H の有理零点が指す方向に属する点）の計数と、
    「max(i,j) >= J_0 の点は Band に入る <=> 補題 8.4 の予言 v = k/phi(ell^max) から外れる」

  (4a) ell+1 個の方向に点がちょうど均等に分かれる（各 (ell^{2n}-1)/(ell+1) 個）
     ell=2 n=1: 方向 3 個, 各 [1] (期待 1) -> True
     ell=2 n=2: 方向 3 個, 各 [5] (期待 5) -> True
     ell=2 n=3: 方向 3 個, 各 [21] (期待 21) -> True
     ell=2 n=4: 方向 3 個, 各 [85] (期待 85) -> True
     ell=2 n=5: 方向 3 個, 各 [341] (期待 341) -> True
     ell=2 n=6: 方向 3 個, 各 [1365] (期待 1365) -> True
     ell=3 n=1: 方向 4 個, 各 [2] (期待 2) -> True
     ell=3 n=2: 方向 4 個, 各 [20] (期待 20) -> True
     ell=3 n=3: 方向 4 個, 各 [182] (期待 182) -> True
     ell=3 n=4: 方向 4 個, 各 [1640] (期待 1640) -> True
     ell=5 n=1: 方向 6 個, 各 [4] (期待 4) -> True
     ell=5 n=2: 方向 6 個, 各 [104] (期待 104) -> True
     ell=5 n=3: 方向 6 個, 各 [2604] (期待 2604) -> True
     破れ 0 件

  (4b) max(i,j) >= J_0 の点で「Band に入る <=> v_ell(E) != k/phi(ell^max)」
     DV1 bouquet (1,0),(0,1)  = トーラス    ell=2 n=3 k=2 J0=3 z_H=1 | 対象点 48, Band 16, 例外 16, 不一致 0
     DV1 bouquet (1,0),(0,1)  = トーラス    ell=2 n=4 k=2 J0=3 z_H=1 | 対象点 240, Band 80, 例外 80, 不一致 0
     DV1 bouquet (1,0),(0,1)  = トーラス    ell=3 n=2 k=2 J0=2 z_H=0 | 対象点 72, Band 0, 例外 0, 不一致 0
     DV1 bouquet (1,0),(0,1)  = トーラス    ell=5 n=1 k=2 J0=1 z_H=2 | 対象点 24, Band 8, 例外 8, 不一致 0
     DV1 bouquet (1,0),(0,1)  = トーラス    ell=5 n=2 k=2 J0=1 z_H=2 | 対象点 624, Band 208, 例外 208, 不一致 0
     DV2 bouquet (1,0)x2,(0,1)x2 (conte ell=2 n=3 k=2 J0=3 z_H=1 | 対象点 48, Band 16, 例外 16, 不一致 0
     DV2 bouquet (1,0)x2,(0,1)x2 (conte ell=2 n=4 k=2 J0=3 z_H=1 | 対象点 240, Band 80, 例外 80, 不一致 0
     DV2 bouquet (1,0)x2,(0,1)x2 (conte ell=3 n=2 k=2 J0=2 z_H=0 | 対象点 72, Band 0, 例外 0, 不一致 0
     DV2 bouquet (1,0)x2,(0,1)x2 (conte ell=5 n=1 k=2 J0=1 z_H=2 | 対象点 24, Band 8, 例外 8, 不一致 0
     DV2 bouquet (1,0)x2,(0,1)x2 (conte ell=5 n=2 k=2 J0=1 z_H=2 | 対象点 624, Band 208, 例外 208, 不一致 0
     DV3 bouquet (1,5),(0,3),(1,2),(0,1 ell=2 n=3 k=2 J0=3 z_H=1 | 対象点 48, Band 16, 例外 16, 不一致 0
     DV3 bouquet (1,5),(0,3),(1,2),(0,1 ell=2 n=4 k=2 J0=3 z_H=1 | 対象点 240, Band 80, 例外 80, 不一致 0
     DV3 bouquet (1,5),(0,3),(1,2),(0,1 ell=3 n=2 k=2 J0=2 z_H=2 | 対象点 72, Band 36, 例外 36, 不一致 0
     DV3 bouquet (1,5),(0,3),(1,2),(0,1 ell=5 n=1 k=2 J0=1 z_H=2 | 対象点 24, Band 8, 例外 8, 不一致 0
     DV3 bouquet (1,5),(0,3),(1,2),(0,1 ell=5 n=2 k=2 J0=1 z_H=2 | 対象点 624, Band 208, 例外 208, 不一致 0
     DV5 bouquet (1,0),(2,3),(1,1)      ell=2 n=3 k=3 J0=3 z_H=3 | 対象点 48, Band 48, 例外 48, 不一致 0
     DV5 bouquet (1,0),(2,3),(1,1)      ell=2 n=4 k=3 J0=3 z_H=3 | 対象点 240, Band 240, 例外 240, 不一致 0
     DV5 bouquet (1,0),(2,3),(1,1)      ell=3 n=2 k=2 J0=2 z_H=2 | 対象点 72, Band 36, 例外 36, 不一致 0
     DV5 bouquet (1,0),(2,3),(1,1)      ell=5 n=1 k=2 J0=1 z_H=2 | 対象点 24, Band 8, 例外 8, 不一致 0
     DV5 bouquet (1,0),(2,3),(1,1)      ell=5 n=2 k=2 J0=1 z_H=2 | 対象点 624, Band 208, 例外 208, 不一致 0
     bouquet (1,0),(0,1),(1,1)          ell=2 n=3 k=3 J0=3 z_H=3 | 対象点 48, Band 48, 例外 48, 不一致 0
     bouquet (1,0),(0,1),(1,1)          ell=2 n=4 k=3 J0=3 z_H=3 | 対象点 240, Band 240, 例外 240, 不一致 0
     bouquet (1,0),(0,1),(1,1)          ell=3 n=2 k=2 J0=2 z_H=1 | 対象点 72, Band 18, 例外 18, 不一致 0
     bouquet (1,0),(0,1),(1,1)          ell=5 n=1 k=2 J0=1 z_H=0 | 対象点 24, Band 0, 例外 0, 不一致 0
     bouquet (1,0),(0,1),(1,1)          ell=5 n=2 k=2 J0=1 z_H=0 | 対象点 624, Band 0, 例外 0, 不一致 0
     bouquet (1,0),(0,1) を 3 重化 (conten ell=2 n=3 k=2 J0=3 z_H=1 | 対象点 48, Band 16, 例外 16, 不一致 0
     bouquet (1,0),(0,1) を 3 重化 (conten ell=2 n=4 k=2 J0=3 z_H=1 | 対象点 240, Band 80, 例外 80, 不一致 0
     bouquet (1,0),(0,1) を 3 重化 (conten ell=3 n=2 k=2 J0=2 z_H=0 | 対象点 72, Band 0, 例外 0, 不一致 0
     bouquet (1,0),(0,1) を 3 重化 (conten ell=5 n=1 k=2 J0=1 z_H=2 | 対象点 24, Band 8, 例外 8, 不一致 0
     bouquet (1,0),(0,1) を 3 重化 (conten ell=5 n=2 k=2 J0=1 z_H=2 | 対象点 624, Band 208, 例外 208, 不一致 0
     bouquet (1,0),(0,1) を 5 重化 (conten ell=2 n=3 k=2 J0=3 z_H=1 | 対象点 48, Band 16, 例外 16, 不一致 0
     bouquet (1,0),(0,1) を 5 重化 (conten ell=2 n=4 k=2 J0=3 z_H=1 | 対象点 240, Band 80, 例外 80, 不一致 0
     bouquet (1,0),(0,1) を 5 重化 (conten ell=3 n=2 k=2 J0=2 z_H=0 | 対象点 72, Band 0, 例外 0, 不一致 0
     bouquet (1,0),(0,1) を 5 重化 (conten ell=5 n=1 k=2 J0=1 z_H=2 | 対象点 24, Band 8, 例外 8, 不一致 0
     bouquet (1,0),(0,1) を 5 重化 (conten ell=5 n=2 k=2 J0=1 z_H=2 | 対象点 624, Band 208, 例外 208, 不一致 0
     2 頂点 平行 3 重辺 (0,0),(1,0),(0,1)     ell=2 n=3 k=3 J0=3 z_H=3 | 対象点 48, Band 48, 例外 48, 不一致 0
     2 頂点 平行 3 重辺 (0,0),(1,0),(0,1)     ell=2 n=4 k=3 J0=3 z_H=3 | 対象点 240, Band 240, 例外 240, 不一致 0
     2 頂点 平行 3 重辺 (0,0),(1,0),(0,1)     ell=3 n=2 k=2 J0=2 z_H=1 | 対象点 72, Band 18, 例外 18, 不一致 0
     2 頂点 平行 3 重辺 (0,0),(1,0),(0,1)     ell=5 n=1 k=2 J0=1 z_H=0 | 対象点 24, Band 0, 例外 0, 不一致 0
     2 頂点 平行 3 重辺 (0,0),(1,0),(0,1)     ell=5 n=2 k=2 J0=1 z_H=0 | 対象点 624, Band 0, 例外 0, 不一致 0
     2 頂点 + ループ (0,0),(1,0), ループ (0,1)  ell=2 n=3 k=2 J0=3 z_H=1 | 対象点 48, Band 16, 例外 16, 不一致 0
     2 頂点 + ループ (0,0),(1,0), ループ (0,1)  ell=2 n=4 k=2 J0=3 z_H=1 | 対象点 240, Band 80, 例外 80, 不一致 0
     2 頂点 + ループ (0,0),(1,0), ループ (0,1)  ell=3 n=2 k=2 J0=2 z_H=2 | 対象点 72, Band 36, 例外 36, 不一致 0
     2 頂点 + ループ (0,0),(1,0), ループ (0,1)  ell=5 n=1 k=2 J0=1 z_H=0 | 対象点 24, Band 0, 例外 0, 不一致 0
     2 頂点 + ループ (0,0),(1,0), ループ (0,1)  ell=5 n=2 k=2 J0=1 z_H=0 | 対象点 624, Band 0, 例外 0, 不一致 0
     bouquet (1,0),(0,1),(1,-1)         ell=2 n=3 k=3 J0=3 z_H=3 | 対象点 48, Band 48, 例外 48, 不一致 0
     bouquet (1,0),(0,1),(1,-1)         ell=2 n=4 k=3 J0=3 z_H=3 | 対象点 240, Band 240, 例外 240, 不一致 0
     bouquet (1,0),(0,1),(1,-1)         ell=3 n=2 k=2 J0=2 z_H=1 | 対象点 72, Band 18, 例外 18, 不一致 0
     bouquet (1,0),(0,1),(1,-1)         ell=5 n=1 k=2 J0=1 z_H=0 | 対象点 24, Band 0, 例外 0, 不一致 0
     bouquet (1,0),(0,1),(1,-1)         ell=5 n=2 k=2 J0=1 z_H=0 | 対象点 624, Band 0, 例外 0, 不一致 0
     bouquet (1,0),(0,1),(2,1)          ell=2 n=3 k=2 J0=3 z_H=1 | 対象点 48, Band 16, 例外 16, 不一致 0
     bouquet (1,0),(0,1),(2,1)          ell=2 n=4 k=2 J0=3 z_H=1 | 対象点 240, Band 80, 例外 80, 不一致 0
     bouquet (1,0),(0,1),(2,1)          ell=3 n=2 k=2 J0=2 z_H=1 | 対象点 72, Band 18, 例外 18, 不一致 0
     bouquet (1,0),(0,1),(2,1)          ell=5 n=1 k=2 J0=1 z_H=2 | 対象点 24, Band 8, 例外 8, 不一致 0
     bouquet (1,0),(0,1),(2,1)          ell=5 n=2 k=2 J0=1 z_H=2 | 対象点 624, Band 208, 例外 208, 不一致 0
     bouquet (1,0),(0,1),(1,2),(2,1)    ell=2 n=4 k=4 J0=4 z_H=1 | 対象点 192, Band 64, 例外 64, 不一致 0
     bouquet (1,0),(0,1),(1,2),(2,1)    ell=3 n=2 k=2 J0=2 z_H=2 | 対象点 72, Band 36, 例外 36, 不一致 0
     bouquet (1,0),(0,1),(1,2),(2,1)    ell=5 n=1 k=2 J0=1 z_H=1 | 対象点 24, Band 4, 例外 4, 不一致 0
     bouquet (1,0),(0,1),(1,2),(2,1)    ell=5 n=2 k=2 J0=1 z_H=1 | 対象点 624, Band 104, 例外 104, 不一致 0
     2 頂点 平行 4 重辺 (0,0),(1,0),(0,1),(1, ell=2 n=4 k=4 J0=4 z_H=2 | 対象点 192, Band 128, 例外 128, 不一致 0
     2 頂点 平行 4 重辺 (0,0),(1,0),(0,1),(1, ell=3 n=2 k=2 J0=2 z_H=0 | 対象点 72, Band 0, 例外 0, 不一致 0
     2 頂点 平行 4 重辺 (0,0),(1,0),(0,1),(1, ell=5 n=1 k=2 J0=1 z_H=2 | 対象点 24, Band 8, 例外 8, 不一致 0
     2 頂点 平行 4 重辺 (0,0),(1,0),(0,1),(1, ell=5 n=2 k=2 J0=1 z_H=2 | 対象点 624, Band 208, 例外 208, 不一致 0
     2 頂点 平行 5 重辺 (0,0)x2,(1,0),(0,1),( ell=2 n=3 k=3 J0=3 z_H=3 | 対象点 48, Band 48, 例外 48, 不一致 0
     2 頂点 平行 5 重辺 (0,0)x2,(1,0),(0,1),( ell=2 n=4 k=3 J0=3 z_H=3 | 対象点 240, Band 240, 例外 240, 不一致 0
     2 頂点 平行 5 重辺 (0,0)x2,(1,0),(0,1),( ell=3 n=2 k=2 J0=2 z_H=2 | 対象点 72, Band 36, 例外 36, 不一致 0
     2 頂点 平行 5 重辺 (0,0)x2,(1,0),(0,1),( ell=5 n=1 k=2 J0=1 z_H=1 | 対象点 24, Band 4, 例外 4, 不一致 0
     2 頂点 平行 5 重辺 (0,0)x2,(1,0),(0,1),( ell=5 n=2 k=2 J0=1 z_H=1 | 対象点 624, Band 104, 例外 104, 不一致 0
  [  314.0s] (4b) 対象 68 件、不一致のあった件数 0

  (4c) |Band_n| = z_H (ell^{2n}-1)/(ell+1) を n = 1..6 で確認（組合せ計数のみ）
     破れ 0 件

### Step 5  ell = 2 のトーラス（bouquet (1,0),(0,1)）の完全解決
    D = -z - w + 4 - w^-1 - z^-1

  (5a) 点ごとの付値: 位数がともに 2^M（M >= 2）の (zeta,xi) = (g^a, g^b) について
       v_2(D) = min(2, ph(s) + ph(t)),  s = v_2(b-a), t = v_2(b+a)
       M=1 a=1 b=1: v=3 pred=2 (s=1 t=1)
     M=1: 点 1 個、公式から外れた点 1 個（M=1 は例外。本文 5.3 参照）
     M=2: 点 4 個、公式から外れた点 0 個
     M=3: 点 16 個、公式から外れた点 0 個
     M=4: 点 64 個、公式から外れた点 0 個
     M=5: 点 256 個、公式から外れた点 0 個
     M=6: 点 1024 個、公式から外れた点 0 個
     M >= 2 での破れ 0 件（照合点数 1365）

  (5b) Sigma_M := sum_{ord zeta = ord xi = 2^M} v_2(D) = (M+1) 2^M - 4  (M >= 2)
     M=1: Sigma_M = 3, (M+1)2^M - 4 = 0 -> False
     M=2: Sigma_M = 8, (M+1)2^M - 4 = 8 -> True
     M=3: Sigma_M = 28, (M+1)2^M - 4 = 28 -> True
     M=4: Sigma_M = 76, (M+1)2^M - 4 = 76 -> True
     M=5: Sigma_M = 188, (M+1)2^M - 4 = 188 -> True
     M=6: Sigma_M = 444, (M+1)2^M - 4 = 444 -> True
     M=7: Sigma_M = 1020, (M+1)2^M - 4 = 1020 -> True
     M >= 2 での破れ 0 件

  (5c) 閉形式 ord_2(kappa_n) = 2n*2^n + 4*2^n - 6n - 1  (n >= 1)
     n=0: 実測 0 / 公式 3 -> False
     n=1: 実測 5 / 公式 5 -> True
     n=2: 実測 19 / 公式 19 -> True
     n=3: 実測 61 / 公式 61 -> True
     n=4: 実測 167 / 公式 167 -> True
     n=5: 実測 417 / 公式 417 -> True
     n=6: 実測 987 / 公式 987 -> True
     n >= 1 での破れ 0 件（n=0 は kappa_0 = kappa(X) = 1 で公式の射程外）

### Step 6  型分類（z_H = H の P^1(F_ell) 有理零点の個数、b = n ell^n の係数）
    型 I : z_H = 0（非退化）。命題 W + 本 report の nu 公式で完全に決まる。
    型 II: z_H >= 1 かつ b = 0。退化帯はあるが n ell^n 項が出ない。
    型III: b > 0。n ell^n 項が出る。
    係数は最大 5 段でフィットし、より小さい n で out-of-sample 検算する。

  DV1 bouquet (1,0),(0,1)  = トーラス        ell=2 mu=0 k=2 z_H=1 (1:1)                 
      a=0 b=2 c=4 d=-6 e=-1 | 係数が整数=True | oos(n>=1, n=[1])=True | oos に n=0 も含めると=False
      -> III
  DV2 bouquet (1,0)x2,(0,1)x2 (content 2 ell=2 mu=1 k=2 z_H=1 (1:1)                 
      a=1 b=2 c=4 d=-6 e=-2 | 係数が整数=True | oos(n>=1, n=[1])=True | oos に n=0 も含めると=False
      -> III
  DV3 bouquet (1,5),(0,3),(1,2),(0,1)    ell=2 mu=0 k=2 z_H=1 (1:0)                 
      a=23/144 b=-9 c=261/4 d=-236/3 e=-137/9 | 係数が整数=False | oos(n>=1, n=[1])=False | oos に n=0 も含めると=False
      -> フィット失敗（5 項の形に合っていない。型を付けない）
  DV5 bouquet (1,0),(2,3),(1,1)          ell=2 mu=0 k=3 z_H=3 (0:1),(1:0),(1:1)     
      a=0 b=1 c=14 d=-4 e=-21 | 係数が整数=True | oos(n>=1, n=[1])=False | oos に n=0 も含めると=False
      -> フィット失敗（5 項の形に合っていない。型を付けない）
  bouquet (1,0),(0,1),(1,1)              ell=2 mu=0 k=3 z_H=3 (0:1),(1:0),(1:1)     
      a=0 b=3 c=9 d=-8 e=-9 | 係数が整数=True | oos(n>=1, n=[1])=True | oos に n=0 も含めると=True
      -> III
  bouquet (1,0),(0,1) を 3 重化 (content 3) ell=2 mu=0 k=2 z_H=1 (1:1)                 
      a=0 b=2 c=4 d=-6 e=-1 | 係数が整数=True | oos(n>=1, n=[1])=True | oos に n=0 も含めると=False
      -> III
  bouquet (1,0),(0,1) を 5 重化 (content 5) ell=2 mu=0 k=2 z_H=1 (1:1)                 
      a=0 b=2 c=4 d=-6 e=-1 | 係数が整数=True | oos(n>=1, n=[1])=True | oos に n=0 も含めると=False
      -> III
  2 頂点 平行 3 重辺 (0,0),(1,0),(0,1)         ell=2 mu=0 k=3 z_H=3 (0:1),(1:0),(1:1)     
      a=0 b=3 c=9 d=-8 e=-9 | 係数が整数=True | oos(n>=1, n=[1])=True | oos に n=0 も含めると=True
      -> III
  2 頂点 + ループ (0,0),(1,0), ループ (0,1)      ell=2 mu=0 k=2 z_H=1 (0:1)                 
      a=0 b=2 c=0 d=2 e=2 | 係数が整数=True | oos(n>=1, n=[1])=False | oos に n=0 も含めると=False
      -> フィット失敗（5 項の形に合っていない。型を付けない）
  bouquet (1,0),(0,1),(1,-1)             ell=2 mu=0 k=3 z_H=3 (0:1),(1:0),(1:1)     
      a=0 b=3 c=9 d=-8 e=-9 | 係数が整数=True | oos(n>=1, n=[1])=True | oos に n=0 も含めると=True
      -> III
  bouquet (1,0),(0,1),(2,1)              ell=2 mu=0 k=2 z_H=1 (0:1)                 
      a=0 b=2 c=0 d=2 e=1 | 係数が整数=True | oos(n>=1, n=[1])=False | oos に n=0 も含めると=False
      -> フィット失敗（5 項の形に合っていない。型を付けない）
  bouquet (1,0),(0,1),(1,2),(2,1)        ell=2 mu=0 k=4 z_H=1 (1:1)                 
      a=1/24 b=1 c=26 d=-46 e=64/3 | 係数が整数=False | oos(n>=1, n=[1])=False | oos に n=0 も含めると=False
      -> フィット失敗（5 項の形に合っていない。型を付けない）
  2 頂点 平行 4 重辺 (0,0),(1,0),(0,1),(1,1)   ell=2 mu=0 k=4 z_H=2 (0:1),(1:0)           
      a=0 b=4 c=8 d=-6 e=-6 | 係数が整数=True | oos(n>=1, n=[1])=True | oos に n=0 も含めると=True
      -> III
  2 頂点 平行 5 重辺 (0,0)x2,(1,0),(0,1),(1,1) ell=2 mu=0 k=3 z_H=3 (0:1),(1:0),(1:1)     
      a=0 b=3 c=7 d=-4 e=-7 | 係数が整数=True | oos(n>=1, n=[1])=False | oos に n=0 も含めると=False
      -> フィット失敗（5 項の形に合っていない。型を付けない）
  [  338.4s] 分類 14 件中、フィットが健全だったもの 8 件（型 II 0 件、型 III 8 件）
  注: フィットは 5 点から 5 係数を解いたものであり、それ自体は証明ではない。
      out-of-sample=True は「フィットに使っていない n でも合った」ことだけを意味する。
      係数が非整数、または oos(n>=1) が False のものは 5 項の形自体が当てはまっていない。
      そのようなものに型を付けると、失敗したフィットを『型 II の実例』と誤読することになる。

### Step 7  ell = 1 mod 4 のトーラス（H = -(T^2+S^2) が有理零点 c^2 = -1 をもつ）
    ell = 5, 13。退化なので命題 W の射程外。段数が足りず 5 係数は決まらないので、
    ここでは (i) 退化帯の割合、(ii) 実測値と『非退化なら成り立ったはずの閉形式』との差
    を出すにとどめる（フィットはしない）。

    さらに、report 仮説 6.1（帯の上で v = 4/phi(ell^M)）から導いた閉形式
      (6.3)  ord_ell(kappa_n) = (2 ell + 6)/(ell - 1) * (ell^n - 1) - 2n
    を照合する。(6.3) は帯の付値の観察（小さい M）だけから導いたもので、
    塔の値 kappa_n を一切使っていない。したがってこの照合は out-of-sample である。
    ただし一致しても仮説 6.1 は証明されない（全ての M についての主張だから）。

  ell= 5: k=2 mu=0 z_H=2 ['(1:2)', '(1:3)'], 退化帯の割合 = 2/6, 計算できた段 n=0..3
     n=0: 実測 0 / 非退化型の予言 0 / 差 0 || 仮説6.1 の (6.3) = 0 -> True
     n=1: 実測 14 / 非退化型の予言 10 / 差 4 || 仮説6.1 の (6.3) = 14 -> True
     n=2: 実測 92 / 非退化型の予言 68 / 差 24 || 仮説6.1 の (6.3) = 92 -> True
     n=3: 実測 490 / 非退化型の予言 366 / 差 124 || 仮説6.1 の (6.3) = 490 -> True
  ell=13: k=2 mu=0 z_H=2 ['(1:5)', '(1:8)'], 退化帯の割合 = 2/14, 計算できた段 n=0..1
     n=0: 実測 0 / 非退化型の予言 0 / 差 0 || 仮説6.1 の (6.3) = 0 -> True
     n=1: 実測 30 / 非退化型の予言 26 / 差 4 || 仮説6.1 の (6.3) = 30 -> True
  ell=17: k=2 mu=0 z_H=2 ['(1:4)', '(1:13)'], 退化帯の割合 = 2/18, 計算できた段 n=0..1
     n=0: 実測 0 / 非退化型の予言 0 / 差 0 || 仮説6.1 の (6.3) = 0 -> True
     n=1: 実測 38 / 非退化型の予言 34 / 差 4 || 仮説6.1 の (6.3) = 38 -> True
  [  351.8s] (6.3) の照合: n>=1 の 5 件中 破れ 0 件
  注: これは有限段の out-of-sample 照合であって、仮説 6.1 の証明ではない。

### 時間上限（420 秒/段）で打ち切った計算の一覧
  なし（全ての段が上限内で完了した）

==============================================================================
[  351.8s] 終了
==============================================================================
EXIT=0
