=== check_05: c(M) の挟み撃ちと Onsager の自由エネルギーへの収束 ===
  --- 有限 M での c(M) の分解 ---
  (1) c(M) = max(c_+(M), c_−(M)): max residual = 1.932e-15  ->  PASS
  (2) 対照: c_−(M) と Λ^{(0)}_M の比較（本文はこの関係に依存しない）
      M=2 K1=0.4, K2=0.48385917 (s1*s2=1): c_−(M)=5.011881404, Λ^{(0)}_M=5.011881404, c_−/Λ^{(0)}=1
      M=2 K1=0.44068679, K2=0.44068679 (s1*s2=1): c_−(M)=4.828427125, Λ^{(0)}_M=4.828427125, c_−/Λ^{(0)}=1
      M=2 K1=0.44, K2=0.4413747 (s1*s2=1.0000012): c_−(M)=4.831185669, Λ^{(0)}_M=4.831185669, c_−/Λ^{(0)}=1
      M=2 K1=0.4, K2=0.8 (s1*s2=2.1097561): c_−(M)=10.57384742, Λ^{(0)}_M=10.57384742, c_−/Λ^{(0)}=1
      M=2 K1=1.2, K2=0.3 (s1*s2=3.4800944): c_−(M)=14.03588946, Λ^{(0)}_M=14.03588946, c_−/Λ^{(0)}=1
      M=2 K1=0.05, K2=0.1 (s1*s2=0.020167173): c_−(M)=0.4450213895, Λ^{(0)}_M=4.040133511, c_−/Λ^{(0)}=0.1101501691
      M=3 K1=0.4, K2=0.48385917 (s1*s2=1): c_−(M)=13.9358807, Λ^{(0)}_M=13.9358807, c_−/Λ^{(0)}=1
      M=3 K1=0.44068679, K2=0.44068679 (s1*s2=1): c_−(M)=13.55180851, Λ^{(0)}_M=13.55180851, c_−/Λ^{(0)}=1
      M=3 K1=0.44, K2=0.4413747 (s1*s2=1.0000012): c_−(M)=13.5568713, Λ^{(0)}_M=13.5568713, c_−/Λ^{(0)}=1
      M=3 K1=0.4, K2=0.8 (s1*s2=2.1097561): c_−(M)=36.95513116, Λ^{(0)}_M=36.95513116, c_−/Λ^{(0)}=1
      M=3 K1=1.2, K2=0.3 (s1*s2=3.4800944): c_−(M)=75.30084527, Λ^{(0)}_M=75.30084527, c_−/Λ^{(0)}=1
      M=3 K1=0.05, K2=0.1 (s1*s2=0.020167173): c_−(M)=0.8978048346, Λ^{(0)}_M=8.150734962, c_−/Λ^{(0)}=0.1101501691
      M=4 K1=0.4, K2=0.48385917 (s1*s2=1): c_−(M)=36.92801824, Λ^{(0)}_M=36.92801824, c_−/Λ^{(0)}=1
      M=4 K1=0.44068679, K2=0.44068679 (s1*s2=1): c_−(M)=36.0398707, Λ^{(0)}_M=36.0398707, c_−/Λ^{(0)}=1
      M=4 K1=0.44, K2=0.4413747 (s1*s2=1.0000012): c_−(M)=36.04969193, Λ^{(0)}_M=36.04969193, c_−/Λ^{(0)}=1
      M=4 K1=0.4, K2=0.8 (s1*s2=2.1097561): c_−(M)=125.7262357, Λ^{(0)}_M=125.7262357, c_−/Λ^{(0)}=1
      M=4 K1=1.2, K2=0.3 (s1*s2=3.4800944): c_−(M)=368.9838386, Λ^{(0)}_M=368.9838386, c_−/Λ^{(0)}=1
      M=4 K1=0.05, K2=0.1 (s1*s2=0.020167173): c_−(M)=1.80712313, Λ^{(0)}_M=16.40599505, c_−/Λ^{(0)}=0.1101501691
      M=5 K1=0.4, K2=0.48385917 (s1*s2=1): c_−(M)=96.10630361, Λ^{(0)}_M=96.10630361, c_−/Λ^{(0)}=1
      M=5 K1=0.44068679, K2=0.44068679 (s1*s2=1): c_−(M)=93.89622707, Λ^{(0)}_M=93.89622707, c_−/Λ^{(0)}=1
      M=5 K1=0.44, K2=0.4413747 (s1*s2=1.0000012): c_−(M)=93.91643642, Λ^{(0)}_M=93.91643642, c_−/Λ^{(0)}=1
      M=5 K1=0.4, K2=0.8 (s1*s2=2.1097561): c_−(M)=424.2972741, Λ^{(0)}_M=424.2972741, c_−/Λ^{(0)}=1
      M=5 K1=1.2, K2=0.3 (s1*s2=3.4800944): c_−(M)=1735.986708, Λ^{(0)}_M=1735.986708, c_−/Λ^{(0)}=1
      M=5 K1=0.05, K2=0.1 (s1*s2=0.020167173): c_−(M)=3.636989301, Λ^{(0)}_M=33.01846316, c_−/Λ^{(0)}=0.1101501691
  (3) Λ^{(1/2)}_M ≤ c(M) ≤ 2Λ^{(1/2)}_M の違反件数: 0  ->  PASS
  (3') 実際には c(M) = c_+(M)（本文の評価より強い）: max residual = 1.932e-15  ->  PASS
  --- (1/(M N_row)) log tr(W^{N_row}) の N_row 依存 ---
    M=3: N=32 で |(1/(MN))log tr(W^N) − (1/M)log c(M)| = 2.257e-03 (評価 log2/32 = 2.166e-02)
    M=4: N=32 で |(1/(MN))log tr(W^N) − (1/M)log c(M)| = 3.390e-03 (評価 log2/32 = 2.166e-02)
  (5) |(1/(MN))log Z − (1/M)log c(M)| ≤ log2/N の違反件数: 0  ->  PASS
  --- (1/M) log Λ^{(δ)}_M の M → ∞ 収束（Onsager 積分と比較） ---
    K1=0.44068679, K2=0.44068679 (s1*s2=1)  極限値 = 0.9296953983
      M=    4: δ=1/2 との差 +1.709e-02   δ=0 との差 -3.354e-02
      M=   16: δ=1/2 との差 +1.025e-03   δ=0 との差 -2.048e-03
      M=   64: δ=1/2 との差 +6.392e-05   δ=0 との差 -1.278e-04
      M=  256: δ=1/2 との差 +3.995e-06   δ=0 との差 -7.990e-06
      M= 1024: δ=1/2 との差 +2.497e-07   δ=0 との差 -4.993e-07
      M= 4096: δ=1/2 との差 +1.560e-08   δ=0 との差 -3.121e-08
    K1=0.4, K2=0.8 (s1*s2=2.1097561)  極限値 = 1.2109718990
      M=    4: δ=1/2 との差 +2.322e-03   δ=0 との差 -2.445e-03
      M=   16: δ=1/2 との差 +1.321e-07   δ=0 との差 -1.322e-07
      M=   64: δ=1/2 との差 +0.000e+00   δ=0 との差 +0.000e+00
      M=  256: δ=1/2 との差 -2.220e-16   δ=0 との差 -2.220e-16
      M= 1024: δ=1/2 との差 -2.220e-16   δ=0 との差 +6.661e-16
      M= 4096: δ=1/2 との差 -2.220e-16   δ=0 との差 -2.220e-16
    K1=1.2, K2=0.3 (s1*s2=3.4800944)  極限値 = 1.5036019595
      M=    4: δ=1/2 との差 +2.291e-02   δ=0 との差 -2.591e-02
      M=   16: δ=1/2 との差 +1.651e-05   δ=0 との差 -1.653e-05
      M=   64: δ=1/2 との差 +3.331e-15   δ=0 との差 -3.997e-15
      M=  256: δ=1/2 との差 -8.882e-16   δ=0 との差 +4.441e-16
      M= 1024: δ=1/2 との差 +1.776e-15   δ=0 との差 -3.775e-15
      M= 4096: δ=1/2 との差 -2.442e-15   δ=0 との差 -4.441e-16
  (4) M=4096 で |(1/M)log Λ^{(δ)}_M − Onsager| ≤ 1e-3 の違反件数: 0  ->  PASS
=== check_05: ALL PASS ===
