=== check_01: 013 章の各段の等式 ===
  commutator Step1 準備 delta^M_{(j,k)} = [j = k]  (1<=j,k<=M) [finite ZZ example]: max residual = 0.000e+00  ->  PASS
  commutator Step1 準備 [Z_j,Z_k]_+ = 2I delta^M  [anticommutator_of_Z_and_Y]: max residual = 0.000e+00  ->  PASS
  commutator Step1 準備 [Z_j,Y_k]_+ = 0  [anticommutator_of_Z_and_Y]: max residual = 0.000e+00  ->  PASS
  commutator Step1 準備 [Y_j,Y_k]_+ = 2I delta^M  [anticommutator_of_Z_and_Y]: max residual = 0.000e+00  ->  PASS
  commutator Step1 準備 (2) Z_jY_k = -Y_kZ_j (j,k 任意): max residual = 0.000e+00  ->  PASS
  commutator Step1 準備 (1) Z_jZ_k = -Z_kZ_j (j!=k): max residual = 0.000e+00  ->  PASS
  commutator Step1 準備 (1) Y_jY_k = -Y_kY_j (j!=k): max residual = 0.000e+00  ->  PASS
  commutator Step1 準備 (3) Z_jZ_j = I: max residual = 0.000e+00  ->  PASS
  commutator Step1 準備 (3) Y_jY_j = I: max residual = 0.000e+00  ->  PASS
  commutator Step1 [Y_aZ_b,Z_j] (b!=j) (1) 交換子の定義: max residual = 0.000e+00  ->  PASS
  commutator Step1 [Y_aZ_b,Z_j] (b!=j) (2) 結合法則: max residual = 0.000e+00  ->  PASS
  commutator Step1 [Y_aZ_b,Z_j] (b!=j) (3) Z_bZ_j = -Z_jZ_b (b!=j): max residual = 0.000e+00  ->  PASS
  commutator Step1 [Y_aZ_b,Z_j] (b!=j) (4) 結合法則とスカラー倍: max residual = 0.000e+00  ->  PASS
  commutator Step1 [Y_aZ_b,Z_j] (b!=j) (5) Y_aZ_j = -Z_jY_a: max residual = 0.000e+00  ->  PASS
  commutator Step1 [Y_aZ_b,Z_j] (b!=j) (6) -(-1)=1: max residual = 0.000e+00  ->  PASS
  commutator Step1 [Y_aZ_b,Z_j] (b!=j) (7) 結合法則: max residual = 0.000e+00  ->  PASS
  commutator Step1 [Y_aZ_b,Z_j] (b!=j) (8) 同じ行列の差は零: max residual = 0.000e+00  ->  PASS
  commutator Step1 [Z_aY_a,Z_j] (a!=j) (1) 交換子の定義: max residual = 0.000e+00  ->  PASS
  commutator Step1 [Z_aY_a,Z_j] (a!=j) (2) 結合法則: max residual = 0.000e+00  ->  PASS
  commutator Step1 [Z_aY_a,Z_j] (a!=j) (3) Y_aZ_j = -Z_jY_a: max residual = 0.000e+00  ->  PASS
  commutator Step1 [Z_aY_a,Z_j] (a!=j) (4) 結合法則とスカラー倍: max residual = 0.000e+00  ->  PASS
  commutator Step1 [Z_aY_a,Z_j] (a!=j) (5) Z_aZ_j = -Z_jZ_a (a!=j): max residual = 0.000e+00  ->  PASS
  commutator Step1 [Z_aY_a,Z_j] (a!=j) (6) -(-1)=1: max residual = 0.000e+00  ->  PASS
  commutator Step1 [Z_aY_a,Z_j] (a!=j) (7) 結合法則: max residual = 0.000e+00  ->  PASS
  commutator Step1 [Z_aY_a,Z_j] (a!=j) (8) 同じ行列の差は零: max residual = 0.000e+00  ->  PASS
  commutator Step1 [Z_aY_a,Y_j] (a!=j) (1) 交換子の定義: max residual = 0.000e+00  ->  PASS
  commutator Step1 [Z_aY_a,Y_j] (a!=j) (2) 結合法則: max residual = 0.000e+00  ->  PASS
  commutator Step1 [Z_aY_a,Y_j] (a!=j) (3) Y_aY_j = -Y_jY_a (a!=j): max residual = 0.000e+00  ->  PASS
  commutator Step1 [Z_aY_a,Y_j] (a!=j) (4) 結合法則とスカラー倍: max residual = 0.000e+00  ->  PASS
  commutator Step1 [Z_aY_a,Y_j] (a!=j) (5) Z_aY_j = -Y_jZ_a: max residual = 0.000e+00  ->  PASS
  commutator Step1 [Z_aY_a,Y_j] (a!=j) (6) -(-1)=1: max residual = 0.000e+00  ->  PASS
  commutator Step1 [Z_aY_a,Y_j] (a!=j) (7) 結合法則: max residual = 0.000e+00  ->  PASS
  commutator Step1 [Z_aY_a,Y_j] (a!=j) (8) 同じ行列の差は零: max residual = 0.000e+00  ->  PASS
  commutator Step1 [Y_aZ_b,Y_j] (a!=j) (1) 交換子の定義: max residual = 0.000e+00  ->  PASS
  commutator Step1 [Y_aZ_b,Y_j] (a!=j) (2) 結合法則: max residual = 0.000e+00  ->  PASS
  commutator Step1 [Y_aZ_b,Y_j] (a!=j) (3) Z_bY_j = -Y_jZ_b: max residual = 0.000e+00  ->  PASS
  commutator Step1 [Y_aZ_b,Y_j] (a!=j) (4) 結合法則とスカラー倍: max residual = 0.000e+00  ->  PASS
  commutator Step1 [Y_aZ_b,Y_j] (a!=j) (5) Y_aY_j = -Y_jY_a (a!=j): max residual = 0.000e+00  ->  PASS
  commutator Step1 [Y_aZ_b,Y_j] (a!=j) (6) -(-1)=1: max residual = 0.000e+00  ->  PASS
  commutator Step1 [Y_aZ_b,Y_j] (a!=j) (7) 結合法則: max residual = 0.000e+00  ->  PASS
  commutator Step1 [Y_aZ_b,Y_j] (a!=j) (8) 同じ行列の差は零: max residual = 0.000e+00  ->  PASS
  commutator Step1 [Z_jY_j,Z_j] (1) 交換子の定義: max residual = 0.000e+00  ->  PASS
  commutator Step1 [Z_jY_j,Z_j] (2) 結合法則: max residual = 0.000e+00  ->  PASS
  commutator Step1 [Z_jY_j,Z_j] (3) Y_jZ_j = -Z_jY_j: max residual = 0.000e+00  ->  PASS
  commutator Step1 [Z_jY_j,Z_j] (4) 結合法則とスカラー倍: max residual = 0.000e+00  ->  PASS
  commutator Step1 [Z_jY_j,Z_j] (5) Z_jZ_j = I: max residual = 0.000e+00  ->  PASS
  commutator Step1 [Z_jY_j,Z_j] (6) I Y_j = Y_j: max residual = 0.000e+00  ->  PASS
  commutator Step1 [Z_jY_j,Z_j] (7) 同類項をまとめる: max residual = 0.000e+00  ->  PASS
  commutator Step1 [Z_jY_j,Y_j] (1) 交換子の定義: max residual = 0.000e+00  ->  PASS
  commutator Step1 [Z_jY_j,Y_j] (2) 結合法則: max residual = 0.000e+00  ->  PASS
  commutator Step1 [Z_jY_j,Y_j] (3) Y_jY_j = I: max residual = 0.000e+00  ->  PASS
  commutator Step1 [Z_jY_j,Y_j] (4) Z_j I = Z_j: max residual = 0.000e+00  ->  PASS
  commutator Step1 [Z_jY_j,Y_j] (5) Y_jZ_j = -Z_jY_j: max residual = 0.000e+00  ->  PASS
  commutator Step1 [Z_jY_j,Y_j] (6) 結合法則とスカラー倍: max residual = 0.000e+00  ->  PASS
  commutator Step1 [Z_jY_j,Y_j] (7) Y_jY_j = I: max residual = 0.000e+00  ->  PASS
  commutator Step1 [Z_jY_j,Y_j] (8) Z_j I = Z_j: max residual = 0.000e+00  ->  PASS
  commutator Step1 [Z_jY_j,Y_j] (9) 同類項をまとめる: max residual = 0.000e+00  ->  PASS
  commutator Step1 [Y_mZ_{m+1},Z_{m+1}] (1) 交換子の定義: max residual = 0.000e+00  ->  PASS
  commutator Step1 [Y_mZ_{m+1},Z_{m+1}] (2) 結合法則: max residual = 0.000e+00  ->  PASS
  commutator Step1 [Y_mZ_{m+1},Z_{m+1}] (3) Z_{m+1}Z_{m+1} = I: max residual = 0.000e+00  ->  PASS
  commutator Step1 [Y_mZ_{m+1},Z_{m+1}] (4) Y_m I = Y_m: max residual = 0.000e+00  ->  PASS
  commutator Step1 [Y_mZ_{m+1},Z_{m+1}] (5) Z_{m+1}Y_m = -Y_mZ_{m+1}: max residual = 0.000e+00  ->  PASS
  commutator Step1 [Y_mZ_{m+1},Z_{m+1}] (6) 結合法則とスカラー倍: max residual = 0.000e+00  ->  PASS
  commutator Step1 [Y_mZ_{m+1},Z_{m+1}] (7) Z_{m+1}Z_{m+1} = I: max residual = 0.000e+00  ->  PASS
  commutator Step1 [Y_mZ_{m+1},Z_{m+1}] (8) Y_m I = Y_m: max residual = 0.000e+00  ->  PASS
  commutator Step1 [Y_mZ_{m+1},Z_{m+1}] (9) 同類項をまとめる: max residual = 0.000e+00  ->  PASS
  commutator Step1 [Y_mZ_{m+1},Y_m] (1) 交換子の定義: max residual = 0.000e+00  ->  PASS
  commutator Step1 [Y_mZ_{m+1},Y_m] (2) 結合法則: max residual = 0.000e+00  ->  PASS
  commutator Step1 [Y_mZ_{m+1},Y_m] (3) Z_{m+1}Y_m = -Y_mZ_{m+1}: max residual = 0.000e+00  ->  PASS
  commutator Step1 [Y_mZ_{m+1},Y_m] (4) 結合法則とスカラー倍: max residual = 0.000e+00  ->  PASS
  commutator Step1 [Y_mZ_{m+1},Y_m] (5) Y_mY_m = I: max residual = 0.000e+00  ->  PASS
  commutator Step1 [Y_mZ_{m+1},Y_m] (6) I Z_{m+1} = Z_{m+1}: max residual = 0.000e+00  ->  PASS
  commutator Step1 [Y_mZ_{m+1},Y_m] (7) 同類項をまとめる: max residual = 0.000e+00  ->  PASS
  commutator Step1 境界 [-Y_MZ_1,Z_1] (1) 第 1 引数の C 線型性: max residual = 0.000e+00  ->  PASS
  commutator Step1 境界 [-Y_MZ_1,Z_1] (2) 交換子の定義: max residual = 0.000e+00  ->  PASS
  commutator Step1 境界 [-Y_MZ_1,Z_1] (3) 結合法則: max residual = 0.000e+00  ->  PASS
  commutator Step1 境界 [-Y_MZ_1,Z_1] (4) Z_1Z_1 = I: max residual = 0.000e+00  ->  PASS
  commutator Step1 境界 [-Y_MZ_1,Z_1] (5) Y_M I = Y_M: max residual = 0.000e+00  ->  PASS
  commutator Step1 境界 [-Y_MZ_1,Z_1] (6) Z_1Y_M = -Y_MZ_1: max residual = 0.000e+00  ->  PASS
  commutator Step1 境界 [-Y_MZ_1,Z_1] (7) 結合法則とスカラー倍: max residual = 0.000e+00  ->  PASS
  commutator Step1 境界 [-Y_MZ_1,Z_1] (8) Z_1Z_1 = I: max residual = 0.000e+00  ->  PASS
  commutator Step1 境界 [-Y_MZ_1,Z_1] (9) Y_M I = Y_M: max residual = 0.000e+00  ->  PASS
  commutator Step1 境界 [-Y_MZ_1,Z_1] (10) 同類項をまとめる: max residual = 0.000e+00  ->  PASS
  commutator Step1 境界 [-Y_MZ_1,Z_1] (11) -2Y_M = 2(-Y_M): max residual = 0.000e+00  ->  PASS
  commutator Step1 境界 [-Y_MZ_1,Z_1] (12) Y^flat_0 := -Y_M: max residual = 0.000e+00  ->  PASS
  commutator Step1 境界 [-Y_MZ_1,Y_M] (1) 第 1 引数の C 線型性: max residual = 0.000e+00  ->  PASS
  commutator Step1 境界 [-Y_MZ_1,Y_M] (2) 交換子の定義: max residual = 0.000e+00  ->  PASS
  commutator Step1 境界 [-Y_MZ_1,Y_M] (3) 結合法則: max residual = 0.000e+00  ->  PASS
  commutator Step1 境界 [-Y_MZ_1,Y_M] (4) Z_1Y_M = -Y_MZ_1: max residual = 0.000e+00  ->  PASS
  commutator Step1 境界 [-Y_MZ_1,Y_M] (5) 結合法則とスカラー倍: max residual = 0.000e+00  ->  PASS
  commutator Step1 境界 [-Y_MZ_1,Y_M] (6) Y_MY_M = I: max residual = 0.000e+00  ->  PASS
  commutator Step1 境界 [-Y_MZ_1,Y_M] (7) I Z_1 = Z_1: max residual = 0.000e+00  ->  PASS
  commutator Step1 境界 [-Y_MZ_1,Y_M] (8) 同類項をまとめる: max residual = 0.000e+00  ->  PASS
  commutator Step1 境界 [-Y_MZ_1,Y_M] (9) -(-2Z_1) = 2Z_1: max residual = 0.000e+00  ->  PASS
  commutator Step1 境界 [-Y_MZ_1,Y_M] (10) 2Z_1 = -2(-Z_1): max residual = 0.000e+00  ->  PASS
  commutator Step1 境界 [-Y_MZ_1,Y_M] (11) Z^flat_{M+1} := -Z_1: max residual = 0.000e+00  ->  PASS
  commutator Step1 def_H2: H_2 = sum_a Z_aY_a: max residual = 0.000e+00  ->  PASS
  commutator Step1 [H_2,Z_j] (1) def_H2: max residual = 0.000e+00  ->  PASS
  commutator Step1 [H_2,Z_j] (2) 第 1 引数の C 線型性: max residual = 0.000e+00  ->  PASS
  commutator Step1 [H_2,Z_j] (3) a=j の項を分ける: max residual = 0.000e+00  ->  PASS
  commutator Step1 [H_2,Z_j] (4) [Z_aY_a,Z_j]=0 (a!=j) を各項へ: max residual = 0.000e+00  ->  PASS
  commutator Step1 [H_2,Z_j] (5) 零行列の和は零行列: max residual = 0.000e+00  ->  PASS
  commutator Step1 [H_2,Z_j] (6) [Z_jY_j,Z_j] = -2Y_j: max residual = 0.000e+00  ->  PASS
  commutator Step1 [H_2,Y_j] (1) def_H2: max residual = 0.000e+00  ->  PASS
  commutator Step1 [H_2,Y_j] (2) 第 1 引数の C 線型性: max residual = 0.000e+00  ->  PASS
  commutator Step1 [H_2,Y_j] (3) a=j の項を分ける: max residual = 0.000e+00  ->  PASS
  commutator Step1 [H_2,Y_j] (4) [Z_aY_a,Y_j]=0 (a!=j) を各項へ: max residual = 0.000e+00  ->  PASS
  commutator Step1 [H_2,Y_j] (5) 零行列の和は零行列: max residual = 0.000e+00  ->  PASS
  commutator Step1 [H_2,Y_j] (6) [Z_jY_j,Y_j] = 2Z_j: max residual = 0.000e+00  ->  PASS
  commutator Step1 def_H1_plus の境界符号: H_1^{(+)} = sum Y_mZ_{m+1} - Y_MZ_1: max residual = 0.000e+00  ->  PASS
  commutator Step1 [H_1^{(+)},Z_j] (2<=j<=M) (1) def_H1_plus の境界符号: max residual = 0.000e+00  ->  PASS
  commutator Step1 [H_1^{(+)},Z_j] (2<=j<=M) (2) 第 1 引数の C 線型性: max residual = 0.000e+00  ->  PASS
  commutator Step1 [H_1^{(+)},Z_j] (2<=j<=M) (3) [Y_aZ_b,Z_j]=0 (b!=j) を a=M,b=1 に: max residual = 0.000e+00  ->  PASS
  commutator Step1 [H_1^{(+)},Z_j] (2<=j<=M) (4) 零行列を引いても不変: max residual = 0.000e+00  ->  PASS
  commutator Step1 [H_1^{(+)},Z_j] (2<=j<=M) (5) m=j-1 の項を分ける: max residual = 0.000e+00  ->  PASS
  commutator Step1 [H_1^{(+)},Z_j] (2<=j<=M) (6) [Y_aZ_b,Z_j]=0 (b!=j) を各項へ: max residual = 0.000e+00  ->  PASS
  commutator Step1 [H_1^{(+)},Z_j] (2<=j<=M) (7) 零行列の和は零行列: max residual = 0.000e+00  ->  PASS
  commutator Step1 [H_1^{(+)},Z_j] (2<=j<=M) (8) [Y_mZ_{m+1},Z_{m+1}] = 2Y_m (m=j-1): max residual = 0.000e+00  ->  PASS
  commutator Step1 [H_1^{(+)},Z_j] (2<=j<=M) (9) Y^flat_{j-1} := Y_{j-1}: max residual = 0.000e+00  ->  PASS
  commutator Step1 [H_1^{(+)},Z_1] (1) def_H1_plus の境界符号: max residual = 0.000e+00  ->  PASS
  commutator Step1 [H_1^{(+)},Z_1] (2) 第 1 引数の加法性: max residual = 0.000e+00  ->  PASS
  commutator Step1 [H_1^{(+)},Z_1] (3) [Y_aZ_b,Z_j]=0 (b!=j) を b=m+1>=2, j=1 で各項へ: max residual = 0.000e+00  ->  PASS
  commutator Step1 [H_1^{(+)},Z_1] (4) 零行列の和は零行列: max residual = 0.000e+00  ->  PASS
  commutator Step1 [H_1^{(+)},Z_1] (5) 境界項の等式: max residual = 0.000e+00  ->  PASS
  commutator Step1 [H_1^{(+)},Y_j] (1<=j<=M-1) (1) def_H1_plus の境界符号: max residual = 0.000e+00  ->  PASS
  commutator Step1 [H_1^{(+)},Y_j] (1<=j<=M-1) (2) 第 1 引数の C 線型性: max residual = 0.000e+00  ->  PASS
  commutator Step1 [H_1^{(+)},Y_j] (1<=j<=M-1) (3) [Y_aZ_b,Y_j]=0 (a!=j) を a=M,b=1 に: max residual = 0.000e+00  ->  PASS
  commutator Step1 [H_1^{(+)},Y_j] (1<=j<=M-1) (4) 零行列を引いても不変: max residual = 0.000e+00  ->  PASS
  commutator Step1 [H_1^{(+)},Y_j] (1<=j<=M-1) (5) m=j の項を分ける: max residual = 0.000e+00  ->  PASS
  commutator Step1 [H_1^{(+)},Y_j] (1<=j<=M-1) (6) [Y_aZ_b,Y_j]=0 (a!=j) を各項へ: max residual = 0.000e+00  ->  PASS
  commutator Step1 [H_1^{(+)},Y_j] (1<=j<=M-1) (7) 零行列の和は零行列: max residual = 0.000e+00  ->  PASS
  commutator Step1 [H_1^{(+)},Y_j] (1<=j<=M-1) (8) [Y_mZ_{m+1},Y_m] = -2Z_{m+1} (m=j): max residual = 0.000e+00  ->  PASS
  commutator Step1 [H_1^{(+)},Y_j] (1<=j<=M-1) (9) Z^flat_{j+1} := Z_{j+1}: max residual = 0.000e+00  ->  PASS
  commutator Step1 [H_1^{(+)},Y_M] (1) def_H1_plus の境界符号: max residual = 0.000e+00  ->  PASS
  commutator Step1 [H_1^{(+)},Y_M] (2) 第 1 引数の加法性: max residual = 0.000e+00  ->  PASS
  commutator Step1 [H_1^{(+)},Y_M] (3) [Y_aZ_b,Y_j]=0 (a!=j) を a=m<=M-1, j=M で各項へ: max residual = 0.000e+00  ->  PASS
  commutator Step1 [H_1^{(+)},Y_M] (4) 零行列の和は零行列: max residual = 0.000e+00  ->  PASS
  commutator Step1 [H_1^{(+)},Y_M] (5) 境界項の等式: max residual = 0.000e+00  ->  PASS
  commutator Step1 主張 [H_2, Z_j] = -2Y_j: max residual = 0.000e+00  ->  PASS
  commutator Step1 主張 [H_2, Y_j] = 2Z_j: max residual = 0.000e+00  ->  PASS
  commutator Step1 主張 [H_1^{(+)}, Z_j] = 2 Y^flat_{j-1}: max residual = 0.000e+00  ->  PASS
  commutator Step1 主張 [H_1^{(+)}, Y_j] = -2 Z^flat_{j+1}: max residual = 0.000e+00  ->  PASS
  antiperiodic_exp_sum (0a) (M_N)_R=M_R: max residual = 0.000e+00  ->  PASS
  antiperiodic_exp_sum (0b) (2M_N)_R=2M_R: max residual = 0.000e+00  ->  PASS
  antiperiodic_exp_sum (0c) (M_N)_C=M_C: max residual = 0.000e+00  ->  PASS
  antiperiodic_exp_sum (0d) (2M_N)_C=(2M)_C: max residual = 0.000e+00  ->  PASS
  antiperiodic_exp_sum (0e) M_R は 0 でない [finite ZZ example]: max residual = 0.000e+00  ->  PASS
  antiperiodic_exp_sum (0f) 2M_R は 0 でない [finite ZZ example]: max residual = 0.000e+00  ->  PASS
  antiperiodic_exp_sum (1a) theta~ の定義を代入: max residual = 7.113e-15  ->  PASS
  antiperiodic_exp_sum (1b) 分母を 2M に通分: max residual = 1.015e-14  ->  PASS
  antiperiodic_exp_sum (2a) T_{2M_N,k} の定義を展開: max residual = 0.000e+00  ->  PASS
  antiperiodic_exp_sum (2b) (2M_N)_R=2M_R を分母へ適用: max residual = 0.000e+00  ->  PASS
  antiperiodic_exp_sum (2c) 2M 項を奇数番目と偶数番目へ分割: max residual = 4.441e-16  ->  PASS
  antiperiodic_exp_sum (2d) 奇数番目の和を S_{M,k} と置く: max residual = 0.000e+00  ->  PASS
  antiperiodic_exp_sum (2e) 偶数番目の指数を約分: max residual = 0.000e+00  ->  PASS
  antiperiodic_exp_sum (2f) (M_N)_R=M_R を分母へ適用: max residual = 0.000e+00  ->  PASS
  antiperiodic_exp_sum (2g) 偶数番目の和は T_{M_N,k}: max residual = 0.000e+00  ->  PASS
  antiperiodic_exp_sum (3a) exp_sum を 2M_N に適用: max residual = 1.347e-14  ->  PASS
  antiperiodic_exp_sum (3b) (2M_N)_C=(2M)_C を係数へ適用: max residual = 0.000e+00  ->  PASS
  antiperiodic_exp_sum (3c) exp_sum を M_N に適用: max residual = 7.625e-15  ->  PASS
  antiperiodic_exp_sum (3d) (M_N)_C=M_C を係数へ適用: max residual = 0.000e+00  ->  PASS
  antiperiodic_exp_sum (4a) 奇数番目 = 全体 - 偶数番目: max residual = 4.441e-16  ->  PASS
  antiperiodic_exp_sum (4b) 二つの exp_sum を代入: max residual = 6.141e-15  ->  PASS
  antiperiodic_exp_sum (5e-1) M が k を割らなければ 2M も k を割らない [finite ZZ example]: max residual = 0.000e+00  ->  PASS
  antiperiodic_exp_sum (5e-2) 2M の周期デルタは 0: max residual = 0.000e+00  ->  PASS
  antiperiodic_exp_sum (5e-3) M の周期デルタは 0: max residual = 0.000e+00  ->  PASS
  antiperiodic_exp_sum (5e-4) 二つのデルタ値を代入: max residual = 0.000e+00  ->  PASS
  antiperiodic_exp_sum (5e-5) 零倍と零の差を簡約: max residual = 0.000e+00  ->  PASS
  antiperiodic_exp_sum (5a) k=lM を 2M|k へ代入 [finite ZZ example]: max residual = 0.000e+00  ->  PASS
  antiperiodic_exp_sum (5b) 2M|lM と 2|l は同値 [finite ZZ example]: max residual = 0.000e+00  ->  PASS
  antiperiodic_exp_sum (5c-even-1) 偶数時のデルタ値を代入: max residual = 0.000e+00  ->  PASS
  antiperiodic_exp_sum (5c-even-2) 左の単位元を簡約: max residual = 0.000e+00  ->  PASS
  antiperiodic_exp_sum (5c-even-3) 右の単位元を簡約: max residual = 0.000e+00  ->  PASS
  antiperiodic_exp_sum (5c-even-4) 係数を計算: max residual = 0.000e+00  ->  PASS
  antiperiodic_exp_sum (5c-even-5) 積の単位元を挿入: max residual = 0.000e+00  ->  PASS
  antiperiodic_exp_sum (5c-even-6) 偶数の整数冪を評価: max residual = 0.000e+00  ->  PASS
  antiperiodic_exp_sum (5d-odd-1) 奇数時のデルタ値を代入: max residual = 0.000e+00  ->  PASS
  antiperiodic_exp_sum (5d-odd-2) 零倍を簡約: max residual = 0.000e+00  ->  PASS
  antiperiodic_exp_sum (5d-odd-3) 積の単位元を簡約: max residual = 0.000e+00  ->  PASS
  antiperiodic_exp_sum (5d-odd-4) 零からの差を加法逆元へ: max residual = 0.000e+00  ->  PASS
  antiperiodic_exp_sum (5d-odd-5) 加法逆元を -1 倍へ: max residual = 0.000e+00  ->  PASS
  antiperiodic_exp_sum (5d-odd-6) 奇数の整数冪を評価: max residual = 0.000e+00  ->  PASS
  antiperiodic_exp_sum (6a) |k|<M, k!=0 なら M は k を割らない [finite ZZ example]: max residual = 0.000e+00  ->  PASS
  antiperiodic_exp_sum (6b) |lM|=|l||M| [finite ZZ example]: max residual = 0.000e+00  ->  PASS
  antiperiodic_exp_sum (6c) M>0 なら |M|=M [finite ZZ example]: max residual = 0.000e+00  ->  PASS
  antiperiodic_exp_sum (6d) k=lM なら |l|M=|k| [finite ZZ example]: max residual = 0.000e+00  ->  PASS
  antiperiodic_exp_sum (6e) |k|<M を鎖の狭義不等号へ代入 [finite ZZ example]: max residual = 0.000e+00  ->  PASS
  antiperiodic_exp_sum (6f) |l|M<M なら |l|<1 [finite ZZ example]: max residual = 0.000e+00  ->  PASS
  antiperiodic_exp_sum (6g) 整数 |l|<1 なら |l|=0 [finite ZZ example]: max residual = 0.000e+00  ->  PASS
  antiperiodic_exp_sum (6h) |l|=0 なら l=0 [finite ZZ example]: max residual = 0.000e+00  ->  PASS
  antiperiodic_exp_sum (6i) l=0 なら lM=0 [finite ZZ example]: max residual = 0.000e+00  ->  PASS
  antiperiodic_exp_sum (7a) k=0 は l=0 の整除の場合: max residual = 0.000e+00  ->  PASS
  antiperiodic_exp_sum (7b) M(-1)^0=M*1: max residual = 0.000e+00  ->  PASS
  antiperiodic_exp_sum (7c) M*1=M: max residual = 0.000e+00  ->  PASS
  half_integer_phase_antiperiodicity (a) theta~ の定義を代入: max residual = 7.105e-15  ->  PASS
  half_integer_phase_antiperiodicity (b) M を約分: max residual = 0.000e+00  ->  PASS
  half_integer_phase_antiperiodicity (c) 実数の分配則: max residual = 0.000e+00  ->  PASS
  half_integer_phase_antiperiodicity (d) Euler formula: max residual = 1.972e-30  ->  PASS
  half_integer_phase_antiperiodicity (e) substitute M theta~: max residual = 7.105e-15  ->  PASS
  half_integer_phase_antiperiodicity (f) cos integer half-turn = -1: max residual = 0.000e+00  ->  PASS
  half_integer_phase_antiperiodicity (g) sin integer half-turn = 0: max residual = 4.900e-15  ->  PASS
  half_integer_phase_antiperiodicity (h) i*0 = 0: max residual = 0.000e+00  ->  PASS
  half_integer_phase_antiperiodicity (i) additive identity: max residual = 0.000e+00  ->  PASS
  half_integer_checkZ_periodicity (a1) theta~ の定義に mu+M を代入: max residual = 1.776e-15  ->  PASS
  half_integer_checkZ_periodicity (a2) 実数の分配則: max residual = 0.000e+00  ->  PASS
  half_integer_checkZ_periodicity (a3) 分数の加法: max residual = 1.776e-15  ->  PASS
  half_integer_checkZ_periodicity (a4) M!=0 により M を約分: max residual = 0.000e+00  ->  PASS
  half_integer_checkZ_periodicity (a5) theta~ の定義を再適用: max residual = 1.776e-15  ->  PASS
  half_integer_checkZ_periodicity (b) negative-angle Euler representation: max residual = 1.241e-16  ->  PASS
  half_integer_checkZ_periodicity (c) substitute theta~_{mu+M}: max residual = 7.105e-15  ->  PASS
  half_integer_checkZ_periodicity (d) distribute j: max residual = 7.074e-15  ->  PASS
  half_integer_checkZ_periodicity (e) trigonometric periodicity: max residual = 4.777e-15  ->  PASS
  half_integer_checkZ_periodicity (f) reverse negative-angle Euler representation: max residual = 1.241e-16  ->  PASS
  half_integer_checkZ_periodicity (g) checkZ_{mu+M} の定義: max residual = 0.000e+00  ->  PASS
  half_integer_checkZ_periodicity (h) 位相の一致を全項へ適用: max residual = 2.289e-14  ->  PASS
  half_integer_checkZ_periodicity (i) checkZ_mu の定義を再適用: max residual = 0.000e+00  ->  PASS
  half_integer_checkY_periodicity (a1) theta~ の定義に mu+M を代入: max residual = 1.776e-15  ->  PASS
  half_integer_checkY_periodicity (a2) 実数の分配則: max residual = 0.000e+00  ->  PASS
  half_integer_checkY_periodicity (a3) 分数の加法: max residual = 1.776e-15  ->  PASS
  half_integer_checkY_periodicity (a4) M!=0 により M を約分: max residual = 0.000e+00  ->  PASS
  half_integer_checkY_periodicity (a5) theta~ の定義を再適用: max residual = 1.776e-15  ->  PASS
  half_integer_checkY_periodicity (b) negative-angle Euler representation: max residual = 1.241e-16  ->  PASS
  half_integer_checkY_periodicity (c) substitute theta~_{mu+M}: max residual = 7.105e-15  ->  PASS
  half_integer_checkY_periodicity (d) distribute j: max residual = 7.074e-15  ->  PASS
  half_integer_checkY_periodicity (e) trigonometric periodicity: max residual = 4.777e-15  ->  PASS
  half_integer_checkY_periodicity (f) reverse negative-angle Euler representation: max residual = 1.241e-16  ->  PASS
  half_integer_checkY_periodicity (g) checkY_{mu+M} の定義: max residual = 0.000e+00  ->  PASS
  half_integer_checkY_periodicity (h) 位相の一致を全項へ適用: max residual = 2.289e-14  ->  PASS
  half_integer_checkY_periodicity (i) checkY_mu の定義を再適用: max residual = 0.000e+00  ->  PASS
  def_half_integer_modes (3) theta~_{1-mu} = -theta~_mu: max residual = 0.000e+00  ->  PASS
  def_check_index_set (1) theta~_nu - theta~_mu = 2pi(nu-mu)/M: max residual = 4.441e-16  ->  PASS
  def_check_index_set (1) theta~_1 = pi/M: max residual = 0.000e+00  ->  PASS
  def_check_index_set (1) theta~_M = 2pi - pi/M: max residual = 8.882e-16  ->  PASS
  def_check_index_set (1) 0 < theta~_mu < 2pi: max residual = 0.000e+00  ->  PASS
  def_check_index_set (2) 1 <= M+1-mu <= M: max residual = 0.000e+00  ->  PASS
  def_check_index_set (3) (M+1-mu) - (1-mu) = M: max residual = 0.000e+00  ->  PASS
  def_check_index_set (4) 自己共役点は M 奇数の mu=(M+1)/2 のみ: max residual = 0.000e+00  ->  PASS
  def_check_index_set (5) (mu+nu = 1 mod M) <=> (nu = M+1-mu): max residual = 0.000e+00  ->  PASS
  conjugate_index (1) theta~_{M+1-mu} = 2pi - theta~_mu: max residual = 8.882e-16  ->  PASS
  conjugate_index (2) e^{-ij theta~_{M+1-mu}} = e^{ij theta~_mu}: max residual = 2.511e-15  ->  PASS
  conjugate_index (3) checkZ_{M+1-mu} = checkZ_{1-mu}: max residual = 5.196e-15  ->  PASS
  conjugate_index (3) checkY_{M+1-mu} = checkY_{1-mu}: max residual = 5.196e-15  ->  PASS
  commutator (C) (1) 第 2 引数の線型性: max residual = 3.331e-16  ->  PASS
  commutator (C) (2) Step 1 の第 1 式: max residual = 0.000e+00  ->  PASS
  commutator (C) (3) = -2 checkY_mu: max residual = 0.000e+00  ->  PASS
  commutator (D) [H_2, checkY] = 2 checkZ: max residual = 3.560e-16  ->  PASS
  commutator (A) (1) 第 2 引数の線型性: max residual = 3.140e-16  ->  PASS
  commutator (A) (2) Step 1 の第 3 式: max residual = 0.000e+00  ->  PASS
  commutator (A) (3) 添字の付け替え l = j-1: max residual = 0.000e+00  ->  PASS
  commutator (A) (4) 指数法則 [theorem_exp_product n=1]: max residual = 3.955e-15  ->  PASS
  commutator (A) (5) l=0 の項と l=M の項の入れ替え: max residual = 4.779e-15  ->  PASS
  commutator (A) (5') 入れ替えの根拠: e^{0} Y^flat_0 = e^{-iM theta~} Y^flat_M: max residual = 2.389e-15  ->  PASS
  commutator (A) (6) = 2 e^{-i theta~} checkY_mu: max residual = 0.000e+00  ->  PASS
  commutator (B) (1) 第 2 引数の線型性: max residual = 6.280e-16  ->  PASS
  commutator (B) (2) Step 1 の第 4 式: max residual = 0.000e+00  ->  PASS
  commutator (B) (3) 添字の付け替え l = j+1: max residual = 0.000e+00  ->  PASS
  commutator (B) (4) 指数法則 [theorem_exp_product n=1]: max residual = 5.233e-15  ->  PASS
  commutator (B) (5) l=M+1 の項と l=1 の項の入れ替え: max residual = 4.885e-15  ->  PASS
  commutator (B) (5') 入れ替えの根拠: e^{-i(M+1)theta~} Z^flat_{M+1} = e^{-i theta~} Z_1: max residual = 2.437e-15  ->  PASS
  commutator (B) (6) = -2 e^{i theta~} checkZ_mu: max residual = 0.000e+00  ->  PASS
  anticommutator_of_check_Z_Y (1) 双線型性で二重和へ: max residual = 2.323e-15  ->  PASS
  anticommutator_of_check_Z_Y (2) [Z_j,Z_k]_+ = 2I delta で j=k のみ: max residual = 0.000e+00  ->  PASS
  anticommutator_of_check_Z_Y (3) 指数法則 [theorem_exp_product n=1]: max residual = 8.673e-15  ->  PASS
  anticommutator_of_check_Z_Y (4) theta~_mu+theta~_nu = 2pi(mu+nu-1)/M: max residual = 1.776e-15  ->  PASS
  anticommutator_of_check_Z_Y (5) exp_sum で M delta^M_{(mu+nu,1)}: max residual = 1.537e-14  ->  PASS
  anticommutator_of_check_Z_Y (5b) def_check_index_set (5) で delta_{nu,M+1-mu}: max residual = 0.000e+00  ->  PASS
  anticommutator_of_check_Z_Y (6) 第 2 式 [checkZ,checkY]_+ = 0: max residual = 1.760e-15  ->  PASS
  anticommutator_of_check_Z_Y (7) 第 3 式 [checkY,checkY]_+: max residual = 1.091e-14  ->  PASS
  recover_Z_Y (1) def_half_integer_checkZ の代入と分配: max residual = 0.000e+00  ->  PASS
  recover_Z_Y (2) 指数法則 [theorem_exp_product n=1]: max residual = 1.035e-15  ->  PASS
  recover_Z_Y (3) 有限和の順序交換: max residual = 0.000e+00  ->  PASS
  recover_Z_Y (4) antiperiodic_exp_sum で k=j の項のみ -> Z_j: max residual = 6.474e-16  ->  PASS
  recover_Z_Y (5) Y_j についても同様: max residual = 1.045e-15  ->  PASS
  H1_H2_via_check (ZM+1-mu 1) def_half_integer_checkZ: max residual = 0.000e+00  ->  PASS
  H1_H2_via_check (ZM+1-mu 2) conjugate_index_of_check_Z_Y (2): max residual = 5.196e-15  ->  PASS
  H1_H2_via_check (H2 1) def_half_integer_checkZ / def_half_integer_checkY の代入: max residual = 6.553e-15  ->  PASS
  H1_H2_via_check (H2 2) 積を二重和へ分配: max residual = 1.050e-15  ->  PASS
  H1_H2_via_check (H2 3) 指数法則 [theorem_exp_product n=1]: max residual = 2.681e-15  ->  PASS
  H1_H2_via_check (H2 4) 有限和の順序交換: max residual = 3.280e-16  ->  PASS
  H1_H2_via_check (H2 5) antiperiodic_exp_sum -> sum Z_jY_j: max residual = 2.033e-15  ->  PASS
  H1_H2_via_check (H2 6) = H_2: max residual = 7.066e-15  ->  PASS
  H1_H2_via_check (H1 1) def_half_integer_checkZ / def_half_integer_checkY の代入: max residual = 5.577e-15  ->  PASS
  H1_H2_via_check (H1 2) 積を二重和へ分配: max residual = 8.149e-16  ->  PASS
  H1_H2_via_check (H1 3) 指数法則 [theorem_exp_product n=1]: max residual = 1.776e-15  ->  PASS
  H1_H2_via_check (H1 4) 有限和の順序交換: max residual = 2.665e-16  ->  PASS
  H1_H2_via_check (H1 5) antiperiodic_exp_sum の l=0, l=1 の 2 場合: max residual = 2.624e-15  ->  PASS
  H1_H2_via_check (H1 6) = H_1^{(+)}: max residual = 7.495e-15  ->  PASS
  def_check_index_set (4) そのとき theta~_mu = pi: max residual = 0.000e+00  ->  PASS
  段数（区別された等式の種類）: 288
check_01: PASS
