=== def_matrix_norm: 収束の定義（ノルム収束 ⟺ 成分収束、級数の定義） ===
n=2: N, ||A_N-A||, max|成分差|, 比
   N=  1  2.738597e+00  1.670033e+00  1.6398
   N=  4  6.846493e-01  4.175083e-01  1.6398
   N= 16  1.711623e-01  1.043771e-01  1.6398
   N= 64  4.279058e-02  2.609427e-02  1.6398
   N=256  1.069765e-02  6.523568e-03  1.6398
n=4: N, ||A_N-A||, max|成分差|, 比
   N=  1  5.952453e+00  2.320347e+00  2.5653
   N=  4  1.488113e+00  5.800868e-01  2.5653
   N= 16  3.720283e-01  1.450217e-01  2.5653
   N= 64  9.300708e-02  3.625543e-02  2.5653
   N=256  2.325177e-02  9.063857e-03  2.5653
n=8: N, ||A_N-A||, max|成分差|, 比
   N=  1  1.103813e+01  2.856604e+00  3.8641
   N=  4  2.759532e+00  7.141510e-01  3.8641
   N= 16  6.898829e-01  1.785377e-01  3.8641
   N= 64  1.724707e-01  4.463444e-02  3.8641
   N=256  4.311768e-02  1.115861e-02  3.8641
r=0.500000000000000: ||S_399 - S|| = 1.297e-15
r=-0.300000000000000: ||S_399 - S|| = 1.026e-15
r=0.900000000000000: ||S_399 - S|| = 2.898e-14
r=0.500000000000000 + 0.500000000000000*I: ||S_399 - S|| = 2.781e-15
checks: 35, max relative error: 6.494e-16, tol: 1.0e-09
RESULT: PASS
