==============================================================================
1. L x L トーラス族そのもの: voltage は 2 変数（ZZ^2）になる
==============================================================================
  底グラフ X = 1 頂点 + 2 本のループ、voltage (1,0) と (0,1) in ZZ^2。
  導来グラフ X_{(L,L)} = L x L トーラス。voltage ラプラシアンは 1x1 行列:
    det L(z,w) = -z - w + 4 - w^-1 - z^-1
    content = 1

  ⇒ (☆) は 1 変数 voltage（ZZ-被覆・岩澤代数 ZZ_ell[[T]]）に対して
     Weierstrass 準備定理から導いたものであり、ここは ZZ^2-被覆（2 変数）。
     さらに致命的なのは塔の向きで、観察 T は L を「奇数」で動かす。
     ell=2 に対して N=L は ell と互いに素であり、これは ell-tower ではない
     （Washington–Sinnott 型の p != ell の状況, arXiv:2201.05186 系）。
  ⇒ 結論: (☆) は観察 T にそのままは適用できない。

==============================================================================
2. では (☆) が本当に使える部分族はどこか: 幅 W を固定した W x 2^n の塔
==============================================================================
  底グラフ X_W := 長さ W のサイクル C_W の各頂点に voltage 1 のループを 1 本。
  導来グラフ (X_W)_N = W x N トーラス。N = 2^n が abelian 2-tower。
  これは 1 変数 voltage なので (☆) の設定にそのまま乗る。

  まず tau_WL を Kirchhoff の matrix-tree 定理と照合:
    W=3 L=4 : 一致=True
    W=3 L=5 : 一致=True
    W=4 L=6 : 一致=True
    W=5 L=7 : 一致=True
    W=3 L=8 : 一致=True
    W=6 L=5 : 一致=True

  W   content_z det L_W(z)   (☆)の予測 mu_2   実測 v_2(kappa_n), n=1..7        差分
  2        1                   0           [5, 8, 11, 14, 17, 20, 23]    [3, 3, 3, 3, 3, 3]
  3        1                   0           [1, 2, 3, 4, 5, 6, 7]         [1, 1, 1, 1, 1, 1]
  4        1                   0           [8, 19, 26, 33, 40, 47, 54]   [11, 7, 7, 7, 7, 7]
  5        1                   0           [1, 2, 3, 4, 5, 6, 7]         [1, 1, 1, 1, 1, 1]
  6        1                   0           [5, 8, 11, 14, 17, 20, 23]    [3, 3, 3, 3, 3, 3]
  7        1                   0           [1, 2, 3, 4, 5, 6, 7]         [1, 1, 1, 1, 1, 1]
  8        1                   0           [11, 26, 61, 76, 91, 106, 121]  [15, 35, 15, 15, 15, 15]
  9        1                   0           [1, 2, 3, 4, 5, 6, 7]         [1, 1, 1, 1, 1, 1]

  ⇒ どの W でも content = 1、すなわち (☆) の予測は mu_2 = 0。
     実測でも v_2(kappa_n) は n について（十分大きい n で）線形＝2^n の項が無い。
     ＝ (☆) はこの 1 変数部分族では正しく機能する。
     しかしこれは L = 2^n（偶数方向）の話であって、観察 T（L 奇数）とは別方向である。

==============================================================================
3. 整合性の注記（証明ではない）
==============================================================================
  2 変数 det L(z,w) = 4 - z - 1/z - w - 1/w の content は 1（上記 1.）。
  もし 2 変数岩澤理論の類推で「mu = 0」を読むなら、v_2(tau(L)) は
  頂点数 L^2 に比例して伸びてはいけない。実際 v_2(tau(L)) = 2(L-1) は L の 1 次で、
  L^2 に対して劣線形である。この整合は励みになるが、2(L-1) という
  具体的な値を導くものではない。観察 T の決着には別の議論が必要であり、
  それが README §2 の初等的な証明である。
