==============================================================================
奇数 L に対する証明ステップの機械照合（L = 3,5,...,81）
==============================================================================

  L   L1  L2:m(2),m(0)      L3         L4  L5  L6:disc奇  L7: v2(R)=h  v2(tau)=2(L-1)
  ----------------------------------------------------------------------------------
   3   OK  m(2)= 3, m(0)= 1   OK(L^2R^4)  OK  OK  OK          1 =   1      4 =    4
   5   OK  m(2)= 5, m(0)=-1   OK(L^2R^4)  OK  OK  OK          2 =   2      8 =    8
   7   OK  m(2)= 7, m(0)=-1   OK(L^2R^4)  OK  OK  OK          3 =   3     12 =   12
   9   OK  m(2)= 9, m(0)= 1   OK(L^2R^4)  OK  OK  OK          4 =   4     16 =   16
  11   OK  m(2)=11, m(0)= 1   OK(L^2R^4)  OK  OK  OK          5 =   5     20 =   20
  13   OK  m(2)=13, m(0)=-1   OK(L^2R^4)  OK  OK  OK          6 =   6     24 =   24
  15   OK  m(2)=15, m(0)=-1   OK(L^2R^4)  OK  OK  OK          7 =   7     28 =   28
  17   OK  m(2)=17, m(0)= 1   OK(L^2R^4)  OK  OK  OK          8 =   8     32 =   32
  19   OK  m(2)=19, m(0)= 1   OK(L^2R^4)  OK  OK  OK          9 =   9     36 =   36
  21   OK  m(2)=21, m(0)=-1   OK(L^2R^4)  OK  OK  OK         10 =  10     40 =   40
  41   OK  m(2)=41, m(0)= 1   OK(L^2R^4)  OK  OK  OK         20 =  20     80 =   80
  61   OK  m(2)=61, m(0)=-1   OK(L^2R^4)  OK  OK  OK         30 =  30    120 =  120
  81   OK  m(2)=81, m(0)= 1   OK(L^2R^4)  OK  OK  OK         40 =  40    160 =  160

  L=3,5,...,81 の全 40 個で L1–L7 が全て成立（assert 通過）。

==============================================================================
補足: 証明で使う 2 つの整数論的事実の確認
==============================================================================

  (i)  prod_{k=1}^{L-1} (2 - zeta_L^k - zeta_L^{-k}) = L^2   [これが m_L(2)^2 = L^2]
       L= 3 : 9  (= L^2 = 9)  True
       L= 5 : 25  (= L^2 = 25)  True
       L= 7 : 49  (= L^2 = 49)  True
       L= 9 : 81  (= L^2 = 81)  True
       L=15 : 225  (= L^2 = 225)  True
       L=21 : 441  (= L^2 = 441)  True
       L=25 : 625  (= L^2 = 625)  True

  (ii) prod_{k=1}^{L-1} (1 + zeta_L^k) = 1  [これが m_L(0)^2 = 1]
       L= 3 : 1
       L= 5 : 1
       L= 7 : 1
       L= 9 : 1
       L=15 : 1
       L=21 : 1
       L=25 : 1

==============================================================================
偶数 L: 同じ分解を実行したところ（観察 T' の部分還元。証明ではない）
==============================================================================

  偶数 L では f_L(x) = (x-2)(x+2) n_L(x)^2, deg n_L = L/2 - 1 となり、
  tau(L) = (L^2 P_L^4 / 2) * S^4,  S := Res(n_L(x), n_L(4-x)),  P_L = Pell 数
  が成り立つ（下で確認）。したがって
      v_2(tau(L)) = 2 v_2(L) + 4 v_2(P_L) - 1 + 4 v_2(S)
  であり、v_2(P_L) = v_2(L)（L 偶数, 下で確認）を使うと 6s - 1 + 4 v_2(S)。
  観察 T' が成り立つことは v_2(S) = (s+2)L/2 - 3s と同値。
  この最後の等式は本セッションでは証明していない（奇数の場合の L4–L6 に相当する
  議論が偶数では通らない: 2 進的な相殺が 1 回で止まらない）。

  L   s  v2(P_L)  tau==(L^2 P_L^4/2)S^4   v2(S)   (s+2)L/2-3s
    2  1     1        True                     0         0
    4  2     2        True                     2         2
    6  1     1        True                     6         6
    8  3     3        True                    11        11
   10  1     1        True                    12        12
   12  2     2        True                    18        18
   14  1     1        True                    18        18
   16  4     4        True                    36        36
   18  1     1        True                    24        24
   20  2     2        True                    34        34
   22  1     1        True                    30        30
   24  3     3        True                    51        51
   26  1     1        True                    36        36
   28  2     2        True                    50        50
   30  1     1        True                    42        42
   32  5     5        True                    97        97
   34  1     1        True                    48        48
   36  2     2        True                    66        66
   38  1     1        True                    54        54
   40  3     3        True                    91        91
