==============================================================================
A. 二方法の一致（Kirchhoff の matrix-tree 定理 vs 積公式=終結式）
==============================================================================
  L=3..12 で両者を独立に計算して比較する。
  （L<=2 は C_L が単純グラフでないため Sage の CycleGraph では表現できない。除外。）
  L= 3  一致=True  tau(L)=2^4 * 3^6
  L= 4  一致=True  tau(L)=2^19 * 3^4
  L= 5  一致=True  tau(L)=2^8 * 5^14
  L= 6  一致=True  tau(L)=2^29 * 3^6 * 5^4 * 7^4
  L= 7  一致=True  tau(L)=2^12 * 7^14 * 13^8
  L= 8  一致=True  tau(L)=2^61 * 3^4 * 7^8 * 17^4
  L= 9  一致=True  tau(L)=2^16 * 3^28 * 17^8 * 37^8
  L=10  一致=True  tau(L)=2^53 * 3^8 * 5^14 * 11^8 * 29^4 * 41^4
  L=11  一致=True  tau(L)=2^20 * 11^22 * 89^8 * 109^8
  L=12  一致=True  tau(L)=2^83 * 3^30 * 5^12 * 7^4 * 11^12 * 13^8
  全一致: True

==============================================================================
B. 奇数 L: v_2(tau(L)) と 2(L-1) の比較（標本拡大）
==============================================================================
  検査した奇数 L: 3,5,...,301 の全て（150 個）＋ 311,321,...,501（20 個）＝ 170 個
  v_2(tau(L)) != 2(L-1) となった L: なし（170/170 で一致）
  所要 233.3 秒

  最初と最後のいくつかを明示:
    L=  3  v_2(tau(L))=   4  2(L-1)=   4
    L=  5  v_2(tau(L))=   8  2(L-1)=   8
    L=  7  v_2(tau(L))=  12  2(L-1)=  12
    L=  9  v_2(tau(L))=  16  2(L-1)=  16
    L= 11  v_2(tau(L))=  20  2(L-1)=  20
    L= 19  v_2(tau(L))=  36  2(L-1)=  36
    L= 21  v_2(tau(L))=  40  2(L-1)=  40
    L=101  v_2(tau(L))= 200  2(L-1)= 200
    L=201  v_2(tau(L))= 400  2(L-1)= 400
    L=301  v_2(tau(L))= 600  2(L-1)= 600
    L=401  v_2(tau(L))= 800  2(L-1)= 800
    L=501  v_2(tau(L))=1000  2(L-1)=1000

==============================================================================
C. 偶数 L: v_2(tau(L)) の実測（奇偶の違いを一次情報として記録）
==============================================================================
  s := v_2(L) と置く。表: L, s, v_2(tau(L)), 2(L-1)（奇数則を当てはめた場合の値）
    L=  2  s=1  v_2=    5   2(L-1)=   2   差=    3
    L=  4  s=2  v_2=   19   2(L-1)=   6   差=   13
    L=  6  s=1  v_2=   29   2(L-1)=  10   差=   19
    L=  8  s=3  v_2=   61   2(L-1)=  14   差=   47
    L= 10  s=1  v_2=   53   2(L-1)=  18   差=   35
    L= 12  s=2  v_2=   83   2(L-1)=  22   差=   61
    L= 14  s=1  v_2=   77   2(L-1)=  26   差=   51
    L= 16  s=4  v_2=  167   2(L-1)=  30   差=  137
    L= 18  s=1  v_2=  101   2(L-1)=  34   差=   67
    L= 20  s=2  v_2=  147   2(L-1)=  38   差=  109
    L= 22  s=1  v_2=  125   2(L-1)=  42   差=   83
    L= 24  s=3  v_2=  221   2(L-1)=  46   差=  175
    L= 26  s=1  v_2=  149   2(L-1)=  50   差=   99
    L= 28  s=2  v_2=  211   2(L-1)=  54   差=  157
    L= 30  s=1  v_2=  173   2(L-1)=  58   差=  115
    L= 32  s=5  v_2=  417   2(L-1)=  62   差=  355
    ...
    L=122  s=1  v_2=  725   2(L-1)= 242   差=  483
    L=124  s=2  v_2=  979   2(L-1)= 246   差=  733
    L=126  s=1  v_2=  749   2(L-1)= 250   差=  499
    L=128  s=7  v_2= 2261   2(L-1)= 254   差= 2007

  ⇒ 偶数 L では 2(L-1) から系統的に大きく外れる＝奇数則は偶数へ延びない。

  観察 T'（偶数 L, 本セッションで新たに気づいた規則。未証明）:
      v_2(tau(L)) = (2s+4) L - (6s+1)      (L 偶数, s = v_2(L))
  検査 L=2,4,...,128（64 個）で外れた L: なし（64/64 で一致）
  注: s が同じなら L の奇部分に依らない。s=0（奇数 L）へは延びない
      （s=0 を代入すると 4L-1 となり実測 2L-2 と異なる）。

==============================================================================
D. 標本範囲の明示（0 件観察を根拠にしないための記録）
==============================================================================
  奇数 L: L=3,5,...,301 の全 150 個 ＋ L=311,321,...,501 の 20 個 = 170 個。
  偶数 L: L=2,4,...,128 の全 64 個。
  これは有限標本であり、それ自体は証明ではない。証明は tau_v2_proof_check.sage / README §2。
