==============================================================================
cycle 13 / T1: 観察 T (奇 L で v_2(tau(L)) = 2(L-1)) の決着
==============================================================================

--- (1) tau(L) の厳密計算と v_2 ---
 L  parity  v_2(tau(L))  2(L-1)  一致  桁数
 2  even   v_2=   5         2   None   2
 3  odd    v_2=   4         4   True   5
 4  even   v_2=  19         6   None   8
 5  odd    v_2=   8         8   True   13
 6  even   v_2=  29        10   None   18
 7  odd    v_2=  12        12   True   25
 8  even   v_2=  61        14   None   32
 9  odd    v_2=  16        16   True   41
10  even   v_2=  53        18   None   51
11  odd    v_2=  20        20   True   61
12  even   v_2=  83        22   None   73
13  odd    v_2=  24        24   True   86
14  even   v_2=  77        26   None   99
15  odd    v_2=  28        28   True   114
17  odd    v_2=  32        32   True   146

奇 L=3..17 で観察 T が全一致: True
偶 L では 2(L-1) と一致しない(上表)。観察 T は奇 L 限定の主張である。

--- (2) 分解 tau(L) = prod_{j=1}^{L-1} (r_j^L + r_j^{-L} - 2) の厳密確認 ---
  A_j = 4 - (z^j + z^-j), r_j + 1/r_j = A_j とし、s_n = r^n + r^-n を
  s_n = A s_{n-1} - s_{n-2}, s_0=2, s_1=A で生成する(整数係数の漸化)。
  D_j = s_L(A_j) - 2 として prod_j D_j が tau(L) に一致するかを円分体上で確認する。
  L= 3: prod_j D_j == tau(L) ? True
  L= 4: prod_j D_j == tau(L) ? True
  L= 5: prod_j D_j == tau(L) ? True
  L= 6: prod_j D_j == tau(L) ? True
  L= 7: prod_j D_j == tau(L) ? True
  L= 9: prod_j D_j == tau(L) ? True

--- (3) 証明の核: v(m_j) = 1 の確認 ---
  r_j = zeta^j (1 + m_j) と置くと m_j は
    zeta^j m^2 + (3 zeta^j + zeta^-j - 4) m - 2 (1-zeta^j)(1-zeta^-j) = 0
  を満たす。奇 L では 2 は Z[zeta_L] で不分岐、1-zeta^j は 2 で単数、
  線型係数も 2 で単数、定数項の付値はちょうど 1。よって Newton 多角形から
  2根の付値は 0 と 1 で、m_j ≡ 0 (mod p) 側の根は v(m_j) = 1。

  L= 3: 2 の分岐指数 e=1(不分岐なら 1), 剰余次数 f=2
        全 j=1..2 で v(lead)=0, v(linear)=0, v(const)=1 : True
  L= 5: 2 の分岐指数 e=1(不分岐なら 1), 剰余次数 f=4
        全 j=1..4 で v(lead)=0, v(linear)=0, v(const)=1 : True
  L= 7: 2 の分岐指数 e=1(不分岐なら 1), 剰余次数 f=3
        全 j=1..6 で v(lead)=0, v(linear)=0, v(const)=1 : True
  L= 9: 2 の分岐指数 e=1(不分岐なら 1), 剰余次数 f=6
        全 j=1..8 で v(lead)=0, v(linear)=0, v(const)=1 : True
  L=11: 2 の分岐指数 e=1(不分岐なら 1), 剰余次数 f=10
        全 j=1..10 で v(lead)=0, v(linear)=0, v(const)=1 : True
  L=13: 2 の分岐指数 e=1(不分岐なら 1), 剰余次数 f=12
        全 j=1..12 で v(lead)=0, v(linear)=0, v(const)=1 : True

--- (4) 偶 L で証明が破れる箇所 ---
  奇 L の証明は次の2点を使う。
    (i) 1 - zeta^j が 2 で単数(2 が Z[zeta_L] で不分岐であることによる)
    (ii) v(L) = 0 なので u^L - 1 = L m + C(L,2) m^2 + ... の主要項が L m
  偶 L ではどちらも壊れる。実際に確認する。
  L= 4: 2 の分岐指数 e=2 (>1 なら分岐), v_P(1 - zeta^(L/2)) = 2, v_2(L) = 2
  L= 6: 2 の分岐指数 e=1 (>1 なら分岐), v_P(1 - zeta^(L/2)) = 1, v_2(L) = 1
  L= 8: 2 の分岐指数 e=4 (>1 なら分岐), v_P(1 - zeta^(L/2)) = 4, v_2(L) = 3
  ⇒ 偶 L では (i)(ii) がともに成立せず、証明は適用できない。
     (1) の表が示すとおり実際に v_2(tau(L)) ≠ 2(L-1) である。

==============================================================================
結論: 観察 T は奇 L=3..17 で厳密に成立し、証明の各前提((3) の付値条件)も
      全 j で満たされることを確認した。偶 L では前提が壊れ、結論も成立しない。
==============================================================================

--- (5) 独立経路: 終結式による tau(L) の再計算(合成奇数・大きい L を含む) ---
  D(x) := s_L(4 - x - x^-1) - 2 を Z[x]/(x^L-1) 上で漸化式から構成し、
  tau(L) = prod_{j=1}^{L-1} D(zeta^j) = Res( (x^L-1)/(x-1), D(x) ) を
  整数終結式として計算する((3.2) の別経路。matrix-tree 経路と独立)。
   L  v_2(tau(L))  2(L-1)  一致  (合成数なら因数分解)
   3         4         4   True  
   5         8         8   True  
   7        12        12   True  
   9        16        16   True  = 3^2
  11        20        20   True  
  13        24        24   True  
  15        28        28   True  = 3 * 5
  17        32        32   True  
  19        36        36   True  
  21        40        40   True  = 3 * 7
  25        48        48   True  = 5^2
  27        52        52   True  = 3^3
  33        64        64   True  = 3 * 11
  35        68        68   True  = 5 * 7
  ⇒ 合成奇数(9,15,21,25,27,33,35)でも成立。証明は L の素数性を使っていない。
     L=19 も一致(matrix-tree 経路では未計算だった値)。
