##############################################################################
# cycle 18 step 2: トレース列の周期 pi_tr(p,k) の上界（k <= 6）
##############################################################################

==============================================================================
[named] cycle 17 が挙げた反例と対照例の詳細
==============================================================================
  T=[(0, 1, 0, 0), (1, 1, 0, 0), (0, 0, 0, 1), (0, 0, 1, 1)], p=2
    chi=x^4 - 2*x^3 - x^2 + 2*x + 1, rho=x^2 - x - 1, Delta=det G=20（補題 2 の等式: True）, v=2, w*=1, chi mod p squarefree=False
    P_k(T) = [3, 6, 12, 24, 48, 96]
    P_k(S) = [3, 6, 12, 24, 48, 96]
    t_k    = [1, 3, 6, 12, 24, 48]
    [X1] 素朴上界 p^(k-1) t_1 で押さえられるか: [True, False, False, False, False, False]
    [B6] 主結果 p^(k-1) t_(w*+1) で押さえられるか: [True, True, True, True, True, True]
  T=[(1, 1, -1), (2, 1, -2), (-2, -1, -1)], p=2
    chi=x^3 - x^2 - 7*x - 3, rho=x^3 - x^2 - 7*x - 3, Delta=det G=788（補題 2 の等式: True）, v=2, w*=1, chi mod p squarefree=False
    P_k(T) = [4, 8, 16, 32, 64, 128]
    P_k(S) = [4, 8, 16, 32, 64, 128]
    t_k    = [1, 4, 8, 16, 32, 64]
    [X1] 素朴上界 p^(k-1) t_1 で押さえられるか: [True, False, False, False, False, False]
    [B6] 主結果 p^(k-1) t_(w*+1) で押さえられるか: [True, True, True, True, True, True]
  T=[(2, -1, 2), (-3, -3, -2), (-1, -2, -2)], p=3
    chi=x^3 + 3*x^2 - 9*x - 14, rho=x^3 + 3*x^2 - 9*x - 14, Delta=det G=6669（補題 2 の等式: True）, v=3, w*=1, chi mod p squarefree=False
    P_k(T) = [6, 18, 54, 162, 486, 1458]
    P_k(S) = [6, 18, 54, 162, 486, 1458]
    t_k    = [1, 6, 18, 54, 162, 486]
    [X1] 素朴上界 p^(k-1) t_1 で押さえられるか: [True, False, False, False, False, False]
    [B6] 主結果 p^(k-1) t_(w*+1) で押さえられるか: [True, True, True, True, True, True]
  T=[(-3, -2, -1), (3, -3, -2), (2, 2, -1)], p=2
    chi=x^3 + 7*x^2 + 27*x + 31, rho=x^3 + 7*x^2 + 27*x + 31, Delta=det G=-6028（補題 2 の等式: True）, v=2, w*=1, chi mod p squarefree=False
    P_k(T) = [4, 8, 16, 32, 64, 128]
    P_k(S) = [4, 8, 16, 32, 64, 128]
    t_k    = [1, 4, 8, 16, 32, 64]
    [X1] 素朴上界 p^(k-1) t_1 で押さえられるか: [True, False, False, False, False, False]
    [B6] 主結果 p^(k-1) t_(w*+1) で押さえられるか: [True, True, True, True, True, True]
  T=[(0, 1), (1, 1)], p=2
    chi=x^2 - x - 1, rho=x^2 - x - 1, Delta=det G=5（補題 2 の等式: True）, v=0, w*=0, chi mod p squarefree=True
    P_k(T) = [3, 6, 12, 24, 48, 96]
    P_k(S) = [3, 6, 12, 24, 48, 96]
    t_k    = [3, 6, 12, 24, 48, 96]
    [X1] 素朴上界 p^(k-1) t_1 で押さえられるか: [True, True, True, True, True, True]
    [B6] 主結果 p^(k-1) t_(w*+1) で押さえられるか: [True, True, True, True, True, True]
  T=[(0, 1), (1, 1)], p=5
    chi=x^2 - x - 1, rho=x^2 - x - 1, Delta=det G=5（補題 2 の等式: True）, v=1, w*=1, chi mod p squarefree=False
    P_k(T) = [20, 100, 500, 2500, 12500, 62500]
    P_k(S) = [20, 100, 500, 2500, 12500, 62500]
    t_k    = [4, 20, 100, 500, 2500, 12500]
    [X1] 素朴上界 p^(k-1) t_1 で押さえられるか: [True, True, True, True, True, True]
    [B6] 主結果 p^(k-1) t_(w*+1) で押さえられるか: [True, True, True, True, True, True]
  T=[(1, 1), (0, 1)], p=2
    chi=x^2 - 2*x + 1, rho=x - 1, Delta=det G=2（補題 2 の等式: True）, v=1, w*=1, chi mod p squarefree=False
    P_k(T) = [2, 4, 8, 16, 32, 64]
    P_k(S) = [1, 1, 1, 1, 1, 1]
    t_k    = [1, 1, 1, 1, 1, 1]
    [X1] 素朴上界 p^(k-1) t_1 で押さえられるか: [True, True, True, True, True, True]
    [B6] 主結果 p^(k-1) t_(w*+1) で押さえられるか: [True, True, True, True, True, True]

==============================================================================
[random]  検査した (T,p) 組: 385   （k = 1..6）
  v = v_p(det G) の分布: {0: 266, 1: 39, 2: 40, 3: 16, 4: 16, 5: 5, 6: 1, 9: 1, 18: 1}
  w* = v_p(最大単因子) の分布: {0: 266, 1: 74, 2: 31, 3: 7, 4: 6, 7: 1}
  w = min{j : P_1(S) | t_(j+1)} の分布（None = k<=6 の範囲で未達）: [(0, 291), (1, 77), (2, 14), (3, 2), (4, 1)]
  chi mod p が squarefree: 259/385
  仮説         検査数     非自明      反例   判定
  L         385     385       0   反例なし
  B0       2310     640       0   反例なし
  B1       2310     513       0   反例なし
  B2       1925    1811       0   反例なし
  B3       2310       0       0   反例なし
  B4       2123     527       0   反例なし
  B5       2123     377       0   反例なし
  B6       2304      60       0   反例なし
  B6d      2292      60       0   反例なし
  B7       1596       0       0   反例なし
  B8       2310       0       0   反例なし
  X1       2310       0      60   **反例 60 件**
  X2       1925       0      23   **反例 23 件**
  X2low     186     186      23   **反例 23 件**
  X3p      1583    1583       0   反例なし
  X3g       156     156       0   反例なし
  X4        708     708      60   **反例 60 件**
  -- X1 の反例（先頭 3 件）
     T=[(-1, 2, 1, 2), (-2, 3, 0, -1), (2, 1, -3, 1), (1, -2, 1, -1)], p=2, v=4, w*=1, sqfree=False, k=2: t_1=1 t_k=6
       P_k(S)=[6, 12, 24, 48, 96, 192], t=[1, 6, 12, 24, 48, 96]
     T=[(-1, 2, 1, 2), (-2, 3, 0, -1), (2, 1, -3, 1), (1, -2, 1, -1)], p=2, v=4, w*=1, sqfree=False, k=3: t_1=1 t_k=12
       P_k(S)=[6, 12, 24, 48, 96, 192], t=[1, 6, 12, 24, 48, 96]
     T=[(-1, 2, 1, 2), (-2, 3, 0, -1), (2, 1, -3, 1), (1, -2, 1, -1)], p=2, v=4, w*=1, sqfree=False, k=4: t_1=1 t_k=24
       P_k(S)=[6, 12, 24, 48, 96, 192], t=[1, 6, 12, 24, 48, 96]
  -- X2 の反例（先頭 3 件）
     T=[(-1, 2, 1, 2), (-2, 3, 0, -1), (2, 1, -3, 1), (1, -2, 1, -1)], p=2, v=4, w*=1, sqfree=False, k=1: t_k=1 t_(k+1)=6
       P_k(S)=[6, 12, 24, 48, 96, 192], t=[1, 6, 12, 24, 48, 96]
     T=[(1, 0, 0, -3), (3, 3, 1, 3), (2, 1, 0, 0), (-1, -1, 2, 0)], p=2, v=18, w*=7, sqfree=False, k=3: t_k=1 t_(k+1)=4
       P_k(S)=[2, 4, 8, 16, 32, 64], t=[1, 1, 1, 4, 4, 8]
     T=[(3, -1, -3, 3), (2, -1, -2, 1), (3, 0, 0, -1), (-3, 2, -2, 2)], p=2, v=4, w*=1, sqfree=False, k=1: t_k=1 t_(k+1)=6
       P_k(S)=[6, 12, 24, 48, 96, 192], t=[1, 6, 12, 24, 48, 96]
  -- X2low の反例（先頭 3 件）
     T=[(-1, 2, 1, 2), (-2, 3, 0, -1), (2, 1, -3, 1), (1, -2, 1, -1)], p=2, v=4, w*=1, sqfree=False, k=1,w*=1: t_k=1 t_(k+1)=6
       P_k(S)=[6, 12, 24, 48, 96, 192], t=[1, 6, 12, 24, 48, 96]
     T=[(1, 0, 0, -3), (3, 3, 1, 3), (2, 1, 0, 0), (-1, -1, 2, 0)], p=2, v=18, w*=7, sqfree=False, k=3,w*=7: t_k=1 t_(k+1)=4
       P_k(S)=[2, 4, 8, 16, 32, 64], t=[1, 1, 1, 4, 4, 8]
     T=[(3, -1, -3, 3), (2, -1, -2, 1), (3, 0, 0, -1), (-3, 2, -2, 2)], p=2, v=4, w*=1, sqfree=False, k=1,w*=1: t_k=1 t_(k+1)=6
       P_k(S)=[6, 12, 24, 48, 96, 192], t=[1, 6, 12, 24, 48, 96]
  -- X4 の反例（先頭 3 件）
     T=[(-1, 2, 1, 2), (-2, 3, 0, -1), (2, 1, -3, 1), (1, -2, 1, -1)], p=2, v=4, w*=1, sqfree=False, k=2,w*=1: t_k=6 t_w*=1
       P_k(S)=[6, 12, 24, 48, 96, 192], t=[1, 6, 12, 24, 48, 96]
     T=[(-1, 2, 1, 2), (-2, 3, 0, -1), (2, 1, -3, 1), (1, -2, 1, -1)], p=2, v=4, w*=1, sqfree=False, k=3,w*=1: t_k=12 t_w*=1
       P_k(S)=[6, 12, 24, 48, 96, 192], t=[1, 6, 12, 24, 48, 96]
     T=[(-1, 2, 1, 2), (-2, 3, 0, -1), (2, 1, -3, 1), (1, -2, 1, -1)], p=2, v=4, w*=1, sqfree=False, k=4,w*=1: t_k=24 t_w*=1
       P_k(S)=[6, 12, 24, 48, 96, 192], t=[1, 6, 12, 24, 48, 96]

==============================================================================
[degenerate-enriched]  検査した (T,p) 組: 506   （k = 1..6）
  v = v_p(det G) の分布: {0: 315, 1: 86, 2: 56, 3: 16, 4: 11, 5: 10, 6: 8, 7: 3, 10: 1}
  w* = v_p(最大単因子) の分布: {0: 315, 1: 114, 2: 39, 3: 23, 4: 8, 5: 5, 6: 2}
  w = min{j : P_1(S) | t_(j+1)} の分布（None = k<=6 の範囲で未達）: [(0, 429), (1, 63), (2, 7), (3, 7)]
  chi mod p が squarefree: 0/506
  仮説         検査数     非自明      反例   判定
  L         506     506       0   反例なし
  B0       3036    1480       0   反例なし
  B1       3036     548       0   反例なし
  B2       2530    1805       0   反例なし
  B3       3036       0       0   反例なし
  B4       2706     816       0   反例なし
  B5       2706     399       0   反例なし
  B6       3024     150       0   反例なし
  B6d      2964     150       0   反例なし
  B7       1890       0       0   反例なし
  B8       3036       0       0   反例なし
  X1       3036       0     150   **反例 150 件**
  X2       2530       0      47   **反例 47 件**
  X2low     328     328      47   **反例 47 件**
  X3p      1956    1956       0   反例なし
  X3g       246     246       0   反例なし
  X4       1134    1134     140   **反例 140 件**
  -- X1 の反例（先頭 3 件）
     T=[(-1, -3, 0, 0, 0), (-3, 1, 0, 0, 0), (0, 0, -1, -3, 0), (0, 0, -3, 1, 0), (0, 0, 0, 0, -1)], p=3, v=4, w*=3, sqfree=False, k=2: t_1=1 t_k=2
       P_k(S)=[2, 2, 6, 18, 54, 162], t=[1, 2, 6, 18, 54, 162]
     T=[(-1, -3, 0, 0, 0), (-3, 1, 0, 0, 0), (0, 0, -1, -3, 0), (0, 0, -3, 1, 0), (0, 0, 0, 0, -1)], p=3, v=4, w*=3, sqfree=False, k=3: t_1=1 t_k=6
       P_k(S)=[2, 2, 6, 18, 54, 162], t=[1, 2, 6, 18, 54, 162]
     T=[(-1, -3, 0, 0, 0), (-3, 1, 0, 0, 0), (0, 0, -1, -3, 0), (0, 0, -3, 1, 0), (0, 0, 0, 0, -1)], p=3, v=4, w*=3, sqfree=False, k=4: t_1=1 t_k=18
       P_k(S)=[2, 2, 6, 18, 54, 162], t=[1, 2, 6, 18, 54, 162]
  -- X2 の反例（先頭 3 件）
     T=[(-1, -3, 0, 0, 0), (-3, 1, 0, 0, 0), (0, 0, -1, -3, 0), (0, 0, -3, 1, 0), (0, 0, 0, 0, -1)], p=3, v=4, w*=3, sqfree=False, k=1: t_k=1 t_(k+1)=2
       P_k(S)=[2, 2, 6, 18, 54, 162], t=[1, 2, 6, 18, 54, 162]
     T=[(-1, 0, 0), (0, -1, 0), (0, 0, -3)], p=2, v=3, w*=3, sqfree=False, k=3: t_k=1 t_(k+1)=4
       P_k(S)=[1, 2, 2, 4, 8, 16], t=[1, 1, 1, 4, 8, 16]
     T=[(1, 3, 0, 0, 0), (-2, -1, 0, 0, 0), (0, 0, 1, 3, 0), (0, 0, -2, -1, 0), (0, 0, 0, 0, 2)], p=3, v=4, w*=3, sqfree=False, k=1: t_k=1 t_(k+1)=6
       P_k(S)=[2, 6, 18, 54, 162, 486], t=[1, 6, 18, 54, 162, 486]
  -- X2low の反例（先頭 3 件）
     T=[(-1, -3, 0, 0, 0), (-3, 1, 0, 0, 0), (0, 0, -1, -3, 0), (0, 0, -3, 1, 0), (0, 0, 0, 0, -1)], p=3, v=4, w*=3, sqfree=False, k=1,w*=3: t_k=1 t_(k+1)=2
       P_k(S)=[2, 2, 6, 18, 54, 162], t=[1, 2, 6, 18, 54, 162]
     T=[(-1, 0, 0), (0, -1, 0), (0, 0, -3)], p=2, v=3, w*=3, sqfree=False, k=3,w*=3: t_k=1 t_(k+1)=4
       P_k(S)=[1, 2, 2, 4, 8, 16], t=[1, 1, 1, 4, 8, 16]
     T=[(1, 3, 0, 0, 0), (-2, -1, 0, 0, 0), (0, 0, 1, 3, 0), (0, 0, -2, -1, 0), (0, 0, 0, 0, 2)], p=3, v=4, w*=3, sqfree=False, k=1,w*=3: t_k=1 t_(k+1)=6
       P_k(S)=[2, 6, 18, 54, 162, 486], t=[1, 6, 18, 54, 162, 486]
  -- X4 の反例（先頭 3 件）
     T=[(-3, -1, 0, 0), (3, 2, 0, 0), (0, 0, -3, -1), (0, 0, 3, 2)], p=2, v=2, w*=1, sqfree=False, k=2,w*=1: t_k=3 t_w*=1
       P_k(S)=[3, 3, 6, 12, 24, 48], t=[1, 3, 3, 6, 12, 24]
     T=[(-3, -1, 0, 0), (3, 2, 0, 0), (0, 0, -3, -1), (0, 0, 3, 2)], p=2, v=2, w*=1, sqfree=False, k=3,w*=1: t_k=3 t_w*=1
       P_k(S)=[3, 3, 6, 12, 24, 48], t=[1, 3, 3, 6, 12, 24]
     T=[(-3, -1, 0, 0), (3, 2, 0, 0), (0, 0, -3, -1), (0, 0, 3, 2)], p=2, v=2, w*=1, sqfree=False, k=4,w*=1: t_k=6 t_w*=1
       P_k(S)=[3, 3, 6, 12, 24, 48], t=[1, 3, 3, 6, 12, 24]

==============================================================================
[sharpness] 主結果の指数と、不変量 v の余裕
==============================================================================
  t_k | p^m t_(w*+1) を満たす最小 m に対する余裕 (k-1) - m の分布: {0: 2955, 1: 807, 2: 530, 3: 257, 4: 167, 5: 113}
   （0 = その標本で指数 k-1 が丁度必要）
   tight: T=[(-3, -1, 2), (1, 0, -1), (-3, -3, -1)], p=3, w*=0, k=2, m=1, t=[4, 12, 36, 108, 324, 972]
   tight: T=[(-3, -1, 2), (1, 0, -1), (-3, -3, -1)], p=3, w*=0, k=3, m=2, t=[4, 12, 36, 108, 324, 972]
   tight: T=[(-3, -1, 2), (1, 0, -1), (-3, -3, -1)], p=3, w*=0, k=4, m=3, t=[4, 12, 36, 108, 324, 972]
   tight: T=[(-3, -1, 2), (1, 0, -1), (-3, -3, -1)], p=3, w*=0, k=5, m=4, t=[4, 12, 36, 108, 324, 972]
   tight: T=[(-3, -1, 2), (1, 0, -1), (-3, -3, -1)], p=3, w*=0, k=6, m=5, t=[4, 12, 36, 108, 324, 972]
  w* - w の分布（w = P_1(S) を捕まえる最小レベル - 1。定理 3(i) は w*-w>=0 を主張）: {0: 731, 1: 73, 2: 54, 3: 17, 4: 9, 5: 5, 6: 2}

==============================================================================
[summary] 全標本まとめ
==============================================================================
  仮説        検査数     非自明      反例
  L         891     891       0
  B0       5346    2120       0
  B1       5346    1061       0
  B2       4455    3616       0
  B3       5346       0       0
  B4       4829    1343       0
  B5       4829     776       0
  B6       5328     210       0
  B6d      5256     210       0
  B7       3486       0       0
  B8       5346       0       0
  X1       5346       0     210
  X2       4455       0      70
  X2low     514     514      70
  X3p      3539    3539       0
  X3g       402     402       0
  X4       1842    1842     200
==============================================================================
