cycle 21 / T3 Pure: 仮定 (B*) を落とす — 検証その 1（分解と有界性） [    0.0s]
母集団: 124 塔, 素数: [2, 3, 5, 7, 11]

==============================================================================
Step A/B/C: tilde E = B G + ell H、bar G の二項式因子ゼロ、theta_G^max、b の 2 経路 [    0.0s]
==============================================================================
  分解できた (塔, ell) の組: 461
  theta_G^max がレベル<=3 で安定しなかった組: 0
  b の 2 経路（sum m_i と sum j^*）の不一致: 0 件（FAIL が上に無ければ）

  b の分布（ell 別。cycle 20 §7.2(c) の表と突き合わせる）
    ell= 2: b=0: 8, b=1: 3, b=2: 67, b=3: 9
    ell= 3: b=0: 34, b=1: 7, b=2: 44, b=4: 1
    ell= 5: b=0: 87, b=1: 1, b=2: 8
    ell= 7: b=0: 93, b=2: 3
    ell=11: b=0: 95, b=2: 1

  theta_G^max の分布: 0: 133, 2: 181, 3: 1, 4: 104, 5: 7, 6: 32, 7: 3

==============================================================================
Step D: 補題 Q3 — sum_{P in P^1(Z/ell^M)} ell^{min(rho_v(P),M)} = (M-1) phi(ell^M) + 2 ell^M [    1.4s]
==============================================================================
  照合した (ell, M, v) の組: 108

==============================================================================
Step E: 補題 Q0 — hat theta_M(P) <= phi(ell^M) * log_ell(C_0)（アルキメデス素点を使う唯一の箇所） [    1.5s]
==============================================================================
  照合した点: 1518
  最悪比 hat theta / phi(ell^M) = 4.0000（上界 log_ell C_0 = 4.3219）: ADV bouquet (1,0)x3,(0,1),(1,2) ell=2 M=1 P=(1, 0) hat=4

==============================================================================
総括 [    1.6s]
==============================================================================
FAIL: 0 件
打ち切り: 0 件
総経過 [    1.6s]
