cycle 21 / T3 Pure: 仮定 (B*) を落とす — 検証その 2（点ごとの分解式） [    0.3s]
掃引する塔: 18（ADV 6 件 ＋ 母集団から 12 件）
レベル上限: {2: 7, 3: 5, 5: 3, 7: 2}

==============================================================================
Step F/G/H/I: 点ごとの分解式・悪い点の個数・(B*) の破れの件数 [    0.3s]
==============================================================================
tower                                  ell  M  #good   #bad  goodOK badcontr  B*viol err/l^M
ADV torus (1,0),(0,1)                    2  1      0      3      OK        7       0    2.50
ADV torus (1,0),(0,1)                    2  2      0      6      OK       16       0    2.00
ADV torus (1,0),(0,1)                    2  3      8      4      OK       28       2    2.50
ADV torus (1,0),(0,1)                    2  4     20      4      OK       52       2    2.75
ADV torus (1,0),(0,1)                    2  5     44      4      OK      100       2    2.88
ADV torus (1,0),(0,1)                    2  6     92      4      OK      196       2    2.94
ADV torus (1,0),(0,1)                    2  7    188      4      OK      388       2    2.97
ADV torus (1,0),(0,1)                    3  1      0      4      OK        8       0    2.67
ADV torus (1,0),(0,1)                    3  2     12      0      OK        0       0    2.67
ADV torus (1,0),(0,1)                    3  3     36      0      OK        0       0    2.67
ADV torus (1,0),(0,1)                    3  4    108      0      OK        0       0    2.67
ADV torus (1,0),(0,1)                    3  5    324      0      OK        0       0    2.67
ADV torus (1,0),(0,1)                    5  1      0      6      OK       16       0    3.20
ADV torus (1,0),(0,1)                    5  2     30      0      OK        0       0    3.20
ADV torus (1,0),(0,1)                    5  3    150      0      OK        0       0    3.20
ADV torus (1,0),(0,1)                    7  1      8      0      OK        0       0    2.29
ADV torus (1,0),(0,1)                    7  2     56      0      OK        0       0    2.29
ADV bouquet (1,0),(0,1),(1,1),(1,-1)     2  1      0      3      OK        7       0    3.50
ADV bouquet (1,0),(0,1),(1,1),(1,-1)     2  2      0      6      OK       20       2    5.00
ADV bouquet (1,0),(0,1),(1,1),(1,-1)     2  3      0     12      OK       32       0    4.00
ADV bouquet (1,0),(0,1),(1,1),(1,-1)     2  4     24      0      OK        0       0    4.00
ADV bouquet (1,0),(0,1),(1,1),(1,-1)     2  5     48      0      OK        0       0    4.00
ADV bouquet (1,0),(0,1),(1,1),(1,-1)     2  6     96      0      OK        0       0    4.00
ADV bouquet (1,0),(0,1),(1,1),(1,-1)     2  7    192      0      OK        0       0    4.00
ADV bouquet (1,0),(0,1),(1,1),(1,-1)     3  1      0      4      OK       16       2    2.67
ADV bouquet (1,0),(0,1),(1,1),(1,-1)     3  2      6      6      OK       64       4    4.44
ADV bouquet (1,0),(0,1),(1,1),(1,-1)     3  3     30      6      OK      184       4    5.04
ADV bouquet (1,0),(0,1),(1,1),(1,-1)     3  4    102      6      OK      544       4    5.23
ADV bouquet (1,0),(0,1),(1,1),(1,-1)     3  5    318      6      OK     1624       4    5.30
ADV bouquet (1,0),(0,1),(1,1),(1,-1)     5  1      0      6      OK       16       0    3.20
ADV bouquet (1,0),(0,1),(1,1),(1,-1)     5  2     30      0      OK        0       0    3.20
ADV bouquet (1,0),(0,1),(1,1),(1,-1)     5  3    150      0      OK        0       0    3.20
ADV bouquet (1,0),(0,1),(1,1),(1,-1)     7  1      8      0      OK        0       0    2.29
ADV bouquet (1,0),(0,1),(1,1),(1,-1)     7  2     56      0      OK        0       0    2.29
ADV bouquet (1,0),(1,-1),(1,2)           2  1      0      3      OK        7       0    3.50
ADV bouquet (1,0),(1,-1),(1,2)           2  2      0      6      OK       18       1    4.50
ADV bouquet (1,0),(1,-1),(1,2)           2  3      0     12      OK       44       2    5.50
ADV bouquet (1,0),(1,-1),(1,2)           2  4     24      0      OK        0       0    4.50
ADV bouquet (1,0),(1,-1),(1,2)           2  5     48      0      OK        0       0    4.50
ADV bouquet (1,0),(1,-1),(1,2)           2  6     96      0      OK        0       0    4.50
ADV bouquet (1,0),(1,-1),(1,2)           2  7    192      0      OK        0       0    4.50
ADV bouquet (1,0),(1,-1),(1,2)           3  1      0      4      OK       12       0    3.33
ADV bouquet (1,0),(1,-1),(1,2)           3  2      0     12      OK       42       0    3.33
ADV bouquet (1,0),(1,-1),(1,2)           3  3     35      1      OK       20       0    3.26
ADV bouquet (1,0),(1,-1),(1,2)           3  4    107      1      OK       56       0    3.23
ADV bouquet (1,0),(1,-1),(1,2)           3  5    323      1      OK      164       0    3.23
ADV bouquet (1,0),(1,-1),(1,2)           5  1      0      6      OK       16       0    3.20
ADV bouquet (1,0),(1,-1),(1,2)           5  2     30      0      OK        0       0    3.20
ADV bouquet (1,0),(1,-1),(1,2)           5  3    150      0      OK        0       0    3.20
ADV bouquet (1,0),(1,-1),(1,2)           7  1      0      8      OK       20       0    2.86
ADV bouquet (1,0),(1,-1),(1,2)           7  2     56      0      OK        0       0    2.86
ADV bouquet (1,0)x3,(0,1),(1,2)          2  1      0      3      OK        8       0    3.00
ADV bouquet (1,0)x3,(0,1),(1,2)          2  2      0      6      OK       18       0    2.50
ADV bouquet (1,0)x3,(0,1),(1,2)          2  3      8      4      OK       26       0    2.25
ADV bouquet (1,0)x3,(0,1),(1,2)          2  4     20      4      OK       50       0    2.12
ADV bouquet (1,0)x3,(0,1),(1,2)          2  5     44      4      OK       98       0    2.06
ADV bouquet (1,0)x3,(0,1),(1,2)          2  6     92      4      OK      194       0    2.03
ADV bouquet (1,0)x3,(0,1),(1,2)          2  7    188      4      OK      386       0    2.02
ADV bouquet (1,0)x3,(0,1),(1,2)          3  1      0      4      OK        8       0    2.67
ADV bouquet (1,0)x3,(0,1),(1,2)          3  2     12      0      OK        0       0    2.67
ADV bouquet (1,0)x3,(0,1),(1,2)          3  3     36      0      OK        0       0    2.67
ADV bouquet (1,0)x3,(0,1),(1,2)          3  4    108      0      OK        0       0    2.67
ADV bouquet (1,0)x3,(0,1),(1,2)          3  5    324      0      OK        0       0    2.67
ADV bouquet (1,0)x3,(0,1),(1,2)          5  1      0      6      OK       18       0    2.80
ADV bouquet (1,0)x3,(0,1),(1,2)          5  2     29      1      OK       22       0    2.64
ADV bouquet (1,0)x3,(0,1),(1,2)          5  3    149      1      OK      102       0    2.61
ADV bouquet (1,0)x3,(0,1),(1,2)          7  1      8      0      OK        0       0    2.29
ADV bouquet (1,0)x3,(0,1),(1,2)          7  2     56      0      OK        0       0    2.29
ADV bouquet (1,0)x2,(0,1),(1,1)          2  1      0      3      OK        7       0    2.50
ADV bouquet (1,0)x2,(0,1),(1,1)          2  2      0      6      OK       16       0    2.00
ADV bouquet (1,0)x2,(0,1),(1,1)          2  3      8      4      OK       32       2    3.00
ADV bouquet (1,0)x2,(0,1),(1,1)          2  4     20      4      OK       48       2    2.50
ADV bouquet (1,0)x2,(0,1),(1,1)          2  5     44      4      OK       88       2    2.50
ADV bouquet (1,0)x2,(0,1),(1,1)          2  6     92      4      OK      168       2    2.50
ADV bouquet (1,0)x2,(0,1),(1,1)          2  7    188      4      OK      328       2    2.50
ADV bouquet (1,0)x2,(0,1),(1,1)          3  1      0      4      OK       12       1    2.67
ADV bouquet (1,0)x2,(0,1),(1,1)          3  2     10      2      OK       16       0    2.22
ADV bouquet (1,0)x2,(0,1),(1,1)          3  3     34      2      OK       40       0    2.07
ADV bouquet (1,0)x2,(0,1),(1,1)          3  4    106      2      OK      112       0    2.02
ADV bouquet (1,0)x2,(0,1),(1,1)          3  5    322      2      OK      328       0    2.01
ADV bouquet (1,0)x2,(0,1),(1,1)          5  1      0      6      OK       14       0    2.80
ADV bouquet (1,0)x2,(0,1),(1,1)          5  2     30      0      OK        0       0    2.80
ADV bouquet (1,0)x2,(0,1),(1,1)          5  3    150      0      OK        0       0    2.80
ADV bouquet (1,0)x2,(0,1),(1,1)          7  1      8      0      OK        0       0    2.86
ADV bouquet (1,0)x2,(0,1),(1,1)          7  2     56      0      OK        0       0    2.86
ADV bouquet (1,0)x3,(0,1)x3              2  1      0      3      OK        7       0    2.50
ADV bouquet (1,0)x3,(0,1)x3              2  2      0      6      OK       16       0    2.00
ADV bouquet (1,0)x3,(0,1)x3              2  3      8      4      OK       28       2    2.50
ADV bouquet (1,0)x3,(0,1)x3              2  4     20      4      OK       52       2    2.75
ADV bouquet (1,0)x3,(0,1)x3              2  5     44      4      OK      100       2    2.88
ADV bouquet (1,0)x3,(0,1)x3              2  6     92      4      OK      196       2    2.94
ADV bouquet (1,0)x3,(0,1)x3              2  7    188      4      OK      388       2    2.97
ADV bouquet (1,0)x3,(0,1)x3              3  1      0      4      OK        8       0    2.67
ADV bouquet (1,0)x3,(0,1)x3              3  2     12      0      OK        0       0    2.67
ADV bouquet (1,0)x3,(0,1)x3              3  3     36      0      OK        0       0    2.67
ADV bouquet (1,0)x3,(0,1)x3              3  4    108      0      OK        0       0    2.67
ADV bouquet (1,0)x3,(0,1)x3              3  5    324      0      OK        0       0    2.67
ADV bouquet (1,0)x3,(0,1)x3              5  1      0      6      OK       16       0    3.20
ADV bouquet (1,0)x3,(0,1)x3              5  2     30      0      OK        0       0    3.20
ADV bouquet (1,0)x3,(0,1)x3              5  3    150      0      OK        0       0    3.20
ADV bouquet (1,0)x3,(0,1)x3              7  1      8      0      OK        0       0    2.29
ADV bouquet (1,0)x3,(0,1)x3              7  2     56      0      OK        0       0    2.29
BQ2 (1, 0),(0, 1)                        2  1      0      3      OK        7       0    2.50
BQ2 (1, 0),(0, 1)                        2  2      0      6      OK       16       0    2.00
BQ2 (1, 0),(0, 1)                        2  3      8      4      OK       28       2    2.50
BQ2 (1, 0),(0, 1)                        2  4     20      4      OK       52       2    2.75
BQ2 (1, 0),(0, 1)                        2  5     44      4      OK      100       2    2.88
BQ2 (1, 0),(0, 1)                        2  6     92      4      OK      196       2    2.94
BQ2 (1, 0),(0, 1)                        2  7    188      4      OK      388       2    2.97
BQ2 (1, 0),(0, 1)                        3  1      0      4      OK        8       0    2.67
BQ2 (1, 0),(0, 1)                        3  2     12      0      OK        0       0    2.67
BQ2 (1, 0),(0, 1)                        3  3     36      0      OK        0       0    2.67
BQ2 (1, 0),(0, 1)                        3  4    108      0      OK        0       0    2.67
BQ2 (1, 0),(0, 1)                        3  5    324      0      OK        0       0    2.67
BQ2 (1, 0),(0, 1)                        5  1      0      6      OK       16       0    3.20
BQ2 (1, 0),(0, 1)                        5  2     30      0      OK        0       0    3.20
BQ2 (1, 0),(0, 1)                        5  3    150      0      OK        0       0    3.20
BQ2 (1, 0),(0, 1)                        7  1      8      0      OK        0       0    2.29
BQ2 (1, 0),(0, 1)                        7  2     56      0      OK        0       0    2.29
BQ2 (1, 0),(1, 1)                        2  1      0      3      OK        7       0    2.50
BQ2 (1, 0),(1, 1)                        2  2      0      6      OK       16       0    2.00
BQ2 (1, 0),(1, 1)                        2  3      8      4      OK       28       2    2.50
BQ2 (1, 0),(1, 1)                        2  4     20      4      OK       52       2    2.75
BQ2 (1, 0),(1, 1)                        2  5     44      4      OK      100       2    2.88
BQ2 (1, 0),(1, 1)                        2  6     92      4      OK      196       2    2.94
BQ2 (1, 0),(1, 1)                        2  7    188      4      OK      388       2    2.97
BQ2 (1, 0),(1, 1)                        3  1      0      4      OK        8       0    2.67
BQ2 (1, 0),(1, 1)                        3  2     12      0      OK        0       0    2.67
BQ2 (1, 0),(1, 1)                        3  3     36      0      OK        0       0    2.67
BQ2 (1, 0),(1, 1)                        3  4    108      0      OK        0       0    2.67
BQ2 (1, 0),(1, 1)                        3  5    324      0      OK        0       0    2.67
BQ2 (1, 0),(1, 1)                        5  1      0      6      OK       16       0    3.20
BQ2 (1, 0),(1, 1)                        5  2     30      0      OK        0       0    3.20
BQ2 (1, 0),(1, 1)                        5  3    150      0      OK        0       0    3.20
BQ2 (1, 0),(1, 1)                        7  1      8      0      OK        0       0    2.29
BQ2 (1, 0),(1, 1)                        7  2     56      0      OK        0       0    2.29
BQ2 (1, 0),(1, 2)                        3  1      0      4      OK        8       0    2.67
BQ2 (1, 0),(1, 2)                        3  2     12      0      OK        0       0    2.67
BQ2 (1, 0),(1, 2)                        3  3     36      0      OK        0       0    2.67
BQ2 (1, 0),(1, 2)                        3  4    108      0      OK        0       0    2.67
BQ2 (1, 0),(1, 2)                        3  5    324      0      OK        0       0    2.67
BQ2 (1, 0),(1, 2)                        5  1      0      6      OK       16       0    3.20
BQ2 (1, 0),(1, 2)                        5  2     30      0      OK        0       0    3.20
BQ2 (1, 0),(1, 2)                        5  3    150      0      OK        0       0    3.20
BQ2 (1, 0),(1, 2)                        7  1      8      0      OK        0       0    2.29
BQ2 (1, 0),(1, 2)                        7  2     56      0      OK        0       0    2.29
BQ2 (0, 1),(2, 1)                        3  1      0      4      OK        8       0    2.67
BQ2 (0, 1),(2, 1)                        3  2     12      0      OK        0       0    2.67
BQ2 (0, 1),(2, 1)                        3  3     36      0      OK        0       0    2.67
BQ2 (0, 1),(2, 1)                        3  4    108      0      OK        0       0    2.67
BQ2 (0, 1),(2, 1)                        3  5    324      0      OK        0       0    2.67
BQ2 (0, 1),(2, 1)                        5  1      0      6      OK       16       0    3.20
BQ2 (0, 1),(2, 1)                        5  2     30      0      OK        0       0    3.20
BQ2 (0, 1),(2, 1)                        5  3    150      0      OK        0       0    3.20
BQ2 (0, 1),(2, 1)                        7  1      8      0      OK        0       0    2.29
BQ2 (0, 1),(2, 1)                        7  2     56      0      OK        0       0    2.29
BQ3 (1, 0),(1, 0),(1, 2)                 3  1      0      4      OK       12       0    2.67
BQ3 (1, 0),(1, 0),(1, 2)                 3  2     10      2      OK       16       0    2.22
BQ3 (1, 0),(1, 0),(1, 2)                 3  3     34      2      OK       40       0    2.07
BQ3 (1, 0),(1, 0),(1, 2)                 3  4    106      2      OK      112       0    2.02
BQ3 (1, 0),(1, 0),(1, 2)                 3  5    322      2      OK      328       0    2.01
BQ3 (1, 0),(1, 0),(1, 2)                 5  1      6      0      OK        0       0    2.40
BQ3 (1, 0),(1, 0),(1, 2)                 5  2     30      0      OK        0       0    2.40
BQ3 (1, 0),(1, 0),(1, 2)                 5  3    150      0      OK        0       0    2.40
BQ3 (1, 0),(1, 0),(1, 2)                 7  1      8      0      OK        0       0    2.29
BQ3 (1, 0),(1, 0),(1, 2)                 7  2     56      0      OK        0       0    2.29
BQ3 (1, 0),(0, 1),(1, 1)                 2  1      0      3      OK        9       0    3.00
BQ3 (1, 0),(0, 1),(1, 1)                 2  2      0      6      OK       30       3    4.50
BQ3 (1, 0),(0, 1),(1, 1)                 2  3      0     12      OK       78       3    5.25
BQ3 (1, 0),(0, 1),(1, 1)                 2  4     18      6      OK      102       3    5.62
BQ3 (1, 0),(0, 1),(1, 1)                 2  5     42      6      OK      198       3    5.81
BQ3 (1, 0),(0, 1),(1, 1)                 2  6     90      6      OK      390       3    5.91
BQ3 (1, 0),(0, 1),(1, 1)                 2  7    186      6      OK      774       3    5.95
BQ3 (1, 0),(0, 1),(1, 1)                 3  1      0      4      OK       10       1    3.33
BQ3 (1, 0),(0, 1),(1, 1)                 3  2     12      0      OK        0       0    3.33
BQ3 (1, 0),(0, 1),(1, 1)                 3  3     36      0      OK        0       0    3.33
BQ3 (1, 0),(0, 1),(1, 1)                 3  4    108      0      OK        0       0    3.33
BQ3 (1, 0),(0, 1),(1, 1)                 3  5    324      0      OK        0       0    3.33
BQ3 (1, 0),(0, 1),(1, 1)                 5  1      6      0      OK        0       0    2.40
BQ3 (1, 0),(0, 1),(1, 1)                 5  2     30      0      OK        0       0    2.40
BQ3 (1, 0),(0, 1),(1, 1)                 5  3    150      0      OK        0       0    2.40
BQ3 (1, 0),(0, 1),(1, 1)                 7  1      0      8      OK       24       0    3.43
BQ3 (1, 0),(0, 1),(1, 1)                 7  2     56      0      OK        0       0    3.43
BQ3 (1, 0),(0, 1),(1, -1)                2  1      0      3      OK        9       0    3.00
BQ3 (1, 0),(0, 1),(1, -1)                2  2      0      6      OK       30       3    4.50
BQ3 (1, 0),(0, 1),(1, -1)                2  3      0     12      OK       78       3    5.25
BQ3 (1, 0),(0, 1),(1, -1)                2  4     18      6      OK      102       3    5.62
BQ3 (1, 0),(0, 1),(1, -1)                2  5     42      6      OK      198       3    5.81
BQ3 (1, 0),(0, 1),(1, -1)                2  6     90      6      OK      390       3    5.91
BQ3 (1, 0),(0, 1),(1, -1)                2  7    186      6      OK      774       3    5.95
BQ3 (1, 0),(0, 1),(1, -1)                3  1      0      4      OK       10       1    3.33
BQ3 (1, 0),(0, 1),(1, -1)                3  2     12      0      OK        0       0    3.33
BQ3 (1, 0),(0, 1),(1, -1)                3  3     36      0      OK        0       0    3.33
BQ3 (1, 0),(0, 1),(1, -1)                3  4    108      0      OK        0       0    3.33
BQ3 (1, 0),(0, 1),(1, -1)                3  5    324      0      OK        0       0    3.33
BQ3 (1, 0),(0, 1),(1, -1)                5  1      6      0      OK        0       0    2.40
BQ3 (1, 0),(0, 1),(1, -1)                5  2     30      0      OK        0       0    2.40
BQ3 (1, 0),(0, 1),(1, -1)                5  3    150      0      OK        0       0    2.40
BQ3 (1, 0),(0, 1),(1, -1)                7  1      0      8      OK       24       0    3.43
BQ3 (1, 0),(0, 1),(1, -1)                7  2     56      0      OK        0       0    3.43
BQ3 (1, 0),(1, -1),(2, 1)                2  1      0      3      OK        9       0    4.00
BQ3 (1, 0),(1, -1),(2, 1)                2  2      0      6      OK       30       3    6.50
BQ3 (1, 0),(1, -1),(2, 1)                2  3      0     12      OK       70       3    7.25
BQ3 (1, 0),(1, -1),(2, 1)                2  4      0     24      OK      150       1    7.38
BQ3 (1, 0),(1, -1),(2, 1)                2  5     46      2      OK       66       1    7.44
BQ3 (1, 0),(1, -1),(2, 1)                2  6     94      2      OK      130       1    7.47
BQ3 (1, 0),(1, -1),(2, 1)                2  7    190      2      OK      258       1    7.48
BQ3 (1, 0),(1, -1),(2, 1)                3  1      0      4      OK       12       1    4.00
BQ3 (1, 0),(1, -1),(2, 1)                3  2      0     12      OK       40       0    4.44
BQ3 (1, 0),(1, -1),(2, 1)                3  3     36      0      OK        0       0    4.44
BQ3 (1, 0),(1, -1),(2, 1)                3  4    108      0      OK        0       0    4.44
BQ3 (1, 0),(1, -1),(2, 1)                3  5    324      0      OK        0       0    4.44
BQ3 (1, 0),(1, -1),(2, 1)                5  1      0      6      OK       16       0    3.20
BQ3 (1, 0),(1, -1),(2, 1)                5  2     30      0      OK        0       0    3.20
BQ3 (1, 0),(1, -1),(2, 1)                5  3    150      0      OK        0       0    3.20
BQ3 (1, 0),(1, -1),(2, 1)                7  1      8      0      OK        0       0    2.29
BQ3 (1, 0),(1, -1),(2, 1)                7  2     56      0      OK        0       0    2.29
BQ3 (1, 0),(1, -1),(1, 2)                2  1      0      3      OK        7       0    3.50
BQ3 (1, 0),(1, -1),(1, 2)                2  2      0      6      OK       18       1    4.50
BQ3 (1, 0),(1, -1),(1, 2)                2  3      0     12      OK       44       2    5.50
BQ3 (1, 0),(1, -1),(1, 2)                2  4     24      0      OK        0       0    4.50
BQ3 (1, 0),(1, -1),(1, 2)                2  5     48      0      OK        0       0    4.50
BQ3 (1, 0),(1, -1),(1, 2)                2  6     96      0      OK        0       0    4.50
BQ3 (1, 0),(1, -1),(1, 2)                2  7    192      0      OK        0       0    4.50
BQ3 (1, 0),(1, -1),(1, 2)                3  1      0      4      OK       12       0    3.33
BQ3 (1, 0),(1, -1),(1, 2)                3  2      0     12      OK       42       0    3.33
BQ3 (1, 0),(1, -1),(1, 2)                3  3     35      1      OK       20       0    3.26
BQ3 (1, 0),(1, -1),(1, 2)                3  4    107      1      OK       56       0    3.23
BQ3 (1, 0),(1, -1),(1, 2)                3  5    323      1      OK      164       0    3.23
BQ3 (1, 0),(1, -1),(1, 2)                5  1      0      6      OK       16       0    3.20
BQ3 (1, 0),(1, -1),(1, 2)                5  2     30      0      OK        0       0    3.20
BQ3 (1, 0),(1, -1),(1, 2)                5  3    150      0      OK        0       0    3.20
BQ3 (1, 0),(1, -1),(1, 2)                7  1      0      8      OK       20       0    2.86
BQ3 (1, 0),(1, -1),(1, 2)                7  2     56      0      OK        0       0    2.86
BQ3 (1, 0),(2, 1),(1, 2)                 2  1      0      3      OK        7       0    3.50
BQ3 (1, 0),(2, 1),(1, 2)                 2  2      0      6      OK       18       1    4.50
BQ3 (1, 0),(2, 1),(1, 2)                 2  3      0     12      OK       44       2    5.50
BQ3 (1, 0),(2, 1),(1, 2)                 2  4     24      0      OK        0       0    4.50
BQ3 (1, 0),(2, 1),(1, 2)                 2  5     48      0      OK        0       0    4.50
BQ3 (1, 0),(2, 1),(1, 2)                 2  6     96      0      OK        0       0    4.50
BQ3 (1, 0),(2, 1),(1, 2)                 2  7    192      0      OK        0       0    4.50
BQ3 (1, 0),(2, 1),(1, 2)                 3  1      0      4      OK       12       2    3.33
BQ3 (1, 0),(2, 1),(1, 2)                 3  2      0     12      OK       42       0    3.33
BQ3 (1, 0),(2, 1),(1, 2)                 3  3     35      1      OK       20       0    3.26
BQ3 (1, 0),(2, 1),(1, 2)                 3  4    107      1      OK       56       0    3.23
BQ3 (1, 0),(2, 1),(1, 2)                 3  5    323      1      OK      164       0    3.23
BQ3 (1, 0),(2, 1),(1, 2)                 5  1      0      6      OK       16       0    3.20
BQ3 (1, 0),(2, 1),(1, 2)                 5  2     30      0      OK        0       0    3.20
BQ3 (1, 0),(2, 1),(1, 2)                 5  3    150      0      OK        0       0    3.20
BQ3 (1, 0),(2, 1),(1, 2)                 7  1      0      8      OK       20       0    2.86
BQ3 (1, 0),(2, 1),(1, 2)                 7  2     56      0      OK        0       0    2.86
BQ3 (1, 0),(1, 2),(1, 2)                 3  1      0      4      OK       12       1    2.67
BQ3 (1, 0),(1, 2),(1, 2)                 3  2     10      2      OK       16       0    2.22
BQ3 (1, 0),(1, 2),(1, 2)                 3  3     34      2      OK       40       0    2.07
BQ3 (1, 0),(1, 2),(1, 2)                 3  4    106      2      OK      112       0    2.02
BQ3 (1, 0),(1, 2),(1, 2)                 3  5    322      2      OK      328       0    2.01
BQ3 (1, 0),(1, 2),(1, 2)                 5  1      6      0      OK        0       0    2.40
BQ3 (1, 0),(1, 2),(1, 2)                 5  2     30      0      OK        0       0    2.40
BQ3 (1, 0),(1, 2),(1, 2)                 5  3    150      0      OK        0       0    2.40
BQ3 (1, 0),(1, 2),(1, 2)                 7  1      8      0      OK        0       0    2.29
BQ3 (1, 0),(1, 2),(1, 2)                 7  2     56      0      OK        0       0    2.29
BQ3 (0, 1),(1, -1),(1, 2)                2  1      0      3      OK        9       0    4.00
BQ3 (0, 1),(1, -1),(1, 2)                2  2      0      6      OK       30       3    6.50
BQ3 (0, 1),(1, -1),(1, 2)                2  3      0     12      OK       70       3    7.25
BQ3 (0, 1),(1, -1),(1, 2)                2  4      0     24      OK      150       1    7.38
BQ3 (0, 1),(1, -1),(1, 2)                2  5     46      2      OK       66       1    7.44
BQ3 (0, 1),(1, -1),(1, 2)                2  6     94      2      OK      130       1    7.47
BQ3 (0, 1),(1, -1),(1, 2)                2  7    190      2      OK      258       1    7.48
BQ3 (0, 1),(1, -1),(1, 2)                3  1      0      4      OK       12       1    4.00
BQ3 (0, 1),(1, -1),(1, 2)                3  2      0     12      OK       40       0    4.44
BQ3 (0, 1),(1, -1),(1, 2)                3  3     36      0      OK        0       0    4.44
BQ3 (0, 1),(1, -1),(1, 2)                3  4    108      0      OK        0       0    4.44
BQ3 (0, 1),(1, -1),(1, 2)                3  5    324      0      OK        0       0    4.44
BQ3 (0, 1),(1, -1),(1, 2)                5  1      0      6      OK       16       0    3.20
BQ3 (0, 1),(1, -1),(1, 2)                5  2     30      0      OK        0       0    3.20
BQ3 (0, 1),(1, -1),(1, 2)                5  3    150      0      OK        0       0    3.20
BQ3 (0, 1),(1, -1),(1, 2)                7  1      8      0      OK        0       0    2.29
BQ3 (0, 1),(1, -1),(1, 2)                7  2     56      0      OK        0       0    2.29

==============================================================================
総括 [   16.6s]
==============================================================================
良い点（分解式が等号で成り立つべき点）の総数: 17781
悪い点（十分条件を満たさない点。粗上界だけで押さえる点）の総数: 765
仮定 (B*) が実際に破れていた点の総数: 143
  うち「良い点」（本 report の分解式が等号で当たった点）: 0
  → この数が正なら「(B*) が破れているのに定理 Q1 の点ごとの式は破れていない」ことの直接の実例である

悪い点の個数の M 依存（M に依らず有界であるべき）:
  ADV bouquet (1,0),(0,1),(1,1),(1,-1)   ell=2 : M=1:3, M=2:6, M=3:12, M=4:0, M=5:0, M=6:0, M=7:0
  ADV bouquet (1,0),(0,1),(1,1),(1,-1)   ell=3 : M=1:4, M=2:6, M=3:6, M=4:6, M=5:6
  ADV bouquet (1,0),(0,1),(1,1),(1,-1)   ell=5 : M=1:6, M=2:0, M=3:0
  ADV bouquet (1,0),(0,1),(1,1),(1,-1)   ell=7 : M=1:0, M=2:0
  ADV bouquet (1,0),(1,-1),(1,2)         ell=2 : M=1:3, M=2:6, M=3:12, M=4:0, M=5:0, M=6:0, M=7:0
  ADV bouquet (1,0),(1,-1),(1,2)         ell=3 : M=1:4, M=2:12, M=3:1, M=4:1, M=5:1
  ADV bouquet (1,0),(1,-1),(1,2)         ell=5 : M=1:6, M=2:0, M=3:0
  ADV bouquet (1,0),(1,-1),(1,2)         ell=7 : M=1:8, M=2:0
  ADV bouquet (1,0)x2,(0,1),(1,1)        ell=2 : M=1:3, M=2:6, M=3:4, M=4:4, M=5:4, M=6:4, M=7:4
  ADV bouquet (1,0)x2,(0,1),(1,1)        ell=3 : M=1:4, M=2:2, M=3:2, M=4:2, M=5:2
  ADV bouquet (1,0)x2,(0,1),(1,1)        ell=5 : M=1:6, M=2:0, M=3:0
  ADV bouquet (1,0)x2,(0,1),(1,1)        ell=7 : M=1:0, M=2:0
  ADV bouquet (1,0)x3,(0,1),(1,2)        ell=2 : M=1:3, M=2:6, M=3:4, M=4:4, M=5:4, M=6:4, M=7:4
  ADV bouquet (1,0)x3,(0,1),(1,2)        ell=3 : M=1:4, M=2:0, M=3:0, M=4:0, M=5:0
  ADV bouquet (1,0)x3,(0,1),(1,2)        ell=5 : M=1:6, M=2:1, M=3:1
  ADV bouquet (1,0)x3,(0,1),(1,2)        ell=7 : M=1:0, M=2:0
  ADV bouquet (1,0)x3,(0,1)x3            ell=2 : M=1:3, M=2:6, M=3:4, M=4:4, M=5:4, M=6:4, M=7:4
  ADV bouquet (1,0)x3,(0,1)x3            ell=3 : M=1:4, M=2:0, M=3:0, M=4:0, M=5:0
  ADV bouquet (1,0)x3,(0,1)x3            ell=5 : M=1:6, M=2:0, M=3:0
  ADV bouquet (1,0)x3,(0,1)x3            ell=7 : M=1:0, M=2:0
  ADV torus (1,0),(0,1)                  ell=2 : M=1:3, M=2:6, M=3:4, M=4:4, M=5:4, M=6:4, M=7:4
  ADV torus (1,0),(0,1)                  ell=3 : M=1:4, M=2:0, M=3:0, M=4:0, M=5:0
  ADV torus (1,0),(0,1)                  ell=5 : M=1:6, M=2:0, M=3:0
  ADV torus (1,0),(0,1)                  ell=7 : M=1:0, M=2:0
  BQ2 (0, 1),(2, 1)                      ell=3 : M=1:4, M=2:0, M=3:0, M=4:0, M=5:0
  BQ2 (0, 1),(2, 1)                      ell=5 : M=1:6, M=2:0, M=3:0
  BQ2 (0, 1),(2, 1)                      ell=7 : M=1:0, M=2:0
  BQ2 (1, 0),(0, 1)                      ell=2 : M=1:3, M=2:6, M=3:4, M=4:4, M=5:4, M=6:4, M=7:4
  BQ2 (1, 0),(0, 1)                      ell=3 : M=1:4, M=2:0, M=3:0, M=4:0, M=5:0
  BQ2 (1, 0),(0, 1)                      ell=5 : M=1:6, M=2:0, M=3:0
  BQ2 (1, 0),(0, 1)                      ell=7 : M=1:0, M=2:0
  BQ2 (1, 0),(1, 1)                      ell=2 : M=1:3, M=2:6, M=3:4, M=4:4, M=5:4, M=6:4, M=7:4
  BQ2 (1, 0),(1, 1)                      ell=3 : M=1:4, M=2:0, M=3:0, M=4:0, M=5:0
  BQ2 (1, 0),(1, 1)                      ell=5 : M=1:6, M=2:0, M=3:0
  BQ2 (1, 0),(1, 1)                      ell=7 : M=1:0, M=2:0
  BQ2 (1, 0),(1, 2)                      ell=3 : M=1:4, M=2:0, M=3:0, M=4:0, M=5:0
  BQ2 (1, 0),(1, 2)                      ell=5 : M=1:6, M=2:0, M=3:0
  BQ2 (1, 0),(1, 2)                      ell=7 : M=1:0, M=2:0
  BQ3 (0, 1),(1, -1),(1, 2)              ell=2 : M=1:3, M=2:6, M=3:12, M=4:24, M=5:2, M=6:2, M=7:2
  BQ3 (0, 1),(1, -1),(1, 2)              ell=3 : M=1:4, M=2:12, M=3:0, M=4:0, M=5:0
  BQ3 (0, 1),(1, -1),(1, 2)              ell=5 : M=1:6, M=2:0, M=3:0
  BQ3 (0, 1),(1, -1),(1, 2)              ell=7 : M=1:0, M=2:0
  BQ3 (1, 0),(0, 1),(1, -1)              ell=2 : M=1:3, M=2:6, M=3:12, M=4:6, M=5:6, M=6:6, M=7:6
  BQ3 (1, 0),(0, 1),(1, -1)              ell=3 : M=1:4, M=2:0, M=3:0, M=4:0, M=5:0
  BQ3 (1, 0),(0, 1),(1, -1)              ell=5 : M=1:0, M=2:0, M=3:0
  BQ3 (1, 0),(0, 1),(1, -1)              ell=7 : M=1:8, M=2:0
  BQ3 (1, 0),(0, 1),(1, 1)               ell=2 : M=1:3, M=2:6, M=3:12, M=4:6, M=5:6, M=6:6, M=7:6
  BQ3 (1, 0),(0, 1),(1, 1)               ell=3 : M=1:4, M=2:0, M=3:0, M=4:0, M=5:0
  BQ3 (1, 0),(0, 1),(1, 1)               ell=5 : M=1:0, M=2:0, M=3:0
  BQ3 (1, 0),(0, 1),(1, 1)               ell=7 : M=1:8, M=2:0
  BQ3 (1, 0),(1, -1),(1, 2)              ell=2 : M=1:3, M=2:6, M=3:12, M=4:0, M=5:0, M=6:0, M=7:0
  BQ3 (1, 0),(1, -1),(1, 2)              ell=3 : M=1:4, M=2:12, M=3:1, M=4:1, M=5:1
  BQ3 (1, 0),(1, -1),(1, 2)              ell=5 : M=1:6, M=2:0, M=3:0
  BQ3 (1, 0),(1, -1),(1, 2)              ell=7 : M=1:8, M=2:0
  BQ3 (1, 0),(1, -1),(2, 1)              ell=2 : M=1:3, M=2:6, M=3:12, M=4:24, M=5:2, M=6:2, M=7:2
  BQ3 (1, 0),(1, -1),(2, 1)              ell=3 : M=1:4, M=2:12, M=3:0, M=4:0, M=5:0
  BQ3 (1, 0),(1, -1),(2, 1)              ell=5 : M=1:6, M=2:0, M=3:0
  BQ3 (1, 0),(1, -1),(2, 1)              ell=7 : M=1:0, M=2:0
  BQ3 (1, 0),(1, 0),(1, 2)               ell=3 : M=1:4, M=2:2, M=3:2, M=4:2, M=5:2
  BQ3 (1, 0),(1, 0),(1, 2)               ell=5 : M=1:0, M=2:0, M=3:0
  BQ3 (1, 0),(1, 0),(1, 2)               ell=7 : M=1:0, M=2:0
  BQ3 (1, 0),(1, 2),(1, 2)               ell=3 : M=1:4, M=2:2, M=3:2, M=4:2, M=5:2
  BQ3 (1, 0),(1, 2),(1, 2)               ell=5 : M=1:0, M=2:0, M=3:0
  BQ3 (1, 0),(1, 2),(1, 2)               ell=7 : M=1:0, M=2:0
  BQ3 (1, 0),(2, 1),(1, 2)               ell=2 : M=1:3, M=2:6, M=3:12, M=4:0, M=5:0, M=6:0, M=7:0
  BQ3 (1, 0),(2, 1),(1, 2)               ell=3 : M=1:4, M=2:12, M=3:1, M=4:1, M=5:1
  BQ3 (1, 0),(2, 1),(1, 2)               ell=5 : M=1:6, M=2:0, M=3:0
  BQ3 (1, 0),(2, 1),(1, 2)               ell=7 : M=1:8, M=2:0

FAIL: 0 件
打ち切り: 0 件
総経過 [   16.6s]
