cycle 21 / T3 Pure: 仮定 (B*) を落とす — 検証その 3（総和と明示定数） [    0.0s]
掃引する塔: 9（ADV 6 ＋ 母集団外 3）

==============================================================================
Step J/L/M: |Theta_M - b M phi(ell^M)| <= C ell^M（C は証明の明示定数） [    0.0s]
==============================================================================
tower                                    ell  M   b  Theta_M        err  err/l^M C(proof)
ADV torus (1,0),(0,1)                      2  1   2        7        5.0    2.500    21.00
ADV torus (1,0),(0,1)                      2  2   2       16        8.0    2.000    36.00
ADV torus (1,0),(0,1)                      2  3   2       44       20.0    2.500    26.00
ADV torus (1,0),(0,1)                      2  4   2      108       44.0    2.750    26.00
ADV torus (1,0),(0,1)                      2  5   2      252       92.0    2.875    26.00
ADV torus (1,0),(0,1)                      2  6   2      572      188.0    2.938    26.00
ADV torus (1,0),(0,1)                      2  7   2     1276      380.0    2.969    26.00
ADV torus (1,0),(0,1)                      3  1   0        8        8.0    2.667    10.24
ADV torus (1,0),(0,1)                      3  2   0       24       24.0    2.667     2.67
ADV torus (1,0),(0,1)                      3  3   0       72       72.0    2.667     2.67
ADV torus (1,0),(0,1)                      3  4   0      216      216.0    2.667     2.67
ADV torus (1,0),(0,1)                      3  5   0      648      648.0    2.667     2.67
ADV torus (1,0),(0,1)                      5  1   0       16       16.0    3.200    12.55
ADV torus (1,0),(0,1)                      5  2   0       80       80.0    3.200     4.80
ADV torus (1,0),(0,1)                      5  3   0      400      400.0    3.200     4.80
ADV bouquet (1,0),(0,1),(1,1),(1,-1)       2  1   0        7        7.0    3.500    18.00
ADV bouquet (1,0),(0,1),(1,1),(1,-1)       2  2   0       20       20.0    5.000    30.00
ADV bouquet (1,0),(0,1),(1,1),(1,-1)       2  3   0       32       32.0    4.000    54.00
ADV bouquet (1,0),(0,1),(1,1),(1,-1)       2  4   0       64       64.0    4.000     6.00
ADV bouquet (1,0),(0,1),(1,1),(1,-1)       2  5   0      128      128.0    4.000     6.00
ADV bouquet (1,0),(0,1),(1,1),(1,-1)       2  6   0      256      256.0    4.000     6.00
ADV bouquet (1,0),(0,1),(1,1),(1,-1)       2  7   0      512      512.0    4.000     6.00
ADV bouquet (1,0),(0,1),(1,1),(1,-1)       3  1   4       16        8.0    2.667    38.09
ADV bouquet (1,0),(0,1),(1,1),(1,-1)       3  2   4       88       40.0    4.444    51.14
ADV bouquet (1,0),(0,1),(1,1),(1,-1)       3  3   4      352      136.0    5.037    51.14
ADV bouquet (1,0),(0,1),(1,1),(1,-1)       3  4   4     1288      424.0    5.235    51.14
ADV bouquet (1,0),(0,1),(1,1),(1,-1)       3  5   4     4528     1288.0    5.300    51.14
ADV bouquet (1,0),(0,1),(1,1),(1,-1)       5  1   0       16       16.0    3.200    15.14
ADV bouquet (1,0),(0,1),(1,1),(1,-1)       5  2   0       80       80.0    3.200     4.80
ADV bouquet (1,0),(0,1),(1,1),(1,-1)       5  3   0      400      400.0    3.200     4.80
ADV bouquet (1,0),(1,-1),(1,2)             2  1   0        7        7.0    3.500    19.75
ADV bouquet (1,0),(1,-1),(1,2)             2  2   0       18       18.0    4.500    30.51
ADV bouquet (1,0),(1,-1),(1,2)             2  3   0       44       44.0    5.500    52.02
ADV bouquet (1,0),(1,-1),(1,2)             2  4   0       72       72.0    4.500     9.00
ADV bouquet (1,0),(1,-1),(1,2)             2  5   0      144      144.0    4.500     9.00
ADV bouquet (1,0),(1,-1),(1,2)             2  6   0      288      288.0    4.500     9.00
ADV bouquet (1,0),(1,-1),(1,2)             2  7   0      576      576.0    4.500     9.00
ADV bouquet (1,0),(1,-1),(1,2)             3  1   1       12       10.0    3.333    22.71
ADV bouquet (1,0),(1,-1),(1,2)             3  2   1       42       30.0    3.333    48.81
ADV bouquet (1,0),(1,-1),(1,2)             3  3   1      142       88.0    3.259    12.93
ADV bouquet (1,0),(1,-1),(1,2)             3  4   1      478      262.0    3.235    12.93
ADV bouquet (1,0),(1,-1),(1,2)             3  5   1     1594      784.0    3.226    12.93
ADV bouquet (1,0),(1,-1),(1,2)             5  1   0       16       16.0    3.200    14.06
ADV bouquet (1,0),(1,-1),(1,2)             5  2   0       80       80.0    3.200     4.80
ADV bouquet (1,0),(1,-1),(1,2)             5  3   0      400      400.0    3.200     4.80
ADV bouquet (1,0)x3,(0,1),(1,2)            2  1   2        8        6.0    3.000    24.97
ADV bouquet (1,0)x3,(0,1),(1,2)            2  2   2       18       10.0    2.500    43.93
ADV bouquet (1,0)x3,(0,1),(1,2)            2  3   2       42       18.0    2.250    31.29
ADV bouquet (1,0)x3,(0,1),(1,2)            2  4   2       98       34.0    2.125    31.29
ADV bouquet (1,0)x3,(0,1),(1,2)            2  5   2      226       66.0    2.062    31.29
ADV bouquet (1,0)x3,(0,1),(1,2)            2  6   2      514      130.0    2.031    31.29
ADV bouquet (1,0)x3,(0,1),(1,2)            2  7   2     1154      258.0    2.016    31.29
ADV bouquet (1,0)x3,(0,1),(1,2)            3  1   0        8        8.0    2.667    13.57
ADV bouquet (1,0)x3,(0,1),(1,2)            3  2   0       24       24.0    2.667     2.67
ADV bouquet (1,0)x3,(0,1),(1,2)            3  3   0       72       72.0    2.667     2.67
ADV bouquet (1,0)x3,(0,1),(1,2)            3  4   0      216      216.0    2.667     2.67
ADV bouquet (1,0)x3,(0,1),(1,2)            3  5   0      648      648.0    2.667     2.67
ADV bouquet (1,0)x3,(0,1),(1,2)            5  1   1       18       14.0    2.800    23.77
ADV bouquet (1,0)x3,(0,1),(1,2)            5  2   1      106       66.0    2.640     9.46
ADV bouquet (1,0)x3,(0,1),(1,2)            5  3   1      626      326.0    2.608     9.46
ADV bouquet (1,0)x2,(0,1),(1,1)            2  1   2        7        5.0    2.500    24.00
ADV bouquet (1,0)x2,(0,1),(1,1)            2  2   2       16        8.0    2.000    42.00
ADV bouquet (1,0)x2,(0,1),(1,1)            2  3   2       48       24.0    3.000    30.00
ADV bouquet (1,0)x2,(0,1),(1,1)            2  4   2      104       40.0    2.500    30.00
ADV bouquet (1,0)x2,(0,1),(1,1)            2  5   2      240       80.0    2.500    30.00
ADV bouquet (1,0)x2,(0,1),(1,1)            2  6   2      544      160.0    2.500    30.00
ADV bouquet (1,0)x2,(0,1),(1,1)            2  7   2     1216      320.0    2.500    30.00
ADV bouquet (1,0)x2,(0,1),(1,1)            3  1   2       12        8.0    2.667    24.09
ADV bouquet (1,0)x2,(0,1),(1,1)            3  2   2       44       20.0    2.222    15.05
ADV bouquet (1,0)x2,(0,1),(1,1)            3  3   2      164       56.0    2.074    15.05
ADV bouquet (1,0)x2,(0,1),(1,1)            3  4   2      596      164.0    2.025    15.05
ADV bouquet (1,0)x2,(0,1),(1,1)            3  5   2     2108      488.0    2.008    15.05
ADV bouquet (1,0)x2,(0,1),(1,1)            5  1   0       14       14.0    2.800    15.14
ADV bouquet (1,0)x2,(0,1),(1,1)            5  2   0       70       70.0    2.800     4.80
ADV bouquet (1,0)x2,(0,1),(1,1)            5  3   0      350      350.0    2.800     4.80
ADV bouquet (1,0)x3,(0,1)x3                2  1   2        7        5.0    2.500    25.75
ADV bouquet (1,0)x3,(0,1)x3                2  2   2       16        8.0    2.000    45.51
ADV bouquet (1,0)x3,(0,1)x3                2  3   2       44       20.0    2.500    32.34
ADV bouquet (1,0)x3,(0,1)x3                2  4   2      108       44.0    2.750    32.34
ADV bouquet (1,0)x3,(0,1)x3                2  5   2      252       92.0    2.875    32.34
ADV bouquet (1,0)x3,(0,1)x3                2  6   2      572      188.0    2.938    32.34
ADV bouquet (1,0)x3,(0,1)x3                2  7   2     1276      380.0    2.969    32.34
ADV bouquet (1,0)x3,(0,1)x3                3  1   0        8        8.0    2.667    10.24
ADV bouquet (1,0)x3,(0,1)x3                3  2   0       24       24.0    2.667     2.67
ADV bouquet (1,0)x3,(0,1)x3                3  3   0       72       72.0    2.667     2.67
ADV bouquet (1,0)x3,(0,1)x3                3  4   0      216      216.0    2.667     2.67
ADV bouquet (1,0)x3,(0,1)x3                3  5   0      648      648.0    2.667     2.67
ADV bouquet (1,0)x3,(0,1)x3                5  1   0       16       16.0    3.200    16.65
ADV bouquet (1,0)x3,(0,1)x3                5  2   0       80       80.0    3.200     4.80
ADV bouquet (1,0)x3,(0,1)x3                5  3   0      400      400.0    3.200     4.80
EXT bouquet (1,0)x2,(0,1)x2                2  1   2        7        5.0    2.500    21.00
EXT bouquet (1,0)x2,(0,1)x2                2  2   2       16        8.0    2.000    36.00
EXT bouquet (1,0)x2,(0,1)x2                2  3   2       44       20.0    2.500    26.00
EXT bouquet (1,0)x2,(0,1)x2                2  4   2      108       44.0    2.750    26.00
EXT bouquet (1,0)x2,(0,1)x2                2  5   2      252       92.0    2.875    26.00
EXT bouquet (1,0)x2,(0,1)x2                2  6   2      572      188.0    2.938    26.00
EXT bouquet (1,0)x2,(0,1)x2                2  7   2     1276      380.0    2.969    26.00
EXT bouquet (1,0)x2,(0,1)x2                3  1   0        8        8.0    2.667    12.76
EXT bouquet (1,0)x2,(0,1)x2                3  2   0       24       24.0    2.667     2.67
EXT bouquet (1,0)x2,(0,1)x2                3  3   0       72       72.0    2.667     2.67
EXT bouquet (1,0)x2,(0,1)x2                3  4   0      216      216.0    2.667     2.67
EXT bouquet (1,0)x2,(0,1)x2                3  5   0      648      648.0    2.667     2.67
EXT bouquet (1,0)x2,(0,1)x2                5  1   0       16       16.0    3.200    15.14
EXT bouquet (1,0)x2,(0,1)x2                5  2   0       80       80.0    3.200     4.80
EXT bouquet (1,0)x2,(0,1)x2                5  3   0      400      400.0    3.200     4.80
EXT bouquet (1,1)x2,(1,-1)x2               3  1   0        8        8.0    2.667    12.76
EXT bouquet (1,1)x2,(1,-1)x2               3  2   0       24       24.0    2.667     2.67
EXT bouquet (1,1)x2,(1,-1)x2               3  3   0       72       72.0    2.667     2.67
EXT bouquet (1,1)x2,(1,-1)x2               3  4   0      216      216.0    2.667     2.67
EXT bouquet (1,1)x2,(1,-1)x2               3  5   0      648      648.0    2.667     2.67
EXT bouquet (1,1)x2,(1,-1)x2               5  1   0       16       16.0    3.200    15.14
EXT bouquet (1,1)x2,(1,-1)x2               5  2   0       80       80.0    3.200     4.80
EXT bouquet (1,1)x2,(1,-1)x2               5  3   0      400      400.0    3.200     4.80
EXT bouquet (1,0),(0,1),(1,1),(1,-1),(2,   2  1   2        8        6.0    3.000    24.97
EXT bouquet (1,0),(0,1),(1,1),(1,-1),(2,   2  2   2       18       10.0    2.500    43.93
EXT bouquet (1,0),(0,1),(1,1),(1,-1),(2,   2  3   2       42       18.0    2.250    31.29
EXT bouquet (1,0),(0,1),(1,1),(1,-1),(2,   2  4   2       98       34.0    2.125    31.29
EXT bouquet (1,0),(0,1),(1,1),(1,-1),(2,   2  5   2      226       66.0    2.062    31.29
EXT bouquet (1,0),(0,1),(1,1),(1,-1),(2,   2  6   2      514      130.0    2.031    31.29
EXT bouquet (1,0),(0,1),(1,1),(1,-1),(2,   2  7   2     1154      258.0    2.016    31.29
EXT bouquet (1,0),(0,1),(1,1),(1,-1),(2,   3  1   0       10       10.0    3.333    16.24
EXT bouquet (1,0),(0,1),(1,1),(1,-1),(2,   3  2   0       30       30.0    3.333     5.33
EXT bouquet (1,0),(0,1),(1,1),(1,-1),(2,   3  3   0       90       90.0    3.333     5.33
EXT bouquet (1,0),(0,1),(1,1),(1,-1),(2,   3  4   0      270      270.0    3.333     5.33
EXT bouquet (1,0),(0,1),(1,1),(1,-1),(2,   3  5   0      810      810.0    3.333     5.33
EXT bouquet (1,0),(0,1),(1,1),(1,-1),(2,   5  1   0       16       16.0    3.200    15.97
EXT bouquet (1,0),(0,1),(1,1),(1,-1),(2,   5  2   0       80       80.0    3.200     4.80
EXT bouquet (1,0),(0,1),(1,1),(1,-1),(2,   5  3   0      400      400.0    3.200     4.80
  照合した (塔, ell, M) の組: 128

==============================================================================
Step K: Theta_M の連鎖から作った ord_ell(kappa_n) を Matrix-Tree の塔の値と照合 [    2.0s]
==============================================================================
  照合した段: 42、取れなかった塔: 0

==============================================================================
総括 [    2.3s]
==============================================================================
FAIL: 0 件
打ち切り: 0 件（Step K で取れなかった塔 0 を除く）
総経過 [    2.3s]
