====================================================================================================
cycle 16 / T1: lambda = l_0(f) の有限手続きとその検証
====================================================================================================

--- (1) 有限アルゴリズム l0_algorithm() の出力（候補方向は台の差の原始方向のみ） ---

P                            p   m_0   l_0 (4.1)上界  割り切る方向 (v, ord)
torus 4-z-1/z-w-1/w          2     0     2 k=2,B=2    [((1, -1), 1), ((1, 1), 1)]
torus 4-z-1/z-w-1/w          3     0     0 k=2,B=0    []
torus 4-z-1/z-w-1/w          5     0     0 k=2,B=2    []
counterex z+w^2-2w           2     0     1 k=1,B=1    [((1, -2), 1)]
counterex z+w^2-2w           3     0     0 k=1,B=1    []
counterex z+w^2-2w           5     0     0 k=1,B=1    []
z-1                          2     0     1 k=1,B=1    [((1, 0), 1)]
z-1                          3     0     1 k=1,B=1    [((1, 0), 1)]
(z-1)^2                      2     0     2 k=2,B=2    [((1, 0), 2)]
(z-1)^2                      3     0     2 k=2,B=2    [((1, 0), 2)]
(z-1)(w-1)                   2     0     2 k=2,B=2    [((0, 1), 1), ((1, 0), 1)]
(z-1)(w-1)                   3     0     2 k=2,B=2    [((0, 1), 1), ((1, 0), 1)]
(z-1)^2(w-1)                 2     0     3 k=3,B=3    [((0, 1), 1), ((1, 0), 2)]
(z-1)^2(w-1)                 3     0     3 k=3,B=3    [((0, 1), 1), ((1, 0), 2)]
z*w-1  (=gamma_(1,1)-1)      2     0     1 k=1,B=1    [((1, 1), 1)]
z*w-1  (=gamma_(1,1)-1)      3     0     1 k=1,B=1    [((1, 1), 1)]
z+w^2                        2     0     1 k=1,B=1    [((1, -2), 1)]
z+w^2                        3     0     0 k=0,B=0    []
6-z-w                        2     0     1 k=1,B=1    [((1, -1), 1)]
6-z-w                        3     0     0 k=0,B=0    []
2+3z+3w                      2     0     1 k=1,B=1    [((1, -1), 1)]
2+3z+3w                      3     0     0 k=0,B=0    []
3*(6-z-w)                    2     0     1 k=1,B=1    [((1, -1), 1)]
3*(6-z-w)                    3     1     0 k=0,B=0    []
7-2z-2w                      2     0     0 k=0,B=0    []
7-2z-2w                      3     0     0 k=1,B=1    []
z^2+z*w+w^2 (p=3)            2     0     0 k=0,B=0    []
z^2+z*w+w^2 (p=3)            3     0     2 k=2,B=2    [((1, -1), 2)]
z^3-1                        2     0     1 k=1,B=1    [((1, 0), 1)]
z^3-1                        3     0     3 k=3,B=3    [((1, 0), 3)]

  * (4.1) は cycle 15 の上界 l_0 <= (H の F_p 有理線形因子の重複度の和)。B < l_0 が出たら (4.1) が誤り。
  (4.1) 違反: 0 件

--- (2) 独立検証 B: 有理方向 v ごとに z->(1+Y)^{-v2}, w->(1+Y)^{v1} を代入した F_p[[Y]] の零判定 ---
    アルゴリズム A の判定（ファイバー係数和）と一致するかを見る。

  A と B の不一致: 0 件

--- (3) 独立検証 C: P^1(Z/p^K) 全点走査（有理・無理を区別せず Z_p 方向を有限精度で全被覆） ---
    級数が Y^{p^K} まで 0 にならないボールは、その中のどの方向も割らないことを証明する。
    残ったボールの中心が A の出した有理方向と（p^K の精度で）一致するかを見る。

  P=torus 4-z-1/z-w-1/w      p=2 K=3: 走査 12 点, 残存 [(1, 1), (1, 7)] / A の予測 [(1, 1), (1, 7)]  一致=True
  P=torus 4-z-1/z-w-1/w      p=3 K=3: 走査 36 点, 残存 [] / A の予測 []  一致=True
  P=counterex z+w^2-2w       p=3 K=3: 走査 36 点, 残存 [] / A の予測 []  一致=True
  P=(z-1)(w-1)               p=2 K=3: 走査 12 点, 残存 [(0, 1), (1, 0)] / A の予測 [(0, 1), (1, 0)]  一致=True
  P=(z-1)(w-1)               p=3 K=3: 走査 36 点, 残存 [(0, 1), (1, 0)] / A の予測 [(0, 1), (1, 0)]  一致=True
  P=z+w^2                    p=2 K=3: 走査 12 点, 残存 [(1, 6)] / A の予測 [(1, 6)]  一致=True

--- (4) 検証 D: Kataoka Thm 2.1/2.3 の漸近形 sum_{chi(f)!=0} ord_p(chi(f)) との照合 ---
    v(n) = m_0 p^{2n} + l_0 n p^n + mu_1 p^n + lam_1 n + nu  (n>>0)
    A が出した l_0 を固定し、残り 4 係数を最後の 4 点でフィット → 別の n で検証。

    m_0 = v_p(content P)（cycle 15 で確定）と l_0（本 step のアルゴリズム A）を**両方とも固定**し、
    残る 3 係数 (mu_1, lam_1, nu) を最も大きい 3 点で決めて、それ以外の n で予測が当たるかを見る。
    ⇒ 当たれば l_0 の値は 1 自由度も使わずに漸近列を再現したことになる（フィットの後付けではない）。

  P=torus 4-z-1/z-w-1/w      p=2: v(n)=['0', '7', '23', '67', '175', '427']  退化 chi 数=[1, 1, 1, 1, 1, 1]
      A: m_0=0 l_0=2 割る方向 [((1, -1), 1), ((1, 1), 1)]
      (mu_1,lam_1,nu)=(4, -4, -1) ; フィットに使っていない n=[1, 2] で予測的中=True ; n>=1 で外れた n=[]
  P=torus 4-z-1/z-w-1/w      p=3: v(n)=['0', '8', '32', '104', '320']  退化 chi 数=[1, 1, 1, 1, 1]
      A: m_0=0 l_0=0 割る方向 []
      (mu_1,lam_1,nu)=(4, 0, -4) ; フィットに使っていない n=[1] で予測的中=True ; n>=1 で外れた n=[]
  P=counterex z+w^2-2w       p=3: v(n)=['0', '5', '20', '65', '200']  退化 chi 数=[1, 1, 1, 1, 1]
      A: m_0=0 l_0=0 割る方向 []
      (mu_1,lam_1,nu)=(5/2, 0, -5/2) ; フィットに使っていない n=[1] で予測的中=True ; n>=1 で外れた n=[]
  P=6-z-w                    p=2: v(n)=['2', '7', '16', '37', '86', '199']  退化 chi 数=[0, 0, 0, 0, 0, 0]
      A: m_0=0 l_0=1 割る方向 [((1, -1), 1)]
      (mu_1,lam_1,nu)=(1, 1, 2) ; フィットに使っていない n=[1, 2] で予測的中=True ; n>=1 で外れた n=[]
  P=2+3z+3w                  p=2: v(n)=['3', '7', '16', '37', '86', '199']  退化 chi 数=[0, 0, 0, 0, 0, 0]
      A: m_0=0 l_0=1 割る方向 [((1, -1), 1)]
      (mu_1,lam_1,nu)=(1, 1, 2) ; フィットに使っていない n=[1, 2] で予測的中=True ; n>=1 で外れた n=[]
  P=3*(6-z-w)                p=3: v(n)=['1', '9', '81', '729', '6561']  退化 chi 数=[0, 0, 0, 0, 0]
      A: m_0=1 l_0=0 割る方向 []
      (mu_1,lam_1,nu)=(0, 0, 0) ; フィットに使っていない n=[1] で予測的中=True ; n>=1 で外れた n=[]
  P=(z-1)(w-1)               p=2: v(n)=['0', '2', '12', '42', '120', '310']  退化 chi 数=[1, 3, 7, 15, 31, 63]
      A: m_0=0 l_0=2 割る方向 [((0, 1), 1), ((1, 0), 1)]
      (mu_1,lam_1,nu)=(0, -2, 0) ; フィットに使っていない n=[1, 2] で予測的中=True ; n>=1 で外れた n=[]
  P=z+w^2                    p=2: v(n)=['1', '2', '8', '24', '64', '160']  退化 chi 数=[0, 2, 4, 8, 16, 32]
      A: m_0=0 l_0=1 割る方向 [((1, -2), 1)]
      (mu_1,lam_1,nu)=(0, 0, 0) ; フィットに使っていない n=[1, 2] で予測的中=True ; n>=1 で外れた n=[]
  P=z*w-1                    p=2: v(n)=['0', '2', '8', '24', '64', '160']  退化 chi 数=[1, 2, 4, 8, 16, 32]
      A: m_0=0 l_0=1 割る方向 [((1, 1), 1)]
      (mu_1,lam_1,nu)=(0, 0, 0) ; フィットに使っていない n=[1, 2] で予測的中=True ; n>=1 で外れた n=[]
  P=z^2+z*w+w^2              p=3: v(n)=['1', '3', '27', '135', '567']  退化 chi 数=[0, 6, 18, 54, 162]
      A: m_0=0 l_0=2 割る方向 [((1, -1), 2)]
      (mu_1,lam_1,nu)=(-1, 0, 0) ; フィットに使っていない n=[1] で予測的中=True ; n>=1 で外れた n=[]

--- (5) l_0 の (T,S) 進不連続性: f_m -> f = z-1 だが l_0(f_m) != l_0(f) ---
    これは「f の有限個の係数だけを読むアルゴリズムでは l_0 を決められない」ことの証明である。
    摂動は (w-1)^{p^m} * D(w) （D は p ごとに固定の Laurent 多項式）。
    (T,S) 進位数は p^m 以上なので m -> infinity で f_m -> f。

  p=2: l_0(z-1)=1 [((1, 0), 1)]   摂動 D(w)=w + 1
      m=1: f_m - f の (T,S) 進位数 >= 2,  l_0(f_m)=0 []
      m=2: f_m - f の (T,S) 進位数 >= 4,  l_0(f_m)=0 []
      m=3: f_m - f の (T,S) 進位数 >= 8,  l_0(f_m)=0 []
  p=3: l_0(z-1)=1 [((1, 0), 1)]   摂動 D(w)=1
      m=1: f_m - f の (T,S) 進位数 >= 3,  l_0(f_m)=0 []
      m=2: f_m - f の (T,S) 進位数 >= 9,  l_0(f_m)=0 []
      m=3: f_m - f の (T,S) 進位数 >= 27,  l_0(f_m)=0 []
  p=5: l_0(z-1)=1 [((1, 0), 1)]   摂動 D(w)=1
      m=1: f_m - f の (T,S) 進位数 >= 5,  l_0(f_m)=0 []
      m=2: f_m - f の (T,S) 進位数 >= 25,  l_0(f_m)=0 []
      m=3: f_m - f の (T,S) 進位数 >= 125,  l_0(f_m)=0 []
  p=7: l_0(z-1)=1 [((1, 0), 1)]   摂動 D(w)=1
      m=1: f_m - f の (T,S) 進位数 >= 7,  l_0(f_m)=0 []
      m=2: f_m - f の (T,S) 進位数 >= 49,  l_0(f_m)=0 []
      m=3: f_m - f の (T,S) 進位数 >= 343,  l_0(f_m)=0 []

--- (6) d=3 への一般化（アルゴリズムは d に依存しない） ---

P                            p   m_0   l_0  割り切る方向 (v, ord)
6-x-y-u                      2     0     0    []
6-x-y-u                      3     0     0    []
6-x-y-u                      5     0     0    []
(x-1)(y-1)(u-1)              2     0     3    [((0, 0, 1), 1), ((0, 1, 0), 1), ((1, 0, 0), 1)]
(x-1)(y-1)(u-1)              3     0     3    [((0, 0, 1), 1), ((0, 1, 0), 1), ((1, 0, 0), 1)]
x*y*u-1                      2     0     1    [((1, 1, 1), 1)]
x*y*u-1                      3     0     1    [((1, 1, 1), 1)]
x+y+u                        2     0     0    []
x+y+u                        3     0     0    []
x^2+y^2+u^2                  2     0     0    []
x^2+y^2+u^2                  3     0     0    []
3-x-y-u+ ...(3D torus)       2     0     0    []
3-x-y-u+ ...(3D torus)       3     0     0    []

--- (7) 無作為 Laurent 多項式での A/B 総当たり整合（d=2） ---

  試行 399 件 / 方向 738 件, 不一致 0 件

--- (8) cycle 15 (4.1) の上界との差、および線ごとの精密化 ---
    in(-)（最低次斉次部分をとる操作）は乗法的で in(gamma_v - 1) = sum_i bar v_i T_i なので、
    P^1(F_p) の各線 l について  sum_{v: bar v = l} ord_v(bar f)  <=  mult_l(H)  が成り立つはず。
    (4.1) はこれを l について足したもの。等号が崩れる例を数える。

P                            p   l_0    上界B  B-l_0 / 線ごとに緩い線 (l, sum ord, mult_l H)
torus 4-z-1/z-w-1/w          2     2      2   0  []
torus 4-z-1/z-w-1/w          3     0      0   0  []
torus 4-z-1/z-w-1/w          5     0      2   2  [((1, 2), 0, 1), ((1, 3), 0, 1)]
counterex z+w^2-2w           2     1      1   0  []
counterex z+w^2-2w           3     0      1   1  [((1, 0), 0, 1)]
counterex z+w^2-2w           5     0      1   1  [((1, 0), 0, 1)]
z-1                          2     1      1   0  []
z-1                          3     1      1   0  []
(z-1)^2                      2     2      2   0  []
(z-1)^2                      3     2      2   0  []
(z-1)(w-1)                   2     2      2   0  []
(z-1)(w-1)                   3     2      2   0  []
(z-1)^2(w-1)                 2     3      3   0  []
(z-1)^2(w-1)                 3     3      3   0  []
z*w-1  (=gamma_(1,1)-1)      2     1      1   0  []
z*w-1  (=gamma_(1,1)-1)      3     1      1   0  []
z+w^2                        2     1      1   0  []
z+w^2                        3     0      0   0  []
6-z-w                        2     1      1   0  []
6-z-w                        3     0      0   0  []
2+3z+3w                      2     1      1   0  []
2+3z+3w                      3     0      0   0  []
3*(6-z-w)                    2     1      1   0  []
3*(6-z-w)                    3     0      0   0  []
7-2z-2w                      2     0      0   0  []
7-2z-2w                      3     0      1   1  [((1, 1), 0, 1)]
z^2+z*w+w^2 (p=3)            2     0      0   0  []
z^2+z*w+w^2 (p=3)            3     2      2   0  []
z^3-1                        2     1      1   0  []
z^3-1                        3     3      3   0  []

  無作為 599 件: 線ごとの不等式の反例 0 件、上界が等号 563 件 (94.0%)、差 B-l_0 の分布 [(0, 563), (1, 35), (2, 1)]

====================================================================================================
まとめ:
  (1)(2)(3) 3 通りの独立実装が同じ l_0 を返す。とくに (3) は Z_p の方向を全被覆した探索で、
      有理方向以外に (gamma-1) | bar f となる方向が無いことを有限精度で確認している。
  (4) 得られた l_0 が Monsky/Cuoco-Monsky の漸近形の n p^n 係数と整合する。
  (5) 一方、一般の冪級数では l_0 は (T,S) 進に不連続なので、有限個の係数から決定できない。
      => 決定可能性の境界: Laurent 多項式（＝群環 Z[Z^d] の元）までは決定可能、
         一般の Z_p[[Gamma]] の元では（係数オラクル模型で）決定不能。
====================================================================================================
