======================================================================
(1) 最小反例 T = [[0,1],[1,1]]^{⊕2}, p=2
======================================================================
  det T = 1  (p=2 で非零 ⇒ 命題 A の仮定 p∤det T を満たす)
  行列冪列 (T^N mod 2) の最終周期 = 3
  トレース列 (Tr T^N mod 2) の最終周期 = 1
  χ_T = (x^2-x-1)^2 ≡ (x^2+x+1)^2 (mod 2)。相異なる固有値 ω, ω^2 の重複度はともに 2。
  ⇒ 命題 B の右辺 lcm{ord(λ) : 2∤m_λ} = lcm(∅) = 1
  ⇒ 右辺 1 はトレース列の周期 1 と一致し、行列冪列の周期 3 とは一致しない。

======================================================================
(2) ランダム整数行列での頻度（p∤det T のもののみ、seed 固定で再現可能）
======================================================================
  検査 2487 件中、行列冪列の周期 ≠ トレース列の周期 が 563 件（22.6%）
  ⇒ 不一致は例外的な現象ではない。命題 B を『行列冪列の周期』と読むと広く偽になる。

======================================================================
(3) 逆に、命題 C の上界 π(p,k) | p^{k-1}π(p,1) は『トレース列の周期』では偽
======================================================================
  検査 1669 件中、トレース列の周期で上界が破れる例が 56 件（3.4%）
    A=[[2, -1, 2], [-3, -3, -2], [-1, -2, -2]], p=3: トレース周期 mod p = 1, mod p^2 = 6（6 ∤ 3·1）
    A=[[1, 1, -1], [2, 1, -2], [-2, -1, -1]], p=2: トレース周期 mod p = 1, mod p^2 = 4（4 ∤ 2·1）
    A=[[-3, -2, -1], [3, -3, -2], [2, 2, -1]], p=2: トレース周期 mod p = 1, mod p^2 = 4（4 ∤ 2·1）
  ⇒ 命題 C（Pisano 型上界）は『行列冪列の周期』の主張である。
  ⇒ 命題 A・B・C は同じ記号 π(p,1) を使えない。B だけがトレース列の周期についての主張。
======================================================================
