
==============================================================================
Step A  定理 Y（ell=2・族の点ごとの付値）の全点照合
==============================================================================

族 X(p,q) = 1 頂点 bouquet（voltage (1,0) の loop p 本、(0,1) の loop q 本）、ell = 2。
mu = v_2(gcd(p,q))、p' = p/2^mu、q' = q/2^mu（同時には偶にならない）、E = 2^{-mu} D。

定理 Y（report §4）: g を原始 2^n 乗根、zeta = g^a、xi = g^b、(a,b) != (0,0) とする。

[A] p', q' がともに奇（lam0 := v_2(p'+q') >= 1）。
    eps = min(v_2(a), v_2(b))、m = n - eps、a' = a/2^eps、b' = b/2^eps in Z/2^m、phi_m = 2^{m-1}。
    m = 1:                        phi_1 v_2(E) = 2       (a',b' の一方だけ奇)
                                  phi_1 v_2(E) = 2+lam0  (両方奇)
    m >= 2、一方だけ奇:            phi_m v_2(E) = 2
    m >= 2、両方奇:  s = v_2(a'-b'), t = v_2(a'+b')（**ell=2 では min(s,t) = 1**）、r = max(s,t)
        r >= m（a' = +-b'、例外直線上）:      phi_m v_2(E) = lam0 phi_m + 2
        lam0 = 1 かつ r = m-1（4 による飽和）: phi_m v_2(E) = 2 phi_m = 2^m
        それ以外:                             phi_m v_2(E) = 2 + 2^r

[B] p' か q' の一方が偶（lam1 := v_2(偶数側) >= 1、w := v_2(偶数側/2 + 奇数側)）。
    A = 偶数側の指数、B = 奇数側の指数、phi_n = 2^{n-1} として
        U_A = lam1 phi_n + 2^{v_2(A)+1}（A = 0 なら oo）、U_B = 2^{v_2(B)+1}（B = 0 なら oo）
        U_A != U_B:  phi_n v_2(E) = min(U_A, U_B)
        U_A = U_B（**打ち消し**。lam1 = 1 かつ v_2(A) = n-2 かつ v_2(B) = n-1 のときだけ起きる）:
                     v_2(E) = 2 + w      （<- 係数の**次の 2 進桁** w が効く）

以下、円分体 Q(zeta_{2^n}) での独立な付値計算（cycle 16 実装 point_val）と全点で照合する。

  [   13.5s] 照合点数 12768（(p,q) 38 組 x n <= 4 の全点。標本抽出ではない）
  枝ごとの内訳:
    A/generic          1152 点
    A/m=1/both-odd       84 点
    A/m=1/one-odd       168 点
    A/on-line           924 点
    A/one-odd          4536 点
    A/saturated         192 点
    B/even-side         554 点
    B/odd-side         5116 点
    B/tie                42 点
  -> 打ち消し枝 B/tie が実際に発生していることに注意（0 件なら照合になっていない）。

==============================================================================
Step B  定理 Y'（ell=2・族の閉形式）の照合
==============================================================================

定理 Y'（report §5）: kappa(X) = 1、mu = v_2(gcd(p,q)) として、**全ての n >= 1** で

  [A] lam0 = 1:      ord_2(kappa_n) = mu(4^n - 1) + 2n 2^n + 4*2^n - 6n - 1
  [A] lam0 >= 2:     ord_2(kappa_n) = mu(4^n - 1) + 2n 2^n + 2 lam0 2^n - 2n - 3 lam0 + 2
  [B] lam1 >= 2:     ord_2(kappa_n) = mu(4^n - 1) + 2n 2^n + lam1 (2^n - 1)
  [B] lam1 = 1:      ord_2(kappa_n) = mu(4^n - 1) + 2n 2^n + 2n - 1 + 2w   (n >= 2)
                     n = 1 は上の lam1 >= 2 の式（= 5）と一致する。

[A] lam0 = 1 の式は cycle 16 定理 D2（(p,q) = (1,1)）そのものであり、
定理 Y' はそれを族全体へ広げたものである。

  B1: 定理 Y から積み上げた Sigma_n と閉形式の照合（(p,q) 38 組 x n <= 7 の全点和）
  [   61.0s] B1 照合 266 件

  B2: 塔の値 kappa_n（Matrix-Tree / 終結式。**フィットパラメータ 0 個**）との照合
  [   73.4s] B2 照合 152 件、到達できなかった段 0 件

  B3: 円分体の Theta_m 経路（補題 J1 + cycle 14 (1.1)）で n <= 8 まで照合
  [  203.5s] B3 照合 160 件、到達できなかった段 0 件

  例（cycle 16 定理 D2 の数列と、族の他のメンバー）:
    (p,q)=( 1, 1) mu=0 case=A par=(1, +Infinity) : [0, 5, 19, 61, 167, 417, 987]
    (p,q)=( 1, 3) mu=0 case=A par=(2, 1) : [0, 6, 24, 70, 180, 434, 1008]
    (p,q)=( 1, 2) mu=0 case=B par=(1, 1, True) : [0, 5, 21, 55, 137, 331, 781]
    (p,q)=( 1, 4) mu=0 case=B par=(2, 0, True) : [0, 6, 22, 62, 158, 382, 894]
    (p,q)=( 2, 2) mu=1 case=A par=(1, +Infinity) : [0, 8, 34, 124, 422, 1440, 5082]

==============================================================================
Step C  ell=2 での構造（族は常に型 III／命題 8／定理 X' の射程）
==============================================================================

C1: ell=2 では族 X(p,q) は**すべて**退化かつ theta=infinity を持つ（= 常に型 III）。
    根拠: H = -(p'T^2 + q'S^2) mod 2 は、p',q' ともに奇なら (T+S)^2、
          一方が偶なら（奇な側の変数）^2 で、いずれも P^1(F_2) に零点を持つ。
    cycle 19 step 2 命題 9（ell 奇: 非退化 / 型 II / 型 III の 3 分割）の ell=2 版は
    「常に 3 番目」である。

  [  204.5s] C1 照合 144 組（1 <= p,q <= 12 の全組）

C2: 命題 8（cycle 19 step 2）は ell=2 でも成り立つ。
    theta=infinity <=> ell | p'q'(p'+q')（ell=2 では常に真）、
    例外直線と lam は: 両方奇 -> (1,1),(1,-1) の 2 本・lam = v_2(p'+q')、
                       p' 偶  -> (1,0) の 1 本・lam = v_2(p')、
                       q' 偶  -> (0,1) の 1 本・lam = v_2(q')。
  [  205.4s] C2 照合 144 組（全組。lam まで含めた一致）

C3: cycle 19 step 2 定理 X'（ell 奇で証明済み）を ell=2 に当てると、
    **case B かつ lam1 >= 2 のときちょうど**成り立ち、それ以外では成り立たない。
  [  205.4s] C3 照合 144 組。場合ごとの内訳（定理 X' と一致 / 不一致）:
    A lam0=1     一致   0 組 / 不一致  26 組
    A lam0=>=2   一致   0 組 / 不一致  24 組
    B lam1=1     一致   0 組 / 不一致  52 組
    B lam1=>=2   一致  42 組 / 不一致   0 組

==============================================================================
Step D  注 5.2 の 3 つの「ell 奇」の使用箇所が ell=2 でどう破れるか（実測）
==============================================================================

cycle 19 step 2 注 5.2 は、定理 X の証明で ell が奇であることを 3 箇所で使ったと述べている。
  (i)   2 が単元 -> v(a'-b') と v(a'+b') が同時に正にならない
  (ii)  a' = b' と a' = -b' が排反
  (iii) ell - 1 >= 2 による狭義不等号

  D1 (i): ell=2、a',b' ともに奇のとき v_2(a'-b') と v_2(a'+b') は**ともに >= 1** で、min はちょうど 1。
  [  206.3s] D1 照合 8 レベル（m = 2..9 の両方奇の全点）。odd ell では常に min = 0 で、
     この差が定理 X の「1 + ell^r」を ell=2 では「2 + 2^r」に変える。

  D2 (ii): a' = b' と a' = -b' の排反性は m >= 2 で成り立ち、m = 1 で壊れる。
  [  206.3s] D2: m=1 では 1 点で同時成立（点 (1,1)、h = -1）。定理 Y の m=1 行はそのために別扱い。

  D3 (iii): 狭義不等号の破れ = 打ち消し（|J| >= 2）。
     case B で U_A = U_B となる点を全列挙し、そこが lam1 = 1 かつ (v_2(A),v_2(B)) = (n-2, n-1)
     に限ることと、真の付値が 2 + w（w = v_2(偶数側/2 + 奇数側)）であることを実測する。
  [  206.8s] D3 打ち消し点 56 件を照合。起きた (lam1, v_2(A)-n, v_2(B)-n) の形:
    lam1=1, v_2(A)=n-2, v_2(B)=n-1 : 56 件
  -> 打ち消しは lam1 = 1 かつ (n-2, n-1) の形でしか起きず、そこでの真の値は
     素朴な min より **狭義に深い**（w >= 1）。これが cycle 19 §7.1 の「次の桁へ降りる」
     の、実際に閉じた形での実例である。

  D3b: w が本当に効いていること（同じ (mu, lam1) で w だけ違う 2 組の kappa_n が違う）
    (p,q)=(1, 2): case=B par=(1, 1, True)  ord=[5, 21, 55, 137, 331]
    (p,q)=(1, 6): case=B par=(1, 2, True)  ord=[5, 23, 57, 139, 333]
    (p,q)=(3, 2): case=B par=(1, 2, True)  ord=[5, 23, 57, 139, 333]
    (p,q)=(1, 2): case=B par=(1, 1, True)  ord=[5, 21, 55, 137, 331]
    (p,q)=(5, 2): case=B par=(1, 1, True)  ord=[5, 21, 55, 137, 331]
    (p,q)=(1, 2): case=B par=(1, 1, True)  ord=[5, 21, 55, 137, 331]
    (p,q)=(2, 3): case=B par=(1, 2, False)  ord=[5, 23, 57, 139, 333]
    (p,q)=(2, 1): case=B par=(1, 1, False)  ord=[5, 21, 55, 137, 331]

==============================================================================
Step E  cycle 16 補題 5.5 を cycle 19 の言葉で読み直す
==============================================================================

cycle 16 補題 5.5 は Sigma_M^diag = (M+1)2^M - 4 を直接計算で出していた（(p,q) = (1,1)）。
定理 Y の枝で分けると、この和は

  * r = j の層（2 <= j <= m-2）: 点の個数 2^{m-1} * 2^{m-j}、各点の付値 (2 + 2^j)/2^{m-1}
      -> 層ごとの寄与 2^{m-j+1} + 2^m。**2^m の部分が j に依らない**（個数と付値の j 依存が相殺）。
         これは cycle 19 step 1 定理 J7 の証明 (b) の
             phi(ell^{M'-1-v}) * ell^{v+1} = phi(ell^{M'})   （v に依らない）
         とまったく同じ相殺であり、層の本数が M に比例することが M*2^M 項を生む。
  * r = m-1 の層（**4 による飽和**。lam0 = 1 のときだけ）: 個数 2^m、付値 2
      -> 寄与 2*2^m。M に依らない定数（cycle 16 注 5.8 の「飽和」）。
  * r >= m の層（例外直線上）: 個数 2^m、付値 lam0 + 2/phi_m
      -> 寄与 lam0 2^m + 4。cycle 19 step 2 命題 7 の「例外直線の寄与」に対応し、n2^n を作らない。

以下、各レベルで枝ごとの小計を実測して上の読みを確かめる。

  (p,q)=(1,1) case=A lam0=1
    m=2 合計 8（閉形式 8）内訳: [("('A/on-line', 'r=>=m')", 8)]
    m=3 合計 28（閉形式 28）内訳: [("('A/on-line', 'r=>=m')", 12), ("('A/saturated', 'r=2')", 16)]
    m=4 合計 76（閉形式 76）内訳: [("('A/generic', 'r=2')", 24), ("('A/on-line', 'r=>=m')", 20), ("('A/saturated', 'r=3')", 32)]
    m=5 合計 188（閉形式 188）内訳: [("('A/generic', 'r=2')", 48), ("('A/generic', 'r=3')", 40), ("('A/on-line', 'r=>=m')", 36), ("('A/saturated', 'r=4')", 64)]

  (p,q)=(1,3) case=A lam0=2
    m=2 合計 12（閉形式 12）内訳: [("('A/on-line', 'r=>=m')", 12)]
    m=3 合計 32（閉形式 32）内訳: [("('A/generic', 'r=2')", 12), ("('A/on-line', 'r=>=m')", 20)]
    m=4 合計 80（閉形式 80）内訳: [("('A/generic', 'r=2')", 24), ("('A/generic', 'r=3')", 20), ("('A/on-line', 'r=>=m')", 36)]
    m=5 合計 192（閉形式 192）内訳: [("('A/generic', 'r=2')", 48), ("('A/generic', 'r=3')", 40), ("('A/generic', 'r=4')", 36), ("('A/on-line', 'r=>=m')", 68)]

  (p,q)=(3,5) case=A lam0=3
    m=2 合計 16（閉形式 16）内訳: [("('A/on-line', 'r=>=m')", 16)]
    m=3 合計 40（閉形式 40）内訳: [("('A/generic', 'r=2')", 12), ("('A/on-line', 'r=>=m')", 28)]
    m=4 合計 96（閉形式 96）内訳: [("('A/generic', 'r=2')", 24), ("('A/generic', 'r=3')", 20), ("('A/on-line', 'r=>=m')", 52)]
    m=5 合計 224（閉形式 224）内訳: [("('A/generic', 'r=2')", 48), ("('A/generic', 'r=3')", 40), ("('A/generic', 'r=4')", 36), ("('A/on-line', 'r=>=m')", 100)]

  [  207.9s] -> lam0 = 1 では飽和層があるので (M+1)2^M - 4、lam0 >= 2 では飽和が起きず 2^M(M-1+lam0)。

==============================================================================
Step F  定理 J7 の仮定 (N)・(B*) の ell=2 での成否と、b = sum j* の当否
==============================================================================

cycle 19 step 1 §5.4 は、ell=2 トーラスで定理 J7 の仮定 (N)（argmin の一意性）と
(B*)（定理 B' の最小点の一意性）が破れることを示した。族全体でその成否を数え、
それでも n2^n の係数 b = sum_{P in S_infty} j*(P) が当たるかを見る。

  [  208.7s] F 照合 38 組。**全組で sum j* = 2** であり、定理 Y' の n2^n の係数 2 と一致する。
  (case, lam, (B*) の成否) ごとの件数:
    ('A', 'lam=1', 'B*broken')           6 組
    ('A', 'lam=2', 'B*broken')           4 組
    ('A', 'lam=3', 'B*broken')           5 組
    ('A', 'lam=4', 'B*broken')           5 組
    ('A', 'lam=5', 'B*broken')           1 組
    ('B', 'lam=1', 'B*broken')           7 組
    ('B', 'lam=2', 'B*ok')               5 組
    ('B', 'lam=3', 'B*ok')               2 組
    ('B', 'lam=4', 'B*ok')               1 組
    ('B', 'lam=5', 'B*ok')               2 組
  -> (B*) が破れても b は当たる。定理 J7 の主要項の主張は ell=2 でもこの族で成立し、
     破れているのは定数項（c, d, e）の方である。これは §5.4 の観察と整合する。

==============================================================================
Step G  族の外の一般 ell=2 塔（母集団全走査。**数値支持であって証明ではない**）
==============================================================================

母集団 430 個（bouquet 2-3 ループ / 2 頂点 3 重辺、voltage 9 種。cycle 19 step 1 と同じ）。
各塔について円分体経路（補題 J1 + (1.1)。塔の値も本サイクルの理論も使わない）で
ord_2(kappa_n) を n <= 9 まで出し、形

    ord_2(kappa_n) = mu(4^n - 1) + b n 2^n + c 2^n + d n + e

を **n = 6,7,8,9 の 4 点で解き、n = 4,5 で out-of-sample 照合**する（out-of-sample 2 点）。
さらに、その式が成り立つ最小の n（n_0）を n = 1 まで下げて調べ、分布を出す。
そのうえで b を sum_{P in S_infty} j*(P)（D の係数だけからの有限計算。フィット 0 個）と比べる。

**これは数値支持であって証明ではない。** 検出力は §7 に書く。
壁時計上限 7500 秒。打ち切った塔は件数と名前を出す。

  [ 7397.5s] 母集団 430 個の内訳:
    形が合った（n=6..9 で解き n=4,5 で out-of-sample 一致）: 174 個
    形が合わなかった                                      : 0 個
    仮定 (H) が破れる（ある段で E が消える）               : 246 個
    段あたり 120 秒の上限で n=9 まで届かなかった           : 0 個
    det L = 0（voltage 格子が Z^2 を張らない等）           : 10 個
    全体の壁時計上限 7500 秒で打ち切り                      : 0 個
  式が成り立つ最小段 n_0 の分布: [(0, 66), (1, 16), (2, 67), (3, 22), (4, 3)]
  b（n2^n の係数）の分布: [(0, 39), (1, 12), (2, 57), (3, 66)]
  d（n の係数）の分布  : [(-8, 66), (-6, 16), (-4, 12), (-2, 39), (2, 41)]
  b = sum_{P in S_infty} j*(P) が一致: 174 個 / 不一致: 0 個
  -> d != 0（n の線形項）が出るかどうかも ell=2 の特徴である。分布を上に出した。

==============================================================================
Step H  敵対的レビュー
==============================================================================
  H1: 「定理 Y' は塔の値へのフィットではないか」
      -> 予言に使うのは (mu, case, lam0 or lam1, w) だけで、すべて (p,q) からの有限計算。
      (p,q)=( 1, 1) -> mu=0 case=A par=(1, +Infinity)
      (p,q)=( 1, 3) -> mu=0 case=A par=(2, 1)
      (p,q)=( 1, 2) -> mu=0 case=B par=(1, 1, True)
      (p,q)=( 1, 6) -> mu=0 case=B par=(1, 2, True)
      (p,q)=( 8, 3) -> mu=0 case=B par=(3, 0, False)
      Step B2 は全段が out-of-sample（塔の値を一切使わずに予言してから照合）。

  H2: 「S_infty の候補集合（系 J10）は ell=2 でも取りこぼさないか」
  [ 7397.6s] H2 照合 20 組（総当たり |a|,|b| <= 8 が候補集合に含まれること）

  H3: 「ell=2 の族の閉形式は、cycle 16 定理 D2 の焼き直しにすぎないのではないか」
      -> 違う。定理 D2 は (p,q)=(1,1)（case A, lam0=1）1 点である。
         定理 Y' の 4 つの場合の値を比べる:
        (p,q)=(1,1) case=A par=(1, +Infinity) : [5, 19, 61, 167, 417, 987]
        (p,q)=(1,3) case=A par=(2, 1) : [6, 24, 70, 180, 434, 1008]
        (p,q)=(1,2) case=B par=(1, 1, True) : [5, 21, 55, 137, 331, 781]
        (p,q)=(1,4) case=B par=(2, 0, True) : [6, 22, 62, 158, 382, 894]
         4 つの数列は互いに異なる（定理 D2 の式で他の 3 つは出ない）。

  H4: 「ell=2 でも定理 X' が成り立つ場合があるのは偶然か」
      -> 偶然ではない。case B（例外直線 1 本）で lam1 >= 2 なら打ち消しも飽和も起きず、
         定理 X の [B] の証明の狭義不等号がそのまま通る。Step C3 が全組で確認している。

  H5: 「n=1 の例外は本質的か」
      (p,q)=(1,2) w=1: n>=2 の式を n=1 に当てると 7、真の値は 5
      (p,q)=(1,6) w=2: n>=2 の式を n=1 に当てると 9、真の値は 5
      (p,q)=(3,2) w=2: n>=2 の式を n=1 に当てると 9、真の値は 5
      -> 打ち消しは v_2(A) = n-2 を要するので n >= 2 でしか起きない。n=1 は打ち消しなしの式。

==============================================================================
総計
==============================================================================
PASS = 13925, FAIL = 0
打ち切り:
  B2 塔の値                       0
  B3 円分体経路                     0
  G 母集団（時間打ち切り）                0
  G 母集団（段あたり時間で短い）             0
  G 母集団（(H) 破れ）                246
  G 母集団（形が合わない）                0
tower_ords の段ごと打ち切り: 0 件
総時間 [ 7397.6s]
