cycle 26 / T3 Pure: 持ち越し未検証 2 件を閉じる [    0.0s]
母集団 133 塔 x ell in [2,3]（cycle 22 Step L と同一）

==============================================================================
Step A: delta_M を実測し、Tdef = 0 の塔の内訳を出す [    0.0s]
==============================================================================
有効 191 塔
Tdef = 0 の塔 108 / Tdef != 0 の塔 83
  うち delta_M が全て 0（＝過渡が一切無い。(1.1) が全 n>=0 で成り立つ）: 108
  うち delta_M に 0 でないものがあり総和だけ 0（＝n=0 では成り立つが n>=1 は不明）: 0

delta_M の符号が混ざる塔（正と負の両方が出る）: 47 件
  ell=2 BQ3 (1, 0),(1, 0),(0, 1)       M*=4 delta=['-1', '2', '0'] Tdef=1
  ell=2 BQ3 (1, 0),(1, 0),(1, 1)       M*=4 delta=['-1', '2', '0'] Tdef=1
  ell=2 BQ3 (1, 0),(1, 0),(1, -1)      M*=4 delta=['-1', '2', '0'] Tdef=1
  ell=2 BQ3 (1, 0),(1, 0),(2, 1)       M*=4 delta=['-1', '2', '0'] Tdef=1
  ell=2 BQ3 (1, 0),(0, 1),(0, 1)       M*=4 delta=['-1', '2', '0'] Tdef=1
  ell=2 BQ3 (1, 0),(0, 1),(2, 1)       M*=4 delta=['-1', '2', '0'] Tdef=1
  ell=2 BQ3 (1, 0),(0, 1),(1, 2)       M*=4 delta=['-1', '2', '0'] Tdef=1
  ell=2 BQ3 (1, 0),(1, 1),(1, 1)       M*=4 delta=['-1', '2', '0'] Tdef=1
  そのうち Tdef = 0 のもの（＝証明中の反例が実在の塔で実現する）: 0 件

==============================================================================
Step B: 定理 D2 のレベルごとの判定を、塔の値（Matrix-Tree）と突き合わせる [    1.1s]
==============================================================================
各塔・各 n について、S(n) = Tdef かどうか（予言）と、
ord_ell(kappa_n) が (1.1) と一致するかどうか（実測）が一致することを見る。
**n < M* も含めて全ての n を見る。** 従来の照合は n >= n0 に限っていた。

照合 860 件（判定と実測が食い違った件数 0）/ 除外 0
  判定「一致する」かつ実測も一致: 721 件
  判定「一致しない」かつ実測も不一致: 139 件（**判定が空振りでないことの証拠**）

==============================================================================
Step C: 注 3.1 の帰結 — Tdef = 0 の塔で (1.1) が n=0 で成り立つ [  418.9s]
==============================================================================
n=0 の同値を確認した塔 191 件 / 破れ 0 件
  うち Tdef = 0 で実際に (1.1) が n=0 で成り立った塔: 108 件

==============================================================================
Step D: cycle21 §6.3 の ell=2 トーラスで、n=1 が保証の内側かを決める [  418.9s]
==============================================================================
M* = 4
(a,b,c,d,e) = (0, 2, 4, -6, -1)
delta_M (M=1..M*-1) = ['3', '0', '0']
Tdef = 3
cycle21 §6.3 の閉形式 2n2^n + 4*2^n - 6n - 1 から読める (a,b,c,d,e)=(0,2,4,-6,-1) と一致した。

  レベルごとの判定と実測:
   n=0: S(n)=0   Tdef=3   判定=False / ord_2(kappa_n)=0    (1.1)=3    実測=False
   n=1: S(n)=3   Tdef=3   判定=True  / ord_2(kappa_n)=5    (1.1)=5    実測=True  / DuBose-Vallieres=5
   n=2: S(n)=3   Tdef=3   判定=True  / ord_2(kappa_n)=19   (1.1)=19   実測=True  / DuBose-Vallieres=19
   n=3: S(n)=3   Tdef=3   判定=True  / ord_2(kappa_n)=61   (1.1)=61   実測=True  / DuBose-Vallieres=61
   n=4: S(n)=3   Tdef=3   判定=True  / ord_2(kappa_n)=167  (1.1)=167  実測=True  / DuBose-Vallieres=167

  ⇒ (1.1) が成り立ち始めるレベルは n = 1（それ未満では成り立たない）。
     cycle21 §6.3 の「n=1 から完全に一致する」は**正しく、かつ**
     cycle22 定理 D2 のレベルごとの判定が**ちょうどそう予言する**。
     Tdef = 3 != 0 なので n=0 では成り立たない。「n=1 から」は偶然ではない。

==============================================================================
まとめ [  419.0s]
==============================================================================
FAIL 件数: 0
打ち切り件数: 0
総所要 419.0s
EXIT=0
