============================================================================================
cycle 14 / T1: 2 変数 P の Z_p^2 塔での v_p(a_{p^n})
============================================================================================

--- (1) 判定式: v_p(a_{p^n}) > 0  <=>  p | P(1,1) ---
  根拠(証明は report §3, 補題 V0): mod p では z^(p^n)-1 = (z-1)^(p^n) なので終結式が潰れて
  a_{p^n} ≡ P(1,1)^(p^(2n)) (mod p)。ゆえに p ∤ P(1,1) なら a は p で割れず v_p=0、
  p | P(1,1) なら a ≡ 0 で v_p ≥ 1。代数的整数論も p 進体も使わない。

P                            P(1,1)  content     p p|P(1,1)? v_p(a_{p^n}) n=0,1,2,...
5-(z+1/z)-(w+1/w) [xzw]           1        1     2 no        [0, 0, 0, 0]
5-(z+1/z)-(w+1/w) [xzw]           1        1     3 no        [0, 0, 0]
5-(z+1/z)-(w+1/w) [xzw]           1        1     5 no        [0, 0]
5-(z+1/z)-(w+1/w) [xzw]           1        1     7 no        [0, 0]
2*(上)                             2        2     2 yes       [1, 4, 16, 64]
2*(上)                             2        2     3 no        [0, 0, 0]
2*(上)                             2        2     5 no        [0, 0]
2*(上)                             2        2     7 no        [0, 0]
4*(上)                             4        4     2 yes       [2, 8, 32, 128]
4*(上)                             4        4     3 no        [0, 0, 0]
4*(上)                             4        4     5 no        [0, 0]
4*(上)                             4        4     7 no        [0, 0]
3 - z - w                         1        1     2 no        [0, 0, 0, 0]
3 - z - w                         1        1     3 no        [0, 0, 0]
3 - z - w                         1        1     5 no        [0, 0]
3 - z - w                         1        1     7 no        [0, 0]
6 - z - w                         4        1     2 yes       [2, 7, 16, 37]
6 - z - w                         4        1     3 no        [0, 0, 0]
6 - z - w                         4        1     5 no        [0, 0]
6 - z - w                         4        1     7 no        [0, 0]
2 + z + w                         4        1     2 yes       [2, 'deg', 'deg', 'deg']
2 + z + w                         4        1     3 no        [0, 0, 0]
2 + z + w                         4        1     5 no        [0, 0]
2 + z + w                         4        1     7 no        [0, 0]
1 + z + 2w                        4        1     2 yes       [2, 'deg', 'deg', 'deg']
1 + z + 2w                        4        1     3 no        [0, 0, 0]
1 + z + 2w                        4        1     5 no        [0, 0]
1 + z + 2w                        4        1     7 no        [0, 0]
3 + z + w                         5        1     2 no        [0, 0, 0, 0]
3 + z + w                         5        1     3 no        [0, 0, 0]
3 + z + w                         5        1     5 yes       [1, 8]
3 + z + w                         5        1     7 no        [0, 0]
5 + z + w                         7        1     2 no        [0, 0, 0, 0]
5 + z + w                         7        1     3 no        [0, 0, 0]
5 + z + w                         7        1     5 no        [0, 0]
5 + z + w                         7        1     7 yes       [1, 10]
2 + 3z + 3w                       8        1     2 yes       [3, 7, 16, 37]
2 + 3z + 3w                       8        1     3 no        [0, 0, 0]
2 + 3z + 3w                       8        1     5 no        [0, 0]
2 + 3z + 3w                       8        1     7 no        [0, 0]
1 + 2z + 4w                       7        1     2 no        [0, 0, 0, 0]
1 + 2z + 4w                       7        1     3 no        [0, 0, 0]
1 + 2z + 4w                       7        1     5 no        [0, 0]
1 + 2z + 4w                       7        1     7 yes       [1, 10]
3 + 3z + w                        7        1     2 no        [0, 0, 0, 0]
3 + 3z + w                        7        1     3 no        [0, 0, 0]
3 + 3z + w                        7        1     5 no        [0, 0]
3 + 3z + w                        7        1     7 yes       [1, 10]
7 - 2z - 2w                       3        1     2 no        [0, 0, 0, 0]
7 - 2z - 2w                       3        1     3 yes       [1, 8, 23]
7 - 2z - 2w                       3        1     5 no        [0, 0]
7 - 2z - 2w                       3        1     7 no        [0, 0]
9 - z - w                         7        1     2 no        [0, 0, 0, 0]
9 - z - w                         7        1     3 no        [0, 0, 0]
9 - z - w                         7        1     5 no        [0, 0]
9 - z - w                         7        1     7 yes       [1, 10]
4 - z - 2w                        1        1     2 no        [0, 0, 0, 0]
4 - z - 2w                        1        1     3 no        [0, 0, 0]
4 - z - 2w                        1        1     5 no        [0, 0]
4 - z - 2w                        1        1     7 no        [0, 0]
2zw (Deninger 条件を満たす)             2        2     2 yes       [1, 4, 16, 64]
2zw (Deninger 条件を満たす)             2        2     3 no        [0, 0, 0]
2zw (Deninger 条件を満たす)             2        2     5 no        [0, 0]
2zw (Deninger 条件を満たす)             2        2     7 no        [0, 0]
6zw                               6        6     2 yes       [1, 4, 16, 64]
6zw                               6        6     3 yes       [1, 9, 81]
6zw                               6        6     5 no        [0, 0]
6zw                               6        6     7 no        [0, 0]

判定式に反した組: 0 件

--- (2) 1 変数の判定式 mu = v_p(content) は d=2 では成立しない ---
  content=1(=> 1 変数なら mu=0)なのに v_p(a_{p^n}) が増大する例:
    P=6 - z - w              content=1, p=2: v_p(a_{p^n}) = [2, 7, 16, 37]  (P(1,1)=4)
    P=3 + z + w              content=1, p=5: v_p(a_{p^n}) = [1, 8]  (P(1,1)=5)
    P=5 + z + w              content=1, p=7: v_p(a_{p^n}) = [1, 10]  (P(1,1)=7)
    P=2 + 3z + 3w            content=1, p=2: v_p(a_{p^n}) = [3, 7, 16, 37]  (P(1,1)=8)
    P=1 + 2z + 4w            content=1, p=7: v_p(a_{p^n}) = [1, 10]  (P(1,1)=7)
    P=3 + 3z + w             content=1, p=7: v_p(a_{p^n}) = [1, 10]  (P(1,1)=7)
    P=7 - 2z - 2w            content=1, p=3: v_p(a_{p^n}) = [1, 8, 23]  (P(1,1)=3)
    P=9 - z - w              content=1, p=7: v_p(a_{p^n}) = [1, 10]  (P(1,1)=7)
  該当 8 件。=> content は d=2 の増大を支配しない(cycle 13 の (☆) は d=1 限定)。

--- (3) Deninger の条件(P mod p が単項式)との比較 ---
  Deninger arXiv:math/0608539 Thm 1.1 の仮定は「P が p 進トーラス上に零点をもたない」で、
  Prop 2.4 c) より「P mod p が (定数)×(単項式)」と同値。これは v_p ≡ 0 の十分条件だが
  必要条件ではない。本判定式(p ∤ P(1,1))の方が真に鋭いことを示す例:
    P=5-(z+1/z)-(w+1/w) [xzw] p=2: P mod p は単項式でない(Deninger 不適用)が P(1,1)=1 は p で割れず v_p≡0
    P=5-(z+1/z)-(w+1/w) [xzw] p=3: P mod p は単項式でない(Deninger 不適用)が P(1,1)=1 は p で割れず v_p≡0
    P=5-(z+1/z)-(w+1/w) [xzw] p=5: P mod p は単項式でない(Deninger 不適用)が P(1,1)=1 は p で割れず v_p≡0
    P=5-(z+1/z)-(w+1/w) [xzw] p=7: P mod p は単項式でない(Deninger 不適用)が P(1,1)=1 は p で割れず v_p≡0
    P=2*(上)                  p=3: P mod p は単項式でない(Deninger 不適用)が P(1,1)=2 は p で割れず v_p≡0
    P=2*(上)                  p=5: P mod p は単項式でない(Deninger 不適用)が P(1,1)=2 は p で割れず v_p≡0
    P=2*(上)                  p=7: P mod p は単項式でない(Deninger 不適用)が P(1,1)=2 は p で割れず v_p≡0
    P=4*(上)                  p=3: P mod p は単項式でない(Deninger 不適用)が P(1,1)=4 は p で割れず v_p≡0
    P=4*(上)                  p=5: P mod p は単項式でない(Deninger 不適用)が P(1,1)=4 は p で割れず v_p≡0
    P=4*(上)                  p=7: P mod p は単項式でない(Deninger 不適用)が P(1,1)=4 は p で割れず v_p≡0
    P=3 - z - w              p=2: P mod p は単項式でない(Deninger 不適用)が P(1,1)=1 は p で割れず v_p≡0
    P=3 - z - w              p=3: P mod p は単項式でない(Deninger 不適用)が P(1,1)=1 は p で割れず v_p≡0
    P=3 - z - w              p=5: P mod p は単項式でない(Deninger 不適用)が P(1,1)=1 は p で割れず v_p≡0
    P=3 - z - w              p=7: P mod p は単項式でない(Deninger 不適用)が P(1,1)=1 は p で割れず v_p≡0
    P=6 - z - w              p=3: P mod p は単項式でない(Deninger 不適用)が P(1,1)=4 は p で割れず v_p≡0
    P=6 - z - w              p=5: P mod p は単項式でない(Deninger 不適用)が P(1,1)=4 は p で割れず v_p≡0
    P=6 - z - w              p=7: P mod p は単項式でない(Deninger 不適用)が P(1,1)=4 は p で割れず v_p≡0
    P=2 + z + w              p=3: P mod p は単項式でない(Deninger 不適用)が P(1,1)=4 は p で割れず v_p≡0
    P=2 + z + w              p=5: P mod p は単項式でない(Deninger 不適用)が P(1,1)=4 は p で割れず v_p≡0
    P=2 + z + w              p=7: P mod p は単項式でない(Deninger 不適用)が P(1,1)=4 は p で割れず v_p≡0
    P=1 + z + 2w             p=3: P mod p は単項式でない(Deninger 不適用)が P(1,1)=4 は p で割れず v_p≡0
    P=1 + z + 2w             p=5: P mod p は単項式でない(Deninger 不適用)が P(1,1)=4 は p で割れず v_p≡0
    P=1 + z + 2w             p=7: P mod p は単項式でない(Deninger 不適用)が P(1,1)=4 は p で割れず v_p≡0
    P=3 + z + w              p=2: P mod p は単項式でない(Deninger 不適用)が P(1,1)=5 は p で割れず v_p≡0
    P=3 + z + w              p=3: P mod p は単項式でない(Deninger 不適用)が P(1,1)=5 は p で割れず v_p≡0
    P=3 + z + w              p=7: P mod p は単項式でない(Deninger 不適用)が P(1,1)=5 は p で割れず v_p≡0
    P=5 + z + w              p=2: P mod p は単項式でない(Deninger 不適用)が P(1,1)=7 は p で割れず v_p≡0
    P=5 + z + w              p=3: P mod p は単項式でない(Deninger 不適用)が P(1,1)=7 は p で割れず v_p≡0
    P=5 + z + w              p=5: P mod p は単項式でない(Deninger 不適用)が P(1,1)=7 は p で割れず v_p≡0
    P=2 + 3z + 3w            p=5: P mod p は単項式でない(Deninger 不適用)が P(1,1)=8 は p で割れず v_p≡0
    P=2 + 3z + 3w            p=7: P mod p は単項式でない(Deninger 不適用)が P(1,1)=8 は p で割れず v_p≡0
    P=1 + 2z + 4w            p=3: P mod p は単項式でない(Deninger 不適用)が P(1,1)=7 は p で割れず v_p≡0
    P=1 + 2z + 4w            p=5: P mod p は単項式でない(Deninger 不適用)が P(1,1)=7 は p で割れず v_p≡0
    P=3 + 3z + w             p=2: P mod p は単項式でない(Deninger 不適用)が P(1,1)=7 は p で割れず v_p≡0
    P=3 + 3z + w             p=5: P mod p は単項式でない(Deninger 不適用)が P(1,1)=7 は p で割れず v_p≡0
    P=7 - 2z - 2w            p=5: P mod p は単項式でない(Deninger 不適用)が P(1,1)=3 は p で割れず v_p≡0
    P=7 - 2z - 2w            p=7: P mod p は単項式でない(Deninger 不適用)が P(1,1)=3 は p で割れず v_p≡0
    P=9 - z - w              p=2: P mod p は単項式でない(Deninger 不適用)が P(1,1)=7 は p で割れず v_p≡0
    P=9 - z - w              p=3: P mod p は単項式でない(Deninger 不適用)が P(1,1)=7 は p で割れず v_p≡0
    P=9 - z - w              p=5: P mod p は単項式でない(Deninger 不適用)が P(1,1)=7 は p で割れず v_p≡0
    P=4 - z - 2w             p=3: P mod p は単項式でない(Deninger 不適用)が P(1,1)=1 は p で割れず v_p≡0
    P=4 - z - 2w             p=5: P mod p は単項式でない(Deninger 不適用)が P(1,1)=1 は p で割れず v_p≡0
    P=4 - z - 2w             p=7: P mod p は単項式でない(Deninger 不適用)が P(1,1)=1 は p で割れず v_p≡0
  該当 43 件。=> Deninger の条件は十分だが必要でない。

--- (4) 増大の形(DuBose-Vallieres Thm A の P(ell^n, n) 型か) ---
  総次数<=2, n について次数<=1 なので a X^2 + b X Y + c X + d Y + e (X=p^n, Y=n)。
  4 段しか取れない場合は未知数 5 個に対し方程式 4 本で一意に定まらない。
  ここでは a=0(content=1 なので X^2 項なしと仮定)として b,c,d,e を解き、整合を見るだけ。
  **これはフィットであって証明ではない。**
  **重要**: 4 段だけのフィットは誤る。実際 P=6-z-w, p=2 を n<=3 の 4 段で解くと
  2n2^n-4*2^n+5n+6 が得られるが、n=4,5 の真値 86,199 に対しこの式は 90,223 を与えて外れる。
  以下は n<=5 の 6 段を使い、n=0 を含める場合と n>=1 に限る場合を分けて解く。
    P=6 - z - w      p=2: v_p(a_{p^n}) (n=0..5) = [2, 7, 16, 37, 86, 199]
      n>=0 で解く: (a,b,c,d,e)=(-1/9, 3, -7, 19/3, 82/9) -> 全 n=0..5 と一致? False  予測=[2, 7, 16, 37, 86, 183]
      n>=1 で解く: (a,b,c,d,e)=(0, 1, 1, 1, 2) -> 全 n=0..5 と一致? False  予測=[3, 7, 16, 37, 86, 199]
    P=2 + 3z + 3w    p=2: v_p(a_{p^n}) (n=0..5) = [3, 7, 16, 37, 86, 199]
      n>=0 で解く: (a,b,c,d,e)=(0, 1, 1, 1, 2) -> 全 n=0..5 と一致? True  予測=[3, 7, 16, 37, 86, 199]
      n>=1 で解く: (a,b,c,d,e)=(0, 1, 1, 1, 2) -> 全 n=0..5 と一致? True  予測=[3, 7, 16, 37, 86, 199]
  => n>=1 の 5 段で解いた式は n=0 では外れる(DuBose-Vallieres も n>>0 でのみ主張している)。
  => いずれにせよ 5 未知数に 5 方程式なので、これは同定であって証明ではない。

============================================================================================
結論: (1) の判定式は全例で成立(反例 0 件)。証明は report §3。
      (2)(3) は判定式の位置づけ(d=1 の content 判定式・Deninger の条件との関係)を示す。
      (4) はフィットであって証明ではない。増大の完全な形は未証明(report §5)。
============================================================================================

--- (5) 初等証明の核: a_{p^n} ≡ P(1,1)^(p^(2n))  (mod p) ---
  mod p では z^(p^n)-1 = (z-1)^(p^n) なので、終結式が
    a_L mod p = Res_z((z-1)^L, Res_w((w-1)^L, P)) = [P(1,1)^L]^L = P(1,1)^(L^2)
  と潰れる(z^L-1, w^L-1 はモニックなので mod p 還元と終結式が可換)。
  p 進体を一切使わない。以下 L=p^n で両辺を直接比較する。
  検査 187 件、不一致 0 件。
  (a_L=0 の退化例も含む。その場合 P(1,1)≡0 mod p でなければ不一致として検出される。)
